10:46:05 **** Incremental Build of configuration Debug for project Test ****
make -j8 all 
arm-none-eabi-size   Test.elf 
   text	   data	    bss	    dec	    hex	filename
  12856	     20	   1700	  14576	   38f0	Test.elf
Finished building: default.size.stdout
 
10:46:15 **** Incremental Build of configuration Debug for project Test ****
make -j8 all 
arm-none-eabi-size   Test.elf 
   text	   data	    bss	    dec	    hex	filename
  12856	     20	   1700	  14576	   38f0	Test.elf
Finished building: default.size.stdout
 
