17:14:18 **** Incremental Build of configuration Debug for project Eeprom ****
make -j8 all 
arm-none-eabi-gcc "../Core/Src/main.c" -mcpu=cortex-m4 -std=gnu11 -g3 -DUSE_HAL_DRIVER -DSTM32L476xx -DDEBUG -c -I../Core/Inc -I../Drivers/STM32L4xx_HAL_Driver/Inc -I../Drivers/STM32L4xx_HAL_Driver/Inc/Legacy -I../Drivers/CMSIS/Device/ST/STM32L4xx/Include -I../Drivers/CMSIS/Include -O0 -ffunction-sections -fdata-sections -Wall -fstack-usage -MMD -MP -MF"Core/Src/main.d" -MT"Core/Src/main.o" --specs=nano.specs -mfpu=fpv4-sp-d16 -mfloat-abi=hard -mthumb -o "Core/Src/main.o"
arm-none-eabi-gcc -o "Eeprom.elf" @"objects.list"   -mcpu=cortex-m4 -T"C:\Users\evers\Documents\IMAGINE-IOT\Imagine-IoT\Imagine-IoT\9 Nucleo boards\NUCLEO-L476RG\15 I2C Eeprom (STM32CubeIDE)\Eeprom\STM32L476RGTX_FLASH.ld" --specs=nosys.specs -Wl,-Map="Eeprom.map" -Wl,--gc-sections -static --specs=nano.specs -mfpu=fpv4-sp-d16 -mfloat-abi=hard -mthumb -Wl,--start-group -lc -lm -Wl,--end-group
Finished building target: Eeprom.elf
 
arm-none-eabi-objdump -h -S  Eeprom.elf  > "Eeprom.list"
arm-none-eabi-objcopy  -O binary  Eeprom.elf  "Eeprom.bin"
arm-none-eabi-size   Eeprom.elf 
   text	   data	    bss	    dec	    hex	filename
  19144	    124	   1804	  21072	   5250	Eeprom.elf
Finished building: default.size.stdout
 
Finished building: Eeprom.bin
 
Finished building: Eeprom.list
 

17:14:19 Build Finished. 0 errors, 0 warnings. (took 1s.21ms)

