16:08:12 **** Incremental Build of configuration Release for project FlashLED ****
make -j8 all 
arm-none-eabi-gcc "../Core/Src/main.c" -mcpu=cortex-m4 -std=gnu11 -DUSE_HAL_DRIVER -DSTM32L476xx -c -I../Core/Inc -I../Drivers/STM32L4xx_HAL_Driver/Inc -I../Drivers/STM32L4xx_HAL_Driver/Inc/Legacy -I../Drivers/CMSIS/Device/ST/STM32L4xx/Include -I../Drivers/CMSIS/Include -Os -ffunction-sections -fdata-sections -Wall -fstack-usage -MMD -MP -MF"Core/Src/main.d" -MT"Core/Src/main.o" --specs=nano.specs -mfpu=fpv4-sp-d16 -mfloat-abi=hard -mthumb -o "Core/Src/main.o"
arm-none-eabi-gcc -o "FlashLED.elf" @"objects.list"   -mcpu=cortex-m4 -T"C:\Users\evers\Documents\IMAGINE-IOT\Imagine-IoT\Imagine-IoT\9 Nucleo boards\NUCLEO-L476RG\1c Lighthouse flashing LED (STM32CubeIDE)\FlashLED\STM32L476RGTX_FLASH.ld" --specs=nosys.specs -Wl,-Map="FlashLED.map" -Wl,--gc-sections -static --specs=nano.specs -mfpu=fpv4-sp-d16 -mfloat-abi=hard -mthumb -Wl,--start-group -lc -lm -Wl,--end-group
Finished building target: FlashLED.elf
 
arm-none-eabi-size   FlashLED.elf 
arm-none-eabi-objdump -h -S  FlashLED.elf  > "FlashLED.list"
arm-none-eabi-objcopy  -O binary  FlashLED.elf  "FlashLED.bin"
   text	   data	    bss	    dec	    hex	filename
   7708	     20	   1700	   9428	   24d4	FlashLED.elf
Finished building: default.size.stdout
 
Finished building: FlashLED.bin
Finished building: FlashLED.list
 
 

16:08:13 Build Finished. 0 errors, 0 warnings. (took 1s.7ms)

