soft-se.c:226:30:GetKeyByID	12	static
soft-se.c:266:13:DummyCB	0	static
soft-se.c:283:30:ComputeCmac	328	static
soft-se.c:395:23:SecureElementInit	88	static
soft-se.c:483:23:SecureElementDeleteDerivedKeys	0	static
soft-se.c:525:23:SecureElementRestoreNvmCtx	8	static
soft-se.c:539:7:SecureElementGetNvmCtx	0	static
soft-se.c:590:23:SecureElementSetObjHandler	0	static
soft-se.c:608:23:SecureElementComputeAesCmac	0	static
soft-se.c:620:23:SecureElementVerifyAesCmac	32	static
soft-se.c:690:23:SecureElementAesEncrypt	280	static
soft-se.c:545:23:SecureElementSetKey.part.0	32	static
soft-se.c:545:23:SecureElementSetKey	0	static
soft-se.c:780:23:SecureElementDeriveAndStoreKey	24	static
soft-se.c:857:23:SecureElementProcessJoinAccept	24	static
soft-se.c:957:23:SecureElementRandomNumber	8	static
soft-se.c:967:23:SecureElementSetDevEui	8	static
soft-se.c:978:10:SecureElementGetDevEui	0	static
soft-se.c:983:23:SecureElementSetJoinEui	8	static
soft-se.c:994:10:SecureElementGetJoinEui	0	static
