###############################################################################
#
# IAR ELF Linker V8.10.1.12857/W32 for ARM                15/Oct/2020  22:35:45
# Copyright 2007-2017 IAR Systems AB.
#
#    Output file  =  
#        C:\Users\evers\Documents\IMAGINE-IOT\Imagine-IoT\Imagine-IoT\STM
#        Nucleo boards\NUCLEO-L476RG\0
#        Assembly\Assembly\EWARM\Assembly\Exe\Assembly.out
#    Map file     =  
#        C:\Users\evers\Documents\IMAGINE-IOT\Imagine-IoT\Imagine-IoT\STM
#        Nucleo boards\NUCLEO-L476RG\0
#        Assembly\Assembly\EWARM\Assembly\List\Assembly.map
#    Command line =  
#        -f C:\Users\evers\AppData\Local\Temp\EW5D2A.tmp
#        ("C:\Users\evers\Documents\IMAGINE-IOT\Imagine-IoT\Imagine-IoT\STM
#        Nucleo boards\NUCLEO-L476RG\0
#        Assembly\Assembly\EWARM\Assembly\Obj\main_assembler.o"
#        "C:\Users\evers\Documents\IMAGINE-IOT\Imagine-IoT\Imagine-IoT\STM
#        Nucleo boards\NUCLEO-L476RG\0
#        Assembly\Assembly\EWARM\Assembly\Obj\startup_stm32l476xx.o"
#        "C:\Users\evers\Documents\IMAGINE-IOT\Imagine-IoT\Imagine-IoT\STM
#        Nucleo boards\NUCLEO-L476RG\0
#        Assembly\Assembly\EWARM\Assembly\Obj\stm32l4xx_hal.o"
#        "C:\Users\evers\Documents\IMAGINE-IOT\Imagine-IoT\Imagine-IoT\STM
#        Nucleo boards\NUCLEO-L476RG\0
#        Assembly\Assembly\EWARM\Assembly\Obj\stm32l4xx_hal_cortex.o"
#        "C:\Users\evers\Documents\IMAGINE-IOT\Imagine-IoT\Imagine-IoT\STM
#        Nucleo boards\NUCLEO-L476RG\0
#        Assembly\Assembly\EWARM\Assembly\Obj\stm32l4xx_hal_dma.o"
#        "C:\Users\evers\Documents\IMAGINE-IOT\Imagine-IoT\Imagine-IoT\STM
#        Nucleo boards\NUCLEO-L476RG\0
#        Assembly\Assembly\EWARM\Assembly\Obj\stm32l4xx_hal_dma_ex.o"
#        "C:\Users\evers\Documents\IMAGINE-IOT\Imagine-IoT\Imagine-IoT\STM
#        Nucleo boards\NUCLEO-L476RG\0
#        Assembly\Assembly\EWARM\Assembly\Obj\stm32l4xx_hal_exti.o"
#        "C:\Users\evers\Documents\IMAGINE-IOT\Imagine-IoT\Imagine-IoT\STM
#        Nucleo boards\NUCLEO-L476RG\0
#        Assembly\Assembly\EWARM\Assembly\Obj\stm32l4xx_hal_flash.o"
#        "C:\Users\evers\Documents\IMAGINE-IOT\Imagine-IoT\Imagine-IoT\STM
#        Nucleo boards\NUCLEO-L476RG\0
#        Assembly\Assembly\EWARM\Assembly\Obj\stm32l4xx_hal_flash_ex.o"
#        "C:\Users\evers\Documents\IMAGINE-IOT\Imagine-IoT\Imagine-IoT\STM
#        Nucleo boards\NUCLEO-L476RG\0
#        Assembly\Assembly\EWARM\Assembly\Obj\stm32l4xx_hal_flash_ramfunc.o"
#        "C:\Users\evers\Documents\IMAGINE-IOT\Imagine-IoT\Imagine-IoT\STM
#        Nucleo boards\NUCLEO-L476RG\0
#        Assembly\Assembly\EWARM\Assembly\Obj\stm32l4xx_hal_gpio.o"
#        "C:\Users\evers\Documents\IMAGINE-IOT\Imagine-IoT\Imagine-IoT\STM
#        Nucleo boards\NUCLEO-L476RG\0
#        Assembly\Assembly\EWARM\Assembly\Obj\stm32l4xx_hal_i2c.o"
#        "C:\Users\evers\Documents\IMAGINE-IOT\Imagine-IoT\Imagine-IoT\STM
#        Nucleo boards\NUCLEO-L476RG\0
#        Assembly\Assembly\EWARM\Assembly\Obj\stm32l4xx_hal_i2c_ex.o"
#        "C:\Users\evers\Documents\IMAGINE-IOT\Imagine-IoT\Imagine-IoT\STM
#        Nucleo boards\NUCLEO-L476RG\0
#        Assembly\Assembly\EWARM\Assembly\Obj\stm32l4xx_hal_msp.o"
#        "C:\Users\evers\Documents\IMAGINE-IOT\Imagine-IoT\Imagine-IoT\STM
#        Nucleo boards\NUCLEO-L476RG\0
#        Assembly\Assembly\EWARM\Assembly\Obj\stm32l4xx_hal_pwr.o"
#        "C:\Users\evers\Documents\IMAGINE-IOT\Imagine-IoT\Imagine-IoT\STM
#        Nucleo boards\NUCLEO-L476RG\0
#        Assembly\Assembly\EWARM\Assembly\Obj\stm32l4xx_hal_pwr_ex.o"
#        "C:\Users\evers\Documents\IMAGINE-IOT\Imagine-IoT\Imagine-IoT\STM
#        Nucleo boards\NUCLEO-L476RG\0
#        Assembly\Assembly\EWARM\Assembly\Obj\stm32l4xx_hal_rcc.o"
#        "C:\Users\evers\Documents\IMAGINE-IOT\Imagine-IoT\Imagine-IoT\STM
#        Nucleo boards\NUCLEO-L476RG\0
#        Assembly\Assembly\EWARM\Assembly\Obj\stm32l4xx_hal_rcc_ex.o"
#        "C:\Users\evers\Documents\IMAGINE-IOT\Imagine-IoT\Imagine-IoT\STM
#        Nucleo boards\NUCLEO-L476RG\0
#        Assembly\Assembly\EWARM\Assembly\Obj\stm32l4xx_hal_tim.o"
#        "C:\Users\evers\Documents\IMAGINE-IOT\Imagine-IoT\Imagine-IoT\STM
#        Nucleo boards\NUCLEO-L476RG\0
#        Assembly\Assembly\EWARM\Assembly\Obj\stm32l4xx_hal_tim_ex.o"
#        "C:\Users\evers\Documents\IMAGINE-IOT\Imagine-IoT\Imagine-IoT\STM
#        Nucleo boards\NUCLEO-L476RG\0
#        Assembly\Assembly\EWARM\Assembly\Obj\stm32l4xx_hal_uart.o"
#        "C:\Users\evers\Documents\IMAGINE-IOT\Imagine-IoT\Imagine-IoT\STM
#        Nucleo boards\NUCLEO-L476RG\0
#        Assembly\Assembly\EWARM\Assembly\Obj\stm32l4xx_hal_uart_ex.o"
#        "C:\Users\evers\Documents\IMAGINE-IOT\Imagine-IoT\Imagine-IoT\STM
#        Nucleo boards\NUCLEO-L476RG\0
#        Assembly\Assembly\EWARM\Assembly\Obj\stm32l4xx_it.o"
#        "C:\Users\evers\Documents\IMAGINE-IOT\Imagine-IoT\Imagine-IoT\STM
#        Nucleo boards\NUCLEO-L476RG\0
#        Assembly\Assembly\EWARM\Assembly\Obj\system_stm32l4xx.o" -o
#        "C:\Users\evers\Documents\IMAGINE-IOT\Imagine-IoT\Imagine-IoT\STM
#        Nucleo boards\NUCLEO-L476RG\0
#        Assembly\Assembly\EWARM\Assembly\Exe\Assembly.out" --map
#        "C:\Users\evers\Documents\IMAGINE-IOT\Imagine-IoT\Imagine-IoT\STM
#        Nucleo boards\NUCLEO-L476RG\0
#        Assembly\Assembly\EWARM\Assembly\List\Assembly.map" --config
#        "C:\Users\evers\Documents\IMAGINE-IOT\Imagine-IoT\Imagine-IoT\STM
#        Nucleo boards\NUCLEO-L476RG\0
#        Assembly\Assembly\EWARM/stm32l476xx_flash.icf" --semihosting --entry
#        __iar_program_start --vfe --text_out locale)
#
###############################################################################

*******************************************************************************
*** RUNTIME MODEL ATTRIBUTES
***

CppFlavor       = *
__SystemLibrary = DLib
__dlib_version  = 6


*******************************************************************************
*** HEAP SELECTION
***

The basic heap was selected because some modules are built with
size limitations (and not runtime checking), and --advanced_heap
was not specified.


*******************************************************************************
*** PLACEMENT SUMMARY
***

"A0":  place at 0x08000000 { ro section .intvec };
"P1":  place in [from 0x08000000 to 0x080fffff] { ro };
"P2":  place in [from 0x20000000 to 0x20017fff] { rw, block CSTACK, block HEAP };
"P3":  place in [from 0x20000000 to 0x20017fff] {  };
initialize by copy { rw };

  Section            Kind        Address   Size  Object
  -------            ----        -------   ----  ------
"A0":                                     0x188
  .intvec            ro code  0x08000000  0x188  startup_stm32l476xx.o [1]
                            - 0x08000188  0x188

"P1":                                     0x2b4
  .text              ro code  0x08000188   0x40  system_stm32l4xx.o [1]
  .text              ro code  0x080001c8   0x38  main_assembler.o [1]
  .text              ro code  0x08000200   0x2c  copy_init3.o [4]
  .text              ro code  0x0800022c   0x28  data_init.o [4]
  .iar.init_table    const    0x08000254   0x14  - Linker created -
  .text              ro code  0x08000268   0x1a  cmain.o [4]
  .text              ro code  0x08000282    0x4  low_level_init.o [3]
  .text              ro code  0x08000286    0x4  exit.o [3]
  .text              ro code  0x0800028c    0xa  cexit.o [4]
  .text              ro code  0x08000298   0x14  exit.o [5]
  .text              ro code  0x080002ac   0x14  stm32l4xx_it.o [1]
  .text              ro code  0x080002c0   0x10  stm32l4xx_hal.o [1]
  .text              ro code  0x080002d0   0x10  startup_stm32l476xx.o [1]
  .text              ro code  0x080002e0    0xc  cstartup_M.o [4]
  Initializer bytes  const    0x080002ec    0xc  <for P2-P3-1>
  .text              ro code  0x080002f8    0x4  startup_stm32l476xx.o [1]
  .text              ro code  0x080002fc    0x4  startup_stm32l476xx.o [1]
  .text              ro code  0x08000300    0x4  startup_stm32l476xx.o [1]
  .text              ro code  0x08000304    0x4  startup_stm32l476xx.o [1]
  .text              ro code  0x08000308    0x4  startup_stm32l476xx.o [1]
  .text              ro code  0x0800030c    0x4  startup_stm32l476xx.o [1]
  .text              ro code  0x08000310    0x4  startup_stm32l476xx.o [1]
  .text              ro code  0x08000314    0x4  startup_stm32l476xx.o [1]
  .text              ro code  0x08000318    0x4  startup_stm32l476xx.o [1]
  .text              ro code  0x0800031c    0x4  startup_stm32l476xx.o [1]
  .text              ro code  0x08000320    0x4  startup_stm32l476xx.o [1]
  .text              ro code  0x08000324    0x4  startup_stm32l476xx.o [1]
  .text              ro code  0x08000328    0x4  startup_stm32l476xx.o [1]
  .text              ro code  0x0800032c    0x4  startup_stm32l476xx.o [1]
  .text              ro code  0x08000330    0x4  startup_stm32l476xx.o [1]
  .text              ro code  0x08000334    0x4  startup_stm32l476xx.o [1]
  .text              ro code  0x08000338    0x4  startup_stm32l476xx.o [1]
  .text              ro code  0x0800033c    0x4  startup_stm32l476xx.o [1]
  .text              ro code  0x08000340    0x4  startup_stm32l476xx.o [1]
  .text              ro code  0x08000344    0x4  startup_stm32l476xx.o [1]
  .text              ro code  0x08000348    0x4  startup_stm32l476xx.o [1]
  .text              ro code  0x0800034c    0x4  startup_stm32l476xx.o [1]
  .text              ro code  0x08000350    0x4  startup_stm32l476xx.o [1]
  .text              ro code  0x08000354    0x4  startup_stm32l476xx.o [1]
  .text              ro code  0x08000358    0x4  startup_stm32l476xx.o [1]
  .text              ro code  0x0800035c    0x4  startup_stm32l476xx.o [1]
  .text              ro code  0x08000360    0x4  startup_stm32l476xx.o [1]
  .text              ro code  0x08000364    0x4  startup_stm32l476xx.o [1]
  .text              ro code  0x08000368    0x4  startup_stm32l476xx.o [1]
  .text              ro code  0x0800036c    0x4  startup_stm32l476xx.o [1]
  .text              ro code  0x08000370    0x4  startup_stm32l476xx.o [1]
  .text              ro code  0x08000374    0x4  startup_stm32l476xx.o [1]
  .text              ro code  0x08000378    0x4  startup_stm32l476xx.o [1]
  .text              ro code  0x0800037c    0x4  startup_stm32l476xx.o [1]
  .text              ro code  0x08000380    0x4  startup_stm32l476xx.o [1]
  .text              ro code  0x08000384    0x4  startup_stm32l476xx.o [1]
  .text              ro code  0x08000388    0x4  startup_stm32l476xx.o [1]
  .text              ro code  0x0800038c    0x4  startup_stm32l476xx.o [1]
  .text              ro code  0x08000390    0x4  startup_stm32l476xx.o [1]
  .text              ro code  0x08000394    0x4  startup_stm32l476xx.o [1]
  .text              ro code  0x08000398    0x4  startup_stm32l476xx.o [1]
  .text              ro code  0x0800039c    0x4  startup_stm32l476xx.o [1]
  .text              ro code  0x080003a0    0x4  startup_stm32l476xx.o [1]
  .text              ro code  0x080003a4    0x4  startup_stm32l476xx.o [1]
  .text              ro code  0x080003a8    0x4  startup_stm32l476xx.o [1]
  .text              ro code  0x080003ac    0x4  startup_stm32l476xx.o [1]
  .text              ro code  0x080003b0    0x4  startup_stm32l476xx.o [1]
  .text              ro code  0x080003b4    0x4  startup_stm32l476xx.o [1]
  .text              ro code  0x080003b8    0x4  startup_stm32l476xx.o [1]
  .text              ro code  0x080003bc    0x4  startup_stm32l476xx.o [1]
  .text              ro code  0x080003c0    0x4  startup_stm32l476xx.o [1]
  .text              ro code  0x080003c4    0x4  startup_stm32l476xx.o [1]
  .text              ro code  0x080003c8    0x4  startup_stm32l476xx.o [1]
  .text              ro code  0x080003cc    0x4  startup_stm32l476xx.o [1]
  .text              ro code  0x080003d0    0x4  startup_stm32l476xx.o [1]
  .text              ro code  0x080003d4    0x4  startup_stm32l476xx.o [1]
  .text              ro code  0x080003d8    0x4  startup_stm32l476xx.o [1]
  .text              ro code  0x080003dc    0x4  startup_stm32l476xx.o [1]
  .text              ro code  0x080003e0    0x4  startup_stm32l476xx.o [1]
  .text              ro code  0x080003e4    0x4  startup_stm32l476xx.o [1]
  .text              ro code  0x080003e8    0x4  startup_stm32l476xx.o [1]
  .text              ro code  0x080003ec    0x4  startup_stm32l476xx.o [1]
  .text              ro code  0x080003f0    0x4  startup_stm32l476xx.o [1]
  .text              ro code  0x080003f4    0x4  startup_stm32l476xx.o [1]
  .text              ro code  0x080003f8    0x4  startup_stm32l476xx.o [1]
  .text              ro code  0x080003fc    0x4  startup_stm32l476xx.o [1]
  .text              ro code  0x08000400    0x4  startup_stm32l476xx.o [1]
  .text              ro code  0x08000404    0x4  startup_stm32l476xx.o [1]
  .text              ro code  0x08000408    0x4  startup_stm32l476xx.o [1]
  .text              ro code  0x0800040c    0x4  startup_stm32l476xx.o [1]
  .text              ro code  0x08000410    0x4  startup_stm32l476xx.o [1]
  .text              ro code  0x08000414    0x4  startup_stm32l476xx.o [1]
  .text              ro code  0x08000418    0x4  startup_stm32l476xx.o [1]
  .text              ro code  0x0800041c    0x4  startup_stm32l476xx.o [1]
  .text              ro code  0x08000420    0x4  startup_stm32l476xx.o [1]
  .text              ro code  0x08000424    0x4  startup_stm32l476xx.o [1]
  .text              ro code  0x08000428    0x4  startup_stm32l476xx.o [1]
  .text              ro code  0x0800042c    0x4  startup_stm32l476xx.o [1]
  .text              ro code  0x08000430    0x4  startup_stm32l476xx.o [1]
  .text              ro code  0x08000434    0x4  startup_stm32l476xx.o [1]
  .text              ro code  0x08000438    0x4  startup_stm32l476xx.o [1]
  .rodata            const    0x0800043c    0x0  copy_init3.o [4]
                            - 0x0800043c  0x2b4

"P2-P3", part 1 of 2:                       0xc
  P2-P3-1                     0x20000000    0xc  <Init block>
    .data            inited   0x20000000    0xc  stm32l4xx_hal.o [1]
                            - 0x2000000c    0xc

"P2-P3", part 2 of 2:                     0x400
  CSTACK                      0x20000010  0x400  <Block>
    CSTACK           uninit   0x20000010  0x400  <Block tail>
                            - 0x20000410  0x400


*******************************************************************************
*** INIT TABLE
***

          Address     Size
          -------     ----
Copy (__iar_copy_init3)
    1 source range, total size 0xc:
          0x080002ec   0xc
    1 destination range, total size 0xc:
          0x20000000   0xc



*******************************************************************************
*** MODULE SUMMARY
***

    Module                 ro code  ro data  rw data
    ------                 -------  -------  -------
C:\Users\evers\Documents\IMAGINE-IOT\Imagine-IoT\Imagine-IoT\STM Nucleo boards\NUCLEO-L476RG\0 Assembly\Assembly\EWARM\Assembly\Obj: [1]
    main_assembler.o            56
    startup_stm32l476xx.o      732
    stm32l4xx_hal.o             16       12       12
    stm32l4xx_it.o              20
    system_stm32l4xx.o          64
    ------------------------------------------------
    Total:                     888       12       12

command line: [2]
    ------------------------------------------------
    Total:

dl7M_tln.a: [3]
    exit.o                       4
    low_level_init.o             4
    ------------------------------------------------
    Total:                       8

rt7M_tl.a: [4]
    cexit.o                     10
    cmain.o                     26
    copy_init3.o                44
    cstartup_M.o                12
    data_init.o                 40
    ------------------------------------------------
    Total:                     132

shb_l.a: [5]
    exit.o                      20
    ------------------------------------------------
    Total:                      20

    Gaps                         4
    Linker created                       20    1 024
----------------------------------------------------
    Grand Total:             1 052       32    1 036


*******************************************************************************
*** ENTRY LIST
***

Entry                      Address  Size  Type      Object
-----                      -------  ----  ----      ------
.iar.init_table$$Base   0x08000254         --   Gb  - Linker created -
.iar.init_table$$Limit  0x08000268         --   Gb  - Linker created -
?main                   0x08000269        Code  Gb  cmain.o [4]
BusFault_Handler        0x080002b3   0x2  Code  Gb  stm32l4xx_it.o [1]
CSTACK$$Base            0x20000010         --   Gb  - Linker created -
CSTACK$$Limit           0x20000410         --   Gb  - Linker created -
DebugMon_Handler        0x080002b9   0x2  Code  Gb  stm32l4xx_it.o [1]
HAL_IncTick             0x080002c1  0x10  Code  Wk  stm32l4xx_hal.o [1]
HardFault_Handler       0x080002af   0x2  Code  Gb  stm32l4xx_it.o [1]
MemManage_Handler       0x080002b1   0x2  Code  Gb  stm32l4xx_it.o [1]
NMI_Handler             0x080002ad   0x2  Code  Gb  stm32l4xx_it.o [1]
PendSV_Handler          0x080002bb   0x2  Code  Gb  stm32l4xx_it.o [1]
Region$$Table$$Base     0x08000254         --   Gb  - Linker created -
Region$$Table$$Limit    0x08000268         --   Gb  - Linker created -
SVC_Handler             0x080002b7   0x2  Code  Gb  stm32l4xx_it.o [1]
SysTick_Handler         0x080002bd   0x4  Code  Gb  stm32l4xx_it.o [1]
SystemInit              0x08000189  0x32  Code  Gb  system_stm32l4xx.o [1]
UsageFault_Handler      0x080002b5   0x2  Code  Gb  stm32l4xx_it.o [1]
__cmain                 0x08000269        Code  Gb  cmain.o [4]
__exit                  0x08000299  0x14  Code  Gb  exit.o [5]
__iar_copy_init3        0x08000201  0x2c  Code  Gb  copy_init3.o [4]
__iar_data_init3        0x0800022d  0x28  Code  Gb  data_init.o [4]
__iar_program_start     0x080002e1        Code  Gb  cstartup_M.o [4]
__iar_systems$$module {Abs}
                        0x00000001        Data  Gb  command line/config [2]
__low_level_init        0x08000283   0x4  Code  Gb  low_level_init.o [3]
__vector_table          0x08000000        Data  Gb  startup_stm32l476xx.o [1]
_call_main              0x08000275        Code  Gb  cmain.o [4]
_exit                   0x0800028d        Code  Gb  cexit.o [4]
_main                   0x0800027f        Code  Gb  cmain.o [4]
exit                    0x08000287   0x4  Code  Gb  exit.o [3]
main                    0x080001c9        Code  Gb  main_assembler.o [1]
uwTick                  0x20000004   0x4  Data  Gb  stm32l4xx_hal.o [1]
uwTickFreq              0x20000000   0x1  Data  Gb  stm32l4xx_hal.o [1]
uwTickPrio              0x20000008   0x4  Data  Gb  stm32l4xx_hal.o [1]


[1] = C:\Users\evers\Documents\IMAGINE-IOT\Imagine-IoT\Imagine-IoT\STM Nucleo boards\NUCLEO-L476RG\0 Assembly\Assembly\EWARM\Assembly\Obj
[2] = command line
[3] = dl7M_tln.a
[4] = rt7M_tl.a
[5] = shb_l.a

  1 052 bytes of readonly  code memory
     32 bytes of readonly  data memory
  1 036 bytes of readwrite data memory

Errors: none
Warnings: none
