api_msg.c:115:1:lwip_netconn_err_to_msg	16	static
api_msg.c:131:1:lwip_netconn_is_err_msg	16	static
api_msg.c:218:1:recv_udp	40	static
api_msg.c:293:1:recv_tcp	40	static
api_msg.c:357:1:poll_tcp	24	static
api_msg.c:398:1:sent_tcp	32	static
api_msg.c:432:1:err_tcp	40	static
api_msg.c:514:1:setup_tcp	24	static
api_msg.c:533:1:accept_function	48	static
api_msg.c:609:1:pcb_new	32	static
api_msg.c:680:1:lwip_netconn_do_newconn	24	static
api_msg.c:705:1:netconn_alloc	32	static
api_msg.c:794:1:netconn_free	16	static
api_msg.c:827:1:netconn_drain	32	static
api_msg.c:920:1:lwip_netconn_do_close_internal	32	static
api_msg.c:1113:1:lwip_netconn_do_delconn	24	static
api_msg.c:1216:1:lwip_netconn_do_bind	24	static
api_msg.c:1256:1:lwip_netconn_do_bind_if	32	static
api_msg.c:1301:1:lwip_netconn_do_connected	40	static
api_msg.c:1350:1:lwip_netconn_do_connect	32	static
api_msg.c:1425:1:lwip_netconn_do_disconnect	24	static
api_msg.c:1449:1:lwip_netconn_do_listen	32	static
api_msg.c:1532:1:lwip_netconn_do_send	24	static
api_msg.c:1589:1:lwip_netconn_do_recv	32	static
api_msg.c:1640:1:lwip_netconn_do_writemore	40	static
api_msg.c:1813:1:lwip_netconn_do_write	24	static
api_msg.c:1867:1:lwip_netconn_do_getaddr	24	static
api_msg.c:1934:1:lwip_netconn_do_close	24	static
api_lib.c:118:1:netconn_apimsg	24	static
api_lib.c:149:1:netconn_new_with_proto_and_callback	56	static
api_lib.c:192:1:netconn_prepare_delete	56	static
api_lib.c:233:1:netconn_delete	24	static
api_lib.c:269:1:netconn_getaddr	64	static
api_lib.c:307:1:netconn_bind	64	static
api_lib.c:351:1:netconn_bind_if	56	static
api_lib.c:377:1:netconn_connect	64	static
api_lib.c:409:1:netconn_disconnect	56	static
api_lib.c:434:1:netconn_listen_with_backlog	56	static
api_lib.c:471:1:netconn_accept	32	static
api_lib.c:579:1:netconn_recv_data	40	static
api_lib.c:677:1:netconn_tcp_recvd_msg	24	static
api_lib.c:689:1:netconn_tcp_recvd	56	static
api_lib.c:703:1:netconn_recv_data_tcp	72	static
api_lib.c:782:1:netconn_recv_tcp_pbuf	16	static
api_lib.c:803:1:netconn_recv_tcp_pbuf_flags	24	static
api_lib.c:822:1:netconn_recv_udp_raw_netbuf	16	static
api_lib.c:842:1:netconn_recv_udp_raw_netbuf_flags	24	static
api_lib.c:860:1:netconn_recv	32	static
api_lib.c:922:1:netconn_sendto	24	static
api_lib.c:941:1:netconn_send	56	static
api_lib.c:974:1:netconn_write_partly	40	static
api_lib.c:997:1:netconn_write_vectors_partly	80	static
api_lib.c:1089:1:netconn_close_shutdown	56	static
api_lib.c:1125:1:netconn_close	16	static
api_lib.c:1139:1:netconn_err	24	static
api_lib.c:1163:1:netconn_shutdown	16	static
netbuf.c:63:9:netbuf_new	16	static
netbuf.c:81:1:netbuf_delete	16	static
netbuf.c:102:1:netbuf_alloc	16	static
netbuf.c:127:1:netbuf_free	16	static
netbuf.c:151:1:netbuf_ref	24	static
netbuf.c:176:1:netbuf_chain	16	static
netbuf.c:196:1:netbuf_data	24	static
netbuf.c:222:1:netbuf_next	16	static
netbuf.c:244:1:netbuf_first	16	static
sockets.c:320:1:lwip_socket_thread_init	4	static
sockets.c:327:1:lwip_socket_thread_cleanup	4	static
sockets.c:411:1:tryget_socket_unconn_nouse	24	static
sockets.c:422:1:lwip_socket_dbg_get_socket	16	static
sockets.c:429:1:tryget_socket_unconn	24	static
sockets.c:442:1:tryget_socket_unconn_locked	24	static
sockets.c:460:1:tryget_socket	24	static
sockets.c:479:1:get_socket	24	static
sockets.c:501:1:alloc_socket	24	static
sockets.c:548:1:free_socket_locked	24	static
sockets.c:572:1:free_socket_free_elements	24	static
sockets.c:594:1:free_socket	32	static
sockets.c:620:1:lwip_accept	112	static
sockets.c:718:1:lwip_bind	48	static
sockets.c:772:1:lwip_close	32	static
sockets.c:813:1:lwip_connect	56	static
sockets.c:881:1:lwip_listen	40	static
sockets.c:920:1:lwip_recv_tcp	56	static
sockets.c:1023:1:lwip_sock_make_addr	56	static
sockets.c:1056:1:lwip_recv_tcp_from	40	static
sockets.c:1088:1:lwip_recvfrom_udp_raw	64	static
sockets.c:1199:1:lwip_recvfrom	96	static
sockets.c:1252:1:lwip_read	32	static
sockets.c:1258:1:lwip_readv	56	static
sockets.c:1275:1:lwip_recv	32	static
sockets.c:1281:1:lwip_recvmsg	80	static
sockets.c:1382:1:lwip_send	48	static
sockets.c:1422:1:lwip_sendmsg	120	static
sockets.c:1585:1:lwip_sendto	64	static
sockets.c:1685:1:lwip_socket	32	static
sockets.c:1746:1:lwip_write	24	static
sockets.c:1752:1:lwip_writev	56	static
sockets.c:1771:1:lwip_link_select_cb	16	static
sockets.c:1795:1:lwip_unlink_select_cb	16	static
sockets.c:1835:1:lwip_selscan	104	static
sockets.c:1964:1:lwip_select	136	static
sockets.c:2193:1:lwip_pollscan	56	static
sockets.c:2319:1:lwip_poll	72	static
sockets.c:2438:1:lwip_poll_should_wake	32	static
sockets.c:2477:1:event_callback	48	static
sockets.c:2576:13:select_check_waiters	40	static
sockets.c:2655:1:lwip_shutdown	48	static
sockets.c:2700:1:lwip_getaddrname	72	static
sockets.c:2747:1:lwip_getpeername	24	static
sockets.c:2753:1:lwip_getsockname	24	static
sockets.c:2759:1:lwip_getsockopt	48	static
sockets.c:2859:1:lwip_sockopt_to_ipopt	16	static
sockets.c:2882:1:lwip_getsockopt_impl	32	static
sockets.c:3205:1:lwip_setsockopt	48	static
sockets.c:3303:1:lwip_setsockopt_impl	40	static
sockets.c:3743:1:lwip_ioctl	40	static
sockets.c:3836:1:lwip_fcntl	56	static
sockets.c:3919:1:lwip_inet_ntop	32	static
sockets.c:3952:1:lwip_inet_pton	32	static
