core_cm4.h:2059:26:ITM_SendChar	16	static,ignoring_inline_asm
debug.h:12:5:_write	32	static
main.c:106:5:main	8	static
main.c:178:6:transmit	16	static
main.c:187:6:sendByte	24	static
main.c:196:6:sendBit	16	static
main.c:207:6:sendZero	8	static
main.c:215:6:sendOne	8	static
main.c:234:6:delay_us	16	static
main.c:245:6:SystemClock_Config	96	static
main.c:293:13:MX_ADC1_Init	48	static
main.c:357:13:MX_TIM4_Init	40	static
main.c:402:13:MX_USART2_UART_Init	8	static
main.c:435:13:MX_DMA_Init	16	static
main.c:453:13:MX_GPIO_Init	48	static
main.c:489:6:Error_Handler	4	static,ignoring_inline_asm
