core_cm4.h:2059:26:ITM_SendChar	16	static,ignoring_inline_asm
debug.h:12:5:_write	32	static
main.c:107:5:main	8	static
main.c:186:6:SystemClock_Config	96	static
main.c:234:13:MX_ADC1_Init	48	static
main.c:298:13:MX_TIM4_Init	40	static
main.c:343:13:MX_USART1_UART_Init	8	static
main.c:378:13:MX_USART2_UART_Init	8	static
main.c:411:13:MX_DMA_Init	16	static
main.c:429:13:MX_GPIO_Init	48	static
main.c:463:6:delay_us	16	static
main.c:470:6:transmit	16	static
main.c:479:6:sendByte	24	static
main.c:488:6:sendBit	16	static
main.c:499:6:sendZero	8	static
main.c:507:6:sendOne	8	static
main.c:520:6:Error_Handler	4	static,ignoring_inline_asm
