stm32f4xx_it.c:89:6:NMI_Handler	4	static
stm32f4xx_it.c:104:6:HardFault_Handler	4	static
stm32f4xx_it.c:119:6:MemManage_Handler	4	static
stm32f4xx_it.c:134:6:BusFault_Handler	4	static
stm32f4xx_it.c:149:6:UsageFault_Handler	4	static
stm32f4xx_it.c:164:6:SVC_Handler	4	static
stm32f4xx_it.c:177:6:DebugMon_Handler	4	static
stm32f4xx_it.c:190:6:PendSV_Handler	4	static
stm32f4xx_it.c:203:6:SysTick_Handler	4	static
stm32f4xx_it.c:224:6:EXTI0_IRQHandler	16	static
stm32f4xx_it.c:260:6:DMA1_Stream5_IRQHandler	8	static
stm32f4xx_it.c:274:6:CAN1_RX0_IRQHandler	16	static
stm32f4xx_it.c:305:6:TIM1_UP_TIM10_IRQHandler	8	static
stm32f4xx_it.c:319:6:OTG_FS_IRQHandler	8	static
