16:08:15 **** Incremental Build of configuration Debug for project LoRaWAN_End_Node ****
make -j8 all 
arm-none-eabi-gcc "../Utilities/trace/adv_trace/stm32_adv_trace.c" -mcpu=cortex-m4 -std=gnu11 -g3 -DDEBUG -DCORE_CM4 -DUSE_HAL_DRIVER -DSTM32WL55xx -c -I../Core/Inc -I../LoRaWAN/App -I../LoRaWAN/Target -I../Drivers/STM32WLxx_HAL_Driver/Inc -I../Drivers/STM32WLxx_HAL_Driver/Inc/Legacy -I../Utilities/trace/adv_trace -I../Utilities/misc -I../Utilities/sequencer -I../Utilities/timer -I../Utilities/lpm/tiny_lpm -I../Middlewares/Third_Party/LoRaWAN/LmHandler/Packages -I../Middlewares/Third_Party/SubGHz_Phy -I../Middlewares/Third_Party/SubGHz_Phy/stm32_radio_driver -I../Drivers/CMSIS/Device/ST/STM32WLxx/Include -I../Middlewares/Third_Party/LoRaWAN/Crypto -I../Middlewares/Third_Party/LoRaWAN/Mac/Region -I../Middlewares/Third_Party/LoRaWAN/Mac -I../Middlewares/Third_Party/LoRaWAN/LmHandler -I../Middlewares/Third_Party/LoRaWAN/Utilities -I../Drivers/CMSIS/Include -O0 -ffunction-sections -fdata-sections -Wall -fstack-usage -MMD -MP -MF"Utilities/trace/adv_trace/stm32_adv_trace.d" -MT"Utilities/trace/adv_trace/stm32_adv_trace.o" --specs=nano.specs -mfloat-abi=soft -mthumb -o "Utilities/trace/adv_trace/stm32_adv_trace.o"
arm-none-eabi-gcc "../Utilities/timer/stm32_timer.c" -mcpu=cortex-m4 -std=gnu11 -g3 -DDEBUG -DCORE_CM4 -DUSE_HAL_DRIVER -DSTM32WL55xx -c -I../Core/Inc -I../LoRaWAN/App -I../LoRaWAN/Target -I../Drivers/STM32WLxx_HAL_Driver/Inc -I../Drivers/STM32WLxx_HAL_Driver/Inc/Legacy -I../Utilities/trace/adv_trace -I../Utilities/misc -I../Utilities/sequencer -I../Utilities/timer -I../Utilities/lpm/tiny_lpm -I../Middlewares/Third_Party/LoRaWAN/LmHandler/Packages -I../Middlewares/Third_Party/SubGHz_Phy -I../Middlewares/Third_Party/SubGHz_Phy/stm32_radio_driver -I../Drivers/CMSIS/Device/ST/STM32WLxx/Include -I../Middlewares/Third_Party/LoRaWAN/Crypto -I../Middlewares/Third_Party/LoRaWAN/Mac/Region -I../Middlewares/Third_Party/LoRaWAN/Mac -I../Middlewares/Third_Party/LoRaWAN/LmHandler -I../Middlewares/Third_Party/LoRaWAN/Utilities -I../Drivers/CMSIS/Include -O0 -ffunction-sections -fdata-sections -Wall -fstack-usage -MMD -MP -MF"Utilities/timer/stm32_timer.d" -MT"Utilities/timer/stm32_timer.o" --specs=nano.specs -mfloat-abi=soft -mthumb -o "Utilities/timer/stm32_timer.o"
arm-none-eabi-gcc "../Utilities/sequencer/stm32_seq.c" -mcpu=cortex-m4 -std=gnu11 -g3 -DDEBUG -DCORE_CM4 -DUSE_HAL_DRIVER -DSTM32WL55xx -c -I../Core/Inc -I../LoRaWAN/App -I../LoRaWAN/Target -I../Drivers/STM32WLxx_HAL_Driver/Inc -I../Drivers/STM32WLxx_HAL_Driver/Inc/Legacy -I../Utilities/trace/adv_trace -I../Utilities/misc -I../Utilities/sequencer -I../Utilities/timer -I../Utilities/lpm/tiny_lpm -I../Middlewares/Third_Party/LoRaWAN/LmHandler/Packages -I../Middlewares/Third_Party/SubGHz_Phy -I../Middlewares/Third_Party/SubGHz_Phy/stm32_radio_driver -I../Drivers/CMSIS/Device/ST/STM32WLxx/Include -I../Middlewares/Third_Party/LoRaWAN/Crypto -I../Middlewares/Third_Party/LoRaWAN/Mac/Region -I../Middlewares/Third_Party/LoRaWAN/Mac -I../Middlewares/Third_Party/LoRaWAN/LmHandler -I../Middlewares/Third_Party/LoRaWAN/Utilities -I../Drivers/CMSIS/Include -O0 -ffunction-sections -fdata-sections -Wall -fstack-usage -MMD -MP -MF"Utilities/sequencer/stm32_seq.d" -MT"Utilities/sequencer/stm32_seq.o" --specs=nano.specs -mfloat-abi=soft -mthumb -o "Utilities/sequencer/stm32_seq.o"
arm-none-eabi-gcc "../Utilities/misc/stm32_mem.c" -mcpu=cortex-m4 -std=gnu11 -g3 -DDEBUG -DCORE_CM4 -DUSE_HAL_DRIVER -DSTM32WL55xx -c -I../Core/Inc -I../LoRaWAN/App -I../LoRaWAN/Target -I../Drivers/STM32WLxx_HAL_Driver/Inc -I../Drivers/STM32WLxx_HAL_Driver/Inc/Legacy -I../Utilities/trace/adv_trace -I../Utilities/misc -I../Utilities/sequencer -I../Utilities/timer -I../Utilities/lpm/tiny_lpm -I../Middlewares/Third_Party/LoRaWAN/LmHandler/Packages -I../Middlewares/Third_Party/SubGHz_Phy -I../Middlewares/Third_Party/SubGHz_Phy/stm32_radio_driver -I../Drivers/CMSIS/Device/ST/STM32WLxx/Include -I../Middlewares/Third_Party/LoRaWAN/Crypto -I../Middlewares/Third_Party/LoRaWAN/Mac/Region -I../Middlewares/Third_Party/LoRaWAN/Mac -I../Middlewares/Third_Party/LoRaWAN/LmHandler -I../Middlewares/Third_Party/LoRaWAN/Utilities -I../Drivers/CMSIS/Include -O0 -ffunction-sections -fdata-sections -Wall -fstack-usage -MMD -MP -MF"Utilities/misc/stm32_mem.d" -MT"Utilities/misc/stm32_mem.o" --specs=nano.specs -mfloat-abi=soft -mthumb -o "Utilities/misc/stm32_mem.o"
arm-none-eabi-gcc "../Utilities/misc/stm32_systime.c" -mcpu=cortex-m4 -std=gnu11 -g3 -DDEBUG -DCORE_CM4 -DUSE_HAL_DRIVER -DSTM32WL55xx -c -I../Core/Inc -I../LoRaWAN/App -I../LoRaWAN/Target -I../Drivers/STM32WLxx_HAL_Driver/Inc -I../Drivers/STM32WLxx_HAL_Driver/Inc/Legacy -I../Utilities/trace/adv_trace -I../Utilities/misc -I../Utilities/sequencer -I../Utilities/timer -I../Utilities/lpm/tiny_lpm -I../Middlewares/Third_Party/LoRaWAN/LmHandler/Packages -I../Middlewares/Third_Party/SubGHz_Phy -I../Middlewares/Third_Party/SubGHz_Phy/stm32_radio_driver -I../Drivers/CMSIS/Device/ST/STM32WLxx/Include -I../Middlewares/Third_Party/LoRaWAN/Crypto -I../Middlewares/Third_Party/LoRaWAN/Mac/Region -I../Middlewares/Third_Party/LoRaWAN/Mac -I../Middlewares/Third_Party/LoRaWAN/LmHandler -I../Middlewares/Third_Party/LoRaWAN/Utilities -I../Drivers/CMSIS/Include -O0 -ffunction-sections -fdata-sections -Wall -fstack-usage -MMD -MP -MF"Utilities/misc/stm32_systime.d" -MT"Utilities/misc/stm32_systime.o" --specs=nano.specs -mfloat-abi=soft -mthumb -o "Utilities/misc/stm32_systime.o"
arm-none-eabi-gcc "../Utilities/misc/stm32_tiny_sscanf.c" -mcpu=cortex-m4 -std=gnu11 -g3 -DDEBUG -DCORE_CM4 -DUSE_HAL_DRIVER -DSTM32WL55xx -c -I../Core/Inc -I../LoRaWAN/App -I../LoRaWAN/Target -I../Drivers/STM32WLxx_HAL_Driver/Inc -I../Drivers/STM32WLxx_HAL_Driver/Inc/Legacy -I../Utilities/trace/adv_trace -I../Utilities/misc -I../Utilities/sequencer -I../Utilities/timer -I../Utilities/lpm/tiny_lpm -I../Middlewares/Third_Party/LoRaWAN/LmHandler/Packages -I../Middlewares/Third_Party/SubGHz_Phy -I../Middlewares/Third_Party/SubGHz_Phy/stm32_radio_driver -I../Drivers/CMSIS/Device/ST/STM32WLxx/Include -I../Middlewares/Third_Party/LoRaWAN/Crypto -I../Middlewares/Third_Party/LoRaWAN/Mac/Region -I../Middlewares/Third_Party/LoRaWAN/Mac -I../Middlewares/Third_Party/LoRaWAN/LmHandler -I../Middlewares/Third_Party/LoRaWAN/Utilities -I../Drivers/CMSIS/Include -O0 -ffunction-sections -fdata-sections -Wall -fstack-usage -MMD -MP -MF"Utilities/misc/stm32_tiny_sscanf.d" -MT"Utilities/misc/stm32_tiny_sscanf.o" --specs=nano.specs -mfloat-abi=soft -mthumb -o "Utilities/misc/stm32_tiny_sscanf.o"
arm-none-eabi-gcc "../Utilities/misc/stm32_tiny_vsnprintf.c" -mcpu=cortex-m4 -std=gnu11 -g3 -DDEBUG -DCORE_CM4 -DUSE_HAL_DRIVER -DSTM32WL55xx -c -I../Core/Inc -I../LoRaWAN/App -I../LoRaWAN/Target -I../Drivers/STM32WLxx_HAL_Driver/Inc -I../Drivers/STM32WLxx_HAL_Driver/Inc/Legacy -I../Utilities/trace/adv_trace -I../Utilities/misc -I../Utilities/sequencer -I../Utilities/timer -I../Utilities/lpm/tiny_lpm -I../Middlewares/Third_Party/LoRaWAN/LmHandler/Packages -I../Middlewares/Third_Party/SubGHz_Phy -I../Middlewares/Third_Party/SubGHz_Phy/stm32_radio_driver -I../Drivers/CMSIS/Device/ST/STM32WLxx/Include -I../Middlewares/Third_Party/LoRaWAN/Crypto -I../Middlewares/Third_Party/LoRaWAN/Mac/Region -I../Middlewares/Third_Party/LoRaWAN/Mac -I../Middlewares/Third_Party/LoRaWAN/LmHandler -I../Middlewares/Third_Party/LoRaWAN/Utilities -I../Drivers/CMSIS/Include -O0 -ffunction-sections -fdata-sections -Wall -fstack-usage -MMD -MP -MF"Utilities/misc/stm32_tiny_vsnprintf.d" -MT"Utilities/misc/stm32_tiny_vsnprintf.o" --specs=nano.specs -mfloat-abi=soft -mthumb -o "Utilities/misc/stm32_tiny_vsnprintf.o"
arm-none-eabi-gcc "../Utilities/lpm/tiny_lpm/stm32_lpm.c" -mcpu=cortex-m4 -std=gnu11 -g3 -DDEBUG -DCORE_CM4 -DUSE_HAL_DRIVER -DSTM32WL55xx -c -I../Core/Inc -I../LoRaWAN/App -I../LoRaWAN/Target -I../Drivers/STM32WLxx_HAL_Driver/Inc -I../Drivers/STM32WLxx_HAL_Driver/Inc/Legacy -I../Utilities/trace/adv_trace -I../Utilities/misc -I../Utilities/sequencer -I../Utilities/timer -I../Utilities/lpm/tiny_lpm -I../Middlewares/Third_Party/LoRaWAN/LmHandler/Packages -I../Middlewares/Third_Party/SubGHz_Phy -I../Middlewares/Third_Party/SubGHz_Phy/stm32_radio_driver -I../Drivers/CMSIS/Device/ST/STM32WLxx/Include -I../Middlewares/Third_Party/LoRaWAN/Crypto -I../Middlewares/Third_Party/LoRaWAN/Mac/Region -I../Middlewares/Third_Party/LoRaWAN/Mac -I../Middlewares/Third_Party/LoRaWAN/LmHandler -I../Middlewares/Third_Party/LoRaWAN/Utilities -I../Drivers/CMSIS/Include -O0 -ffunction-sections -fdata-sections -Wall -fstack-usage -MMD -MP -MF"Utilities/lpm/tiny_lpm/stm32_lpm.d" -MT"Utilities/lpm/tiny_lpm/stm32_lpm.o" --specs=nano.specs -mfloat-abi=soft -mthumb -o "Utilities/lpm/tiny_lpm/stm32_lpm.o"
arm-none-eabi-gcc "../Middlewares/Third_Party/SubGHz_Phy/stm32_radio_driver/radio.c" -mcpu=cortex-m4 -std=gnu11 -g3 -DDEBUG -DCORE_CM4 -DUSE_HAL_DRIVER -DSTM32WL55xx -c -I../Core/Inc -I../LoRaWAN/App -I../LoRaWAN/Target -I../Drivers/STM32WLxx_HAL_Driver/Inc -I../Drivers/STM32WLxx_HAL_Driver/Inc/Legacy -I../Utilities/trace/adv_trace -I../Utilities/misc -I../Utilities/sequencer -I../Utilities/timer -I../Utilities/lpm/tiny_lpm -I../Middlewares/Third_Party/LoRaWAN/LmHandler/Packages -I../Middlewares/Third_Party/SubGHz_Phy -I../Middlewares/Third_Party/SubGHz_Phy/stm32_radio_driver -I../Drivers/CMSIS/Device/ST/STM32WLxx/Include -I../Middlewares/Third_Party/LoRaWAN/Crypto -I../Middlewares/Third_Party/LoRaWAN/Mac/Region -I../Middlewares/Third_Party/LoRaWAN/Mac -I../Middlewares/Third_Party/LoRaWAN/LmHandler -I../Middlewares/Third_Party/LoRaWAN/Utilities -I../Drivers/CMSIS/Include -O0 -ffunction-sections -fdata-sections -Wall -fstack-usage -MMD -MP -MF"Middlewares/Third_Party/SubGHz_Phy/stm32_radio_driver/radio.d" -MT"Middlewares/Third_Party/SubGHz_Phy/stm32_radio_driver/radio.o" --specs=nano.specs -mfloat-abi=soft -mthumb -o "Middlewares/Third_Party/SubGHz_Phy/stm32_radio_driver/radio.o"
arm-none-eabi-gcc "../Middlewares/Third_Party/SubGHz_Phy/stm32_radio_driver/radio_driver.c" -mcpu=cortex-m4 -std=gnu11 -g3 -DDEBUG -DCORE_CM4 -DUSE_HAL_DRIVER -DSTM32WL55xx -c -I../Core/Inc -I../LoRaWAN/App -I../LoRaWAN/Target -I../Drivers/STM32WLxx_HAL_Driver/Inc -I../Drivers/STM32WLxx_HAL_Driver/Inc/Legacy -I../Utilities/trace/adv_trace -I../Utilities/misc -I../Utilities/sequencer -I../Utilities/timer -I../Utilities/lpm/tiny_lpm -I../Middlewares/Third_Party/LoRaWAN/LmHandler/Packages -I../Middlewares/Third_Party/SubGHz_Phy -I../Middlewares/Third_Party/SubGHz_Phy/stm32_radio_driver -I../Drivers/CMSIS/Device/ST/STM32WLxx/Include -I../Middlewares/Third_Party/LoRaWAN/Crypto -I../Middlewares/Third_Party/LoRaWAN/Mac/Region -I../Middlewares/Third_Party/LoRaWAN/Mac -I../Middlewares/Third_Party/LoRaWAN/LmHandler -I../Middlewares/Third_Party/LoRaWAN/Utilities -I../Drivers/CMSIS/Include -O0 -ffunction-sections -fdata-sections -Wall -fstack-usage -MMD -MP -MF"Middlewares/Third_Party/SubGHz_Phy/stm32_radio_driver/radio_driver.d" -MT"Middlewares/Third_Party/SubGHz_Phy/stm32_radio_driver/radio_driver.o" --specs=nano.specs -mfloat-abi=soft -mthumb -o "Middlewares/Third_Party/SubGHz_Phy/stm32_radio_driver/radio_driver.o"
arm-none-eabi-gcc "../Middlewares/Third_Party/LoRaWAN/Utilities/utilities.c" -mcpu=cortex-m4 -std=gnu11 -g3 -DDEBUG -DCORE_CM4 -DUSE_HAL_DRIVER -DSTM32WL55xx -c -I../Core/Inc -I../LoRaWAN/App -I../LoRaWAN/Target -I../Drivers/STM32WLxx_HAL_Driver/Inc -I../Drivers/STM32WLxx_HAL_Driver/Inc/Legacy -I../Utilities/trace/adv_trace -I../Utilities/misc -I../Utilities/sequencer -I../Utilities/timer -I../Utilities/lpm/tiny_lpm -I../Middlewares/Third_Party/LoRaWAN/LmHandler/Packages -I../Middlewares/Third_Party/SubGHz_Phy -I../Middlewares/Third_Party/SubGHz_Phy/stm32_radio_driver -I../Drivers/CMSIS/Device/ST/STM32WLxx/Include -I../Middlewares/Third_Party/LoRaWAN/Crypto -I../Middlewares/Third_Party/LoRaWAN/Mac/Region -I../Middlewares/Third_Party/LoRaWAN/Mac -I../Middlewares/Third_Party/LoRaWAN/LmHandler -I../Middlewares/Third_Party/LoRaWAN/Utilities -I../Drivers/CMSIS/Include -O0 -ffunction-sections -fdata-sections -Wall -fstack-usage -MMD -MP -MF"Middlewares/Third_Party/LoRaWAN/Utilities/utilities.d" -MT"Middlewares/Third_Party/LoRaWAN/Utilities/utilities.o" --specs=nano.specs -mfloat-abi=soft -mthumb -o "Middlewares/Third_Party/LoRaWAN/Utilities/utilities.o"
arm-none-eabi-gcc "../Middlewares/Third_Party/LoRaWAN/Mac/Region/Region.c" -mcpu=cortex-m4 -std=gnu11 -g3 -DDEBUG -DCORE_CM4 -DUSE_HAL_DRIVER -DSTM32WL55xx -c -I../Core/Inc -I../LoRaWAN/App -I../LoRaWAN/Target -I../Drivers/STM32WLxx_HAL_Driver/Inc -I../Drivers/STM32WLxx_HAL_Driver/Inc/Legacy -I../Utilities/trace/adv_trace -I../Utilities/misc -I../Utilities/sequencer -I../Utilities/timer -I../Utilities/lpm/tiny_lpm -I../Middlewares/Third_Party/LoRaWAN/LmHandler/Packages -I../Middlewares/Third_Party/SubGHz_Phy -I../Middlewares/Third_Party/SubGHz_Phy/stm32_radio_driver -I../Drivers/CMSIS/Device/ST/STM32WLxx/Include -I../Middlewares/Third_Party/LoRaWAN/Crypto -I../Middlewares/Third_Party/LoRaWAN/Mac/Region -I../Middlewares/Third_Party/LoRaWAN/Mac -I../Middlewares/Third_Party/LoRaWAN/LmHandler -I../Middlewares/Third_Party/LoRaWAN/Utilities -I../Drivers/CMSIS/Include -O0 -ffunction-sections -fdata-sections -Wall -fstack-usage -MMD -MP -MF"Middlewares/Third_Party/LoRaWAN/Mac/Region/Region.d" -MT"Middlewares/Third_Party/LoRaWAN/Mac/Region/Region.o" --specs=nano.specs -mfloat-abi=soft -mthumb -o "Middlewares/Third_Party/LoRaWAN/Mac/Region/Region.o"
arm-none-eabi-gcc "../Middlewares/Third_Party/LoRaWAN/Mac/Region/RegionAS923.c" -mcpu=cortex-m4 -std=gnu11 -g3 -DDEBUG -DCORE_CM4 -DUSE_HAL_DRIVER -DSTM32WL55xx -c -I../Core/Inc -I../LoRaWAN/App -I../LoRaWAN/Target -I../Drivers/STM32WLxx_HAL_Driver/Inc -I../Drivers/STM32WLxx_HAL_Driver/Inc/Legacy -I../Utilities/trace/adv_trace -I../Utilities/misc -I../Utilities/sequencer -I../Utilities/timer -I../Utilities/lpm/tiny_lpm -I../Middlewares/Third_Party/LoRaWAN/LmHandler/Packages -I../Middlewares/Third_Party/SubGHz_Phy -I../Middlewares/Third_Party/SubGHz_Phy/stm32_radio_driver -I../Drivers/CMSIS/Device/ST/STM32WLxx/Include -I../Middlewares/Third_Party/LoRaWAN/Crypto -I../Middlewares/Third_Party/LoRaWAN/Mac/Region -I../Middlewares/Third_Party/LoRaWAN/Mac -I../Middlewares/Third_Party/LoRaWAN/LmHandler -I../Middlewares/Third_Party/LoRaWAN/Utilities -I../Drivers/CMSIS/Include -O0 -ffunction-sections -fdata-sections -Wall -fstack-usage -MMD -MP -MF"Middlewares/Third_Party/LoRaWAN/Mac/Region/RegionAS923.d" -MT"Middlewares/Third_Party/LoRaWAN/Mac/Region/RegionAS923.o" --specs=nano.specs -mfloat-abi=soft -mthumb -o "Middlewares/Third_Party/LoRaWAN/Mac/Region/RegionAS923.o"
arm-none-eabi-gcc "../Middlewares/Third_Party/LoRaWAN/Mac/Region/RegionAU915.c" -mcpu=cortex-m4 -std=gnu11 -g3 -DDEBUG -DCORE_CM4 -DUSE_HAL_DRIVER -DSTM32WL55xx -c -I../Core/Inc -I../LoRaWAN/App -I../LoRaWAN/Target -I../Drivers/STM32WLxx_HAL_Driver/Inc -I../Drivers/STM32WLxx_HAL_Driver/Inc/Legacy -I../Utilities/trace/adv_trace -I../Utilities/misc -I../Utilities/sequencer -I../Utilities/timer -I../Utilities/lpm/tiny_lpm -I../Middlewares/Third_Party/LoRaWAN/LmHandler/Packages -I../Middlewares/Third_Party/SubGHz_Phy -I../Middlewares/Third_Party/SubGHz_Phy/stm32_radio_driver -I../Drivers/CMSIS/Device/ST/STM32WLxx/Include -I../Middlewares/Third_Party/LoRaWAN/Crypto -I../Middlewares/Third_Party/LoRaWAN/Mac/Region -I../Middlewares/Third_Party/LoRaWAN/Mac -I../Middlewares/Third_Party/LoRaWAN/LmHandler -I../Middlewares/Third_Party/LoRaWAN/Utilities -I../Drivers/CMSIS/Include -O0 -ffunction-sections -fdata-sections -Wall -fstack-usage -MMD -MP -MF"Middlewares/Third_Party/LoRaWAN/Mac/Region/RegionAU915.d" -MT"Middlewares/Third_Party/LoRaWAN/Mac/Region/RegionAU915.o" --specs=nano.specs -mfloat-abi=soft -mthumb -o "Middlewares/Third_Party/LoRaWAN/Mac/Region/RegionAU915.o"
arm-none-eabi-gcc "../Middlewares/Third_Party/LoRaWAN/Mac/Region/RegionCN470.c" -mcpu=cortex-m4 -std=gnu11 -g3 -DDEBUG -DCORE_CM4 -DUSE_HAL_DRIVER -DSTM32WL55xx -c -I../Core/Inc -I../LoRaWAN/App -I../LoRaWAN/Target -I../Drivers/STM32WLxx_HAL_Driver/Inc -I../Drivers/STM32WLxx_HAL_Driver/Inc/Legacy -I../Utilities/trace/adv_trace -I../Utilities/misc -I../Utilities/sequencer -I../Utilities/timer -I../Utilities/lpm/tiny_lpm -I../Middlewares/Third_Party/LoRaWAN/LmHandler/Packages -I../Middlewares/Third_Party/SubGHz_Phy -I../Middlewares/Third_Party/SubGHz_Phy/stm32_radio_driver -I../Drivers/CMSIS/Device/ST/STM32WLxx/Include -I../Middlewares/Third_Party/LoRaWAN/Crypto -I../Middlewares/Third_Party/LoRaWAN/Mac/Region -I../Middlewares/Third_Party/LoRaWAN/Mac -I../Middlewares/Third_Party/LoRaWAN/LmHandler -I../Middlewares/Third_Party/LoRaWAN/Utilities -I../Drivers/CMSIS/Include -O0 -ffunction-sections -fdata-sections -Wall -fstack-usage -MMD -MP -MF"Middlewares/Third_Party/LoRaWAN/Mac/Region/RegionCN470.d" -MT"Middlewares/Third_Party/LoRaWAN/Mac/Region/RegionCN470.o" --specs=nano.specs -mfloat-abi=soft -mthumb -o "Middlewares/Third_Party/LoRaWAN/Mac/Region/RegionCN470.o"
arm-none-eabi-gcc "../Middlewares/Third_Party/LoRaWAN/Mac/Region/RegionCN779.c" -mcpu=cortex-m4 -std=gnu11 -g3 -DDEBUG -DCORE_CM4 -DUSE_HAL_DRIVER -DSTM32WL55xx -c -I../Core/Inc -I../LoRaWAN/App -I../LoRaWAN/Target -I../Drivers/STM32WLxx_HAL_Driver/Inc -I../Drivers/STM32WLxx_HAL_Driver/Inc/Legacy -I../Utilities/trace/adv_trace -I../Utilities/misc -I../Utilities/sequencer -I../Utilities/timer -I../Utilities/lpm/tiny_lpm -I../Middlewares/Third_Party/LoRaWAN/LmHandler/Packages -I../Middlewares/Third_Party/SubGHz_Phy -I../Middlewares/Third_Party/SubGHz_Phy/stm32_radio_driver -I../Drivers/CMSIS/Device/ST/STM32WLxx/Include -I../Middlewares/Third_Party/LoRaWAN/Crypto -I../Middlewares/Third_Party/LoRaWAN/Mac/Region -I../Middlewares/Third_Party/LoRaWAN/Mac -I../Middlewares/Third_Party/LoRaWAN/LmHandler -I../Middlewares/Third_Party/LoRaWAN/Utilities -I../Drivers/CMSIS/Include -O0 -ffunction-sections -fdata-sections -Wall -fstack-usage -MMD -MP -MF"Middlewares/Third_Party/LoRaWAN/Mac/Region/RegionCN779.d" -MT"Middlewares/Third_Party/LoRaWAN/Mac/Region/RegionCN779.o" --specs=nano.specs -mfloat-abi=soft -mthumb -o "Middlewares/Third_Party/LoRaWAN/Mac/Region/RegionCN779.o"
arm-none-eabi-gcc "../Middlewares/Third_Party/LoRaWAN/Mac/Region/RegionCommon.c" -mcpu=cortex-m4 -std=gnu11 -g3 -DDEBUG -DCORE_CM4 -DUSE_HAL_DRIVER -DSTM32WL55xx -c -I../Core/Inc -I../LoRaWAN/App -I../LoRaWAN/Target -I../Drivers/STM32WLxx_HAL_Driver/Inc -I../Drivers/STM32WLxx_HAL_Driver/Inc/Legacy -I../Utilities/trace/adv_trace -I../Utilities/misc -I../Utilities/sequencer -I../Utilities/timer -I../Utilities/lpm/tiny_lpm -I../Middlewares/Third_Party/LoRaWAN/LmHandler/Packages -I../Middlewares/Third_Party/SubGHz_Phy -I../Middlewares/Third_Party/SubGHz_Phy/stm32_radio_driver -I../Drivers/CMSIS/Device/ST/STM32WLxx/Include -I../Middlewares/Third_Party/LoRaWAN/Crypto -I../Middlewares/Third_Party/LoRaWAN/Mac/Region -I../Middlewares/Third_Party/LoRaWAN/Mac -I../Middlewares/Third_Party/LoRaWAN/LmHandler -I../Middlewares/Third_Party/LoRaWAN/Utilities -I../Drivers/CMSIS/Include -O0 -ffunction-sections -fdata-sections -Wall -fstack-usage -MMD -MP -MF"Middlewares/Third_Party/LoRaWAN/Mac/Region/RegionCommon.d" -MT"Middlewares/Third_Party/LoRaWAN/Mac/Region/RegionCommon.o" --specs=nano.specs -mfloat-abi=soft -mthumb -o "Middlewares/Third_Party/LoRaWAN/Mac/Region/RegionCommon.o"
arm-none-eabi-gcc "../Middlewares/Third_Party/LoRaWAN/Mac/Region/RegionEU433.c" -mcpu=cortex-m4 -std=gnu11 -g3 -DDEBUG -DCORE_CM4 -DUSE_HAL_DRIVER -DSTM32WL55xx -c -I../Core/Inc -I../LoRaWAN/App -I../LoRaWAN/Target -I../Drivers/STM32WLxx_HAL_Driver/Inc -I../Drivers/STM32WLxx_HAL_Driver/Inc/Legacy -I../Utilities/trace/adv_trace -I../Utilities/misc -I../Utilities/sequencer -I../Utilities/timer -I../Utilities/lpm/tiny_lpm -I../Middlewares/Third_Party/LoRaWAN/LmHandler/Packages -I../Middlewares/Third_Party/SubGHz_Phy -I../Middlewares/Third_Party/SubGHz_Phy/stm32_radio_driver -I../Drivers/CMSIS/Device/ST/STM32WLxx/Include -I../Middlewares/Third_Party/LoRaWAN/Crypto -I../Middlewares/Third_Party/LoRaWAN/Mac/Region -I../Middlewares/Third_Party/LoRaWAN/Mac -I../Middlewares/Third_Party/LoRaWAN/LmHandler -I../Middlewares/Third_Party/LoRaWAN/Utilities -I../Drivers/CMSIS/Include -O0 -ffunction-sections -fdata-sections -Wall -fstack-usage -MMD -MP -MF"Middlewares/Third_Party/LoRaWAN/Mac/Region/RegionEU433.d" -MT"Middlewares/Third_Party/LoRaWAN/Mac/Region/RegionEU433.o" --specs=nano.specs -mfloat-abi=soft -mthumb -o "Middlewares/Third_Party/LoRaWAN/Mac/Region/RegionEU433.o"
arm-none-eabi-gcc "../Middlewares/Third_Party/LoRaWAN/Mac/Region/RegionEU868.c" -mcpu=cortex-m4 -std=gnu11 -g3 -DDEBUG -DCORE_CM4 -DUSE_HAL_DRIVER -DSTM32WL55xx -c -I../Core/Inc -I../LoRaWAN/App -I../LoRaWAN/Target -I../Drivers/STM32WLxx_HAL_Driver/Inc -I../Drivers/STM32WLxx_HAL_Driver/Inc/Legacy -I../Utilities/trace/adv_trace -I../Utilities/misc -I../Utilities/sequencer -I../Utilities/timer -I../Utilities/lpm/tiny_lpm -I../Middlewares/Third_Party/LoRaWAN/LmHandler/Packages -I../Middlewares/Third_Party/SubGHz_Phy -I../Middlewares/Third_Party/SubGHz_Phy/stm32_radio_driver -I../Drivers/CMSIS/Device/ST/STM32WLxx/Include -I../Middlewares/Third_Party/LoRaWAN/Crypto -I../Middlewares/Third_Party/LoRaWAN/Mac/Region -I../Middlewares/Third_Party/LoRaWAN/Mac -I../Middlewares/Third_Party/LoRaWAN/LmHandler -I../Middlewares/Third_Party/LoRaWAN/Utilities -I../Drivers/CMSIS/Include -O0 -ffunction-sections -fdata-sections -Wall -fstack-usage -MMD -MP -MF"Middlewares/Third_Party/LoRaWAN/Mac/Region/RegionEU868.d" -MT"Middlewares/Third_Party/LoRaWAN/Mac/Region/RegionEU868.o" --specs=nano.specs -mfloat-abi=soft -mthumb -o "Middlewares/Third_Party/LoRaWAN/Mac/Region/RegionEU868.o"
arm-none-eabi-gcc "../Middlewares/Third_Party/LoRaWAN/Mac/Region/RegionIN865.c" -mcpu=cortex-m4 -std=gnu11 -g3 -DDEBUG -DCORE_CM4 -DUSE_HAL_DRIVER -DSTM32WL55xx -c -I../Core/Inc -I../LoRaWAN/App -I../LoRaWAN/Target -I../Drivers/STM32WLxx_HAL_Driver/Inc -I../Drivers/STM32WLxx_HAL_Driver/Inc/Legacy -I../Utilities/trace/adv_trace -I../Utilities/misc -I../Utilities/sequencer -I../Utilities/timer -I../Utilities/lpm/tiny_lpm -I../Middlewares/Third_Party/LoRaWAN/LmHandler/Packages -I../Middlewares/Third_Party/SubGHz_Phy -I../Middlewares/Third_Party/SubGHz_Phy/stm32_radio_driver -I../Drivers/CMSIS/Device/ST/STM32WLxx/Include -I../Middlewares/Third_Party/LoRaWAN/Crypto -I../Middlewares/Third_Party/LoRaWAN/Mac/Region -I../Middlewares/Third_Party/LoRaWAN/Mac -I../Middlewares/Third_Party/LoRaWAN/LmHandler -I../Middlewares/Third_Party/LoRaWAN/Utilities -I../Drivers/CMSIS/Include -O0 -ffunction-sections -fdata-sections -Wall -fstack-usage -MMD -MP -MF"Middlewares/Third_Party/LoRaWAN/Mac/Region/RegionIN865.d" -MT"Middlewares/Third_Party/LoRaWAN/Mac/Region/RegionIN865.o" --specs=nano.specs -mfloat-abi=soft -mthumb -o "Middlewares/Third_Party/LoRaWAN/Mac/Region/RegionIN865.o"
arm-none-eabi-gcc "../Middlewares/Third_Party/LoRaWAN/Mac/Region/RegionKR920.c" -mcpu=cortex-m4 -std=gnu11 -g3 -DDEBUG -DCORE_CM4 -DUSE_HAL_DRIVER -DSTM32WL55xx -c -I../Core/Inc -I../LoRaWAN/App -I../LoRaWAN/Target -I../Drivers/STM32WLxx_HAL_Driver/Inc -I../Drivers/STM32WLxx_HAL_Driver/Inc/Legacy -I../Utilities/trace/adv_trace -I../Utilities/misc -I../Utilities/sequencer -I../Utilities/timer -I../Utilities/lpm/tiny_lpm -I../Middlewares/Third_Party/LoRaWAN/LmHandler/Packages -I../Middlewares/Third_Party/SubGHz_Phy -I../Middlewares/Third_Party/SubGHz_Phy/stm32_radio_driver -I../Drivers/CMSIS/Device/ST/STM32WLxx/Include -I../Middlewares/Third_Party/LoRaWAN/Crypto -I../Middlewares/Third_Party/LoRaWAN/Mac/Region -I../Middlewares/Third_Party/LoRaWAN/Mac -I../Middlewares/Third_Party/LoRaWAN/LmHandler -I../Middlewares/Third_Party/LoRaWAN/Utilities -I../Drivers/CMSIS/Include -O0 -ffunction-sections -fdata-sections -Wall -fstack-usage -MMD -MP -MF"Middlewares/Third_Party/LoRaWAN/Mac/Region/RegionKR920.d" -MT"Middlewares/Third_Party/LoRaWAN/Mac/Region/RegionKR920.o" --specs=nano.specs -mfloat-abi=soft -mthumb -o "Middlewares/Third_Party/LoRaWAN/Mac/Region/RegionKR920.o"
arm-none-eabi-gcc "../Middlewares/Third_Party/LoRaWAN/Mac/Region/RegionRU864.c" -mcpu=cortex-m4 -std=gnu11 -g3 -DDEBUG -DCORE_CM4 -DUSE_HAL_DRIVER -DSTM32WL55xx -c -I../Core/Inc -I../LoRaWAN/App -I../LoRaWAN/Target -I../Drivers/STM32WLxx_HAL_Driver/Inc -I../Drivers/STM32WLxx_HAL_Driver/Inc/Legacy -I../Utilities/trace/adv_trace -I../Utilities/misc -I../Utilities/sequencer -I../Utilities/timer -I../Utilities/lpm/tiny_lpm -I../Middlewares/Third_Party/LoRaWAN/LmHandler/Packages -I../Middlewares/Third_Party/SubGHz_Phy -I../Middlewares/Third_Party/SubGHz_Phy/stm32_radio_driver -I../Drivers/CMSIS/Device/ST/STM32WLxx/Include -I../Middlewares/Third_Party/LoRaWAN/Crypto -I../Middlewares/Third_Party/LoRaWAN/Mac/Region -I../Middlewares/Third_Party/LoRaWAN/Mac -I../Middlewares/Third_Party/LoRaWAN/LmHandler -I../Middlewares/Third_Party/LoRaWAN/Utilities -I../Drivers/CMSIS/Include -O0 -ffunction-sections -fdata-sections -Wall -fstack-usage -MMD -MP -MF"Middlewares/Third_Party/LoRaWAN/Mac/Region/RegionRU864.d" -MT"Middlewares/Third_Party/LoRaWAN/Mac/Region/RegionRU864.o" --specs=nano.specs -mfloat-abi=soft -mthumb -o "Middlewares/Third_Party/LoRaWAN/Mac/Region/RegionRU864.o"
arm-none-eabi-gcc "../Middlewares/Third_Party/LoRaWAN/Mac/Region/RegionUS915.c" -mcpu=cortex-m4 -std=gnu11 -g3 -DDEBUG -DCORE_CM4 -DUSE_HAL_DRIVER -DSTM32WL55xx -c -I../Core/Inc -I../LoRaWAN/App -I../LoRaWAN/Target -I../Drivers/STM32WLxx_HAL_Driver/Inc -I../Drivers/STM32WLxx_HAL_Driver/Inc/Legacy -I../Utilities/trace/adv_trace -I../Utilities/misc -I../Utilities/sequencer -I../Utilities/timer -I../Utilities/lpm/tiny_lpm -I../Middlewares/Third_Party/LoRaWAN/LmHandler/Packages -I../Middlewares/Third_Party/SubGHz_Phy -I../Middlewares/Third_Party/SubGHz_Phy/stm32_radio_driver -I../Drivers/CMSIS/Device/ST/STM32WLxx/Include -I../Middlewares/Third_Party/LoRaWAN/Crypto -I../Middlewares/Third_Party/LoRaWAN/Mac/Region -I../Middlewares/Third_Party/LoRaWAN/Mac -I../Middlewares/Third_Party/LoRaWAN/LmHandler -I../Middlewares/Third_Party/LoRaWAN/Utilities -I../Drivers/CMSIS/Include -O0 -ffunction-sections -fdata-sections -Wall -fstack-usage -MMD -MP -MF"Middlewares/Third_Party/LoRaWAN/Mac/Region/RegionUS915.d" -MT"Middlewares/Third_Party/LoRaWAN/Mac/Region/RegionUS915.o" --specs=nano.specs -mfloat-abi=soft -mthumb -o "Middlewares/Third_Party/LoRaWAN/Mac/Region/RegionUS915.o"
arm-none-eabi-gcc "../Middlewares/Third_Party/LoRaWAN/Mac/LoRaMac.c" -mcpu=cortex-m4 -std=gnu11 -g3 -DDEBUG -DCORE_CM4 -DUSE_HAL_DRIVER -DSTM32WL55xx -c -I../Core/Inc -I../LoRaWAN/App -I../LoRaWAN/Target -I../Drivers/STM32WLxx_HAL_Driver/Inc -I../Drivers/STM32WLxx_HAL_Driver/Inc/Legacy -I../Utilities/trace/adv_trace -I../Utilities/misc -I../Utilities/sequencer -I../Utilities/timer -I../Utilities/lpm/tiny_lpm -I../Middlewares/Third_Party/LoRaWAN/LmHandler/Packages -I../Middlewares/Third_Party/SubGHz_Phy -I../Middlewares/Third_Party/SubGHz_Phy/stm32_radio_driver -I../Drivers/CMSIS/Device/ST/STM32WLxx/Include -I../Middlewares/Third_Party/LoRaWAN/Crypto -I../Middlewares/Third_Party/LoRaWAN/Mac/Region -I../Middlewares/Third_Party/LoRaWAN/Mac -I../Middlewares/Third_Party/LoRaWAN/LmHandler -I../Middlewares/Third_Party/LoRaWAN/Utilities -I../Drivers/CMSIS/Include -O0 -ffunction-sections -fdata-sections -Wall -fstack-usage -MMD -MP -MF"Middlewares/Third_Party/LoRaWAN/Mac/LoRaMac.d" -MT"Middlewares/Third_Party/LoRaWAN/Mac/LoRaMac.o" --specs=nano.specs -mfloat-abi=soft -mthumb -o "Middlewares/Third_Party/LoRaWAN/Mac/LoRaMac.o"
arm-none-eabi-gcc "../Middlewares/Third_Party/LoRaWAN/Mac/LoRaMacAdr.c" -mcpu=cortex-m4 -std=gnu11 -g3 -DDEBUG -DCORE_CM4 -DUSE_HAL_DRIVER -DSTM32WL55xx -c -I../Core/Inc -I../LoRaWAN/App -I../LoRaWAN/Target -I../Drivers/STM32WLxx_HAL_Driver/Inc -I../Drivers/STM32WLxx_HAL_Driver/Inc/Legacy -I../Utilities/trace/adv_trace -I../Utilities/misc -I../Utilities/sequencer -I../Utilities/timer -I../Utilities/lpm/tiny_lpm -I../Middlewares/Third_Party/LoRaWAN/LmHandler/Packages -I../Middlewares/Third_Party/SubGHz_Phy -I../Middlewares/Third_Party/SubGHz_Phy/stm32_radio_driver -I../Drivers/CMSIS/Device/ST/STM32WLxx/Include -I../Middlewares/Third_Party/LoRaWAN/Crypto -I../Middlewares/Third_Party/LoRaWAN/Mac/Region -I../Middlewares/Third_Party/LoRaWAN/Mac -I../Middlewares/Third_Party/LoRaWAN/LmHandler -I../Middlewares/Third_Party/LoRaWAN/Utilities -I../Drivers/CMSIS/Include -O0 -ffunction-sections -fdata-sections -Wall -fstack-usage -MMD -MP -MF"Middlewares/Third_Party/LoRaWAN/Mac/LoRaMacAdr.d" -MT"Middlewares/Third_Party/LoRaWAN/Mac/LoRaMacAdr.o" --specs=nano.specs -mfloat-abi=soft -mthumb -o "Middlewares/Third_Party/LoRaWAN/Mac/LoRaMacAdr.o"
arm-none-eabi-gcc "../Middlewares/Third_Party/LoRaWAN/Mac/LoRaMacClassB.c" -mcpu=cortex-m4 -std=gnu11 -g3 -DDEBUG -DCORE_CM4 -DUSE_HAL_DRIVER -DSTM32WL55xx -c -I../Core/Inc -I../LoRaWAN/App -I../LoRaWAN/Target -I../Drivers/STM32WLxx_HAL_Driver/Inc -I../Drivers/STM32WLxx_HAL_Driver/Inc/Legacy -I../Utilities/trace/adv_trace -I../Utilities/misc -I../Utilities/sequencer -I../Utilities/timer -I../Utilities/lpm/tiny_lpm -I../Middlewares/Third_Party/LoRaWAN/LmHandler/Packages -I../Middlewares/Third_Party/SubGHz_Phy -I../Middlewares/Third_Party/SubGHz_Phy/stm32_radio_driver -I../Drivers/CMSIS/Device/ST/STM32WLxx/Include -I../Middlewares/Third_Party/LoRaWAN/Crypto -I../Middlewares/Third_Party/LoRaWAN/Mac/Region -I../Middlewares/Third_Party/LoRaWAN/Mac -I../Middlewares/Third_Party/LoRaWAN/LmHandler -I../Middlewares/Third_Party/LoRaWAN/Utilities -I../Drivers/CMSIS/Include -O0 -ffunction-sections -fdata-sections -Wall -fstack-usage -MMD -MP -MF"Middlewares/Third_Party/LoRaWAN/Mac/LoRaMacClassB.d" -MT"Middlewares/Third_Party/LoRaWAN/Mac/LoRaMacClassB.o" --specs=nano.specs -mfloat-abi=soft -mthumb -o "Middlewares/Third_Party/LoRaWAN/Mac/LoRaMacClassB.o"
arm-none-eabi-gcc "../Middlewares/Third_Party/LoRaWAN/Mac/LoRaMacCommands.c" -mcpu=cortex-m4 -std=gnu11 -g3 -DDEBUG -DCORE_CM4 -DUSE_HAL_DRIVER -DSTM32WL55xx -c -I../Core/Inc -I../LoRaWAN/App -I../LoRaWAN/Target -I../Drivers/STM32WLxx_HAL_Driver/Inc -I../Drivers/STM32WLxx_HAL_Driver/Inc/Legacy -I../Utilities/trace/adv_trace -I../Utilities/misc -I../Utilities/sequencer -I../Utilities/timer -I../Utilities/lpm/tiny_lpm -I../Middlewares/Third_Party/LoRaWAN/LmHandler/Packages -I../Middlewares/Third_Party/SubGHz_Phy -I../Middlewares/Third_Party/SubGHz_Phy/stm32_radio_driver -I../Drivers/CMSIS/Device/ST/STM32WLxx/Include -I../Middlewares/Third_Party/LoRaWAN/Crypto -I../Middlewares/Third_Party/LoRaWAN/Mac/Region -I../Middlewares/Third_Party/LoRaWAN/Mac -I../Middlewares/Third_Party/LoRaWAN/LmHandler -I../Middlewares/Third_Party/LoRaWAN/Utilities -I../Drivers/CMSIS/Include -O0 -ffunction-sections -fdata-sections -Wall -fstack-usage -MMD -MP -MF"Middlewares/Third_Party/LoRaWAN/Mac/LoRaMacCommands.d" -MT"Middlewares/Third_Party/LoRaWAN/Mac/LoRaMacCommands.o" --specs=nano.specs -mfloat-abi=soft -mthumb -o "Middlewares/Third_Party/LoRaWAN/Mac/LoRaMacCommands.o"
arm-none-eabi-gcc "../Middlewares/Third_Party/LoRaWAN/Mac/LoRaMacConfirmQueue.c" -mcpu=cortex-m4 -std=gnu11 -g3 -DDEBUG -DCORE_CM4 -DUSE_HAL_DRIVER -DSTM32WL55xx -c -I../Core/Inc -I../LoRaWAN/App -I../LoRaWAN/Target -I../Drivers/STM32WLxx_HAL_Driver/Inc -I../Drivers/STM32WLxx_HAL_Driver/Inc/Legacy -I../Utilities/trace/adv_trace -I../Utilities/misc -I../Utilities/sequencer -I../Utilities/timer -I../Utilities/lpm/tiny_lpm -I../Middlewares/Third_Party/LoRaWAN/LmHandler/Packages -I../Middlewares/Third_Party/SubGHz_Phy -I../Middlewares/Third_Party/SubGHz_Phy/stm32_radio_driver -I../Drivers/CMSIS/Device/ST/STM32WLxx/Include -I../Middlewares/Third_Party/LoRaWAN/Crypto -I../Middlewares/Third_Party/LoRaWAN/Mac/Region -I../Middlewares/Third_Party/LoRaWAN/Mac -I../Middlewares/Third_Party/LoRaWAN/LmHandler -I../Middlewares/Third_Party/LoRaWAN/Utilities -I../Drivers/CMSIS/Include -O0 -ffunction-sections -fdata-sections -Wall -fstack-usage -MMD -MP -MF"Middlewares/Third_Party/LoRaWAN/Mac/LoRaMacConfirmQueue.d" -MT"Middlewares/Third_Party/LoRaWAN/Mac/LoRaMacConfirmQueue.o" --specs=nano.specs -mfloat-abi=soft -mthumb -o "Middlewares/Third_Party/LoRaWAN/Mac/LoRaMacConfirmQueue.o"
arm-none-eabi-gcc "../Middlewares/Third_Party/LoRaWAN/Mac/LoRaMacCrypto.c" -mcpu=cortex-m4 -std=gnu11 -g3 -DDEBUG -DCORE_CM4 -DUSE_HAL_DRIVER -DSTM32WL55xx -c -I../Core/Inc -I../LoRaWAN/App -I../LoRaWAN/Target -I../Drivers/STM32WLxx_HAL_Driver/Inc -I../Drivers/STM32WLxx_HAL_Driver/Inc/Legacy -I../Utilities/trace/adv_trace -I../Utilities/misc -I../Utilities/sequencer -I../Utilities/timer -I../Utilities/lpm/tiny_lpm -I../Middlewares/Third_Party/LoRaWAN/LmHandler/Packages -I../Middlewares/Third_Party/SubGHz_Phy -I../Middlewares/Third_Party/SubGHz_Phy/stm32_radio_driver -I../Drivers/CMSIS/Device/ST/STM32WLxx/Include -I../Middlewares/Third_Party/LoRaWAN/Crypto -I../Middlewares/Third_Party/LoRaWAN/Mac/Region -I../Middlewares/Third_Party/LoRaWAN/Mac -I../Middlewares/Third_Party/LoRaWAN/LmHandler -I../Middlewares/Third_Party/LoRaWAN/Utilities -I../Drivers/CMSIS/Include -O0 -ffunction-sections -fdata-sections -Wall -fstack-usage -MMD -MP -MF"Middlewares/Third_Party/LoRaWAN/Mac/LoRaMacCrypto.d" -MT"Middlewares/Third_Party/LoRaWAN/Mac/LoRaMacCrypto.o" --specs=nano.specs -mfloat-abi=soft -mthumb -o "Middlewares/Third_Party/LoRaWAN/Mac/LoRaMacCrypto.o"
arm-none-eabi-gcc "../Middlewares/Third_Party/LoRaWAN/Mac/LoRaMacParser.c" -mcpu=cortex-m4 -std=gnu11 -g3 -DDEBUG -DCORE_CM4 -DUSE_HAL_DRIVER -DSTM32WL55xx -c -I../Core/Inc -I../LoRaWAN/App -I../LoRaWAN/Target -I../Drivers/STM32WLxx_HAL_Driver/Inc -I../Drivers/STM32WLxx_HAL_Driver/Inc/Legacy -I../Utilities/trace/adv_trace -I../Utilities/misc -I../Utilities/sequencer -I../Utilities/timer -I../Utilities/lpm/tiny_lpm -I../Middlewares/Third_Party/LoRaWAN/LmHandler/Packages -I../Middlewares/Third_Party/SubGHz_Phy -I../Middlewares/Third_Party/SubGHz_Phy/stm32_radio_driver -I../Drivers/CMSIS/Device/ST/STM32WLxx/Include -I../Middlewares/Third_Party/LoRaWAN/Crypto -I../Middlewares/Third_Party/LoRaWAN/Mac/Region -I../Middlewares/Third_Party/LoRaWAN/Mac -I../Middlewares/Third_Party/LoRaWAN/LmHandler -I../Middlewares/Third_Party/LoRaWAN/Utilities -I../Drivers/CMSIS/Include -O0 -ffunction-sections -fdata-sections -Wall -fstack-usage -MMD -MP -MF"Middlewares/Third_Party/LoRaWAN/Mac/LoRaMacParser.d" -MT"Middlewares/Third_Party/LoRaWAN/Mac/LoRaMacParser.o" --specs=nano.specs -mfloat-abi=soft -mthumb -o "Middlewares/Third_Party/LoRaWAN/Mac/LoRaMacParser.o"
arm-none-eabi-gcc "../Middlewares/Third_Party/LoRaWAN/Mac/LoRaMacSerializer.c" -mcpu=cortex-m4 -std=gnu11 -g3 -DDEBUG -DCORE_CM4 -DUSE_HAL_DRIVER -DSTM32WL55xx -c -I../Core/Inc -I../LoRaWAN/App -I../LoRaWAN/Target -I../Drivers/STM32WLxx_HAL_Driver/Inc -I../Drivers/STM32WLxx_HAL_Driver/Inc/Legacy -I../Utilities/trace/adv_trace -I../Utilities/misc -I../Utilities/sequencer -I../Utilities/timer -I../Utilities/lpm/tiny_lpm -I../Middlewares/Third_Party/LoRaWAN/LmHandler/Packages -I../Middlewares/Third_Party/SubGHz_Phy -I../Middlewares/Third_Party/SubGHz_Phy/stm32_radio_driver -I../Drivers/CMSIS/Device/ST/STM32WLxx/Include -I../Middlewares/Third_Party/LoRaWAN/Crypto -I../Middlewares/Third_Party/LoRaWAN/Mac/Region -I../Middlewares/Third_Party/LoRaWAN/Mac -I../Middlewares/Third_Party/LoRaWAN/LmHandler -I../Middlewares/Third_Party/LoRaWAN/Utilities -I../Drivers/CMSIS/Include -O0 -ffunction-sections -fdata-sections -Wall -fstack-usage -MMD -MP -MF"Middlewares/Third_Party/LoRaWAN/Mac/LoRaMacSerializer.d" -MT"Middlewares/Third_Party/LoRaWAN/Mac/LoRaMacSerializer.o" --specs=nano.specs -mfloat-abi=soft -mthumb -o "Middlewares/Third_Party/LoRaWAN/Mac/LoRaMacSerializer.o"
arm-none-eabi-gcc "../Middlewares/Third_Party/LoRaWAN/LmHandler/Packages/LmhpCompliance.c" -mcpu=cortex-m4 -std=gnu11 -g3 -DDEBUG -DCORE_CM4 -DUSE_HAL_DRIVER -DSTM32WL55xx -c -I../Core/Inc -I../LoRaWAN/App -I../LoRaWAN/Target -I../Drivers/STM32WLxx_HAL_Driver/Inc -I../Drivers/STM32WLxx_HAL_Driver/Inc/Legacy -I../Utilities/trace/adv_trace -I../Utilities/misc -I../Utilities/sequencer -I../Utilities/timer -I../Utilities/lpm/tiny_lpm -I../Middlewares/Third_Party/LoRaWAN/LmHandler/Packages -I../Middlewares/Third_Party/SubGHz_Phy -I../Middlewares/Third_Party/SubGHz_Phy/stm32_radio_driver -I../Drivers/CMSIS/Device/ST/STM32WLxx/Include -I../Middlewares/Third_Party/LoRaWAN/Crypto -I../Middlewares/Third_Party/LoRaWAN/Mac/Region -I../Middlewares/Third_Party/LoRaWAN/Mac -I../Middlewares/Third_Party/LoRaWAN/LmHandler -I../Middlewares/Third_Party/LoRaWAN/Utilities -I../Drivers/CMSIS/Include -O0 -ffunction-sections -fdata-sections -Wall -fstack-usage -MMD -MP -MF"Middlewares/Third_Party/LoRaWAN/LmHandler/Packages/LmhpCompliance.d" -MT"Middlewares/Third_Party/LoRaWAN/LmHandler/Packages/LmhpCompliance.o" --specs=nano.specs -mfloat-abi=soft -mthumb -o "Middlewares/Third_Party/LoRaWAN/LmHandler/Packages/LmhpCompliance.o"
arm-none-eabi-gcc "../Middlewares/Third_Party/LoRaWAN/LmHandler/LmHandler.c" -mcpu=cortex-m4 -std=gnu11 -g3 -DDEBUG -DCORE_CM4 -DUSE_HAL_DRIVER -DSTM32WL55xx -c -I../Core/Inc -I../LoRaWAN/App -I../LoRaWAN/Target -I../Drivers/STM32WLxx_HAL_Driver/Inc -I../Drivers/STM32WLxx_HAL_Driver/Inc/Legacy -I../Utilities/trace/adv_trace -I../Utilities/misc -I../Utilities/sequencer -I../Utilities/timer -I../Utilities/lpm/tiny_lpm -I../Middlewares/Third_Party/LoRaWAN/LmHandler/Packages -I../Middlewares/Third_Party/SubGHz_Phy -I../Middlewares/Third_Party/SubGHz_Phy/stm32_radio_driver -I../Drivers/CMSIS/Device/ST/STM32WLxx/Include -I../Middlewares/Third_Party/LoRaWAN/Crypto -I../Middlewares/Third_Party/LoRaWAN/Mac/Region -I../Middlewares/Third_Party/LoRaWAN/Mac -I../Middlewares/Third_Party/LoRaWAN/LmHandler -I../Middlewares/Third_Party/LoRaWAN/Utilities -I../Drivers/CMSIS/Include -O0 -ffunction-sections -fdata-sections -Wall -fstack-usage -MMD -MP -MF"Middlewares/Third_Party/LoRaWAN/LmHandler/LmHandler.d" -MT"Middlewares/Third_Party/LoRaWAN/LmHandler/LmHandler.o" --specs=nano.specs -mfloat-abi=soft -mthumb -o "Middlewares/Third_Party/LoRaWAN/LmHandler/LmHandler.o"
arm-none-eabi-gcc "../Middlewares/Third_Party/LoRaWAN/LmHandler/NvmCtxMgmt.c" -mcpu=cortex-m4 -std=gnu11 -g3 -DDEBUG -DCORE_CM4 -DUSE_HAL_DRIVER -DSTM32WL55xx -c -I../Core/Inc -I../LoRaWAN/App -I../LoRaWAN/Target -I../Drivers/STM32WLxx_HAL_Driver/Inc -I../Drivers/STM32WLxx_HAL_Driver/Inc/Legacy -I../Utilities/trace/adv_trace -I../Utilities/misc -I../Utilities/sequencer -I../Utilities/timer -I../Utilities/lpm/tiny_lpm -I../Middlewares/Third_Party/LoRaWAN/LmHandler/Packages -I../Middlewares/Third_Party/SubGHz_Phy -I../Middlewares/Third_Party/SubGHz_Phy/stm32_radio_driver -I../Drivers/CMSIS/Device/ST/STM32WLxx/Include -I../Middlewares/Third_Party/LoRaWAN/Crypto -I../Middlewares/Third_Party/LoRaWAN/Mac/Region -I../Middlewares/Third_Party/LoRaWAN/Mac -I../Middlewares/Third_Party/LoRaWAN/LmHandler -I../Middlewares/Third_Party/LoRaWAN/Utilities -I../Drivers/CMSIS/Include -O0 -ffunction-sections -fdata-sections -Wall -fstack-usage -MMD -MP -MF"Middlewares/Third_Party/LoRaWAN/LmHandler/NvmCtxMgmt.d" -MT"Middlewares/Third_Party/LoRaWAN/LmHandler/NvmCtxMgmt.o" --specs=nano.specs -mfloat-abi=soft -mthumb -o "Middlewares/Third_Party/LoRaWAN/LmHandler/NvmCtxMgmt.o"
arm-none-eabi-gcc "../Middlewares/Third_Party/LoRaWAN/Crypto/cmac.c" -mcpu=cortex-m4 -std=gnu11 -g3 -DDEBUG -DCORE_CM4 -DUSE_HAL_DRIVER -DSTM32WL55xx -c -I../Core/Inc -I../LoRaWAN/App -I../LoRaWAN/Target -I../Drivers/STM32WLxx_HAL_Driver/Inc -I../Drivers/STM32WLxx_HAL_Driver/Inc/Legacy -I../Utilities/trace/adv_trace -I../Utilities/misc -I../Utilities/sequencer -I../Utilities/timer -I../Utilities/lpm/tiny_lpm -I../Middlewares/Third_Party/LoRaWAN/LmHandler/Packages -I../Middlewares/Third_Party/SubGHz_Phy -I../Middlewares/Third_Party/SubGHz_Phy/stm32_radio_driver -I../Drivers/CMSIS/Device/ST/STM32WLxx/Include -I../Middlewares/Third_Party/LoRaWAN/Crypto -I../Middlewares/Third_Party/LoRaWAN/Mac/Region -I../Middlewares/Third_Party/LoRaWAN/Mac -I../Middlewares/Third_Party/LoRaWAN/LmHandler -I../Middlewares/Third_Party/LoRaWAN/Utilities -I../Drivers/CMSIS/Include -O0 -ffunction-sections -fdata-sections -Wall -fstack-usage -MMD -MP -MF"Middlewares/Third_Party/LoRaWAN/Crypto/cmac.d" -MT"Middlewares/Third_Party/LoRaWAN/Crypto/cmac.o" --specs=nano.specs -mfloat-abi=soft -mthumb -o "Middlewares/Third_Party/LoRaWAN/Crypto/cmac.o"
arm-none-eabi-gcc "../Middlewares/Third_Party/LoRaWAN/Crypto/lorawan_aes.c" -mcpu=cortex-m4 -std=gnu11 -g3 -DDEBUG -DCORE_CM4 -DUSE_HAL_DRIVER -DSTM32WL55xx -c -I../Core/Inc -I../LoRaWAN/App -I../LoRaWAN/Target -I../Drivers/STM32WLxx_HAL_Driver/Inc -I../Drivers/STM32WLxx_HAL_Driver/Inc/Legacy -I../Utilities/trace/adv_trace -I../Utilities/misc -I../Utilities/sequencer -I../Utilities/timer -I../Utilities/lpm/tiny_lpm -I../Middlewares/Third_Party/LoRaWAN/LmHandler/Packages -I../Middlewares/Third_Party/SubGHz_Phy -I../Middlewares/Third_Party/SubGHz_Phy/stm32_radio_driver -I../Drivers/CMSIS/Device/ST/STM32WLxx/Include -I../Middlewares/Third_Party/LoRaWAN/Crypto -I../Middlewares/Third_Party/LoRaWAN/Mac/Region -I../Middlewares/Third_Party/LoRaWAN/Mac -I../Middlewares/Third_Party/LoRaWAN/LmHandler -I../Middlewares/Third_Party/LoRaWAN/Utilities -I../Drivers/CMSIS/Include -O0 -ffunction-sections -fdata-sections -Wall -fstack-usage -MMD -MP -MF"Middlewares/Third_Party/LoRaWAN/Crypto/lorawan_aes.d" -MT"Middlewares/Third_Party/LoRaWAN/Crypto/lorawan_aes.o" --specs=nano.specs -mfloat-abi=soft -mthumb -o "Middlewares/Third_Party/LoRaWAN/Crypto/lorawan_aes.o"
arm-none-eabi-gcc "../Middlewares/Third_Party/LoRaWAN/Crypto/soft-se.c" -mcpu=cortex-m4 -std=gnu11 -g3 -DDEBUG -DCORE_CM4 -DUSE_HAL_DRIVER -DSTM32WL55xx -c -I../Core/Inc -I../LoRaWAN/App -I../LoRaWAN/Target -I../Drivers/STM32WLxx_HAL_Driver/Inc -I../Drivers/STM32WLxx_HAL_Driver/Inc/Legacy -I../Utilities/trace/adv_trace -I../Utilities/misc -I../Utilities/sequencer -I../Utilities/timer -I../Utilities/lpm/tiny_lpm -I../Middlewares/Third_Party/LoRaWAN/LmHandler/Packages -I../Middlewares/Third_Party/SubGHz_Phy -I../Middlewares/Third_Party/SubGHz_Phy/stm32_radio_driver -I../Drivers/CMSIS/Device/ST/STM32WLxx/Include -I../Middlewares/Third_Party/LoRaWAN/Crypto -I../Middlewares/Third_Party/LoRaWAN/Mac/Region -I../Middlewares/Third_Party/LoRaWAN/Mac -I../Middlewares/Third_Party/LoRaWAN/LmHandler -I../Middlewares/Third_Party/LoRaWAN/Utilities -I../Drivers/CMSIS/Include -O0 -ffunction-sections -fdata-sections -Wall -fstack-usage -MMD -MP -MF"Middlewares/Third_Party/LoRaWAN/Crypto/soft-se.d" -MT"Middlewares/Third_Party/LoRaWAN/Crypto/soft-se.o" --specs=nano.specs -mfloat-abi=soft -mthumb -o "Middlewares/Third_Party/LoRaWAN/Crypto/soft-se.o"
arm-none-eabi-gcc "../LoRaWAN/Target/radio_board_if.c" -mcpu=cortex-m4 -std=gnu11 -g3 -DDEBUG -DCORE_CM4 -DUSE_HAL_DRIVER -DSTM32WL55xx -c -I../Core/Inc -I../LoRaWAN/App -I../LoRaWAN/Target -I../Drivers/STM32WLxx_HAL_Driver/Inc -I../Drivers/STM32WLxx_HAL_Driver/Inc/Legacy -I../Utilities/trace/adv_trace -I../Utilities/misc -I../Utilities/sequencer -I../Utilities/timer -I../Utilities/lpm/tiny_lpm -I../Middlewares/Third_Party/LoRaWAN/LmHandler/Packages -I../Middlewares/Third_Party/SubGHz_Phy -I../Middlewares/Third_Party/SubGHz_Phy/stm32_radio_driver -I../Drivers/CMSIS/Device/ST/STM32WLxx/Include -I../Middlewares/Third_Party/LoRaWAN/Crypto -I../Middlewares/Third_Party/LoRaWAN/Mac/Region -I../Middlewares/Third_Party/LoRaWAN/Mac -I../Middlewares/Third_Party/LoRaWAN/LmHandler -I../Middlewares/Third_Party/LoRaWAN/Utilities -I../Drivers/CMSIS/Include -O0 -ffunction-sections -fdata-sections -Wall -fstack-usage -MMD -MP -MF"LoRaWAN/Target/radio_board_if.d" -MT"LoRaWAN/Target/radio_board_if.o" --specs=nano.specs -mfloat-abi=soft -mthumb -o "LoRaWAN/Target/radio_board_if.o"
arm-none-eabi-gcc "../LoRaWAN/App/CayenneLpp.c" -mcpu=cortex-m4 -std=gnu11 -g3 -DDEBUG -DCORE_CM4 -DUSE_HAL_DRIVER -DSTM32WL55xx -c -I../Core/Inc -I../LoRaWAN/App -I../LoRaWAN/Target -I../Drivers/STM32WLxx_HAL_Driver/Inc -I../Drivers/STM32WLxx_HAL_Driver/Inc/Legacy -I../Utilities/trace/adv_trace -I../Utilities/misc -I../Utilities/sequencer -I../Utilities/timer -I../Utilities/lpm/tiny_lpm -I../Middlewares/Third_Party/LoRaWAN/LmHandler/Packages -I../Middlewares/Third_Party/SubGHz_Phy -I../Middlewares/Third_Party/SubGHz_Phy/stm32_radio_driver -I../Drivers/CMSIS/Device/ST/STM32WLxx/Include -I../Middlewares/Third_Party/LoRaWAN/Crypto -I../Middlewares/Third_Party/LoRaWAN/Mac/Region -I../Middlewares/Third_Party/LoRaWAN/Mac -I../Middlewares/Third_Party/LoRaWAN/LmHandler -I../Middlewares/Third_Party/LoRaWAN/Utilities -I../Drivers/CMSIS/Include -O0 -ffunction-sections -fdata-sections -Wall -fstack-usage -MMD -MP -MF"LoRaWAN/App/CayenneLpp.d" -MT"LoRaWAN/App/CayenneLpp.o" --specs=nano.specs -mfloat-abi=soft -mthumb -o "LoRaWAN/App/CayenneLpp.o"
arm-none-eabi-gcc "../LoRaWAN/App/app_lorawan.c" -mcpu=cortex-m4 -std=gnu11 -g3 -DDEBUG -DCORE_CM4 -DUSE_HAL_DRIVER -DSTM32WL55xx -c -I../Core/Inc -I../LoRaWAN/App -I../LoRaWAN/Target -I../Drivers/STM32WLxx_HAL_Driver/Inc -I../Drivers/STM32WLxx_HAL_Driver/Inc/Legacy -I../Utilities/trace/adv_trace -I../Utilities/misc -I../Utilities/sequencer -I../Utilities/timer -I../Utilities/lpm/tiny_lpm -I../Middlewares/Third_Party/LoRaWAN/LmHandler/Packages -I../Middlewares/Third_Party/SubGHz_Phy -I../Middlewares/Third_Party/SubGHz_Phy/stm32_radio_driver -I../Drivers/CMSIS/Device/ST/STM32WLxx/Include -I../Middlewares/Third_Party/LoRaWAN/Crypto -I../Middlewares/Third_Party/LoRaWAN/Mac/Region -I../Middlewares/Third_Party/LoRaWAN/Mac -I../Middlewares/Third_Party/LoRaWAN/LmHandler -I../Middlewares/Third_Party/LoRaWAN/Utilities -I../Drivers/CMSIS/Include -O0 -ffunction-sections -fdata-sections -Wall -fstack-usage -MMD -MP -MF"LoRaWAN/App/app_lorawan.d" -MT"LoRaWAN/App/app_lorawan.o" --specs=nano.specs -mfloat-abi=soft -mthumb -o "LoRaWAN/App/app_lorawan.o"
arm-none-eabi-gcc "../LoRaWAN/App/lora_app.c" -mcpu=cortex-m4 -std=gnu11 -g3 -DDEBUG -DCORE_CM4 -DUSE_HAL_DRIVER -DSTM32WL55xx -c -I../Core/Inc -I../LoRaWAN/App -I../LoRaWAN/Target -I../Drivers/STM32WLxx_HAL_Driver/Inc -I../Drivers/STM32WLxx_HAL_Driver/Inc/Legacy -I../Utilities/trace/adv_trace -I../Utilities/misc -I../Utilities/sequencer -I../Utilities/timer -I../Utilities/lpm/tiny_lpm -I../Middlewares/Third_Party/LoRaWAN/LmHandler/Packages -I../Middlewares/Third_Party/SubGHz_Phy -I../Middlewares/Third_Party/SubGHz_Phy/stm32_radio_driver -I../Drivers/CMSIS/Device/ST/STM32WLxx/Include -I../Middlewares/Third_Party/LoRaWAN/Crypto -I../Middlewares/Third_Party/LoRaWAN/Mac/Region -I../Middlewares/Third_Party/LoRaWAN/Mac -I../Middlewares/Third_Party/LoRaWAN/LmHandler -I../Middlewares/Third_Party/LoRaWAN/Utilities -I../Drivers/CMSIS/Include -O0 -ffunction-sections -fdata-sections -Wall -fstack-usage -MMD -MP -MF"LoRaWAN/App/lora_app.d" -MT"LoRaWAN/App/lora_app.o" --specs=nano.specs -mfloat-abi=soft -mthumb -o "LoRaWAN/App/lora_app.o"
arm-none-eabi-gcc "../LoRaWAN/App/lora_info.c" -mcpu=cortex-m4 -std=gnu11 -g3 -DDEBUG -DCORE_CM4 -DUSE_HAL_DRIVER -DSTM32WL55xx -c -I../Core/Inc -I../LoRaWAN/App -I../LoRaWAN/Target -I../Drivers/STM32WLxx_HAL_Driver/Inc -I../Drivers/STM32WLxx_HAL_Driver/Inc/Legacy -I../Utilities/trace/adv_trace -I../Utilities/misc -I../Utilities/sequencer -I../Utilities/timer -I../Utilities/lpm/tiny_lpm -I../Middlewares/Third_Party/LoRaWAN/LmHandler/Packages -I../Middlewares/Third_Party/SubGHz_Phy -I../Middlewares/Third_Party/SubGHz_Phy/stm32_radio_driver -I../Drivers/CMSIS/Device/ST/STM32WLxx/Include -I../Middlewares/Third_Party/LoRaWAN/Crypto -I../Middlewares/Third_Party/LoRaWAN/Mac/Region -I../Middlewares/Third_Party/LoRaWAN/Mac -I../Middlewares/Third_Party/LoRaWAN/LmHandler -I../Middlewares/Third_Party/LoRaWAN/Utilities -I../Drivers/CMSIS/Include -O0 -ffunction-sections -fdata-sections -Wall -fstack-usage -MMD -MP -MF"LoRaWAN/App/lora_info.d" -MT"LoRaWAN/App/lora_info.o" --specs=nano.specs -mfloat-abi=soft -mthumb -o "LoRaWAN/App/lora_info.o"
arm-none-eabi-gcc "../Drivers/STM32WLxx_HAL_Driver/Src/stm32wlxx_hal.c" -mcpu=cortex-m4 -std=gnu11 -g3 -DDEBUG -DCORE_CM4 -DUSE_HAL_DRIVER -DSTM32WL55xx -c -I../Core/Inc -I../LoRaWAN/App -I../LoRaWAN/Target -I../Drivers/STM32WLxx_HAL_Driver/Inc -I../Drivers/STM32WLxx_HAL_Driver/Inc/Legacy -I../Utilities/trace/adv_trace -I../Utilities/misc -I../Utilities/sequencer -I../Utilities/timer -I../Utilities/lpm/tiny_lpm -I../Middlewares/Third_Party/LoRaWAN/LmHandler/Packages -I../Middlewares/Third_Party/SubGHz_Phy -I../Middlewares/Third_Party/SubGHz_Phy/stm32_radio_driver -I../Drivers/CMSIS/Device/ST/STM32WLxx/Include -I../Middlewares/Third_Party/LoRaWAN/Crypto -I../Middlewares/Third_Party/LoRaWAN/Mac/Region -I../Middlewares/Third_Party/LoRaWAN/Mac -I../Middlewares/Third_Party/LoRaWAN/LmHandler -I../Middlewares/Third_Party/LoRaWAN/Utilities -I../Drivers/CMSIS/Include -O0 -ffunction-sections -fdata-sections -Wall -fstack-usage -MMD -MP -MF"Drivers/STM32WLxx_HAL_Driver/Src/stm32wlxx_hal.d" -MT"Drivers/STM32WLxx_HAL_Driver/Src/stm32wlxx_hal.o" --specs=nano.specs -mfloat-abi=soft -mthumb -o "Drivers/STM32WLxx_HAL_Driver/Src/stm32wlxx_hal.o"
arm-none-eabi-gcc "../Drivers/STM32WLxx_HAL_Driver/Src/stm32wlxx_hal_adc.c" -mcpu=cortex-m4 -std=gnu11 -g3 -DDEBUG -DCORE_CM4 -DUSE_HAL_DRIVER -DSTM32WL55xx -c -I../Core/Inc -I../LoRaWAN/App -I../LoRaWAN/Target -I../Drivers/STM32WLxx_HAL_Driver/Inc -I../Drivers/STM32WLxx_HAL_Driver/Inc/Legacy -I../Utilities/trace/adv_trace -I../Utilities/misc -I../Utilities/sequencer -I../Utilities/timer -I../Utilities/lpm/tiny_lpm -I../Middlewares/Third_Party/LoRaWAN/LmHandler/Packages -I../Middlewares/Third_Party/SubGHz_Phy -I../Middlewares/Third_Party/SubGHz_Phy/stm32_radio_driver -I../Drivers/CMSIS/Device/ST/STM32WLxx/Include -I../Middlewares/Third_Party/LoRaWAN/Crypto -I../Middlewares/Third_Party/LoRaWAN/Mac/Region -I../Middlewares/Third_Party/LoRaWAN/Mac -I../Middlewares/Third_Party/LoRaWAN/LmHandler -I../Middlewares/Third_Party/LoRaWAN/Utilities -I../Drivers/CMSIS/Include -O0 -ffunction-sections -fdata-sections -Wall -fstack-usage -MMD -MP -MF"Drivers/STM32WLxx_HAL_Driver/Src/stm32wlxx_hal_adc.d" -MT"Drivers/STM32WLxx_HAL_Driver/Src/stm32wlxx_hal_adc.o" --specs=nano.specs -mfloat-abi=soft -mthumb -o "Drivers/STM32WLxx_HAL_Driver/Src/stm32wlxx_hal_adc.o"
arm-none-eabi-gcc "../Drivers/STM32WLxx_HAL_Driver/Src/stm32wlxx_hal_adc_ex.c" -mcpu=cortex-m4 -std=gnu11 -g3 -DDEBUG -DCORE_CM4 -DUSE_HAL_DRIVER -DSTM32WL55xx -c -I../Core/Inc -I../LoRaWAN/App -I../LoRaWAN/Target -I../Drivers/STM32WLxx_HAL_Driver/Inc -I../Drivers/STM32WLxx_HAL_Driver/Inc/Legacy -I../Utilities/trace/adv_trace -I../Utilities/misc -I../Utilities/sequencer -I../Utilities/timer -I../Utilities/lpm/tiny_lpm -I../Middlewares/Third_Party/LoRaWAN/LmHandler/Packages -I../Middlewares/Third_Party/SubGHz_Phy -I../Middlewares/Third_Party/SubGHz_Phy/stm32_radio_driver -I../Drivers/CMSIS/Device/ST/STM32WLxx/Include -I../Middlewares/Third_Party/LoRaWAN/Crypto -I../Middlewares/Third_Party/LoRaWAN/Mac/Region -I../Middlewares/Third_Party/LoRaWAN/Mac -I../Middlewares/Third_Party/LoRaWAN/LmHandler -I../Middlewares/Third_Party/LoRaWAN/Utilities -I../Drivers/CMSIS/Include -O0 -ffunction-sections -fdata-sections -Wall -fstack-usage -MMD -MP -MF"Drivers/STM32WLxx_HAL_Driver/Src/stm32wlxx_hal_adc_ex.d" -MT"Drivers/STM32WLxx_HAL_Driver/Src/stm32wlxx_hal_adc_ex.o" --specs=nano.specs -mfloat-abi=soft -mthumb -o "Drivers/STM32WLxx_HAL_Driver/Src/stm32wlxx_hal_adc_ex.o"
arm-none-eabi-gcc "../Drivers/STM32WLxx_HAL_Driver/Src/stm32wlxx_hal_cortex.c" -mcpu=cortex-m4 -std=gnu11 -g3 -DDEBUG -DCORE_CM4 -DUSE_HAL_DRIVER -DSTM32WL55xx -c -I../Core/Inc -I../LoRaWAN/App -I../LoRaWAN/Target -I../Drivers/STM32WLxx_HAL_Driver/Inc -I../Drivers/STM32WLxx_HAL_Driver/Inc/Legacy -I../Utilities/trace/adv_trace -I../Utilities/misc -I../Utilities/sequencer -I../Utilities/timer -I../Utilities/lpm/tiny_lpm -I../Middlewares/Third_Party/LoRaWAN/LmHandler/Packages -I../Middlewares/Third_Party/SubGHz_Phy -I../Middlewares/Third_Party/SubGHz_Phy/stm32_radio_driver -I../Drivers/CMSIS/Device/ST/STM32WLxx/Include -I../Middlewares/Third_Party/LoRaWAN/Crypto -I../Middlewares/Third_Party/LoRaWAN/Mac/Region -I../Middlewares/Third_Party/LoRaWAN/Mac -I../Middlewares/Third_Party/LoRaWAN/LmHandler -I../Middlewares/Third_Party/LoRaWAN/Utilities -I../Drivers/CMSIS/Include -O0 -ffunction-sections -fdata-sections -Wall -fstack-usage -MMD -MP -MF"Drivers/STM32WLxx_HAL_Driver/Src/stm32wlxx_hal_cortex.d" -MT"Drivers/STM32WLxx_HAL_Driver/Src/stm32wlxx_hal_cortex.o" --specs=nano.specs -mfloat-abi=soft -mthumb -o "Drivers/STM32WLxx_HAL_Driver/Src/stm32wlxx_hal_cortex.o"
arm-none-eabi-gcc "../Drivers/STM32WLxx_HAL_Driver/Src/stm32wlxx_hal_dma.c" -mcpu=cortex-m4 -std=gnu11 -g3 -DDEBUG -DCORE_CM4 -DUSE_HAL_DRIVER -DSTM32WL55xx -c -I../Core/Inc -I../LoRaWAN/App -I../LoRaWAN/Target -I../Drivers/STM32WLxx_HAL_Driver/Inc -I../Drivers/STM32WLxx_HAL_Driver/Inc/Legacy -I../Utilities/trace/adv_trace -I../Utilities/misc -I../Utilities/sequencer -I../Utilities/timer -I../Utilities/lpm/tiny_lpm -I../Middlewares/Third_Party/LoRaWAN/LmHandler/Packages -I../Middlewares/Third_Party/SubGHz_Phy -I../Middlewares/Third_Party/SubGHz_Phy/stm32_radio_driver -I../Drivers/CMSIS/Device/ST/STM32WLxx/Include -I../Middlewares/Third_Party/LoRaWAN/Crypto -I../Middlewares/Third_Party/LoRaWAN/Mac/Region -I../Middlewares/Third_Party/LoRaWAN/Mac -I../Middlewares/Third_Party/LoRaWAN/LmHandler -I../Middlewares/Third_Party/LoRaWAN/Utilities -I../Drivers/CMSIS/Include -O0 -ffunction-sections -fdata-sections -Wall -fstack-usage -MMD -MP -MF"Drivers/STM32WLxx_HAL_Driver/Src/stm32wlxx_hal_dma.d" -MT"Drivers/STM32WLxx_HAL_Driver/Src/stm32wlxx_hal_dma.o" --specs=nano.specs -mfloat-abi=soft -mthumb -o "Drivers/STM32WLxx_HAL_Driver/Src/stm32wlxx_hal_dma.o"
arm-none-eabi-gcc "../Drivers/STM32WLxx_HAL_Driver/Src/stm32wlxx_hal_dma_ex.c" -mcpu=cortex-m4 -std=gnu11 -g3 -DDEBUG -DCORE_CM4 -DUSE_HAL_DRIVER -DSTM32WL55xx -c -I../Core/Inc -I../LoRaWAN/App -I../LoRaWAN/Target -I../Drivers/STM32WLxx_HAL_Driver/Inc -I../Drivers/STM32WLxx_HAL_Driver/Inc/Legacy -I../Utilities/trace/adv_trace -I../Utilities/misc -I../Utilities/sequencer -I../Utilities/timer -I../Utilities/lpm/tiny_lpm -I../Middlewares/Third_Party/LoRaWAN/LmHandler/Packages -I../Middlewares/Third_Party/SubGHz_Phy -I../Middlewares/Third_Party/SubGHz_Phy/stm32_radio_driver -I../Drivers/CMSIS/Device/ST/STM32WLxx/Include -I../Middlewares/Third_Party/LoRaWAN/Crypto -I../Middlewares/Third_Party/LoRaWAN/Mac/Region -I../Middlewares/Third_Party/LoRaWAN/Mac -I../Middlewares/Third_Party/LoRaWAN/LmHandler -I../Middlewares/Third_Party/LoRaWAN/Utilities -I../Drivers/CMSIS/Include -O0 -ffunction-sections -fdata-sections -Wall -fstack-usage -MMD -MP -MF"Drivers/STM32WLxx_HAL_Driver/Src/stm32wlxx_hal_dma_ex.d" -MT"Drivers/STM32WLxx_HAL_Driver/Src/stm32wlxx_hal_dma_ex.o" --specs=nano.specs -mfloat-abi=soft -mthumb -o "Drivers/STM32WLxx_HAL_Driver/Src/stm32wlxx_hal_dma_ex.o"
arm-none-eabi-gcc "../Drivers/STM32WLxx_HAL_Driver/Src/stm32wlxx_hal_exti.c" -mcpu=cortex-m4 -std=gnu11 -g3 -DDEBUG -DCORE_CM4 -DUSE_HAL_DRIVER -DSTM32WL55xx -c -I../Core/Inc -I../LoRaWAN/App -I../LoRaWAN/Target -I../Drivers/STM32WLxx_HAL_Driver/Inc -I../Drivers/STM32WLxx_HAL_Driver/Inc/Legacy -I../Utilities/trace/adv_trace -I../Utilities/misc -I../Utilities/sequencer -I../Utilities/timer -I../Utilities/lpm/tiny_lpm -I../Middlewares/Third_Party/LoRaWAN/LmHandler/Packages -I../Middlewares/Third_Party/SubGHz_Phy -I../Middlewares/Third_Party/SubGHz_Phy/stm32_radio_driver -I../Drivers/CMSIS/Device/ST/STM32WLxx/Include -I../Middlewares/Third_Party/LoRaWAN/Crypto -I../Middlewares/Third_Party/LoRaWAN/Mac/Region -I../Middlewares/Third_Party/LoRaWAN/Mac -I../Middlewares/Third_Party/LoRaWAN/LmHandler -I../Middlewares/Third_Party/LoRaWAN/Utilities -I../Drivers/CMSIS/Include -O0 -ffunction-sections -fdata-sections -Wall -fstack-usage -MMD -MP -MF"Drivers/STM32WLxx_HAL_Driver/Src/stm32wlxx_hal_exti.d" -MT"Drivers/STM32WLxx_HAL_Driver/Src/stm32wlxx_hal_exti.o" --specs=nano.specs -mfloat-abi=soft -mthumb -o "Drivers/STM32WLxx_HAL_Driver/Src/stm32wlxx_hal_exti.o"
arm-none-eabi-gcc "../Drivers/STM32WLxx_HAL_Driver/Src/stm32wlxx_hal_flash.c" -mcpu=cortex-m4 -std=gnu11 -g3 -DDEBUG -DCORE_CM4 -DUSE_HAL_DRIVER -DSTM32WL55xx -c -I../Core/Inc -I../LoRaWAN/App -I../LoRaWAN/Target -I../Drivers/STM32WLxx_HAL_Driver/Inc -I../Drivers/STM32WLxx_HAL_Driver/Inc/Legacy -I../Utilities/trace/adv_trace -I../Utilities/misc -I../Utilities/sequencer -I../Utilities/timer -I../Utilities/lpm/tiny_lpm -I../Middlewares/Third_Party/LoRaWAN/LmHandler/Packages -I../Middlewares/Third_Party/SubGHz_Phy -I../Middlewares/Third_Party/SubGHz_Phy/stm32_radio_driver -I../Drivers/CMSIS/Device/ST/STM32WLxx/Include -I../Middlewares/Third_Party/LoRaWAN/Crypto -I../Middlewares/Third_Party/LoRaWAN/Mac/Region -I../Middlewares/Third_Party/LoRaWAN/Mac -I../Middlewares/Third_Party/LoRaWAN/LmHandler -I../Middlewares/Third_Party/LoRaWAN/Utilities -I../Drivers/CMSIS/Include -O0 -ffunction-sections -fdata-sections -Wall -fstack-usage -MMD -MP -MF"Drivers/STM32WLxx_HAL_Driver/Src/stm32wlxx_hal_flash.d" -MT"Drivers/STM32WLxx_HAL_Driver/Src/stm32wlxx_hal_flash.o" --specs=nano.specs -mfloat-abi=soft -mthumb -o "Drivers/STM32WLxx_HAL_Driver/Src/stm32wlxx_hal_flash.o"
arm-none-eabi-gcc "../Drivers/STM32WLxx_HAL_Driver/Src/stm32wlxx_hal_flash_ex.c" -mcpu=cortex-m4 -std=gnu11 -g3 -DDEBUG -DCORE_CM4 -DUSE_HAL_DRIVER -DSTM32WL55xx -c -I../Core/Inc -I../LoRaWAN/App -I../LoRaWAN/Target -I../Drivers/STM32WLxx_HAL_Driver/Inc -I../Drivers/STM32WLxx_HAL_Driver/Inc/Legacy -I../Utilities/trace/adv_trace -I../Utilities/misc -I../Utilities/sequencer -I../Utilities/timer -I../Utilities/lpm/tiny_lpm -I../Middlewares/Third_Party/LoRaWAN/LmHandler/Packages -I../Middlewares/Third_Party/SubGHz_Phy -I../Middlewares/Third_Party/SubGHz_Phy/stm32_radio_driver -I../Drivers/CMSIS/Device/ST/STM32WLxx/Include -I../Middlewares/Third_Party/LoRaWAN/Crypto -I../Middlewares/Third_Party/LoRaWAN/Mac/Region -I../Middlewares/Third_Party/LoRaWAN/Mac -I../Middlewares/Third_Party/LoRaWAN/LmHandler -I../Middlewares/Third_Party/LoRaWAN/Utilities -I../Drivers/CMSIS/Include -O0 -ffunction-sections -fdata-sections -Wall -fstack-usage -MMD -MP -MF"Drivers/STM32WLxx_HAL_Driver/Src/stm32wlxx_hal_flash_ex.d" -MT"Drivers/STM32WLxx_HAL_Driver/Src/stm32wlxx_hal_flash_ex.o" --specs=nano.specs -mfloat-abi=soft -mthumb -o "Drivers/STM32WLxx_HAL_Driver/Src/stm32wlxx_hal_flash_ex.o"
arm-none-eabi-gcc "../Drivers/STM32WLxx_HAL_Driver/Src/stm32wlxx_hal_gpio.c" -mcpu=cortex-m4 -std=gnu11 -g3 -DDEBUG -DCORE_CM4 -DUSE_HAL_DRIVER -DSTM32WL55xx -c -I../Core/Inc -I../LoRaWAN/App -I../LoRaWAN/Target -I../Drivers/STM32WLxx_HAL_Driver/Inc -I../Drivers/STM32WLxx_HAL_Driver/Inc/Legacy -I../Utilities/trace/adv_trace -I../Utilities/misc -I../Utilities/sequencer -I../Utilities/timer -I../Utilities/lpm/tiny_lpm -I../Middlewares/Third_Party/LoRaWAN/LmHandler/Packages -I../Middlewares/Third_Party/SubGHz_Phy -I../Middlewares/Third_Party/SubGHz_Phy/stm32_radio_driver -I../Drivers/CMSIS/Device/ST/STM32WLxx/Include -I../Middlewares/Third_Party/LoRaWAN/Crypto -I../Middlewares/Third_Party/LoRaWAN/Mac/Region -I../Middlewares/Third_Party/LoRaWAN/Mac -I../Middlewares/Third_Party/LoRaWAN/LmHandler -I../Middlewares/Third_Party/LoRaWAN/Utilities -I../Drivers/CMSIS/Include -O0 -ffunction-sections -fdata-sections -Wall -fstack-usage -MMD -MP -MF"Drivers/STM32WLxx_HAL_Driver/Src/stm32wlxx_hal_gpio.d" -MT"Drivers/STM32WLxx_HAL_Driver/Src/stm32wlxx_hal_gpio.o" --specs=nano.specs -mfloat-abi=soft -mthumb -o "Drivers/STM32WLxx_HAL_Driver/Src/stm32wlxx_hal_gpio.o"
arm-none-eabi-gcc "../Drivers/STM32WLxx_HAL_Driver/Src/stm32wlxx_hal_pwr.c" -mcpu=cortex-m4 -std=gnu11 -g3 -DDEBUG -DCORE_CM4 -DUSE_HAL_DRIVER -DSTM32WL55xx -c -I../Core/Inc -I../LoRaWAN/App -I../LoRaWAN/Target -I../Drivers/STM32WLxx_HAL_Driver/Inc -I../Drivers/STM32WLxx_HAL_Driver/Inc/Legacy -I../Utilities/trace/adv_trace -I../Utilities/misc -I../Utilities/sequencer -I../Utilities/timer -I../Utilities/lpm/tiny_lpm -I../Middlewares/Third_Party/LoRaWAN/LmHandler/Packages -I../Middlewares/Third_Party/SubGHz_Phy -I../Middlewares/Third_Party/SubGHz_Phy/stm32_radio_driver -I../Drivers/CMSIS/Device/ST/STM32WLxx/Include -I../Middlewares/Third_Party/LoRaWAN/Crypto -I../Middlewares/Third_Party/LoRaWAN/Mac/Region -I../Middlewares/Third_Party/LoRaWAN/Mac -I../Middlewares/Third_Party/LoRaWAN/LmHandler -I../Middlewares/Third_Party/LoRaWAN/Utilities -I../Drivers/CMSIS/Include -O0 -ffunction-sections -fdata-sections -Wall -fstack-usage -MMD -MP -MF"Drivers/STM32WLxx_HAL_Driver/Src/stm32wlxx_hal_pwr.d" -MT"Drivers/STM32WLxx_HAL_Driver/Src/stm32wlxx_hal_pwr.o" --specs=nano.specs -mfloat-abi=soft -mthumb -o "Drivers/STM32WLxx_HAL_Driver/Src/stm32wlxx_hal_pwr.o"
arm-none-eabi-gcc "../Drivers/STM32WLxx_HAL_Driver/Src/stm32wlxx_hal_pwr_ex.c" -mcpu=cortex-m4 -std=gnu11 -g3 -DDEBUG -DCORE_CM4 -DUSE_HAL_DRIVER -DSTM32WL55xx -c -I../Core/Inc -I../LoRaWAN/App -I../LoRaWAN/Target -I../Drivers/STM32WLxx_HAL_Driver/Inc -I../Drivers/STM32WLxx_HAL_Driver/Inc/Legacy -I../Utilities/trace/adv_trace -I../Utilities/misc -I../Utilities/sequencer -I../Utilities/timer -I../Utilities/lpm/tiny_lpm -I../Middlewares/Third_Party/LoRaWAN/LmHandler/Packages -I../Middlewares/Third_Party/SubGHz_Phy -I../Middlewares/Third_Party/SubGHz_Phy/stm32_radio_driver -I../Drivers/CMSIS/Device/ST/STM32WLxx/Include -I../Middlewares/Third_Party/LoRaWAN/Crypto -I../Middlewares/Third_Party/LoRaWAN/Mac/Region -I../Middlewares/Third_Party/LoRaWAN/Mac -I../Middlewares/Third_Party/LoRaWAN/LmHandler -I../Middlewares/Third_Party/LoRaWAN/Utilities -I../Drivers/CMSIS/Include -O0 -ffunction-sections -fdata-sections -Wall -fstack-usage -MMD -MP -MF"Drivers/STM32WLxx_HAL_Driver/Src/stm32wlxx_hal_pwr_ex.d" -MT"Drivers/STM32WLxx_HAL_Driver/Src/stm32wlxx_hal_pwr_ex.o" --specs=nano.specs -mfloat-abi=soft -mthumb -o "Drivers/STM32WLxx_HAL_Driver/Src/stm32wlxx_hal_pwr_ex.o"
arm-none-eabi-gcc "../Drivers/STM32WLxx_HAL_Driver/Src/stm32wlxx_hal_rcc.c" -mcpu=cortex-m4 -std=gnu11 -g3 -DDEBUG -DCORE_CM4 -DUSE_HAL_DRIVER -DSTM32WL55xx -c -I../Core/Inc -I../LoRaWAN/App -I../LoRaWAN/Target -I../Drivers/STM32WLxx_HAL_Driver/Inc -I../Drivers/STM32WLxx_HAL_Driver/Inc/Legacy -I../Utilities/trace/adv_trace -I../Utilities/misc -I../Utilities/sequencer -I../Utilities/timer -I../Utilities/lpm/tiny_lpm -I../Middlewares/Third_Party/LoRaWAN/LmHandler/Packages -I../Middlewares/Third_Party/SubGHz_Phy -I../Middlewares/Third_Party/SubGHz_Phy/stm32_radio_driver -I../Drivers/CMSIS/Device/ST/STM32WLxx/Include -I../Middlewares/Third_Party/LoRaWAN/Crypto -I../Middlewares/Third_Party/LoRaWAN/Mac/Region -I../Middlewares/Third_Party/LoRaWAN/Mac -I../Middlewares/Third_Party/LoRaWAN/LmHandler -I../Middlewares/Third_Party/LoRaWAN/Utilities -I../Drivers/CMSIS/Include -O0 -ffunction-sections -fdata-sections -Wall -fstack-usage -MMD -MP -MF"Drivers/STM32WLxx_HAL_Driver/Src/stm32wlxx_hal_rcc.d" -MT"Drivers/STM32WLxx_HAL_Driver/Src/stm32wlxx_hal_rcc.o" --specs=nano.specs -mfloat-abi=soft -mthumb -o "Drivers/STM32WLxx_HAL_Driver/Src/stm32wlxx_hal_rcc.o"
arm-none-eabi-gcc "../Drivers/STM32WLxx_HAL_Driver/Src/stm32wlxx_hal_rcc_ex.c" -mcpu=cortex-m4 -std=gnu11 -g3 -DDEBUG -DCORE_CM4 -DUSE_HAL_DRIVER -DSTM32WL55xx -c -I../Core/Inc -I../LoRaWAN/App -I../LoRaWAN/Target -I../Drivers/STM32WLxx_HAL_Driver/Inc -I../Drivers/STM32WLxx_HAL_Driver/Inc/Legacy -I../Utilities/trace/adv_trace -I../Utilities/misc -I../Utilities/sequencer -I../Utilities/timer -I../Utilities/lpm/tiny_lpm -I../Middlewares/Third_Party/LoRaWAN/LmHandler/Packages -I../Middlewares/Third_Party/SubGHz_Phy -I../Middlewares/Third_Party/SubGHz_Phy/stm32_radio_driver -I../Drivers/CMSIS/Device/ST/STM32WLxx/Include -I../Middlewares/Third_Party/LoRaWAN/Crypto -I../Middlewares/Third_Party/LoRaWAN/Mac/Region -I../Middlewares/Third_Party/LoRaWAN/Mac -I../Middlewares/Third_Party/LoRaWAN/LmHandler -I../Middlewares/Third_Party/LoRaWAN/Utilities -I../Drivers/CMSIS/Include -O0 -ffunction-sections -fdata-sections -Wall -fstack-usage -MMD -MP -MF"Drivers/STM32WLxx_HAL_Driver/Src/stm32wlxx_hal_rcc_ex.d" -MT"Drivers/STM32WLxx_HAL_Driver/Src/stm32wlxx_hal_rcc_ex.o" --specs=nano.specs -mfloat-abi=soft -mthumb -o "Drivers/STM32WLxx_HAL_Driver/Src/stm32wlxx_hal_rcc_ex.o"
arm-none-eabi-gcc "../Drivers/STM32WLxx_HAL_Driver/Src/stm32wlxx_hal_rtc.c" -mcpu=cortex-m4 -std=gnu11 -g3 -DDEBUG -DCORE_CM4 -DUSE_HAL_DRIVER -DSTM32WL55xx -c -I../Core/Inc -I../LoRaWAN/App -I../LoRaWAN/Target -I../Drivers/STM32WLxx_HAL_Driver/Inc -I../Drivers/STM32WLxx_HAL_Driver/Inc/Legacy -I../Utilities/trace/adv_trace -I../Utilities/misc -I../Utilities/sequencer -I../Utilities/timer -I../Utilities/lpm/tiny_lpm -I../Middlewares/Third_Party/LoRaWAN/LmHandler/Packages -I../Middlewares/Third_Party/SubGHz_Phy -I../Middlewares/Third_Party/SubGHz_Phy/stm32_radio_driver -I../Drivers/CMSIS/Device/ST/STM32WLxx/Include -I../Middlewares/Third_Party/LoRaWAN/Crypto -I../Middlewares/Third_Party/LoRaWAN/Mac/Region -I../Middlewares/Third_Party/LoRaWAN/Mac -I../Middlewares/Third_Party/LoRaWAN/LmHandler -I../Middlewares/Third_Party/LoRaWAN/Utilities -I../Drivers/CMSIS/Include -O0 -ffunction-sections -fdata-sections -Wall -fstack-usage -MMD -MP -MF"Drivers/STM32WLxx_HAL_Driver/Src/stm32wlxx_hal_rtc.d" -MT"Drivers/STM32WLxx_HAL_Driver/Src/stm32wlxx_hal_rtc.o" --specs=nano.specs -mfloat-abi=soft -mthumb -o "Drivers/STM32WLxx_HAL_Driver/Src/stm32wlxx_hal_rtc.o"
arm-none-eabi-gcc "../Drivers/STM32WLxx_HAL_Driver/Src/stm32wlxx_hal_rtc_ex.c" -mcpu=cortex-m4 -std=gnu11 -g3 -DDEBUG -DCORE_CM4 -DUSE_HAL_DRIVER -DSTM32WL55xx -c -I../Core/Inc -I../LoRaWAN/App -I../LoRaWAN/Target -I../Drivers/STM32WLxx_HAL_Driver/Inc -I../Drivers/STM32WLxx_HAL_Driver/Inc/Legacy -I../Utilities/trace/adv_trace -I../Utilities/misc -I../Utilities/sequencer -I../Utilities/timer -I../Utilities/lpm/tiny_lpm -I../Middlewares/Third_Party/LoRaWAN/LmHandler/Packages -I../Middlewares/Third_Party/SubGHz_Phy -I../Middlewares/Third_Party/SubGHz_Phy/stm32_radio_driver -I../Drivers/CMSIS/Device/ST/STM32WLxx/Include -I../Middlewares/Third_Party/LoRaWAN/Crypto -I../Middlewares/Third_Party/LoRaWAN/Mac/Region -I../Middlewares/Third_Party/LoRaWAN/Mac -I../Middlewares/Third_Party/LoRaWAN/LmHandler -I../Middlewares/Third_Party/LoRaWAN/Utilities -I../Drivers/CMSIS/Include -O0 -ffunction-sections -fdata-sections -Wall -fstack-usage -MMD -MP -MF"Drivers/STM32WLxx_HAL_Driver/Src/stm32wlxx_hal_rtc_ex.d" -MT"Drivers/STM32WLxx_HAL_Driver/Src/stm32wlxx_hal_rtc_ex.o" --specs=nano.specs -mfloat-abi=soft -mthumb -o "Drivers/STM32WLxx_HAL_Driver/Src/stm32wlxx_hal_rtc_ex.o"
arm-none-eabi-gcc "../Drivers/STM32WLxx_HAL_Driver/Src/stm32wlxx_hal_subghz.c" -mcpu=cortex-m4 -std=gnu11 -g3 -DDEBUG -DCORE_CM4 -DUSE_HAL_DRIVER -DSTM32WL55xx -c -I../Core/Inc -I../LoRaWAN/App -I../LoRaWAN/Target -I../Drivers/STM32WLxx_HAL_Driver/Inc -I../Drivers/STM32WLxx_HAL_Driver/Inc/Legacy -I../Utilities/trace/adv_trace -I../Utilities/misc -I../Utilities/sequencer -I../Utilities/timer -I../Utilities/lpm/tiny_lpm -I../Middlewares/Third_Party/LoRaWAN/LmHandler/Packages -I../Middlewares/Third_Party/SubGHz_Phy -I../Middlewares/Third_Party/SubGHz_Phy/stm32_radio_driver -I../Drivers/CMSIS/Device/ST/STM32WLxx/Include -I../Middlewares/Third_Party/LoRaWAN/Crypto -I../Middlewares/Third_Party/LoRaWAN/Mac/Region -I../Middlewares/Third_Party/LoRaWAN/Mac -I../Middlewares/Third_Party/LoRaWAN/LmHandler -I../Middlewares/Third_Party/LoRaWAN/Utilities -I../Drivers/CMSIS/Include -O0 -ffunction-sections -fdata-sections -Wall -fstack-usage -MMD -MP -MF"Drivers/STM32WLxx_HAL_Driver/Src/stm32wlxx_hal_subghz.d" -MT"Drivers/STM32WLxx_HAL_Driver/Src/stm32wlxx_hal_subghz.o" --specs=nano.specs -mfloat-abi=soft -mthumb -o "Drivers/STM32WLxx_HAL_Driver/Src/stm32wlxx_hal_subghz.o"
arm-none-eabi-gcc "../Drivers/STM32WLxx_HAL_Driver/Src/stm32wlxx_hal_tim.c" -mcpu=cortex-m4 -std=gnu11 -g3 -DDEBUG -DCORE_CM4 -DUSE_HAL_DRIVER -DSTM32WL55xx -c -I../Core/Inc -I../LoRaWAN/App -I../LoRaWAN/Target -I../Drivers/STM32WLxx_HAL_Driver/Inc -I../Drivers/STM32WLxx_HAL_Driver/Inc/Legacy -I../Utilities/trace/adv_trace -I../Utilities/misc -I../Utilities/sequencer -I../Utilities/timer -I../Utilities/lpm/tiny_lpm -I../Middlewares/Third_Party/LoRaWAN/LmHandler/Packages -I../Middlewares/Third_Party/SubGHz_Phy -I../Middlewares/Third_Party/SubGHz_Phy/stm32_radio_driver -I../Drivers/CMSIS/Device/ST/STM32WLxx/Include -I../Middlewares/Third_Party/LoRaWAN/Crypto -I../Middlewares/Third_Party/LoRaWAN/Mac/Region -I../Middlewares/Third_Party/LoRaWAN/Mac -I../Middlewares/Third_Party/LoRaWAN/LmHandler -I../Middlewares/Third_Party/LoRaWAN/Utilities -I../Drivers/CMSIS/Include -O0 -ffunction-sections -fdata-sections -Wall -fstack-usage -MMD -MP -MF"Drivers/STM32WLxx_HAL_Driver/Src/stm32wlxx_hal_tim.d" -MT"Drivers/STM32WLxx_HAL_Driver/Src/stm32wlxx_hal_tim.o" --specs=nano.specs -mfloat-abi=soft -mthumb -o "Drivers/STM32WLxx_HAL_Driver/Src/stm32wlxx_hal_tim.o"
arm-none-eabi-gcc "../Drivers/STM32WLxx_HAL_Driver/Src/stm32wlxx_hal_tim_ex.c" -mcpu=cortex-m4 -std=gnu11 -g3 -DDEBUG -DCORE_CM4 -DUSE_HAL_DRIVER -DSTM32WL55xx -c -I../Core/Inc -I../LoRaWAN/App -I../LoRaWAN/Target -I../Drivers/STM32WLxx_HAL_Driver/Inc -I../Drivers/STM32WLxx_HAL_Driver/Inc/Legacy -I../Utilities/trace/adv_trace -I../Utilities/misc -I../Utilities/sequencer -I../Utilities/timer -I../Utilities/lpm/tiny_lpm -I../Middlewares/Third_Party/LoRaWAN/LmHandler/Packages -I../Middlewares/Third_Party/SubGHz_Phy -I../Middlewares/Third_Party/SubGHz_Phy/stm32_radio_driver -I../Drivers/CMSIS/Device/ST/STM32WLxx/Include -I../Middlewares/Third_Party/LoRaWAN/Crypto -I../Middlewares/Third_Party/LoRaWAN/Mac/Region -I../Middlewares/Third_Party/LoRaWAN/Mac -I../Middlewares/Third_Party/LoRaWAN/LmHandler -I../Middlewares/Third_Party/LoRaWAN/Utilities -I../Drivers/CMSIS/Include -O0 -ffunction-sections -fdata-sections -Wall -fstack-usage -MMD -MP -MF"Drivers/STM32WLxx_HAL_Driver/Src/stm32wlxx_hal_tim_ex.d" -MT"Drivers/STM32WLxx_HAL_Driver/Src/stm32wlxx_hal_tim_ex.o" --specs=nano.specs -mfloat-abi=soft -mthumb -o "Drivers/STM32WLxx_HAL_Driver/Src/stm32wlxx_hal_tim_ex.o"
arm-none-eabi-gcc "../Drivers/STM32WLxx_HAL_Driver/Src/stm32wlxx_hal_uart.c" -mcpu=cortex-m4 -std=gnu11 -g3 -DDEBUG -DCORE_CM4 -DUSE_HAL_DRIVER -DSTM32WL55xx -c -I../Core/Inc -I../LoRaWAN/App -I../LoRaWAN/Target -I../Drivers/STM32WLxx_HAL_Driver/Inc -I../Drivers/STM32WLxx_HAL_Driver/Inc/Legacy -I../Utilities/trace/adv_trace -I../Utilities/misc -I../Utilities/sequencer -I../Utilities/timer -I../Utilities/lpm/tiny_lpm -I../Middlewares/Third_Party/LoRaWAN/LmHandler/Packages -I../Middlewares/Third_Party/SubGHz_Phy -I../Middlewares/Third_Party/SubGHz_Phy/stm32_radio_driver -I../Drivers/CMSIS/Device/ST/STM32WLxx/Include -I../Middlewares/Third_Party/LoRaWAN/Crypto -I../Middlewares/Third_Party/LoRaWAN/Mac/Region -I../Middlewares/Third_Party/LoRaWAN/Mac -I../Middlewares/Third_Party/LoRaWAN/LmHandler -I../Middlewares/Third_Party/LoRaWAN/Utilities -I../Drivers/CMSIS/Include -O0 -ffunction-sections -fdata-sections -Wall -fstack-usage -MMD -MP -MF"Drivers/STM32WLxx_HAL_Driver/Src/stm32wlxx_hal_uart.d" -MT"Drivers/STM32WLxx_HAL_Driver/Src/stm32wlxx_hal_uart.o" --specs=nano.specs -mfloat-abi=soft -mthumb -o "Drivers/STM32WLxx_HAL_Driver/Src/stm32wlxx_hal_uart.o"
arm-none-eabi-gcc "../Drivers/STM32WLxx_HAL_Driver/Src/stm32wlxx_hal_uart_ex.c" -mcpu=cortex-m4 -std=gnu11 -g3 -DDEBUG -DCORE_CM4 -DUSE_HAL_DRIVER -DSTM32WL55xx -c -I../Core/Inc -I../LoRaWAN/App -I../LoRaWAN/Target -I../Drivers/STM32WLxx_HAL_Driver/Inc -I../Drivers/STM32WLxx_HAL_Driver/Inc/Legacy -I../Utilities/trace/adv_trace -I../Utilities/misc -I../Utilities/sequencer -I../Utilities/timer -I../Utilities/lpm/tiny_lpm -I../Middlewares/Third_Party/LoRaWAN/LmHandler/Packages -I../Middlewares/Third_Party/SubGHz_Phy -I../Middlewares/Third_Party/SubGHz_Phy/stm32_radio_driver -I../Drivers/CMSIS/Device/ST/STM32WLxx/Include -I../Middlewares/Third_Party/LoRaWAN/Crypto -I../Middlewares/Third_Party/LoRaWAN/Mac/Region -I../Middlewares/Third_Party/LoRaWAN/Mac -I../Middlewares/Third_Party/LoRaWAN/LmHandler -I../Middlewares/Third_Party/LoRaWAN/Utilities -I../Drivers/CMSIS/Include -O0 -ffunction-sections -fdata-sections -Wall -fstack-usage -MMD -MP -MF"Drivers/STM32WLxx_HAL_Driver/Src/stm32wlxx_hal_uart_ex.d" -MT"Drivers/STM32WLxx_HAL_Driver/Src/stm32wlxx_hal_uart_ex.o" --specs=nano.specs -mfloat-abi=soft -mthumb -o "Drivers/STM32WLxx_HAL_Driver/Src/stm32wlxx_hal_uart_ex.o"
arm-none-eabi-gcc "../Drivers/STM32WLxx_HAL_Driver/Src/stm32wlxx_ll_adc.c" -mcpu=cortex-m4 -std=gnu11 -g3 -DDEBUG -DCORE_CM4 -DUSE_HAL_DRIVER -DSTM32WL55xx -c -I../Core/Inc -I../LoRaWAN/App -I../LoRaWAN/Target -I../Drivers/STM32WLxx_HAL_Driver/Inc -I../Drivers/STM32WLxx_HAL_Driver/Inc/Legacy -I../Utilities/trace/adv_trace -I../Utilities/misc -I../Utilities/sequencer -I../Utilities/timer -I../Utilities/lpm/tiny_lpm -I../Middlewares/Third_Party/LoRaWAN/LmHandler/Packages -I../Middlewares/Third_Party/SubGHz_Phy -I../Middlewares/Third_Party/SubGHz_Phy/stm32_radio_driver -I../Drivers/CMSIS/Device/ST/STM32WLxx/Include -I../Middlewares/Third_Party/LoRaWAN/Crypto -I../Middlewares/Third_Party/LoRaWAN/Mac/Region -I../Middlewares/Third_Party/LoRaWAN/Mac -I../Middlewares/Third_Party/LoRaWAN/LmHandler -I../Middlewares/Third_Party/LoRaWAN/Utilities -I../Drivers/CMSIS/Include -O0 -ffunction-sections -fdata-sections -Wall -fstack-usage -MMD -MP -MF"Drivers/STM32WLxx_HAL_Driver/Src/stm32wlxx_ll_adc.d" -MT"Drivers/STM32WLxx_HAL_Driver/Src/stm32wlxx_ll_adc.o" --specs=nano.specs -mfloat-abi=soft -mthumb -o "Drivers/STM32WLxx_HAL_Driver/Src/stm32wlxx_ll_adc.o"
arm-none-eabi-gcc -mcpu=cortex-m4 -g3 -c -I"C:/Users/evers/Documents/IMAGINE-IOT/Imagine-IoT/Imagine-IoT/7 Lora-nodes STM32WL/Nucleo-WL55JC1/LoRaWAN_End_Node/LoRaWAN_End_Node/Drivers/BSP/IKS01A3" -x assembler-with-cpp -MMD -MP -MF"Core/Startup/startup_stm32wl55jcix.d" -MT"Core/Startup/startup_stm32wl55jcix.o" --specs=nano.specs -mfloat-abi=soft -mthumb -o "Core/Startup/startup_stm32wl55jcix.o" "../Core/Startup/startup_stm32wl55jcix.s"
arm-none-eabi-gcc "../Core/Src/adc.c" -mcpu=cortex-m4 -std=gnu11 -g3 -DDEBUG -DCORE_CM4 -DUSE_HAL_DRIVER -DSTM32WL55xx -c -I../Core/Inc -I../LoRaWAN/App -I../LoRaWAN/Target -I../Drivers/STM32WLxx_HAL_Driver/Inc -I../Drivers/STM32WLxx_HAL_Driver/Inc/Legacy -I../Utilities/trace/adv_trace -I../Utilities/misc -I../Utilities/sequencer -I../Utilities/timer -I../Utilities/lpm/tiny_lpm -I../Middlewares/Third_Party/LoRaWAN/LmHandler/Packages -I../Middlewares/Third_Party/SubGHz_Phy -I../Middlewares/Third_Party/SubGHz_Phy/stm32_radio_driver -I../Drivers/CMSIS/Device/ST/STM32WLxx/Include -I../Middlewares/Third_Party/LoRaWAN/Crypto -I../Middlewares/Third_Party/LoRaWAN/Mac/Region -I../Middlewares/Third_Party/LoRaWAN/Mac -I../Middlewares/Third_Party/LoRaWAN/LmHandler -I../Middlewares/Third_Party/LoRaWAN/Utilities -I../Drivers/CMSIS/Include -O0 -ffunction-sections -fdata-sections -Wall -fstack-usage -MMD -MP -MF"Core/Src/adc.d" -MT"Core/Src/adc.o" --specs=nano.specs -mfloat-abi=soft -mthumb -o "Core/Src/adc.o"
arm-none-eabi-gcc "../Core/Src/adc_if.c" -mcpu=cortex-m4 -std=gnu11 -g3 -DDEBUG -DCORE_CM4 -DUSE_HAL_DRIVER -DSTM32WL55xx -c -I../Core/Inc -I../LoRaWAN/App -I../LoRaWAN/Target -I../Drivers/STM32WLxx_HAL_Driver/Inc -I../Drivers/STM32WLxx_HAL_Driver/Inc/Legacy -I../Utilities/trace/adv_trace -I../Utilities/misc -I../Utilities/sequencer -I../Utilities/timer -I../Utilities/lpm/tiny_lpm -I../Middlewares/Third_Party/LoRaWAN/LmHandler/Packages -I../Middlewares/Third_Party/SubGHz_Phy -I../Middlewares/Third_Party/SubGHz_Phy/stm32_radio_driver -I../Drivers/CMSIS/Device/ST/STM32WLxx/Include -I../Middlewares/Third_Party/LoRaWAN/Crypto -I../Middlewares/Third_Party/LoRaWAN/Mac/Region -I../Middlewares/Third_Party/LoRaWAN/Mac -I../Middlewares/Third_Party/LoRaWAN/LmHandler -I../Middlewares/Third_Party/LoRaWAN/Utilities -I../Drivers/CMSIS/Include -O0 -ffunction-sections -fdata-sections -Wall -fstack-usage -MMD -MP -MF"Core/Src/adc_if.d" -MT"Core/Src/adc_if.o" --specs=nano.specs -mfloat-abi=soft -mthumb -o "Core/Src/adc_if.o"
arm-none-eabi-gcc "../Core/Src/board_resources.c" -mcpu=cortex-m4 -std=gnu11 -g3 -DDEBUG -DCORE_CM4 -DUSE_HAL_DRIVER -DSTM32WL55xx -c -I../Core/Inc -I../LoRaWAN/App -I../LoRaWAN/Target -I../Drivers/STM32WLxx_HAL_Driver/Inc -I../Drivers/STM32WLxx_HAL_Driver/Inc/Legacy -I../Utilities/trace/adv_trace -I../Utilities/misc -I../Utilities/sequencer -I../Utilities/timer -I../Utilities/lpm/tiny_lpm -I../Middlewares/Third_Party/LoRaWAN/LmHandler/Packages -I../Middlewares/Third_Party/SubGHz_Phy -I../Middlewares/Third_Party/SubGHz_Phy/stm32_radio_driver -I../Drivers/CMSIS/Device/ST/STM32WLxx/Include -I../Middlewares/Third_Party/LoRaWAN/Crypto -I../Middlewares/Third_Party/LoRaWAN/Mac/Region -I../Middlewares/Third_Party/LoRaWAN/Mac -I../Middlewares/Third_Party/LoRaWAN/LmHandler -I../Middlewares/Third_Party/LoRaWAN/Utilities -I../Drivers/CMSIS/Include -O0 -ffunction-sections -fdata-sections -Wall -fstack-usage -MMD -MP -MF"Core/Src/board_resources.d" -MT"Core/Src/board_resources.o" --specs=nano.specs -mfloat-abi=soft -mthumb -o "Core/Src/board_resources.o"
arm-none-eabi-gcc "../Core/Src/dma.c" -mcpu=cortex-m4 -std=gnu11 -g3 -DDEBUG -DCORE_CM4 -DUSE_HAL_DRIVER -DSTM32WL55xx -c -I../Core/Inc -I../LoRaWAN/App -I../LoRaWAN/Target -I../Drivers/STM32WLxx_HAL_Driver/Inc -I../Drivers/STM32WLxx_HAL_Driver/Inc/Legacy -I../Utilities/trace/adv_trace -I../Utilities/misc -I../Utilities/sequencer -I../Utilities/timer -I../Utilities/lpm/tiny_lpm -I../Middlewares/Third_Party/LoRaWAN/LmHandler/Packages -I../Middlewares/Third_Party/SubGHz_Phy -I../Middlewares/Third_Party/SubGHz_Phy/stm32_radio_driver -I../Drivers/CMSIS/Device/ST/STM32WLxx/Include -I../Middlewares/Third_Party/LoRaWAN/Crypto -I../Middlewares/Third_Party/LoRaWAN/Mac/Region -I../Middlewares/Third_Party/LoRaWAN/Mac -I../Middlewares/Third_Party/LoRaWAN/LmHandler -I../Middlewares/Third_Party/LoRaWAN/Utilities -I../Drivers/CMSIS/Include -O0 -ffunction-sections -fdata-sections -Wall -fstack-usage -MMD -MP -MF"Core/Src/dma.d" -MT"Core/Src/dma.o" --specs=nano.specs -mfloat-abi=soft -mthumb -o "Core/Src/dma.o"
arm-none-eabi-gcc "../Core/Src/main.c" -mcpu=cortex-m4 -std=gnu11 -g3 -DDEBUG -DCORE_CM4 -DUSE_HAL_DRIVER -DSTM32WL55xx -c -I../Core/Inc -I../LoRaWAN/App -I../LoRaWAN/Target -I../Drivers/STM32WLxx_HAL_Driver/Inc -I../Drivers/STM32WLxx_HAL_Driver/Inc/Legacy -I../Utilities/trace/adv_trace -I../Utilities/misc -I../Utilities/sequencer -I../Utilities/timer -I../Utilities/lpm/tiny_lpm -I../Middlewares/Third_Party/LoRaWAN/LmHandler/Packages -I../Middlewares/Third_Party/SubGHz_Phy -I../Middlewares/Third_Party/SubGHz_Phy/stm32_radio_driver -I../Drivers/CMSIS/Device/ST/STM32WLxx/Include -I../Middlewares/Third_Party/LoRaWAN/Crypto -I../Middlewares/Third_Party/LoRaWAN/Mac/Region -I../Middlewares/Third_Party/LoRaWAN/Mac -I../Middlewares/Third_Party/LoRaWAN/LmHandler -I../Middlewares/Third_Party/LoRaWAN/Utilities -I../Drivers/CMSIS/Include -O0 -ffunction-sections -fdata-sections -Wall -fstack-usage -MMD -MP -MF"Core/Src/main.d" -MT"Core/Src/main.o" --specs=nano.specs -mfloat-abi=soft -mthumb -o "Core/Src/main.o"
arm-none-eabi-gcc "../Core/Src/rtc.c" -mcpu=cortex-m4 -std=gnu11 -g3 -DDEBUG -DCORE_CM4 -DUSE_HAL_DRIVER -DSTM32WL55xx -c -I../Core/Inc -I../LoRaWAN/App -I../LoRaWAN/Target -I../Drivers/STM32WLxx_HAL_Driver/Inc -I../Drivers/STM32WLxx_HAL_Driver/Inc/Legacy -I../Utilities/trace/adv_trace -I../Utilities/misc -I../Utilities/sequencer -I../Utilities/timer -I../Utilities/lpm/tiny_lpm -I../Middlewares/Third_Party/LoRaWAN/LmHandler/Packages -I../Middlewares/Third_Party/SubGHz_Phy -I../Middlewares/Third_Party/SubGHz_Phy/stm32_radio_driver -I../Drivers/CMSIS/Device/ST/STM32WLxx/Include -I../Middlewares/Third_Party/LoRaWAN/Crypto -I../Middlewares/Third_Party/LoRaWAN/Mac/Region -I../Middlewares/Third_Party/LoRaWAN/Mac -I../Middlewares/Third_Party/LoRaWAN/LmHandler -I../Middlewares/Third_Party/LoRaWAN/Utilities -I../Drivers/CMSIS/Include -O0 -ffunction-sections -fdata-sections -Wall -fstack-usage -MMD -MP -MF"Core/Src/rtc.d" -MT"Core/Src/rtc.o" --specs=nano.specs -mfloat-abi=soft -mthumb -o "Core/Src/rtc.o"
arm-none-eabi-gcc "../Core/Src/stm32_lpm_if.c" -mcpu=cortex-m4 -std=gnu11 -g3 -DDEBUG -DCORE_CM4 -DUSE_HAL_DRIVER -DSTM32WL55xx -c -I../Core/Inc -I../LoRaWAN/App -I../LoRaWAN/Target -I../Drivers/STM32WLxx_HAL_Driver/Inc -I../Drivers/STM32WLxx_HAL_Driver/Inc/Legacy -I../Utilities/trace/adv_trace -I../Utilities/misc -I../Utilities/sequencer -I../Utilities/timer -I../Utilities/lpm/tiny_lpm -I../Middlewares/Third_Party/LoRaWAN/LmHandler/Packages -I../Middlewares/Third_Party/SubGHz_Phy -I../Middlewares/Third_Party/SubGHz_Phy/stm32_radio_driver -I../Drivers/CMSIS/Device/ST/STM32WLxx/Include -I../Middlewares/Third_Party/LoRaWAN/Crypto -I../Middlewares/Third_Party/LoRaWAN/Mac/Region -I../Middlewares/Third_Party/LoRaWAN/Mac -I../Middlewares/Third_Party/LoRaWAN/LmHandler -I../Middlewares/Third_Party/LoRaWAN/Utilities -I../Drivers/CMSIS/Include -O0 -ffunction-sections -fdata-sections -Wall -fstack-usage -MMD -MP -MF"Core/Src/stm32_lpm_if.d" -MT"Core/Src/stm32_lpm_if.o" --specs=nano.specs -mfloat-abi=soft -mthumb -o "Core/Src/stm32_lpm_if.o"
arm-none-eabi-gcc "../Core/Src/stm32wlxx_hal_msp.c" -mcpu=cortex-m4 -std=gnu11 -g3 -DDEBUG -DCORE_CM4 -DUSE_HAL_DRIVER -DSTM32WL55xx -c -I../Core/Inc -I../LoRaWAN/App -I../LoRaWAN/Target -I../Drivers/STM32WLxx_HAL_Driver/Inc -I../Drivers/STM32WLxx_HAL_Driver/Inc/Legacy -I../Utilities/trace/adv_trace -I../Utilities/misc -I../Utilities/sequencer -I../Utilities/timer -I../Utilities/lpm/tiny_lpm -I../Middlewares/Third_Party/LoRaWAN/LmHandler/Packages -I../Middlewares/Third_Party/SubGHz_Phy -I../Middlewares/Third_Party/SubGHz_Phy/stm32_radio_driver -I../Drivers/CMSIS/Device/ST/STM32WLxx/Include -I../Middlewares/Third_Party/LoRaWAN/Crypto -I../Middlewares/Third_Party/LoRaWAN/Mac/Region -I../Middlewares/Third_Party/LoRaWAN/Mac -I../Middlewares/Third_Party/LoRaWAN/LmHandler -I../Middlewares/Third_Party/LoRaWAN/Utilities -I../Drivers/CMSIS/Include -O0 -ffunction-sections -fdata-sections -Wall -fstack-usage -MMD -MP -MF"Core/Src/stm32wlxx_hal_msp.d" -MT"Core/Src/stm32wlxx_hal_msp.o" --specs=nano.specs -mfloat-abi=soft -mthumb -o "Core/Src/stm32wlxx_hal_msp.o"
arm-none-eabi-gcc "../Core/Src/stm32wlxx_it.c" -mcpu=cortex-m4 -std=gnu11 -g3 -DDEBUG -DCORE_CM4 -DUSE_HAL_DRIVER -DSTM32WL55xx -c -I../Core/Inc -I../LoRaWAN/App -I../LoRaWAN/Target -I../Drivers/STM32WLxx_HAL_Driver/Inc -I../Drivers/STM32WLxx_HAL_Driver/Inc/Legacy -I../Utilities/trace/adv_trace -I../Utilities/misc -I../Utilities/sequencer -I../Utilities/timer -I../Utilities/lpm/tiny_lpm -I../Middlewares/Third_Party/LoRaWAN/LmHandler/Packages -I../Middlewares/Third_Party/SubGHz_Phy -I../Middlewares/Third_Party/SubGHz_Phy/stm32_radio_driver -I../Drivers/CMSIS/Device/ST/STM32WLxx/Include -I../Middlewares/Third_Party/LoRaWAN/Crypto -I../Middlewares/Third_Party/LoRaWAN/Mac/Region -I../Middlewares/Third_Party/LoRaWAN/Mac -I../Middlewares/Third_Party/LoRaWAN/LmHandler -I../Middlewares/Third_Party/LoRaWAN/Utilities -I../Drivers/CMSIS/Include -O0 -ffunction-sections -fdata-sections -Wall -fstack-usage -MMD -MP -MF"Core/Src/stm32wlxx_it.d" -MT"Core/Src/stm32wlxx_it.o" --specs=nano.specs -mfloat-abi=soft -mthumb -o "Core/Src/stm32wlxx_it.o"
arm-none-eabi-gcc "../Core/Src/subghz.c" -mcpu=cortex-m4 -std=gnu11 -g3 -DDEBUG -DCORE_CM4 -DUSE_HAL_DRIVER -DSTM32WL55xx -c -I../Core/Inc -I../LoRaWAN/App -I../LoRaWAN/Target -I../Drivers/STM32WLxx_HAL_Driver/Inc -I../Drivers/STM32WLxx_HAL_Driver/Inc/Legacy -I../Utilities/trace/adv_trace -I../Utilities/misc -I../Utilities/sequencer -I../Utilities/timer -I../Utilities/lpm/tiny_lpm -I../Middlewares/Third_Party/LoRaWAN/LmHandler/Packages -I../Middlewares/Third_Party/SubGHz_Phy -I../Middlewares/Third_Party/SubGHz_Phy/stm32_radio_driver -I../Drivers/CMSIS/Device/ST/STM32WLxx/Include -I../Middlewares/Third_Party/LoRaWAN/Crypto -I../Middlewares/Third_Party/LoRaWAN/Mac/Region -I../Middlewares/Third_Party/LoRaWAN/Mac -I../Middlewares/Third_Party/LoRaWAN/LmHandler -I../Middlewares/Third_Party/LoRaWAN/Utilities -I../Drivers/CMSIS/Include -O0 -ffunction-sections -fdata-sections -Wall -fstack-usage -MMD -MP -MF"Core/Src/subghz.d" -MT"Core/Src/subghz.o" --specs=nano.specs -mfloat-abi=soft -mthumb -o "Core/Src/subghz.o"
arm-none-eabi-gcc "../Core/Src/sys_app.c" -mcpu=cortex-m4 -std=gnu11 -g3 -DDEBUG -DCORE_CM4 -DUSE_HAL_DRIVER -DSTM32WL55xx -c -I../Core/Inc -I../LoRaWAN/App -I../LoRaWAN/Target -I../Drivers/STM32WLxx_HAL_Driver/Inc -I../Drivers/STM32WLxx_HAL_Driver/Inc/Legacy -I../Utilities/trace/adv_trace -I../Utilities/misc -I../Utilities/sequencer -I../Utilities/timer -I../Utilities/lpm/tiny_lpm -I../Middlewares/Third_Party/LoRaWAN/LmHandler/Packages -I../Middlewares/Third_Party/SubGHz_Phy -I../Middlewares/Third_Party/SubGHz_Phy/stm32_radio_driver -I../Drivers/CMSIS/Device/ST/STM32WLxx/Include -I../Middlewares/Third_Party/LoRaWAN/Crypto -I../Middlewares/Third_Party/LoRaWAN/Mac/Region -I../Middlewares/Third_Party/LoRaWAN/Mac -I../Middlewares/Third_Party/LoRaWAN/LmHandler -I../Middlewares/Third_Party/LoRaWAN/Utilities -I../Drivers/CMSIS/Include -O0 -ffunction-sections -fdata-sections -Wall -fstack-usage -MMD -MP -MF"Core/Src/sys_app.d" -MT"Core/Src/sys_app.o" --specs=nano.specs -mfloat-abi=soft -mthumb -o "Core/Src/sys_app.o"
arm-none-eabi-gcc "../Core/Src/sys_debug.c" -mcpu=cortex-m4 -std=gnu11 -g3 -DDEBUG -DCORE_CM4 -DUSE_HAL_DRIVER -DSTM32WL55xx -c -I../Core/Inc -I../LoRaWAN/App -I../LoRaWAN/Target -I../Drivers/STM32WLxx_HAL_Driver/Inc -I../Drivers/STM32WLxx_HAL_Driver/Inc/Legacy -I../Utilities/trace/adv_trace -I../Utilities/misc -I../Utilities/sequencer -I../Utilities/timer -I../Utilities/lpm/tiny_lpm -I../Middlewares/Third_Party/LoRaWAN/LmHandler/Packages -I../Middlewares/Third_Party/SubGHz_Phy -I../Middlewares/Third_Party/SubGHz_Phy/stm32_radio_driver -I../Drivers/CMSIS/Device/ST/STM32WLxx/Include -I../Middlewares/Third_Party/LoRaWAN/Crypto -I../Middlewares/Third_Party/LoRaWAN/Mac/Region -I../Middlewares/Third_Party/LoRaWAN/Mac -I../Middlewares/Third_Party/LoRaWAN/LmHandler -I../Middlewares/Third_Party/LoRaWAN/Utilities -I../Drivers/CMSIS/Include -O0 -ffunction-sections -fdata-sections -Wall -fstack-usage -MMD -MP -MF"Core/Src/sys_debug.d" -MT"Core/Src/sys_debug.o" --specs=nano.specs -mfloat-abi=soft -mthumb -o "Core/Src/sys_debug.o"
arm-none-eabi-gcc "../Core/Src/sys_sensors.c" -mcpu=cortex-m4 -std=gnu11 -g3 -DDEBUG -DCORE_CM4 -DUSE_HAL_DRIVER -DSTM32WL55xx -c -I../Core/Inc -I../LoRaWAN/App -I../LoRaWAN/Target -I../Drivers/STM32WLxx_HAL_Driver/Inc -I../Drivers/STM32WLxx_HAL_Driver/Inc/Legacy -I../Utilities/trace/adv_trace -I../Utilities/misc -I../Utilities/sequencer -I../Utilities/timer -I../Utilities/lpm/tiny_lpm -I../Middlewares/Third_Party/LoRaWAN/LmHandler/Packages -I../Middlewares/Third_Party/SubGHz_Phy -I../Middlewares/Third_Party/SubGHz_Phy/stm32_radio_driver -I../Drivers/CMSIS/Device/ST/STM32WLxx/Include -I../Middlewares/Third_Party/LoRaWAN/Crypto -I../Middlewares/Third_Party/LoRaWAN/Mac/Region -I../Middlewares/Third_Party/LoRaWAN/Mac -I../Middlewares/Third_Party/LoRaWAN/LmHandler -I../Middlewares/Third_Party/LoRaWAN/Utilities -I../Drivers/CMSIS/Include -O0 -ffunction-sections -fdata-sections -Wall -fstack-usage -MMD -MP -MF"Core/Src/sys_sensors.d" -MT"Core/Src/sys_sensors.o" --specs=nano.specs -mfloat-abi=soft -mthumb -o "Core/Src/sys_sensors.o"
arm-none-eabi-gcc "../Core/Src/syscalls.c" -mcpu=cortex-m4 -std=gnu11 -g3 -DDEBUG -DCORE_CM4 -DUSE_HAL_DRIVER -DSTM32WL55xx -c -I../Core/Inc -I../LoRaWAN/App -I../LoRaWAN/Target -I../Drivers/STM32WLxx_HAL_Driver/Inc -I../Drivers/STM32WLxx_HAL_Driver/Inc/Legacy -I../Utilities/trace/adv_trace -I../Utilities/misc -I../Utilities/sequencer -I../Utilities/timer -I../Utilities/lpm/tiny_lpm -I../Middlewares/Third_Party/LoRaWAN/LmHandler/Packages -I../Middlewares/Third_Party/SubGHz_Phy -I../Middlewares/Third_Party/SubGHz_Phy/stm32_radio_driver -I../Drivers/CMSIS/Device/ST/STM32WLxx/Include -I../Middlewares/Third_Party/LoRaWAN/Crypto -I../Middlewares/Third_Party/LoRaWAN/Mac/Region -I../Middlewares/Third_Party/LoRaWAN/Mac -I../Middlewares/Third_Party/LoRaWAN/LmHandler -I../Middlewares/Third_Party/LoRaWAN/Utilities -I../Drivers/CMSIS/Include -O0 -ffunction-sections -fdata-sections -Wall -fstack-usage -MMD -MP -MF"Core/Src/syscalls.d" -MT"Core/Src/syscalls.o" --specs=nano.specs -mfloat-abi=soft -mthumb -o "Core/Src/syscalls.o"
arm-none-eabi-gcc "../Core/Src/sysmem.c" -mcpu=cortex-m4 -std=gnu11 -g3 -DDEBUG -DCORE_CM4 -DUSE_HAL_DRIVER -DSTM32WL55xx -c -I../Core/Inc -I../LoRaWAN/App -I../LoRaWAN/Target -I../Drivers/STM32WLxx_HAL_Driver/Inc -I../Drivers/STM32WLxx_HAL_Driver/Inc/Legacy -I../Utilities/trace/adv_trace -I../Utilities/misc -I../Utilities/sequencer -I../Utilities/timer -I../Utilities/lpm/tiny_lpm -I../Middlewares/Third_Party/LoRaWAN/LmHandler/Packages -I../Middlewares/Third_Party/SubGHz_Phy -I../Middlewares/Third_Party/SubGHz_Phy/stm32_radio_driver -I../Drivers/CMSIS/Device/ST/STM32WLxx/Include -I../Middlewares/Third_Party/LoRaWAN/Crypto -I../Middlewares/Third_Party/LoRaWAN/Mac/Region -I../Middlewares/Third_Party/LoRaWAN/Mac -I../Middlewares/Third_Party/LoRaWAN/LmHandler -I../Middlewares/Third_Party/LoRaWAN/Utilities -I../Drivers/CMSIS/Include -O0 -ffunction-sections -fdata-sections -Wall -fstack-usage -MMD -MP -MF"Core/Src/sysmem.d" -MT"Core/Src/sysmem.o" --specs=nano.specs -mfloat-abi=soft -mthumb -o "Core/Src/sysmem.o"
arm-none-eabi-gcc "../Core/Src/system_stm32wlxx.c" -mcpu=cortex-m4 -std=gnu11 -g3 -DDEBUG -DCORE_CM4 -DUSE_HAL_DRIVER -DSTM32WL55xx -c -I../Core/Inc -I../LoRaWAN/App -I../LoRaWAN/Target -I../Drivers/STM32WLxx_HAL_Driver/Inc -I../Drivers/STM32WLxx_HAL_Driver/Inc/Legacy -I../Utilities/trace/adv_trace -I../Utilities/misc -I../Utilities/sequencer -I../Utilities/timer -I../Utilities/lpm/tiny_lpm -I../Middlewares/Third_Party/LoRaWAN/LmHandler/Packages -I../Middlewares/Third_Party/SubGHz_Phy -I../Middlewares/Third_Party/SubGHz_Phy/stm32_radio_driver -I../Drivers/CMSIS/Device/ST/STM32WLxx/Include -I../Middlewares/Third_Party/LoRaWAN/Crypto -I../Middlewares/Third_Party/LoRaWAN/Mac/Region -I../Middlewares/Third_Party/LoRaWAN/Mac -I../Middlewares/Third_Party/LoRaWAN/LmHandler -I../Middlewares/Third_Party/LoRaWAN/Utilities -I../Drivers/CMSIS/Include -O0 -ffunction-sections -fdata-sections -Wall -fstack-usage -MMD -MP -MF"Core/Src/system_stm32wlxx.d" -MT"Core/Src/system_stm32wlxx.o" --specs=nano.specs -mfloat-abi=soft -mthumb -o "Core/Src/system_stm32wlxx.o"
arm-none-eabi-gcc "../Core/Src/timer_if.c" -mcpu=cortex-m4 -std=gnu11 -g3 -DDEBUG -DCORE_CM4 -DUSE_HAL_DRIVER -DSTM32WL55xx -c -I../Core/Inc -I../LoRaWAN/App -I../LoRaWAN/Target -I../Drivers/STM32WLxx_HAL_Driver/Inc -I../Drivers/STM32WLxx_HAL_Driver/Inc/Legacy -I../Utilities/trace/adv_trace -I../Utilities/misc -I../Utilities/sequencer -I../Utilities/timer -I../Utilities/lpm/tiny_lpm -I../Middlewares/Third_Party/LoRaWAN/LmHandler/Packages -I../Middlewares/Third_Party/SubGHz_Phy -I../Middlewares/Third_Party/SubGHz_Phy/stm32_radio_driver -I../Drivers/CMSIS/Device/ST/STM32WLxx/Include -I../Middlewares/Third_Party/LoRaWAN/Crypto -I../Middlewares/Third_Party/LoRaWAN/Mac/Region -I../Middlewares/Third_Party/LoRaWAN/Mac -I../Middlewares/Third_Party/LoRaWAN/LmHandler -I../Middlewares/Third_Party/LoRaWAN/Utilities -I../Drivers/CMSIS/Include -O0 -ffunction-sections -fdata-sections -Wall -fstack-usage -MMD -MP -MF"Core/Src/timer_if.d" -MT"Core/Src/timer_if.o" --specs=nano.specs -mfloat-abi=soft -mthumb -o "Core/Src/timer_if.o"
arm-none-eabi-gcc "../Core/Src/usart.c" -mcpu=cortex-m4 -std=gnu11 -g3 -DDEBUG -DCORE_CM4 -DUSE_HAL_DRIVER -DSTM32WL55xx -c -I../Core/Inc -I../LoRaWAN/App -I../LoRaWAN/Target -I../Drivers/STM32WLxx_HAL_Driver/Inc -I../Drivers/STM32WLxx_HAL_Driver/Inc/Legacy -I../Utilities/trace/adv_trace -I../Utilities/misc -I../Utilities/sequencer -I../Utilities/timer -I../Utilities/lpm/tiny_lpm -I../Middlewares/Third_Party/LoRaWAN/LmHandler/Packages -I../Middlewares/Third_Party/SubGHz_Phy -I../Middlewares/Third_Party/SubGHz_Phy/stm32_radio_driver -I../Drivers/CMSIS/Device/ST/STM32WLxx/Include -I../Middlewares/Third_Party/LoRaWAN/Crypto -I../Middlewares/Third_Party/LoRaWAN/Mac/Region -I../Middlewares/Third_Party/LoRaWAN/Mac -I../Middlewares/Third_Party/LoRaWAN/LmHandler -I../Middlewares/Third_Party/LoRaWAN/Utilities -I../Drivers/CMSIS/Include -O0 -ffunction-sections -fdata-sections -Wall -fstack-usage -MMD -MP -MF"Core/Src/usart.d" -MT"Core/Src/usart.o" --specs=nano.specs -mfloat-abi=soft -mthumb -o "Core/Src/usart.o"
arm-none-eabi-gcc "../Core/Src/usart_if.c" -mcpu=cortex-m4 -std=gnu11 -g3 -DDEBUG -DCORE_CM4 -DUSE_HAL_DRIVER -DSTM32WL55xx -c -I../Core/Inc -I../LoRaWAN/App -I../LoRaWAN/Target -I../Drivers/STM32WLxx_HAL_Driver/Inc -I../Drivers/STM32WLxx_HAL_Driver/Inc/Legacy -I../Utilities/trace/adv_trace -I../Utilities/misc -I../Utilities/sequencer -I../Utilities/timer -I../Utilities/lpm/tiny_lpm -I../Middlewares/Third_Party/LoRaWAN/LmHandler/Packages -I../Middlewares/Third_Party/SubGHz_Phy -I../Middlewares/Third_Party/SubGHz_Phy/stm32_radio_driver -I../Drivers/CMSIS/Device/ST/STM32WLxx/Include -I../Middlewares/Third_Party/LoRaWAN/Crypto -I../Middlewares/Third_Party/LoRaWAN/Mac/Region -I../Middlewares/Third_Party/LoRaWAN/Mac -I../Middlewares/Third_Party/LoRaWAN/LmHandler -I../Middlewares/Third_Party/LoRaWAN/Utilities -I../Drivers/CMSIS/Include -O0 -ffunction-sections -fdata-sections -Wall -fstack-usage -MMD -MP -MF"Core/Src/usart_if.d" -MT"Core/Src/usart_if.o" --specs=nano.specs -mfloat-abi=soft -mthumb -o "Core/Src/usart_if.o"
arm-none-eabi-gcc -o "LoRaWAN_End_Node.elf" @"objects.list"   -mcpu=cortex-m4 -T"C:\Users\evers\Documents\IMAGINE-IOT\Imagine-IoT\Imagine-IoT\7 Lora-nodes STM32WL\Nucleo-WL55JC1\LoRaWAN_End_Node\LoRaWAN_End_Node\STM32WL55JCIX_FLASH.ld" --specs=nosys.specs -Wl,-Map="LoRaWAN_End_Node.map" -Wl,--gc-sections -static --specs=nano.specs -mfloat-abi=soft -mthumb -Wl,--start-group -lc -lm -Wl,--end-group
Finished building target: LoRaWAN_End_Node.elf
 
arm-none-eabi-size   LoRaWAN_End_Node.elf 
arm-none-eabi-objdump -h -S  LoRaWAN_End_Node.elf  > "LoRaWAN_End_Node.list"
arm-none-eabi-objcopy  -O binary  LoRaWAN_End_Node.elf  "LoRaWAN_End_Node.bin"
   text	   data	    bss	    dec	    hex	filename
 113348	    464	   8616	 122428	  1de3c	LoRaWAN_End_Node.elf
Finished building: default.size.stdout
 
Finished building: LoRaWAN_End_Node.bin
 
Finished building: LoRaWAN_End_Node.list
 

16:08:29 Build Finished. 0 errors, 0 warnings. (took 14s.576ms)

