CayenneLpp.c:90:6:CayenneLppInit	0	static
CayenneLpp.c:98:6:CayenneLppReset	0	static
CayenneLpp.c:106:9:CayenneLppGetSize	0	static
CayenneLpp.c:114:10:CayenneLppGetBuffer	0	static
CayenneLpp.c:122:9:CayenneLppCopy	8	static
CayenneLpp.c:134:9:CayenneLppAddDigitalInput	12	static
CayenneLpp.c:152:9:CayenneLppAddDigitalOutput	12	static
CayenneLpp.c:170:9:CayenneLppAddAnalogInput	16	static
CayenneLpp.c:191:9:CayenneLppAddAnalogOutput	16	static
CayenneLpp.c:211:9:CayenneLppAddLuminosity	12	static
CayenneLpp.c:230:9:CayenneLppAddPresence	12	static
CayenneLpp.c:248:9:CayenneLppAddTemperature	16	static
CayenneLpp.c:268:9:CayenneLppAddRelativeHumidity	12	static
CayenneLpp.c:286:9:CayenneLppAddAccelerometer	24	static
CayenneLpp.c:313:9:CayenneLppAddBarometricPressure	16	static
CayenneLpp.c:334:9:CayenneLppAddGyrometer	24	static
CayenneLpp.c:361:9:CayenneLppAddGps	20	static
