debug.h:16:6:UART_SEND_NL	16	static
debug.h:22:6:UART_SEND_CHR	24	static
debug.h:29:6:UART_SEND_INT	40	static
debug.h:38:6:UART_SEND_FLT	40	static
debug.h:47:6:UART_SEND_TXT	24	static
debug.h:54:6:UART_SEND_Any	40	static
main.c:84:5:main	8	static
main.c:166:6:SystemClock_Config	232	static
main.c:221:13:MX_USART2_UART_Init	8	static
main.c:256:13:MX_GPIO_Init	48	static
main.c:295:6:StartBlink01	16	static
main.c:315:6:StartBlink02	16	static
main.c:336:6:HAL_TIM_PeriodElapsedCallback	16	static
main.c:353:6:Error_Handler	4	static,ignoring_inline_asm
