arm-none-eabi-gcc "C:/Users/evers/Documents/IMAGINE-IOT/Imagine-IoT/Imagine-IoT/9 Nucleo boards/NUCLEO-H723ZG/ip_example/LwIP_TCP_Echo_Server/Middlewares/Third_Party/LwIP/src/core/ipv4/icmp.c" -mcpu=cortex-m7 -std=gnu11 -DUSE_HAL_DRIVER -DSTM32H723xx -c -I../../Src -I../../Middlewares/Third_Party/LwIP/system -I../../Drivers/BSP/STM32H7xx_Nucleo -I../../Drivers/CMSIS/Device/ST/STM32H7xx/Include -I../../Drivers/BSP/Components -I../../Inc -I../../Middlewares/Third_Party/LwIP/src/include -I../../Drivers/BSP/Components/Common -I../../Drivers/STM32H7xx_HAL_Driver/Inc -I../../Drivers/CMSIS/Include -Os -ffunction-sections -fdata-sections -Wall -fstack-usage -MMD -MP -MF"Middlewares/LwIP/Core/IPv4/icmp.d" -MT"Middlewares/LwIP/Core/IPv4/icmp.o" --specs=nano.specs -mfpu=fpv5-d16 -mfloat-abi=hard -mthumb -o "Middlewares/LwIP/Core/IPv4/icmp.o"
arm-none-eabi-gcc "C:/Users/evers/Documents/IMAGINE-IOT/Imagine-IoT/Imagine-IoT/9 Nucleo boards/NUCLEO-H723ZG/ip_example/LwIP_TCP_Echo_Server/Middlewares/Third_Party/LwIP/src/core/ipv4/igmp.c" -mcpu=cortex-m7 -std=gnu11 -DUSE_HAL_DRIVER -DSTM32H723xx -c -I../../Src -I../../Middlewares/Third_Party/LwIP/system -I../../Drivers/BSP/STM32H7xx_Nucleo -I../../Drivers/CMSIS/Device/ST/STM32H7xx/Include -I../../Drivers/BSP/Components -I../../Inc -I../../Middlewares/Third_Party/LwIP/src/include -I../../Drivers/BSP/Components/Common -I../../Drivers/STM32H7xx_HAL_Driver/Inc -I../../Drivers/CMSIS/Include -Os -ffunction-sections -fdata-sections -Wall -fstack-usage -MMD -MP -MF"Middlewares/LwIP/Core/IPv4/igmp.d" -MT"Middlewares/LwIP/Core/IPv4/igmp.o" --specs=nano.specs -mfpu=fpv5-d16 -mfloat-abi=hard -mthumb -o "Middlewares/LwIP/Core/IPv4/igmp.o"
arm-none-eabi-gcc "C:/Users/evers/Documents/IMAGINE-IOT/Imagine-IoT/Imagine-IoT/9 Nucleo boards/NUCLEO-H723ZG/ip_example/LwIP_TCP_Echo_Server/Middlewares/Third_Party/LwIP/src/core/ipv4/ip4.c" -mcpu=cortex-m7 -std=gnu11 -DUSE_HAL_DRIVER -DSTM32H723xx -c -I../../Src -I../../Middlewares/Third_Party/LwIP/system -I../../Drivers/BSP/STM32H7xx_Nucleo -I../../Drivers/CMSIS/Device/ST/STM32H7xx/Include -I../../Drivers/BSP/Components -I../../Inc -I../../Middlewares/Third_Party/LwIP/src/include -I../../Drivers/BSP/Components/Common -I../../Drivers/STM32H7xx_HAL_Driver/Inc -I../../Drivers/CMSIS/Include -Os -ffunction-sections -fdata-sections -Wall -fstack-usage -MMD -MP -MF"Middlewares/LwIP/Core/IPv4/ip4.d" -MT"Middlewares/LwIP/Core/IPv4/ip4.o" --specs=nano.specs -mfpu=fpv5-d16 -mfloat-abi=hard -mthumb -o "Middlewares/LwIP/Core/IPv4/ip4.o"
arm-none-eabi-gcc "C:/Users/evers/Documents/IMAGINE-IOT/Imagine-IoT/Imagine-IoT/9 Nucleo boards/NUCLEO-H723ZG/ip_example/LwIP_TCP_Echo_Server/Middlewares/Third_Party/LwIP/src/core/ipv4/ip4_addr.c" -mcpu=cortex-m7 -std=gnu11 -DUSE_HAL_DRIVER -DSTM32H723xx -c -I../../Src -I../../Middlewares/Third_Party/LwIP/system -I../../Drivers/BSP/STM32H7xx_Nucleo -I../../Drivers/CMSIS/Device/ST/STM32H7xx/Include -I../../Drivers/BSP/Components -I../../Inc -I../../Middlewares/Third_Party/LwIP/src/include -I../../Drivers/BSP/Components/Common -I../../Drivers/STM32H7xx_HAL_Driver/Inc -I../../Drivers/CMSIS/Include -Os -ffunction-sections -fdata-sections -Wall -fstack-usage -MMD -MP -MF"Middlewares/LwIP/Core/IPv4/ip4_addr.d" -MT"Middlewares/LwIP/Core/IPv4/ip4_addr.o" --specs=nano.specs -mfpu=fpv5-d16 -mfloat-abi=hard -mthumb -o "Middlewares/LwIP/Core/IPv4/ip4_addr.o"
arm-none-eabi-gcc "C:/Users/evers/Documents/IMAGINE-IOT/Imagine-IoT/Imagine-IoT/9 Nucleo boards/NUCLEO-H723ZG/ip_example/LwIP_TCP_Echo_Server/Middlewares/Third_Party/LwIP/src/core/ipv4/ip4_frag.c" -mcpu=cortex-m7 -std=gnu11 -DUSE_HAL_DRIVER -DSTM32H723xx -c -I../../Src -I../../Middlewares/Third_Party/LwIP/system -I../../Drivers/BSP/STM32H7xx_Nucleo -I../../Drivers/CMSIS/Device/ST/STM32H7xx/Include -I../../Drivers/BSP/Components -I../../Inc -I../../Middlewares/Third_Party/LwIP/src/include -I../../Drivers/BSP/Components/Common -I../../Drivers/STM32H7xx_HAL_Driver/Inc -I../../Drivers/CMSIS/Include -Os -ffunction-sections -fdata-sections -Wall -fstack-usage -MMD -MP -MF"Middlewares/LwIP/Core/IPv4/ip4_frag.d" -MT"Middlewares/LwIP/Core/IPv4/ip4_frag.o" --specs=nano.specs -mfpu=fpv5-d16 -mfloat-abi=hard -mthumb -o "Middlewares/LwIP/Core/IPv4/ip4_frag.o"
arm-none-eabi-gcc "C:/Users/evers/Documents/IMAGINE-IOT/Imagine-IoT/Imagine-IoT/9 Nucleo boards/NUCLEO-H723ZG/ip_example/LwIP_TCP_Echo_Server/Middlewares/Third_Party/LwIP/src/core/def.c" -mcpu=cortex-m7 -std=gnu11 -DUSE_HAL_DRIVER -DSTM32H723xx -c -I../../Src -I../../Middlewares/Third_Party/LwIP/system -I../../Drivers/BSP/STM32H7xx_Nucleo -I../../Drivers/CMSIS/Device/ST/STM32H7xx/Include -I../../Drivers/BSP/Components -I../../Inc -I../../Middlewares/Third_Party/LwIP/src/include -I../../Drivers/BSP/Components/Common -I../../Drivers/STM32H7xx_HAL_Driver/Inc -I../../Drivers/CMSIS/Include -Os -ffunction-sections -fdata-sections -Wall -fstack-usage -MMD -MP -MF"Middlewares/LwIP/Core/def.d" -MT"Middlewares/LwIP/Core/def.o" --specs=nano.specs -mfpu=fpv5-d16 -mfloat-abi=hard -mthumb -o "Middlewares/LwIP/Core/def.o"
arm-none-eabi-gcc "C:/Users/evers/Documents/IMAGINE-IOT/Imagine-IoT/Imagine-IoT/9 Nucleo boards/NUCLEO-H723ZG/ip_example/LwIP_TCP_Echo_Server/Middlewares/Third_Party/LwIP/src/core/dns.c" -mcpu=cortex-m7 -std=gnu11 -DUSE_HAL_DRIVER -DSTM32H723xx -c -I../../Src -I../../Middlewares/Third_Party/LwIP/system -I../../Drivers/BSP/STM32H7xx_Nucleo -I../../Drivers/CMSIS/Device/ST/STM32H7xx/Include -I../../Drivers/BSP/Components -I../../Inc -I../../Middlewares/Third_Party/LwIP/src/include -I../../Drivers/BSP/Components/Common -I../../Drivers/STM32H7xx_HAL_Driver/Inc -I../../Drivers/CMSIS/Include -Os -ffunction-sections -fdata-sections -Wall -fstack-usage -MMD -MP -MF"Middlewares/LwIP/Core/dns.d" -MT"Middlewares/LwIP/Core/dns.o" --specs=nano.specs -mfpu=fpv5-d16 -mfloat-abi=hard -mthumb -o "Middlewares/LwIP/Core/dns.o"
arm-none-eabi-gcc "C:/Users/evers/Documents/IMAGINE-IOT/Imagine-IoT/Imagine-IoT/9 Nucleo boards/NUCLEO-H723ZG/ip_example/LwIP_TCP_Echo_Server/Middlewares/Third_Party/LwIP/src/core/inet_chksum.c" -mcpu=cortex-m7 -std=gnu11 -DUSE_HAL_DRIVER -DSTM32H723xx -c -I../../Src -I../../Middlewares/Third_Party/LwIP/system -I../../Drivers/BSP/STM32H7xx_Nucleo -I../../Drivers/CMSIS/Device/ST/STM32H7xx/Include -I../../Drivers/BSP/Components -I../../Inc -I../../Middlewares/Third_Party/LwIP/src/include -I../../Drivers/BSP/Components/Common -I../../Drivers/STM32H7xx_HAL_Driver/Inc -I../../Drivers/CMSIS/Include -Os -ffunction-sections -fdata-sections -Wall -fstack-usage -MMD -MP -MF"Middlewares/LwIP/Core/inet_chksum.d" -MT"Middlewares/LwIP/Core/inet_chksum.o" --specs=nano.specs -mfpu=fpv5-d16 -mfloat-abi=hard -mthumb -o "Middlewares/LwIP/Core/inet_chksum.o"
arm-none-eabi-gcc "C:/Users/evers/Documents/IMAGINE-IOT/Imagine-IoT/Imagine-IoT/9 Nucleo boards/NUCLEO-H723ZG/ip_example/LwIP_TCP_Echo_Server/Middlewares/Third_Party/LwIP/src/core/init.c" -mcpu=cortex-m7 -std=gnu11 -DUSE_HAL_DRIVER -DSTM32H723xx -c -I../../Src -I../../Middlewares/Third_Party/LwIP/system -I../../Drivers/BSP/STM32H7xx_Nucleo -I../../Drivers/CMSIS/Device/ST/STM32H7xx/Include -I../../Drivers/BSP/Components -I../../Inc -I../../Middlewares/Third_Party/LwIP/src/include -I../../Drivers/BSP/Components/Common -I../../Drivers/STM32H7xx_HAL_Driver/Inc -I../../Drivers/CMSIS/Include -Os -ffunction-sections -fdata-sections -Wall -fstack-usage -MMD -MP -MF"Middlewares/LwIP/Core/init.d" -MT"Middlewares/LwIP/Core/init.o" --specs=nano.specs -mfpu=fpv5-d16 -mfloat-abi=hard -mthumb -o "Middlewares/LwIP/Core/init.o"
arm-none-eabi-gcc "C:/Users/evers/Documents/IMAGINE-IOT/Imagine-IoT/Imagine-IoT/9 Nucleo boards/NUCLEO-H723ZG/ip_example/LwIP_TCP_Echo_Server/Middlewares/Third_Party/LwIP/src/core/ip.c" -mcpu=cortex-m7 -std=gnu11 -DUSE_HAL_DRIVER -DSTM32H723xx -c -I../../Src -I../../Middlewares/Third_Party/LwIP/system -I../../Drivers/BSP/STM32H7xx_Nucleo -I../../Drivers/CMSIS/Device/ST/STM32H7xx/Include -I../../Drivers/BSP/Components -I../../Inc -I../../Middlewares/Third_Party/LwIP/src/include -I../../Drivers/BSP/Components/Common -I../../Drivers/STM32H7xx_HAL_Driver/Inc -I../../Drivers/CMSIS/Include -Os -ffunction-sections -fdata-sections -Wall -fstack-usage -MMD -MP -MF"Middlewares/LwIP/Core/ip.d" -MT"Middlewares/LwIP/Core/ip.o" --specs=nano.specs -mfpu=fpv5-d16 -mfloat-abi=hard -mthumb -o "Middlewares/LwIP/Core/ip.o"
arm-none-eabi-gcc "C:/Users/evers/Documents/IMAGINE-IOT/Imagine-IoT/Imagine-IoT/9 Nucleo boards/NUCLEO-H723ZG/ip_example/LwIP_TCP_Echo_Server/Middlewares/Third_Party/LwIP/src/core/mem.c" -mcpu=cortex-m7 -std=gnu11 -DUSE_HAL_DRIVER -DSTM32H723xx -c -I../../Src -I../../Middlewares/Third_Party/LwIP/system -I../../Drivers/BSP/STM32H7xx_Nucleo -I../../Drivers/CMSIS/Device/ST/STM32H7xx/Include -I../../Drivers/BSP/Components -I../../Inc -I../../Middlewares/Third_Party/LwIP/src/include -I../../Drivers/BSP/Components/Common -I../../Drivers/STM32H7xx_HAL_Driver/Inc -I../../Drivers/CMSIS/Include -Os -ffunction-sections -fdata-sections -Wall -fstack-usage -MMD -MP -MF"Middlewares/LwIP/Core/mem.d" -MT"Middlewares/LwIP/Core/mem.o" --specs=nano.specs -mfpu=fpv5-d16 -mfloat-abi=hard -mthumb -o "Middlewares/LwIP/Core/mem.o"
arm-none-eabi-gcc "C:/Users/evers/Documents/IMAGINE-IOT/Imagine-IoT/Imagine-IoT/9 Nucleo boards/NUCLEO-H723ZG/ip_example/LwIP_TCP_Echo_Server/Middlewares/Third_Party/LwIP/src/core/memp.c" -mcpu=cortex-m7 -std=gnu11 -DUSE_HAL_DRIVER -DSTM32H723xx -c -I../../Src -I../../Middlewares/Third_Party/LwIP/system -I../../Drivers/BSP/STM32H7xx_Nucleo -I../../Drivers/CMSIS/Device/ST/STM32H7xx/Include -I../../Drivers/BSP/Components -I../../Inc -I../../Middlewares/Third_Party/LwIP/src/include -I../../Drivers/BSP/Components/Common -I../../Drivers/STM32H7xx_HAL_Driver/Inc -I../../Drivers/CMSIS/Include -Os -ffunction-sections -fdata-sections -Wall -fstack-usage -MMD -MP -MF"Middlewares/LwIP/Core/memp.d" -MT"Middlewares/LwIP/Core/memp.o" --specs=nano.specs -mfpu=fpv5-d16 -mfloat-abi=hard -mthumb -o "Middlewares/LwIP/Core/memp.o"
arm-none-eabi-gcc "C:/Users/evers/Documents/IMAGINE-IOT/Imagine-IoT/Imagine-IoT/9 Nucleo boards/NUCLEO-H723ZG/ip_example/LwIP_TCP_Echo_Server/Middlewares/Third_Party/LwIP/src/core/netif.c" -mcpu=cortex-m7 -std=gnu11 -DUSE_HAL_DRIVER -DSTM32H723xx -c -I../../Src -I../../Middlewares/Third_Party/LwIP/system -I../../Drivers/BSP/STM32H7xx_Nucleo -I../../Drivers/CMSIS/Device/ST/STM32H7xx/Include -I../../Drivers/BSP/Components -I../../Inc -I../../Middlewares/Third_Party/LwIP/src/include -I../../Drivers/BSP/Components/Common -I../../Drivers/STM32H7xx_HAL_Driver/Inc -I../../Drivers/CMSIS/Include -Os -ffunction-sections -fdata-sections -Wall -fstack-usage -MMD -MP -MF"Middlewares/LwIP/Core/netif.d" -MT"Middlewares/LwIP/Core/netif.o" --specs=nano.specs -mfpu=fpv5-d16 -mfloat-abi=hard -mthumb -o "Middlewares/LwIP/Core/netif.o"
arm-none-eabi-gcc "C:/Users/evers/Documents/IMAGINE-IOT/Imagine-IoT/Imagine-IoT/9 Nucleo boards/NUCLEO-H723ZG/ip_example/LwIP_TCP_Echo_Server/Middlewares/Third_Party/LwIP/src/core/pbuf.c" -mcpu=cortex-m7 -std=gnu11 -DUSE_HAL_DRIVER -DSTM32H723xx -c -I../../Src -I../../Middlewares/Third_Party/LwIP/system -I../../Drivers/BSP/STM32H7xx_Nucleo -I../../Drivers/CMSIS/Device/ST/STM32H7xx/Include -I../../Drivers/BSP/Components -I../../Inc -I../../Middlewares/Third_Party/LwIP/src/include -I../../Drivers/BSP/Components/Common -I../../Drivers/STM32H7xx_HAL_Driver/Inc -I../../Drivers/CMSIS/Include -Os -ffunction-sections -fdata-sections -Wall -fstack-usage -MMD -MP -MF"Middlewares/LwIP/Core/pbuf.d" -MT"Middlewares/LwIP/Core/pbuf.o" --specs=nano.specs -mfpu=fpv5-d16 -mfloat-abi=hard -mthumb -o "Middlewares/LwIP/Core/pbuf.o"
arm-none-eabi-gcc "C:/Users/evers/Documents/IMAGINE-IOT/Imagine-IoT/Imagine-IoT/9 Nucleo boards/NUCLEO-H723ZG/ip_example/LwIP_TCP_Echo_Server/Middlewares/Third_Party/LwIP/src/core/raw.c" -mcpu=cortex-m7 -std=gnu11 -DUSE_HAL_DRIVER -DSTM32H723xx -c -I../../Src -I../../Middlewares/Third_Party/LwIP/system -I../../Drivers/BSP/STM32H7xx_Nucleo -I../../Drivers/CMSIS/Device/ST/STM32H7xx/Include -I../../Drivers/BSP/Components -I../../Inc -I../../Middlewares/Third_Party/LwIP/src/include -I../../Drivers/BSP/Components/Common -I../../Drivers/STM32H7xx_HAL_Driver/Inc -I../../Drivers/CMSIS/Include -Os -ffunction-sections -fdata-sections -Wall -fstack-usage -MMD -MP -MF"Middlewares/LwIP/Core/raw.d" -MT"Middlewares/LwIP/Core/raw.o" --specs=nano.specs -mfpu=fpv5-d16 -mfloat-abi=hard -mthumb -o "Middlewares/LwIP/Core/raw.o"
arm-none-eabi-gcc "C:/Users/evers/Documents/IMAGINE-IOT/Imagine-IoT/Imagine-IoT/9 Nucleo boards/NUCLEO-H723ZG/ip_example/LwIP_TCP_Echo_Server/Middlewares/Third_Party/LwIP/src/core/stats.c" -mcpu=cortex-m7 -std=gnu11 -DUSE_HAL_DRIVER -DSTM32H723xx -c -I../../Src -I../../Middlewares/Third_Party/LwIP/system -I../../Drivers/BSP/STM32H7xx_Nucleo -I../../Drivers/CMSIS/Device/ST/STM32H7xx/Include -I../../Drivers/BSP/Components -I../../Inc -I../../Middlewares/Third_Party/LwIP/src/include -I../../Drivers/BSP/Components/Common -I../../Drivers/STM32H7xx_HAL_Driver/Inc -I../../Drivers/CMSIS/Include -Os -ffunction-sections -fdata-sections -Wall -fstack-usage -MMD -MP -MF"Middlewares/LwIP/Core/stats.d" -MT"Middlewares/LwIP/Core/stats.o" --specs=nano.specs -mfpu=fpv5-d16 -mfloat-abi=hard -mthumb -o "Middlewares/LwIP/Core/stats.o"
arm-none-eabi-gcc "C:/Users/evers/Documents/IMAGINE-IOT/Imagine-IoT/Imagine-IoT/9 Nucleo boards/NUCLEO-H723ZG/ip_example/LwIP_TCP_Echo_Server/Middlewares/Third_Party/LwIP/src/core/sys.c" -mcpu=cortex-m7 -std=gnu11 -DUSE_HAL_DRIVER -DSTM32H723xx -c -I../../Src -I../../Middlewares/Third_Party/LwIP/system -I../../Drivers/BSP/STM32H7xx_Nucleo -I../../Drivers/CMSIS/Device/ST/STM32H7xx/Include -I../../Drivers/BSP/Components -I../../Inc -I../../Middlewares/Third_Party/LwIP/src/include -I../../Drivers/BSP/Components/Common -I../../Drivers/STM32H7xx_HAL_Driver/Inc -I../../Drivers/CMSIS/Include -Os -ffunction-sections -fdata-sections -Wall -fstack-usage -MMD -MP -MF"Middlewares/LwIP/Core/sys.d" -MT"Middlewares/LwIP/Core/sys.o" --specs=nano.specs -mfpu=fpv5-d16 -mfloat-abi=hard -mthumb -o "Middlewares/LwIP/Core/sys.o"
arm-none-eabi-gcc "C:/Users/evers/Documents/IMAGINE-IOT/Imagine-IoT/Imagine-IoT/9 Nucleo boards/NUCLEO-H723ZG/ip_example/LwIP_TCP_Echo_Server/Middlewares/Third_Party/LwIP/src/core/tcp.c" -mcpu=cortex-m7 -std=gnu11 -DUSE_HAL_DRIVER -DSTM32H723xx -c -I../../Src -I../../Middlewares/Third_Party/LwIP/system -I../../Drivers/BSP/STM32H7xx_Nucleo -I../../Drivers/CMSIS/Device/ST/STM32H7xx/Include -I../../Drivers/BSP/Components -I../../Inc -I../../Middlewares/Third_Party/LwIP/src/include -I../../Drivers/BSP/Components/Common -I../../Drivers/STM32H7xx_HAL_Driver/Inc -I../../Drivers/CMSIS/Include -Os -ffunction-sections -fdata-sections -Wall -fstack-usage -MMD -MP -MF"Middlewares/LwIP/Core/tcp.d" -MT"Middlewares/LwIP/Core/tcp.o" --specs=nano.specs -mfpu=fpv5-d16 -mfloat-abi=hard -mthumb -o "Middlewares/LwIP/Core/tcp.o"
arm-none-eabi-gcc "C:/Users/evers/Documents/IMAGINE-IOT/Imagine-IoT/Imagine-IoT/9 Nucleo boards/NUCLEO-H723ZG/ip_example/LwIP_TCP_Echo_Server/Middlewares/Third_Party/LwIP/src/core/tcp_in.c" -mcpu=cortex-m7 -std=gnu11 -DUSE_HAL_DRIVER -DSTM32H723xx -c -I../../Src -I../../Middlewares/Third_Party/LwIP/system -I../../Drivers/BSP/STM32H7xx_Nucleo -I../../Drivers/CMSIS/Device/ST/STM32H7xx/Include -I../../Drivers/BSP/Components -I../../Inc -I../../Middlewares/Third_Party/LwIP/src/include -I../../Drivers/BSP/Components/Common -I../../Drivers/STM32H7xx_HAL_Driver/Inc -I../../Drivers/CMSIS/Include -Os -ffunction-sections -fdata-sections -Wall -fstack-usage -MMD -MP -MF"Middlewares/LwIP/Core/tcp_in.d" -MT"Middlewares/LwIP/Core/tcp_in.o" --specs=nano.specs -mfpu=fpv5-d16 -mfloat-abi=hard -mthumb -o "Middlewares/LwIP/Core/tcp_in.o"
arm-none-eabi-gcc "C:/Users/evers/Documents/IMAGINE-IOT/Imagine-IoT/Imagine-IoT/9 Nucleo boards/NUCLEO-H723ZG/ip_example/LwIP_TCP_Echo_Server/Middlewares/Third_Party/LwIP/src/core/tcp_out.c" -mcpu=cortex-m7 -std=gnu11 -DUSE_HAL_DRIVER -DSTM32H723xx -c -I../../Src -I../../Middlewares/Third_Party/LwIP/system -I../../Drivers/BSP/STM32H7xx_Nucleo -I../../Drivers/CMSIS/Device/ST/STM32H7xx/Include -I../../Drivers/BSP/Components -I../../Inc -I../../Middlewares/Third_Party/LwIP/src/include -I../../Drivers/BSP/Components/Common -I../../Drivers/STM32H7xx_HAL_Driver/Inc -I../../Drivers/CMSIS/Include -Os -ffunction-sections -fdata-sections -Wall -fstack-usage -MMD -MP -MF"Middlewares/LwIP/Core/tcp_out.d" -MT"Middlewares/LwIP/Core/tcp_out.o" --specs=nano.specs -mfpu=fpv5-d16 -mfloat-abi=hard -mthumb -o "Middlewares/LwIP/Core/tcp_out.o"
arm-none-eabi-gcc "C:/Users/evers/Documents/IMAGINE-IOT/Imagine-IoT/Imagine-IoT/9 Nucleo boards/NUCLEO-H723ZG/ip_example/LwIP_TCP_Echo_Server/Middlewares/Third_Party/LwIP/src/core/timeouts.c" -mcpu=cortex-m7 -std=gnu11 -DUSE_HAL_DRIVER -DSTM32H723xx -c -I../../Src -I../../Middlewares/Third_Party/LwIP/system -I../../Drivers/BSP/STM32H7xx_Nucleo -I../../Drivers/CMSIS/Device/ST/STM32H7xx/Include -I../../Drivers/BSP/Components -I../../Inc -I../../Middlewares/Third_Party/LwIP/src/include -I../../Drivers/BSP/Components/Common -I../../Drivers/STM32H7xx_HAL_Driver/Inc -I../../Drivers/CMSIS/Include -Os -ffunction-sections -fdata-sections -Wall -fstack-usage -MMD -MP -MF"Middlewares/LwIP/Core/timeouts.d" -MT"Middlewares/LwIP/Core/timeouts.o" --specs=nano.specs -mfpu=fpv5-d16 -mfloat-abi=hard -mthumb -o "Middlewares/LwIP/Core/timeouts.o"
arm-none-eabi-gcc "C:/Users/evers/Documents/IMAGINE-IOT/Imagine-IoT/Imagine-IoT/9 Nucleo boards/NUCLEO-H723ZG/ip_example/LwIP_TCP_Echo_Server/Middlewares/Third_Party/LwIP/src/core/udp.c" -mcpu=cortex-m7 -std=gnu11 -DUSE_HAL_DRIVER -DSTM32H723xx -c -I../../Src -I../../Middlewares/Third_Party/LwIP/system -I../../Drivers/BSP/STM32H7xx_Nucleo -I../../Drivers/CMSIS/Device/ST/STM32H7xx/Include -I../../Drivers/BSP/Components -I../../Inc -I../../Middlewares/Third_Party/LwIP/src/include -I../../Drivers/BSP/Components/Common -I../../Drivers/STM32H7xx_HAL_Driver/Inc -I../../Drivers/CMSIS/Include -Os -ffunction-sections -fdata-sections -Wall -fstack-usage -MMD -MP -MF"Middlewares/LwIP/Core/udp.d" -MT"Middlewares/LwIP/Core/udp.o" --specs=nano.specs -mfpu=fpv5-d16 -mfloat-abi=hard -mthumb -o "Middlewares/LwIP/Core/udp.o"
arm-none-eabi-gcc "C:/Users/evers/Documents/IMAGINE-IOT/Imagine-IoT/Imagine-IoT/9 Nucleo boards/NUCLEO-H723ZG/ip_example/LwIP_TCP_Echo_Server/Middlewares/Third_Party/LwIP/src/api/api_lib.c" -mcpu=cortex-m7 -std=gnu11 -DUSE_HAL_DRIVER -DSTM32H723xx -c -I../../Src -I../../Middlewares/Third_Party/LwIP/system -I../../Drivers/BSP/STM32H7xx_Nucleo -I../../Drivers/CMSIS/Device/ST/STM32H7xx/Include -I../../Drivers/BSP/Components -I../../Inc -I../../Middlewares/Third_Party/LwIP/src/include -I../../Drivers/BSP/Components/Common -I../../Drivers/STM32H7xx_HAL_Driver/Inc -I../../Drivers/CMSIS/Include -Os -ffunction-sections -fdata-sections -Wall -fstack-usage -MMD -MP -MF"Middlewares/LwIP/Api/api_lib.d" -MT"Middlewares/LwIP/Api/api_lib.o" --specs=nano.specs -mfpu=fpv5-d16 -mfloat-abi=hard -mthumb -o "Middlewares/LwIP/Api/api_lib.o"
arm-none-eabi-gcc "C:/Users/evers/Documents/IMAGINE-IOT/Imagine-IoT/Imagine-IoT/9 Nucleo boards/NUCLEO-H723ZG/ip_example/LwIP_TCP_Echo_Server/Middlewares/Third_Party/LwIP/src/api/api_msg.c" -mcpu=cortex-m7 -std=gnu11 -DUSE_HAL_DRIVER -DSTM32H723xx -c -I../../Src -I../../Middlewares/Third_Party/LwIP/system -I../../Drivers/BSP/STM32H7xx_Nucleo -I../../Drivers/CMSIS/Device/ST/STM32H7xx/Include -I../../Drivers/BSP/Components -I../../Inc -I../../Middlewares/Third_Party/LwIP/src/include -I../../Drivers/BSP/Components/Common -I../../Drivers/STM32H7xx_HAL_Driver/Inc -I../../Drivers/CMSIS/Include -Os -ffunction-sections -fdata-sections -Wall -fstack-usage -MMD -MP -MF"Middlewares/LwIP/Api/api_msg.d" -MT"Middlewares/LwIP/Api/api_msg.o" --specs=nano.specs -mfpu=fpv5-d16 -mfloat-abi=hard -mthumb -o "Middlewares/LwIP/Api/api_msg.o"
arm-none-eabi-gcc "C:/Users/evers/Documents/IMAGINE-IOT/Imagine-IoT/Imagine-IoT/9 Nucleo boards/NUCLEO-H723ZG/ip_example/LwIP_TCP_Echo_Server/Middlewares/Third_Party/LwIP/src/api/err.c" -mcpu=cortex-m7 -std=gnu11 -DUSE_HAL_DRIVER -DSTM32H723xx -c -I../../Src -I../../Middlewares/Third_Party/LwIP/system -I../../Drivers/BSP/STM32H7xx_Nucleo -I../../Drivers/CMSIS/Device/ST/STM32H7xx/Include -I../../Drivers/BSP/Components -I../../Inc -I../../Middlewares/Third_Party/LwIP/src/include -I../../Drivers/BSP/Components/Common -I../../Drivers/STM32H7xx_HAL_Driver/Inc -I../../Drivers/CMSIS/Include -Os -ffunction-sections -fdata-sections -Wall -fstack-usage -MMD -MP -MF"Middlewares/LwIP/Api/err.d" -MT"Middlewares/LwIP/Api/err.o" --specs=nano.specs -mfpu=fpv5-d16 -mfloat-abi=hard -mthumb -o "Middlewares/LwIP/Api/err.o"
arm-none-eabi-gcc "C:/Users/evers/Documents/IMAGINE-IOT/Imagine-IoT/Imagine-IoT/9 Nucleo boards/NUCLEO-H723ZG/ip_example/LwIP_TCP_Echo_Server/Middlewares/Third_Party/LwIP/src/api/netbuf.c" -mcpu=cortex-m7 -std=gnu11 -DUSE_HAL_DRIVER -DSTM32H723xx -c -I../../Src -I../../Middlewares/Third_Party/LwIP/system -I../../Drivers/BSP/STM32H7xx_Nucleo -I../../Drivers/CMSIS/Device/ST/STM32H7xx/Include -I../../Drivers/BSP/Components -I../../Inc -I../../Middlewares/Third_Party/LwIP/src/include -I../../Drivers/BSP/Components/Common -I../../Drivers/STM32H7xx_HAL_Driver/Inc -I../../Drivers/CMSIS/Include -Os -ffunction-sections -fdata-sections -Wall -fstack-usage -MMD -MP -MF"Middlewares/LwIP/Api/netbuf.d" -MT"Middlewares/LwIP/Api/netbuf.o" --specs=nano.specs -mfpu=fpv5-d16 -mfloat-abi=hard -mthumb -o "Middlewares/LwIP/Api/netbuf.o"
arm-none-eabi-gcc "C:/Users/evers/Documents/IMAGINE-IOT/Imagine-IoT/Imagine-IoT/9 Nucleo boards/NUCLEO-H723ZG/ip_example/LwIP_TCP_Echo_Server/Middlewares/Third_Party/LwIP/src/api/netdb.c" -mcpu=cortex-m7 -std=gnu11 -DUSE_HAL_DRIVER -DSTM32H723xx -c -I../../Src -I../../Middlewares/Third_Party/LwIP/system -I../../Drivers/BSP/STM32H7xx_Nucleo -I../../Drivers/CMSIS/Device/ST/STM32H7xx/Include -I../../Drivers/BSP/Components -I../../Inc -I../../Middlewares/Third_Party/LwIP/src/include -I../../Drivers/BSP/Components/Common -I../../Drivers/STM32H7xx_HAL_Driver/Inc -I../../Drivers/CMSIS/Include -Os -ffunction-sections -fdata-sections -Wall -fstack-usage -MMD -MP -MF"Middlewares/LwIP/Api/netdb.d" -MT"Middlewares/LwIP/Api/netdb.o" --specs=nano.specs -mfpu=fpv5-d16 -mfloat-abi=hard -mthumb -o "Middlewares/LwIP/Api/netdb.o"
arm-none-eabi-gcc "C:/Users/evers/Documents/IMAGINE-IOT/Imagine-IoT/Imagine-IoT/9 Nucleo boards/NUCLEO-H723ZG/ip_example/LwIP_TCP_Echo_Server/Middlewares/Third_Party/LwIP/src/api/netifapi.c" -mcpu=cortex-m7 -std=gnu11 -DUSE_HAL_DRIVER -DSTM32H723xx -c -I../../Src -I../../Middlewares/Third_Party/LwIP/system -I../../Drivers/BSP/STM32H7xx_Nucleo -I../../Drivers/CMSIS/Device/ST/STM32H7xx/Include -I../../Drivers/BSP/Components -I../../Inc -I../../Middlewares/Third_Party/LwIP/src/include -I../../Drivers/BSP/Components/Common -I../../Drivers/STM32H7xx_HAL_Driver/Inc -I../../Drivers/CMSIS/Include -Os -ffunction-sections -fdata-sections -Wall -fstack-usage -MMD -MP -MF"Middlewares/LwIP/Api/netifapi.d" -MT"Middlewares/LwIP/Api/netifapi.o" --specs=nano.specs -mfpu=fpv5-d16 -mfloat-abi=hard -mthumb -o "Middlewares/LwIP/Api/netifapi.o"
arm-none-eabi-gcc "C:/Users/evers/Documents/IMAGINE-IOT/Imagine-IoT/Imagine-IoT/9 Nucleo boards/NUCLEO-H723ZG/ip_example/LwIP_TCP_Echo_Server/Middlewares/Third_Party/LwIP/src/api/sockets.c" -mcpu=cortex-m7 -std=gnu11 -DUSE_HAL_DRIVER -DSTM32H723xx -c -I../../Src -I../../Middlewares/Third_Party/LwIP/system -I../../Drivers/BSP/STM32H7xx_Nucleo -I../../Drivers/CMSIS/Device/ST/STM32H7xx/Include -I../../Drivers/BSP/Components -I../../Inc -I../../Middlewares/Third_Party/LwIP/src/include -I../../Drivers/BSP/Components/Common -I../../Drivers/STM32H7xx_HAL_Driver/Inc -I../../Drivers/CMSIS/Include -Os -ffunction-sections -fdata-sections -Wall -fstack-usage -MMD -MP -MF"Middlewares/LwIP/Api/sockets.d" -MT"Middlewares/LwIP/Api/sockets.o" --specs=nano.specs -mfpu=fpv5-d16 -mfloat-abi=hard -mthumb -o "Middlewares/LwIP/Api/sockets.o"
arm-none-eabi-gcc "C:/Users/evers/Documents/IMAGINE-IOT/Imagine-IoT/Imagine-IoT/9 Nucleo boards/NUCLEO-H723ZG/ip_example/LwIP_TCP_Echo_Server/Middlewares/Third_Party/LwIP/src/api/tcpip.c" -mcpu=cortex-m7 -std=gnu11 -DUSE_HAL_DRIVER -DSTM32H723xx -c -I../../Src -I../../Middlewares/Third_Party/LwIP/system -I../../Drivers/BSP/STM32H7xx_Nucleo -I../../Drivers/CMSIS/Device/ST/STM32H7xx/Include -I../../Drivers/BSP/Components -I../../Inc -I../../Middlewares/Third_Party/LwIP/src/include -I../../Drivers/BSP/Components/Common -I../../Drivers/STM32H7xx_HAL_Driver/Inc -I../../Drivers/CMSIS/Include -Os -ffunction-sections -fdata-sections -Wall -fstack-usage -MMD -MP -MF"Middlewares/LwIP/Api/tcpip.d" -MT"Middlewares/LwIP/Api/tcpip.o" --specs=nano.specs -mfpu=fpv5-d16 -mfloat-abi=hard -mthumb -o "Middlewares/LwIP/Api/tcpip.o"
arm-none-eabi-gcc "C:/Users/evers/Documents/IMAGINE-IOT/Imagine-IoT/Imagine-IoT/9 Nucleo boards/NUCLEO-H723ZG/ip_example/LwIP_TCP_Echo_Server/Drivers/STM32H7xx_HAL_Driver/Src/stm32h7xx_hal.c" -mcpu=cortex-m7 -std=gnu11 -DUSE_HAL_DRIVER -DSTM32H723xx -c -I../../Src -I../../Middlewares/Third_Party/LwIP/system -I../../Drivers/BSP/STM32H7xx_Nucleo -I../../Drivers/CMSIS/Device/ST/STM32H7xx/Include -I../../Drivers/BSP/Components -I../../Inc -I../../Middlewares/Third_Party/LwIP/src/include -I../../Drivers/BSP/Components/Common -I../../Drivers/STM32H7xx_HAL_Driver/Inc -I../../Drivers/CMSIS/Include -Os -ffunction-sections -fdata-sections -Wall -fstack-usage -MMD -MP -MF"Drivers/STM32H7xx_HAL_Driver/stm32h7xx_hal.d" -MT"Drivers/STM32H7xx_HAL_Driver/stm32h7xx_hal.o" --specs=nano.specs -mfpu=fpv5-d16 -mfloat-abi=hard -mthumb -o "Drivers/STM32H7xx_HAL_Driver/stm32h7xx_hal.o"
arm-none-eabi-gcc "C:/Users/evers/Documents/IMAGINE-IOT/Imagine-IoT/Imagine-IoT/9 Nucleo boards/NUCLEO-H723ZG/ip_example/LwIP_TCP_Echo_Server/Drivers/STM32H7xx_HAL_Driver/Src/stm32h7xx_hal_adc.c" -mcpu=cortex-m7 -std=gnu11 -DUSE_HAL_DRIVER -DSTM32H723xx -c -I../../Src -I../../Middlewares/Third_Party/LwIP/system -I../../Drivers/BSP/STM32H7xx_Nucleo -I../../Drivers/CMSIS/Device/ST/STM32H7xx/Include -I../../Drivers/BSP/Components -I../../Inc -I../../Middlewares/Third_Party/LwIP/src/include -I../../Drivers/BSP/Components/Common -I../../Drivers/STM32H7xx_HAL_Driver/Inc -I../../Drivers/CMSIS/Include -Os -ffunction-sections -fdata-sections -Wall -fstack-usage -MMD -MP -MF"Drivers/STM32H7xx_HAL_Driver/stm32h7xx_hal_adc.d" -MT"Drivers/STM32H7xx_HAL_Driver/stm32h7xx_hal_adc.o" --specs=nano.specs -mfpu=fpv5-d16 -mfloat-abi=hard -mthumb -o "Drivers/STM32H7xx_HAL_Driver/stm32h7xx_hal_adc.o"
arm-none-eabi-gcc "C:/Users/evers/Documents/IMAGINE-IOT/Imagine-IoT/Imagine-IoT/9 Nucleo boards/NUCLEO-H723ZG/ip_example/LwIP_TCP_Echo_Server/Drivers/STM32H7xx_HAL_Driver/Src/stm32h7xx_hal_adc_ex.c" -mcpu=cortex-m7 -std=gnu11 -DUSE_HAL_DRIVER -DSTM32H723xx -c -I../../Src -I../../Middlewares/Third_Party/LwIP/system -I../../Drivers/BSP/STM32H7xx_Nucleo -I../../Drivers/CMSIS/Device/ST/STM32H7xx/Include -I../../Drivers/BSP/Components -I../../Inc -I../../Middlewares/Third_Party/LwIP/src/include -I../../Drivers/BSP/Components/Common -I../../Drivers/STM32H7xx_HAL_Driver/Inc -I../../Drivers/CMSIS/Include -Os -ffunction-sections -fdata-sections -Wall -fstack-usage -MMD -MP -MF"Drivers/STM32H7xx_HAL_Driver/stm32h7xx_hal_adc_ex.d" -MT"Drivers/STM32H7xx_HAL_Driver/stm32h7xx_hal_adc_ex.o" --specs=nano.specs -mfpu=fpv5-d16 -mfloat-abi=hard -mthumb -o "Drivers/STM32H7xx_HAL_Driver/stm32h7xx_hal_adc_ex.o"
arm-none-eabi-gcc "C:/Users/evers/Documents/IMAGINE-IOT/Imagine-IoT/Imagine-IoT/9 Nucleo boards/NUCLEO-H723ZG/ip_example/LwIP_TCP_Echo_Server/Drivers/STM32H7xx_HAL_Driver/Src/stm32h7xx_hal_cortex.c" -mcpu=cortex-m7 -std=gnu11 -DUSE_HAL_DRIVER -DSTM32H723xx -c -I../../Src -I../../Middlewares/Third_Party/LwIP/system -I../../Drivers/BSP/STM32H7xx_Nucleo -I../../Drivers/CMSIS/Device/ST/STM32H7xx/Include -I../../Drivers/BSP/Components -I../../Inc -I../../Middlewares/Third_Party/LwIP/src/include -I../../Drivers/BSP/Components/Common -I../../Drivers/STM32H7xx_HAL_Driver/Inc -I../../Drivers/CMSIS/Include -Os -ffunction-sections -fdata-sections -Wall -fstack-usage -MMD -MP -MF"Drivers/STM32H7xx_HAL_Driver/stm32h7xx_hal_cortex.d" -MT"Drivers/STM32H7xx_HAL_Driver/stm32h7xx_hal_cortex.o" --specs=nano.specs -mfpu=fpv5-d16 -mfloat-abi=hard -mthumb -o "Drivers/STM32H7xx_HAL_Driver/stm32h7xx_hal_cortex.o"
arm-none-eabi-gcc "C:/Users/evers/Documents/IMAGINE-IOT/Imagine-IoT/Imagine-IoT/9 Nucleo boards/NUCLEO-H723ZG/ip_example/LwIP_TCP_Echo_Server/Drivers/STM32H7xx_HAL_Driver/Src/stm32h7xx_hal_dma.c" -mcpu=cortex-m7 -std=gnu11 -DUSE_HAL_DRIVER -DSTM32H723xx -c -I../../Src -I../../Middlewares/Third_Party/LwIP/system -I../../Drivers/BSP/STM32H7xx_Nucleo -I../../Drivers/CMSIS/Device/ST/STM32H7xx/Include -I../../Drivers/BSP/Components -I../../Inc -I../../Middlewares/Third_Party/LwIP/src/include -I../../Drivers/BSP/Components/Common -I../../Drivers/STM32H7xx_HAL_Driver/Inc -I../../Drivers/CMSIS/Include -Os -ffunction-sections -fdata-sections -Wall -fstack-usage -MMD -MP -MF"Drivers/STM32H7xx_HAL_Driver/stm32h7xx_hal_dma.d" -MT"Drivers/STM32H7xx_HAL_Driver/stm32h7xx_hal_dma.o" --specs=nano.specs -mfpu=fpv5-d16 -mfloat-abi=hard -mthumb -o "Drivers/STM32H7xx_HAL_Driver/stm32h7xx_hal_dma.o"
arm-none-eabi-gcc "C:/Users/evers/Documents/IMAGINE-IOT/Imagine-IoT/Imagine-IoT/9 Nucleo boards/NUCLEO-H723ZG/ip_example/LwIP_TCP_Echo_Server/Drivers/STM32H7xx_HAL_Driver/Src/stm32h7xx_hal_eth.c" -mcpu=cortex-m7 -std=gnu11 -DUSE_HAL_DRIVER -DSTM32H723xx -c -I../../Src -I../../Middlewares/Third_Party/LwIP/system -I../../Drivers/BSP/STM32H7xx_Nucleo -I../../Drivers/CMSIS/Device/ST/STM32H7xx/Include -I../../Drivers/BSP/Components -I../../Inc -I../../Middlewares/Third_Party/LwIP/src/include -I../../Drivers/BSP/Components/Common -I../../Drivers/STM32H7xx_HAL_Driver/Inc -I../../Drivers/CMSIS/Include -Os -ffunction-sections -fdata-sections -Wall -fstack-usage -MMD -MP -MF"Drivers/STM32H7xx_HAL_Driver/stm32h7xx_hal_eth.d" -MT"Drivers/STM32H7xx_HAL_Driver/stm32h7xx_hal_eth.o" --specs=nano.specs -mfpu=fpv5-d16 -mfloat-abi=hard -mthumb -o "Drivers/STM32H7xx_HAL_Driver/stm32h7xx_hal_eth.o"
arm-none-eabi-gcc "C:/Users/evers/Documents/IMAGINE-IOT/Imagine-IoT/Imagine-IoT/9 Nucleo boards/NUCLEO-H723ZG/ip_example/LwIP_TCP_Echo_Server/Drivers/STM32H7xx_HAL_Driver/Src/stm32h7xx_hal_eth_ex.c" -mcpu=cortex-m7 -std=gnu11 -DUSE_HAL_DRIVER -DSTM32H723xx -c -I../../Src -I../../Middlewares/Third_Party/LwIP/system -I../../Drivers/BSP/STM32H7xx_Nucleo -I../../Drivers/CMSIS/Device/ST/STM32H7xx/Include -I../../Drivers/BSP/Components -I../../Inc -I../../Middlewares/Third_Party/LwIP/src/include -I../../Drivers/BSP/Components/Common -I../../Drivers/STM32H7xx_HAL_Driver/Inc -I../../Drivers/CMSIS/Include -Os -ffunction-sections -fdata-sections -Wall -fstack-usage -MMD -MP -MF"Drivers/STM32H7xx_HAL_Driver/stm32h7xx_hal_eth_ex.d" -MT"Drivers/STM32H7xx_HAL_Driver/stm32h7xx_hal_eth_ex.o" --specs=nano.specs -mfpu=fpv5-d16 -mfloat-abi=hard -mthumb -o "Drivers/STM32H7xx_HAL_Driver/stm32h7xx_hal_eth_ex.o"
arm-none-eabi-gcc "C:/Users/evers/Documents/IMAGINE-IOT/Imagine-IoT/Imagine-IoT/9 Nucleo boards/NUCLEO-H723ZG/ip_example/LwIP_TCP_Echo_Server/Drivers/STM32H7xx_HAL_Driver/Src/stm32h7xx_hal_exti.c" -mcpu=cortex-m7 -std=gnu11 -DUSE_HAL_DRIVER -DSTM32H723xx -c -I../../Src -I../../Middlewares/Third_Party/LwIP/system -I../../Drivers/BSP/STM32H7xx_Nucleo -I../../Drivers/CMSIS/Device/ST/STM32H7xx/Include -I../../Drivers/BSP/Components -I../../Inc -I../../Middlewares/Third_Party/LwIP/src/include -I../../Drivers/BSP/Components/Common -I../../Drivers/STM32H7xx_HAL_Driver/Inc -I../../Drivers/CMSIS/Include -Os -ffunction-sections -fdata-sections -Wall -fstack-usage -MMD -MP -MF"Drivers/STM32H7xx_HAL_Driver/stm32h7xx_hal_exti.d" -MT"Drivers/STM32H7xx_HAL_Driver/stm32h7xx_hal_exti.o" --specs=nano.specs -mfpu=fpv5-d16 -mfloat-abi=hard -mthumb -o "Drivers/STM32H7xx_HAL_Driver/stm32h7xx_hal_exti.o"
arm-none-eabi-gcc "C:/Users/evers/Documents/IMAGINE-IOT/Imagine-IoT/Imagine-IoT/9 Nucleo boards/NUCLEO-H723ZG/ip_example/LwIP_TCP_Echo_Server/Drivers/STM32H7xx_HAL_Driver/Src/stm32h7xx_hal_flash.c" -mcpu=cortex-m7 -std=gnu11 -DUSE_HAL_DRIVER -DSTM32H723xx -c -I../../Src -I../../Middlewares/Third_Party/LwIP/system -I../../Drivers/BSP/STM32H7xx_Nucleo -I../../Drivers/CMSIS/Device/ST/STM32H7xx/Include -I../../Drivers/BSP/Components -I../../Inc -I../../Middlewares/Third_Party/LwIP/src/include -I../../Drivers/BSP/Components/Common -I../../Drivers/STM32H7xx_HAL_Driver/Inc -I../../Drivers/CMSIS/Include -Os -ffunction-sections -fdata-sections -Wall -fstack-usage -MMD -MP -MF"Drivers/STM32H7xx_HAL_Driver/stm32h7xx_hal_flash.d" -MT"Drivers/STM32H7xx_HAL_Driver/stm32h7xx_hal_flash.o" --specs=nano.specs -mfpu=fpv5-d16 -mfloat-abi=hard -mthumb -o "Drivers/STM32H7xx_HAL_Driver/stm32h7xx_hal_flash.o"
arm-none-eabi-gcc "C:/Users/evers/Documents/IMAGINE-IOT/Imagine-IoT/Imagine-IoT/9 Nucleo boards/NUCLEO-H723ZG/ip_example/LwIP_TCP_Echo_Server/Drivers/STM32H7xx_HAL_Driver/Src/stm32h7xx_hal_flash_ex.c" -mcpu=cortex-m7 -std=gnu11 -DUSE_HAL_DRIVER -DSTM32H723xx -c -I../../Src -I../../Middlewares/Third_Party/LwIP/system -I../../Drivers/BSP/STM32H7xx_Nucleo -I../../Drivers/CMSIS/Device/ST/STM32H7xx/Include -I../../Drivers/BSP/Components -I../../Inc -I../../Middlewares/Third_Party/LwIP/src/include -I../../Drivers/BSP/Components/Common -I../../Drivers/STM32H7xx_HAL_Driver/Inc -I../../Drivers/CMSIS/Include -Os -ffunction-sections -fdata-sections -Wall -fstack-usage -MMD -MP -MF"Drivers/STM32H7xx_HAL_Driver/stm32h7xx_hal_flash_ex.d" -MT"Drivers/STM32H7xx_HAL_Driver/stm32h7xx_hal_flash_ex.o" --specs=nano.specs -mfpu=fpv5-d16 -mfloat-abi=hard -mthumb -o "Drivers/STM32H7xx_HAL_Driver/stm32h7xx_hal_flash_ex.o"
arm-none-eabi-gcc "C:/Users/evers/Documents/IMAGINE-IOT/Imagine-IoT/Imagine-IoT/9 Nucleo boards/NUCLEO-H723ZG/ip_example/LwIP_TCP_Echo_Server/Drivers/STM32H7xx_HAL_Driver/Src/stm32h7xx_hal_gpio.c" -mcpu=cortex-m7 -std=gnu11 -DUSE_HAL_DRIVER -DSTM32H723xx -c -I../../Src -I../../Middlewares/Third_Party/LwIP/system -I../../Drivers/BSP/STM32H7xx_Nucleo -I../../Drivers/CMSIS/Device/ST/STM32H7xx/Include -I../../Drivers/BSP/Components -I../../Inc -I../../Middlewares/Third_Party/LwIP/src/include -I../../Drivers/BSP/Components/Common -I../../Drivers/STM32H7xx_HAL_Driver/Inc -I../../Drivers/CMSIS/Include -Os -ffunction-sections -fdata-sections -Wall -fstack-usage -MMD -MP -MF"Drivers/STM32H7xx_HAL_Driver/stm32h7xx_hal_gpio.d" -MT"Drivers/STM32H7xx_HAL_Driver/stm32h7xx_hal_gpio.o" --specs=nano.specs -mfpu=fpv5-d16 -mfloat-abi=hard -mthumb -o "Drivers/STM32H7xx_HAL_Driver/stm32h7xx_hal_gpio.o"
arm-none-eabi-gcc "C:/Users/evers/Documents/IMAGINE-IOT/Imagine-IoT/Imagine-IoT/9 Nucleo boards/NUCLEO-H723ZG/ip_example/LwIP_TCP_Echo_Server/Drivers/STM32H7xx_HAL_Driver/Src/stm32h7xx_hal_i2c.c" -mcpu=cortex-m7 -std=gnu11 -DUSE_HAL_DRIVER -DSTM32H723xx -c -I../../Src -I../../Middlewares/Third_Party/LwIP/system -I../../Drivers/BSP/STM32H7xx_Nucleo -I../../Drivers/CMSIS/Device/ST/STM32H7xx/Include -I../../Drivers/BSP/Components -I../../Inc -I../../Middlewares/Third_Party/LwIP/src/include -I../../Drivers/BSP/Components/Common -I../../Drivers/STM32H7xx_HAL_Driver/Inc -I../../Drivers/CMSIS/Include -Os -ffunction-sections -fdata-sections -Wall -fstack-usage -MMD -MP -MF"Drivers/STM32H7xx_HAL_Driver/stm32h7xx_hal_i2c.d" -MT"Drivers/STM32H7xx_HAL_Driver/stm32h7xx_hal_i2c.o" --specs=nano.specs -mfpu=fpv5-d16 -mfloat-abi=hard -mthumb -o "Drivers/STM32H7xx_HAL_Driver/stm32h7xx_hal_i2c.o"
arm-none-eabi-gcc "C:/Users/evers/Documents/IMAGINE-IOT/Imagine-IoT/Imagine-IoT/9 Nucleo boards/NUCLEO-H723ZG/ip_example/LwIP_TCP_Echo_Server/Drivers/STM32H7xx_HAL_Driver/Src/stm32h7xx_hal_i2c_ex.c" -mcpu=cortex-m7 -std=gnu11 -DUSE_HAL_DRIVER -DSTM32H723xx -c -I../../Src -I../../Middlewares/Third_Party/LwIP/system -I../../Drivers/BSP/STM32H7xx_Nucleo -I../../Drivers/CMSIS/Device/ST/STM32H7xx/Include -I../../Drivers/BSP/Components -I../../Inc -I../../Middlewares/Third_Party/LwIP/src/include -I../../Drivers/BSP/Components/Common -I../../Drivers/STM32H7xx_HAL_Driver/Inc -I../../Drivers/CMSIS/Include -Os -ffunction-sections -fdata-sections -Wall -fstack-usage -MMD -MP -MF"Drivers/STM32H7xx_HAL_Driver/stm32h7xx_hal_i2c_ex.d" -MT"Drivers/STM32H7xx_HAL_Driver/stm32h7xx_hal_i2c_ex.o" --specs=nano.specs -mfpu=fpv5-d16 -mfloat-abi=hard -mthumb -o "Drivers/STM32H7xx_HAL_Driver/stm32h7xx_hal_i2c_ex.o"
arm-none-eabi-gcc "C:/Users/evers/Documents/IMAGINE-IOT/Imagine-IoT/Imagine-IoT/9 Nucleo boards/NUCLEO-H723ZG/ip_example/LwIP_TCP_Echo_Server/Drivers/STM32H7xx_HAL_Driver/Src/stm32h7xx_hal_pwr.c" -mcpu=cortex-m7 -std=gnu11 -DUSE_HAL_DRIVER -DSTM32H723xx -c -I../../Src -I../../Middlewares/Third_Party/LwIP/system -I../../Drivers/BSP/STM32H7xx_Nucleo -I../../Drivers/CMSIS/Device/ST/STM32H7xx/Include -I../../Drivers/BSP/Components -I../../Inc -I../../Middlewares/Third_Party/LwIP/src/include -I../../Drivers/BSP/Components/Common -I../../Drivers/STM32H7xx_HAL_Driver/Inc -I../../Drivers/CMSIS/Include -Os -ffunction-sections -fdata-sections -Wall -fstack-usage -MMD -MP -MF"Drivers/STM32H7xx_HAL_Driver/stm32h7xx_hal_pwr.d" -MT"Drivers/STM32H7xx_HAL_Driver/stm32h7xx_hal_pwr.o" --specs=nano.specs -mfpu=fpv5-d16 -mfloat-abi=hard -mthumb -o "Drivers/STM32H7xx_HAL_Driver/stm32h7xx_hal_pwr.o"
arm-none-eabi-gcc "C:/Users/evers/Documents/IMAGINE-IOT/Imagine-IoT/Imagine-IoT/9 Nucleo boards/NUCLEO-H723ZG/ip_example/LwIP_TCP_Echo_Server/Drivers/STM32H7xx_HAL_Driver/Src/stm32h7xx_hal_pwr_ex.c" -mcpu=cortex-m7 -std=gnu11 -DUSE_HAL_DRIVER -DSTM32H723xx -c -I../../Src -I../../Middlewares/Third_Party/LwIP/system -I../../Drivers/BSP/STM32H7xx_Nucleo -I../../Drivers/CMSIS/Device/ST/STM32H7xx/Include -I../../Drivers/BSP/Components -I../../Inc -I../../Middlewares/Third_Party/LwIP/src/include -I../../Drivers/BSP/Components/Common -I../../Drivers/STM32H7xx_HAL_Driver/Inc -I../../Drivers/CMSIS/Include -Os -ffunction-sections -fdata-sections -Wall -fstack-usage -MMD -MP -MF"Drivers/STM32H7xx_HAL_Driver/stm32h7xx_hal_pwr_ex.d" -MT"Drivers/STM32H7xx_HAL_Driver/stm32h7xx_hal_pwr_ex.o" --specs=nano.specs -mfpu=fpv5-d16 -mfloat-abi=hard -mthumb -o "Drivers/STM32H7xx_HAL_Driver/stm32h7xx_hal_pwr_ex.o"
arm-none-eabi-gcc "C:/Users/evers/Documents/IMAGINE-IOT/Imagine-IoT/Imagine-IoT/9 Nucleo boards/NUCLEO-H723ZG/ip_example/LwIP_TCP_Echo_Server/Drivers/STM32H7xx_HAL_Driver/Src/stm32h7xx_hal_rcc.c" -mcpu=cortex-m7 -std=gnu11 -DUSE_HAL_DRIVER -DSTM32H723xx -c -I../../Src -I../../Middlewares/Third_Party/LwIP/system -I../../Drivers/BSP/STM32H7xx_Nucleo -I../../Drivers/CMSIS/Device/ST/STM32H7xx/Include -I../../Drivers/BSP/Components -I../../Inc -I../../Middlewares/Third_Party/LwIP/src/include -I../../Drivers/BSP/Components/Common -I../../Drivers/STM32H7xx_HAL_Driver/Inc -I../../Drivers/CMSIS/Include -Os -ffunction-sections -fdata-sections -Wall -fstack-usage -MMD -MP -MF"Drivers/STM32H7xx_HAL_Driver/stm32h7xx_hal_rcc.d" -MT"Drivers/STM32H7xx_HAL_Driver/stm32h7xx_hal_rcc.o" --specs=nano.specs -mfpu=fpv5-d16 -mfloat-abi=hard -mthumb -o "Drivers/STM32H7xx_HAL_Driver/stm32h7xx_hal_rcc.o"
arm-none-eabi-gcc "C:/Users/evers/Documents/IMAGINE-IOT/Imagine-IoT/Imagine-IoT/9 Nucleo boards/NUCLEO-H723ZG/ip_example/LwIP_TCP_Echo_Server/Drivers/STM32H7xx_HAL_Driver/Src/stm32h7xx_hal_rcc_ex.c" -mcpu=cortex-m7 -std=gnu11 -DUSE_HAL_DRIVER -DSTM32H723xx -c -I../../Src -I../../Middlewares/Third_Party/LwIP/system -I../../Drivers/BSP/STM32H7xx_Nucleo -I../../Drivers/CMSIS/Device/ST/STM32H7xx/Include -I../../Drivers/BSP/Components -I../../Inc -I../../Middlewares/Third_Party/LwIP/src/include -I../../Drivers/BSP/Components/Common -I../../Drivers/STM32H7xx_HAL_Driver/Inc -I../../Drivers/CMSIS/Include -Os -ffunction-sections -fdata-sections -Wall -fstack-usage -MMD -MP -MF"Drivers/STM32H7xx_HAL_Driver/stm32h7xx_hal_rcc_ex.d" -MT"Drivers/STM32H7xx_HAL_Driver/stm32h7xx_hal_rcc_ex.o" --specs=nano.specs -mfpu=fpv5-d16 -mfloat-abi=hard -mthumb -o "Drivers/STM32H7xx_HAL_Driver/stm32h7xx_hal_rcc_ex.o"
arm-none-eabi-gcc "C:/Users/evers/Documents/IMAGINE-IOT/Imagine-IoT/Imagine-IoT/9 Nucleo boards/NUCLEO-H723ZG/ip_example/LwIP_TCP_Echo_Server/Drivers/STM32H7xx_HAL_Driver/Src/stm32h7xx_hal_tim.c" -mcpu=cortex-m7 -std=gnu11 -DUSE_HAL_DRIVER -DSTM32H723xx -c -I../../Src -I../../Middlewares/Third_Party/LwIP/system -I../../Drivers/BSP/STM32H7xx_Nucleo -I../../Drivers/CMSIS/Device/ST/STM32H7xx/Include -I../../Drivers/BSP/Components -I../../Inc -I../../Middlewares/Third_Party/LwIP/src/include -I../../Drivers/BSP/Components/Common -I../../Drivers/STM32H7xx_HAL_Driver/Inc -I../../Drivers/CMSIS/Include -Os -ffunction-sections -fdata-sections -Wall -fstack-usage -MMD -MP -MF"Drivers/STM32H7xx_HAL_Driver/stm32h7xx_hal_tim.d" -MT"Drivers/STM32H7xx_HAL_Driver/stm32h7xx_hal_tim.o" --specs=nano.specs -mfpu=fpv5-d16 -mfloat-abi=hard -mthumb -o "Drivers/STM32H7xx_HAL_Driver/stm32h7xx_hal_tim.o"
arm-none-eabi-gcc "C:/Users/evers/Documents/IMAGINE-IOT/Imagine-IoT/Imagine-IoT/9 Nucleo boards/NUCLEO-H723ZG/ip_example/LwIP_TCP_Echo_Server/Drivers/STM32H7xx_HAL_Driver/Src/stm32h7xx_hal_tim_ex.c" -mcpu=cortex-m7 -std=gnu11 -DUSE_HAL_DRIVER -DSTM32H723xx -c -I../../Src -I../../Middlewares/Third_Party/LwIP/system -I../../Drivers/BSP/STM32H7xx_Nucleo -I../../Drivers/CMSIS/Device/ST/STM32H7xx/Include -I../../Drivers/BSP/Components -I../../Inc -I../../Middlewares/Third_Party/LwIP/src/include -I../../Drivers/BSP/Components/Common -I../../Drivers/STM32H7xx_HAL_Driver/Inc -I../../Drivers/CMSIS/Include -Os -ffunction-sections -fdata-sections -Wall -fstack-usage -MMD -MP -MF"Drivers/STM32H7xx_HAL_Driver/stm32h7xx_hal_tim_ex.d" -MT"Drivers/STM32H7xx_HAL_Driver/stm32h7xx_hal_tim_ex.o" --specs=nano.specs -mfpu=fpv5-d16 -mfloat-abi=hard -mthumb -o "Drivers/STM32H7xx_HAL_Driver/stm32h7xx_hal_tim_ex.o"
arm-none-eabi-gcc "C:/Users/evers/Documents/IMAGINE-IOT/Imagine-IoT/Imagine-IoT/9 Nucleo boards/NUCLEO-H723ZG/ip_example/LwIP_TCP_Echo_Server/Drivers/STM32H7xx_HAL_Driver/Src/stm32h7xx_hal_uart.c" -mcpu=cortex-m7 -std=gnu11 -DUSE_HAL_DRIVER -DSTM32H723xx -c -I../../Src -I../../Middlewares/Third_Party/LwIP/system -I../../Drivers/BSP/STM32H7xx_Nucleo -I../../Drivers/CMSIS/Device/ST/STM32H7xx/Include -I../../Drivers/BSP/Components -I../../Inc -I../../Middlewares/Third_Party/LwIP/src/include -I../../Drivers/BSP/Components/Common -I../../Drivers/STM32H7xx_HAL_Driver/Inc -I../../Drivers/CMSIS/Include -Os -ffunction-sections -fdata-sections -Wall -fstack-usage -MMD -MP -MF"Drivers/STM32H7xx_HAL_Driver/stm32h7xx_hal_uart.d" -MT"Drivers/STM32H7xx_HAL_Driver/stm32h7xx_hal_uart.o" --specs=nano.specs -mfpu=fpv5-d16 -mfloat-abi=hard -mthumb -o "Drivers/STM32H7xx_HAL_Driver/stm32h7xx_hal_uart.o"
arm-none-eabi-gcc "C:/Users/evers/Documents/IMAGINE-IOT/Imagine-IoT/Imagine-IoT/9 Nucleo boards/NUCLEO-H723ZG/ip_example/LwIP_TCP_Echo_Server/Drivers/STM32H7xx_HAL_Driver/Src/stm32h7xx_hal_uart_ex.c" -mcpu=cortex-m7 -std=gnu11 -DUSE_HAL_DRIVER -DSTM32H723xx -c -I../../Src -I../../Middlewares/Third_Party/LwIP/system -I../../Drivers/BSP/STM32H7xx_Nucleo -I../../Drivers/CMSIS/Device/ST/STM32H7xx/Include -I../../Drivers/BSP/Components -I../../Inc -I../../Middlewares/Third_Party/LwIP/src/include -I../../Drivers/BSP/Components/Common -I../../Drivers/STM32H7xx_HAL_Driver/Inc -I../../Drivers/CMSIS/Include -Os -ffunction-sections -fdata-sections -Wall -fstack-usage -MMD -MP -MF"Drivers/STM32H7xx_HAL_Driver/stm32h7xx_hal_uart_ex.d" -MT"Drivers/STM32H7xx_HAL_Driver/stm32h7xx_hal_uart_ex.o" --specs=nano.specs -mfpu=fpv5-d16 -mfloat-abi=hard -mthumb -o "Drivers/STM32H7xx_HAL_Driver/stm32h7xx_hal_uart_ex.o"
arm-none-eabi-gcc "C:/Users/evers/Documents/IMAGINE-IOT/Imagine-IoT/Imagine-IoT/9 Nucleo boards/NUCLEO-H723ZG/ip_example/LwIP_TCP_Echo_Server/Src/system_stm32h7xx.c" -mcpu=cortex-m7 -std=gnu11 -DUSE_HAL_DRIVER -DSTM32H723xx -c -I../../Src -I../../Middlewares/Third_Party/LwIP/system -I../../Drivers/BSP/STM32H7xx_Nucleo -I../../Drivers/CMSIS/Device/ST/STM32H7xx/Include -I../../Drivers/BSP/Components -I../../Inc -I../../Middlewares/Third_Party/LwIP/src/include -I../../Drivers/BSP/Components/Common -I../../Drivers/STM32H7xx_HAL_Driver/Inc -I../../Drivers/CMSIS/Include -Os -ffunction-sections -fdata-sections -Wall -fstack-usage -MMD -MP -MF"Drivers/CMSIS/system_stm32h7xx.d" -MT"Drivers/CMSIS/system_stm32h7xx.o" --specs=nano.specs -mfpu=fpv5-d16 -mfloat-abi=hard -mthumb -o "Drivers/CMSIS/system_stm32h7xx.o"
arm-none-eabi-gcc "C:/Users/evers/Documents/IMAGINE-IOT/Imagine-IoT/Imagine-IoT/9 Nucleo boards/NUCLEO-H723ZG/ip_example/LwIP_TCP_Echo_Server/Drivers/BSP/STM32H7xx_Nucleo/stm32h7xx_nucleo.c" -mcpu=cortex-m7 -std=gnu11 -DUSE_HAL_DRIVER -DSTM32H723xx -c -I../../Src -I../../Middlewares/Third_Party/LwIP/system -I../../Drivers/BSP/STM32H7xx_Nucleo -I../../Drivers/CMSIS/Device/ST/STM32H7xx/Include -I../../Drivers/BSP/Components -I../../Inc -I../../Middlewares/Third_Party/LwIP/src/include -I../../Drivers/BSP/Components/Common -I../../Drivers/STM32H7xx_HAL_Driver/Inc -I../../Drivers/CMSIS/Include -Os -ffunction-sections -fdata-sections -Wall -fstack-usage -MMD -MP -MF"Drivers/BSP/STM32H743ZI-Nucleo/stm32h7xx_nucleo.d" -MT"Drivers/BSP/STM32H743ZI-Nucleo/stm32h7xx_nucleo.o" --specs=nano.specs -mfpu=fpv5-d16 -mfloat-abi=hard -mthumb -o "Drivers/BSP/STM32H743ZI-Nucleo/stm32h7xx_nucleo.o"
arm-none-eabi-gcc "C:/Users/evers/Documents/IMAGINE-IOT/Imagine-IoT/Imagine-IoT/9 Nucleo boards/NUCLEO-H723ZG/ip_example/LwIP_TCP_Echo_Server/Drivers/BSP/Components/lan8742/lan8742.c" -mcpu=cortex-m7 -std=gnu11 -DUSE_HAL_DRIVER -DSTM32H723xx -c -I../../Src -I../../Middlewares/Third_Party/LwIP/system -I../../Drivers/BSP/STM32H7xx_Nucleo -I../../Drivers/CMSIS/Device/ST/STM32H7xx/Include -I../../Drivers/BSP/Components -I../../Inc -I../../Middlewares/Third_Party/LwIP/src/include -I../../Drivers/BSP/Components/Common -I../../Drivers/STM32H7xx_HAL_Driver/Inc -I../../Drivers/CMSIS/Include -Os -ffunction-sections -fdata-sections -Wall -fstack-usage -MMD -MP -MF"Drivers/BSP/Components/lan8742.d" -MT"Drivers/BSP/Components/lan8742.o" --specs=nano.specs -mfpu=fpv5-d16 -mfloat-abi=hard -mthumb -o "Drivers/BSP/Components/lan8742.o"
arm-none-eabi-gcc "C:/Users/evers/Documents/IMAGINE-IOT/Imagine-IoT/Imagine-IoT/9 Nucleo boards/NUCLEO-H723ZG/ip_example/LwIP_TCP_Echo_Server/Src/app_ethernet.c" -mcpu=cortex-m7 -std=gnu11 -DUSE_HAL_DRIVER -DSTM32H723xx -c -I../../Src -I../../Middlewares/Third_Party/LwIP/system -I../../Drivers/BSP/STM32H7xx_Nucleo -I../../Drivers/CMSIS/Device/ST/STM32H7xx/Include -I../../Drivers/BSP/Components -I../../Inc -I../../Middlewares/Third_Party/LwIP/src/include -I../../Drivers/BSP/Components/Common -I../../Drivers/STM32H7xx_HAL_Driver/Inc -I../../Drivers/CMSIS/Include -Os -ffunction-sections -fdata-sections -Wall -fstack-usage -MMD -MP -MF"Application/User/app_ethernet.d" -MT"Application/User/app_ethernet.o" --specs=nano.specs -mfpu=fpv5-d16 -mfloat-abi=hard -mthumb -o "Application/User/app_ethernet.o"
arm-none-eabi-gcc "C:/Users/evers/Documents/IMAGINE-IOT/Imagine-IoT/Imagine-IoT/9 Nucleo boards/NUCLEO-H723ZG/ip_example/LwIP_TCP_Echo_Server/Src/ethernetif.c" -mcpu=cortex-m7 -std=gnu11 -DUSE_HAL_DRIVER -DSTM32H723xx -c -I../../Src -I../../Middlewares/Third_Party/LwIP/system -I../../Drivers/BSP/STM32H7xx_Nucleo -I../../Drivers/CMSIS/Device/ST/STM32H7xx/Include -I../../Drivers/BSP/Components -I../../Inc -I../../Middlewares/Third_Party/LwIP/src/include -I../../Drivers/BSP/Components/Common -I../../Drivers/STM32H7xx_HAL_Driver/Inc -I../../Drivers/CMSIS/Include -Os -ffunction-sections -fdata-sections -Wall -fstack-usage -MMD -MP -MF"Application/User/ethernetif.d" -MT"Application/User/ethernetif.o" --specs=nano.specs -mfpu=fpv5-d16 -mfloat-abi=hard -mthumb -o "Application/User/ethernetif.o"
arm-none-eabi-gcc "C:/Users/evers/Documents/IMAGINE-IOT/Imagine-IoT/Imagine-IoT/9 Nucleo boards/NUCLEO-H723ZG/ip_example/LwIP_TCP_Echo_Server/Src/main.c" -mcpu=cortex-m7 -std=gnu11 -DUSE_HAL_DRIVER -DSTM32H723xx -c -I../../Src -I../../Middlewares/Third_Party/LwIP/system -I../../Drivers/BSP/STM32H7xx_Nucleo -I../../Drivers/CMSIS/Device/ST/STM32H7xx/Include -I../../Drivers/BSP/Components -I../../Inc -I../../Middlewares/Third_Party/LwIP/src/include -I../../Drivers/BSP/Components/Common -I../../Drivers/STM32H7xx_HAL_Driver/Inc -I../../Drivers/CMSIS/Include -Os -ffunction-sections -fdata-sections -Wall -fstack-usage -MMD -MP -MF"Application/User/main.d" -MT"Application/User/main.o" --specs=nano.specs -mfpu=fpv5-d16 -mfloat-abi=hard -mthumb -o "Application/User/main.o"
arm-none-eabi-gcc "C:/Users/evers/Documents/IMAGINE-IOT/Imagine-IoT/Imagine-IoT/9 Nucleo boards/NUCLEO-H723ZG/ip_example/LwIP_TCP_Echo_Server/Src/stm32h7xx_it.c" -mcpu=cortex-m7 -std=gnu11 -DUSE_HAL_DRIVER -DSTM32H723xx -c -I../../Src -I../../Middlewares/Third_Party/LwIP/system -I../../Drivers/BSP/STM32H7xx_Nucleo -I../../Drivers/CMSIS/Device/ST/STM32H7xx/Include -I../../Drivers/BSP/Components -I../../Inc -I../../Middlewares/Third_Party/LwIP/src/include -I../../Drivers/BSP/Components/Common -I../../Drivers/STM32H7xx_HAL_Driver/Inc -I../../Drivers/CMSIS/Include -Os -ffunction-sections -fdata-sections -Wall -fstack-usage -MMD -MP -MF"Application/User/stm32h7xx_it.d" -MT"Application/User/stm32h7xx_it.o" --specs=nano.specs -mfpu=fpv5-d16 -mfloat-abi=hard -mthumb -o "Application/User/stm32h7xx_it.o"
arm-none-eabi-gcc "../Application/User/syscalls.c" -mcpu=cortex-m7 -std=gnu11 -DUSE_HAL_DRIVER -DSTM32H723xx -c -I../../Src -I../../Middlewares/Third_Party/LwIP/system -I../../Drivers/BSP/STM32H7xx_Nucleo -I../../Drivers/CMSIS/Device/ST/STM32H7xx/Include -I../../Drivers/BSP/Components -I../../Inc -I../../Middlewares/Third_Party/LwIP/src/include -I../../Drivers/BSP/Components/Common -I../../Drivers/STM32H7xx_HAL_Driver/Inc -I../../Drivers/CMSIS/Include -Os -ffunction-sections -fdata-sections -Wall -fstack-usage -MMD -MP -MF"Application/User/syscalls.d" -MT"Application/User/syscalls.o" --specs=nano.specs -mfpu=fpv5-d16 -mfloat-abi=hard -mthumb -o "Application/User/syscalls.o"
arm-none-eabi-gcc "../Application/User/sysmem.c" -mcpu=cortex-m7 -std=gnu11 -DUSE_HAL_DRIVER -DSTM32H723xx -c -I../../Src -I../../Middlewares/Third_Party/LwIP/system -I../../Drivers/BSP/STM32H7xx_Nucleo -I../../Drivers/CMSIS/Device/ST/STM32H7xx/Include -I../../Drivers/BSP/Components -I../../Inc -I../../Middlewares/Third_Party/LwIP/src/include -I../../Drivers/BSP/Components/Common -I../../Drivers/STM32H7xx_HAL_Driver/Inc -I../../Drivers/CMSIS/Include -Os -ffunction-sections -fdata-sections -Wall -fstack-usage -MMD -MP -MF"Application/User/sysmem.d" -MT"Application/User/sysmem.o" --specs=nano.specs -mfpu=fpv5-d16 -mfloat-abi=hard -mthumb -o "Application/User/sysmem.o"
arm-none-eabi-gcc "C:/Users/evers/Documents/IMAGINE-IOT/Imagine-IoT/Imagine-IoT/9 Nucleo boards/NUCLEO-H723ZG/ip_example/LwIP_TCP_Echo_Server/Src/tcp_echoserver.c" -mcpu=cortex-m7 -std=gnu11 -DUSE_HAL_DRIVER -DSTM32H723xx -c -I../../Src -I../../Middlewares/Third_Party/LwIP/system -I../../Drivers/BSP/STM32H7xx_Nucleo -I../../Drivers/CMSIS/Device/ST/STM32H7xx/Include -I../../Drivers/BSP/Components -I../../Inc -I../../Middlewares/Third_Party/LwIP/src/include -I../../Drivers/BSP/Components/Common -I../../Drivers/STM32H7xx_HAL_Driver/Inc -I../../Drivers/CMSIS/Include -Os -ffunction-sections -fdata-sections -Wall -fstack-usage -MMD -MP -MF"Application/User/tcp_echoserver.d" -MT"Application/User/tcp_echoserver.o" --specs=nano.specs -mfpu=fpv5-d16 -mfloat-abi=hard -mthumb -o "Application/User/tcp_echoserver.o"
arm-none-eabi-gcc -mcpu=cortex-m7 -c -I../../Inc -x assembler-with-cpp -MMD -MP -MF"Application/Startup/startup_stm32h723zgtx.d" -MT"Application/Startup/startup_stm32h723zgtx.o" --specs=nano.specs -mfpu=fpv5-d16 -mfloat-abi=hard -mthumb -o "Application/Startup/startup_stm32h723zgtx.o" "../Application/Startup/startup_stm32h723zgtx.s"
arm-none-eabi-gcc -o "LwIP_TCP_Echo_Server.elf" @"objects.list"   -mcpu=cortex-m7 -T"C:\Users\evers\Documents\IMAGINE-IOT\Imagine-IoT\Imagine-IoT\9 Nucleo boards\NUCLEO-H723ZG\ip_example\LwIP_TCP_Echo_Server\STM32CubeIDE\STM32H723ZGTX_FLASH.ld" --specs=nosys.specs -Wl,-Map="LwIP_TCP_Echo_Server.map" -Wl,--gc-sections -static --specs=nano.specs -mfpu=fpv5-d16 -mfloat-abi=hard -mthumb -Wl,--start-group -lc -lm -Wl,--end-group
Finished building target: LwIP_TCP_Echo_Server.elf
 
arm-none-eabi-size   LwIP_TCP_Echo_Server.elf 
arm-none-eabi-objdump -h -S  LwIP_TCP_Echo_Server.elf  > "LwIP_TCP_Echo_Server.list"
arm-none-eabi-objcopy  -O binary  LwIP_TCP_Echo_Server.elf  "LwIP_TCP_Echo_Server.bin"
   text	   data	    bss	    dec	    hex	filename
  57812	    152	  31176	  89140	  15c34	LwIP_TCP_Echo_Server.elf
Finished building: default.size.stdout
 
Finished building: LwIP_TCP_Echo_Server.bin
 
Finished building: LwIP_TCP_Echo_Server.list
 

19:18:43 Build Finished. 0 errors, 0 warnings. (took 7s.542ms)

19:18:47 **** Incremental Build of configuration Release for project LwIP_TCP_Echo_Server ****
make -j8 all 
arm-none-eabi-size   LwIP_TCP_Echo_Server.elf 
   text	   data	    bss	    dec	    hex	filename
  57812	    152	  31176	  89140	  15c34	LwIP_TCP_Echo_Server.elf
Finished building: default.size.stdout
 
19:19:03 **** Incremental Build of configuration Release for project LwIP_TCP_Echo_Server ****
make -j8 all 
arm-none-eabi-size   LwIP_TCP_Echo_Server.elf 
   text	   data	    bss	    dec	    hex	filename
  57812	    152	  31176	  89140	  15c34	LwIP_TCP_Echo_Server.elf
Finished building: default.size.stdout
 
19:34:29 **** Incremental Build of configuration Release for project LwIP_TCP_Echo_Server ****
make -j8 all 
arm-none-eabi-size   LwIP_TCP_Echo_Server.elf 
   text	   data	    bss	    dec	    hex	filename
  57812	    152	  31176	  89140	  15c34	LwIP_TCP_Echo_Server.elf
Finished building: default.size.stdout
 
19:35:20 **** Incremental Build of configuration Release for project LwIP_TCP_Echo_Server ****
make -j8 all 
arm-none-eabi-size   LwIP_TCP_Echo_Server.elf 
   text	   data	    bss	    dec	    hex	filename
  57812	    152	  31176	  89140	  15c34	LwIP_TCP_Echo_Server.elf
Finished building: default.size.stdout
 
