stm32h7xx_hal_eth.c:2409:13:ETH_SetMACConfig	56	static
stm32h7xx_hal_eth.c:2486:13:ETH_SetDMAConfig	12	static
stm32h7xx_hal_eth.c:2734:17:ETH_Prepare_Tx_Descriptors	56	static,ignoring_inline_asm
stm32h7xx_hal_eth.c:436:13:HAL_ETH_MspInit	0	static
stm32h7xx_hal_eth.c:451:13:HAL_ETH_MspDeInit	0	static
stm32h7xx_hal_eth.c:403:19:HAL_ETH_DeInit	8	static
stm32h7xx_hal_eth.c:692:19:HAL_ETH_DescAssignMemory	0	static
stm32h7xx_hal_eth.c:751:19:HAL_ETH_Start	8	static
stm32h7xx_hal_eth.c:792:19:HAL_ETH_Start_IT	8	static
stm32h7xx_hal_eth.c:855:19:HAL_ETH_Stop	0	static
stm32h7xx_hal_eth.c:895:19:HAL_ETH_Stop_IT	8	static
stm32h7xx_hal_eth.c:957:19:HAL_ETH_Transmit	24	static
stm32h7xx_hal_eth.c:1030:19:HAL_ETH_Transmit_IT	8	static
stm32h7xx_hal_eth.c:1070:9:HAL_ETH_IsRxDataAvailable	20	static
stm32h7xx_hal_eth.c:1207:19:HAL_ETH_GetRxDataBuffer	24	static
stm32h7xx_hal_eth.c:1304:19:HAL_ETH_GetRxDataLength	16	static
stm32h7xx_hal_eth.c:1336:19:HAL_ETH_GetRxDataInfo	16	static
stm32h7xx_hal_eth.c:1409:19:HAL_ETH_BuildRxDescriptors	20	static
stm32h7xx_hal_eth.c:1664:13:HAL_ETH_TxCpltCallback	0	static
stm32h7xx_hal_eth.c:1679:13:HAL_ETH_RxCpltCallback	0	static
stm32h7xx_hal_eth.c:1694:13:HAL_ETH_DMAErrorCallback	0	static
stm32h7xx_hal_eth.c:1709:13:HAL_ETH_MACErrorCallback	0	static
stm32h7xx_hal_eth.c:1724:13:HAL_ETH_PMTCallback	0	static
stm32h7xx_hal_eth.c:1739:13:HAL_ETH_EEECallback	0	static
stm32h7xx_hal_eth.c:1754:13:HAL_ETH_WakeUpCallback	0	static
stm32h7xx_hal_eth.c:1475:6:HAL_ETH_IRQHandler	8	static
stm32h7xx_hal_eth.c:1772:19:HAL_ETH_ReadPHYRegister	16	static
stm32h7xx_hal_eth.c:1826:19:HAL_ETH_WritePHYRegister	16	static
stm32h7xx_hal_eth.c:1897:19:HAL_ETH_GetMACConfig	0	static
stm32h7xx_hal_eth.c:1964:19:HAL_ETH_GetDMAConfig	0	static
stm32h7xx_hal_eth.c:1998:19:HAL_ETH_SetMACConfig	8	static
stm32h7xx_hal_eth.c:2025:19:HAL_ETH_SetDMAConfig	8	static
stm32h7xx_hal_eth.c:2050:6:HAL_ETH_SetMDIOClockRange	16	static
stm32h7xx_hal_eth.c:278:19:HAL_ETH_Init	160	static
stm32h7xx_hal_eth.c:2102:19:HAL_ETH_SetMACFilterConfig	20	static
stm32h7xx_hal_eth.c:2136:19:HAL_ETH_GetMACFilterConfig	0	static
stm32h7xx_hal_eth.c:2170:19:HAL_ETH_SetSourceMACAddrMatch	8	static
stm32h7xx_hal_eth.c:2204:19:HAL_ETH_SetHashTable	0	static
stm32h7xx_hal_eth.c:2226:6:HAL_ETH_SetRxVLANIdentifier	0	static
stm32h7xx_hal_eth.c:2248:6:HAL_ETH_EnterPowerDownMode	12	static
stm32h7xx_hal_eth.c:2270:6:HAL_ETH_ExitPowerDownMode	0	static
stm32h7xx_hal_eth.c:2293:19:HAL_ETH_SetWakeUpFilter	0	static
stm32h7xx_hal_eth.c:2342:22:HAL_ETH_GetState	0	static
stm32h7xx_hal_eth.c:2359:10:HAL_ETH_GetError	0	static
stm32h7xx_hal_eth.c:2370:10:HAL_ETH_GetDMAError	0	static
stm32h7xx_hal_eth.c:2381:10:HAL_ETH_GetMACError	0	static
stm32h7xx_hal_eth.c:2392:10:HAL_ETH_GetMACWakeUpSource	0	static
