Archive member included to satisfy reference by file (symbol)

c:/st/stm32cubeide_1.7.0/stm32cubeide/plugins/com.st.stm32cube.ide.mcu.externaltools.gnu-tools-for-stm32.9-2020-q2-update.win32_2.0.0.202105311346/tools/bin/../lib/gcc/arm-none-eabi/9.3.1/../../../../arm-none-eabi/lib/thumb/v7e-m+fp/hard\libc_nano.a(lib_a-errno.o)
                              ./Core/Src/syscalls.o (__errno)
c:/st/stm32cubeide_1.7.0/stm32cubeide/plugins/com.st.stm32cube.ide.mcu.externaltools.gnu-tools-for-stm32.9-2020-q2-update.win32_2.0.0.202105311346/tools/bin/../lib/gcc/arm-none-eabi/9.3.1/../../../../arm-none-eabi/lib/thumb/v7e-m+fp/hard\libc_nano.a(lib_a-exit.o)
                              c:/st/stm32cubeide_1.7.0/stm32cubeide/plugins/com.st.stm32cube.ide.mcu.externaltools.gnu-tools-for-stm32.9-2020-q2-update.win32_2.0.0.202105311346/tools/bin/../lib/gcc/arm-none-eabi/9.3.1/../../../../arm-none-eabi/lib/thumb/v7e-m+fp/hard/crt0.o (exit)
c:/st/stm32cubeide_1.7.0/stm32cubeide/plugins/com.st.stm32cube.ide.mcu.externaltools.gnu-tools-for-stm32.9-2020-q2-update.win32_2.0.0.202105311346/tools/bin/../lib/gcc/arm-none-eabi/9.3.1/../../../../arm-none-eabi/lib/thumb/v7e-m+fp/hard\libc_nano.a(lib_a-impure.o)
                              c:/st/stm32cubeide_1.7.0/stm32cubeide/plugins/com.st.stm32cube.ide.mcu.externaltools.gnu-tools-for-stm32.9-2020-q2-update.win32_2.0.0.202105311346/tools/bin/../lib/gcc/arm-none-eabi/9.3.1/../../../../arm-none-eabi/lib/thumb/v7e-m+fp/hard\libc_nano.a(lib_a-exit.o) (_global_impure_ptr)
c:/st/stm32cubeide_1.7.0/stm32cubeide/plugins/com.st.stm32cube.ide.mcu.externaltools.gnu-tools-for-stm32.9-2020-q2-update.win32_2.0.0.202105311346/tools/bin/../lib/gcc/arm-none-eabi/9.3.1/../../../../arm-none-eabi/lib/thumb/v7e-m+fp/hard\libc_nano.a(lib_a-init.o)
                              c:/st/stm32cubeide_1.7.0/stm32cubeide/plugins/com.st.stm32cube.ide.mcu.externaltools.gnu-tools-for-stm32.9-2020-q2-update.win32_2.0.0.202105311346/tools/bin/../lib/gcc/arm-none-eabi/9.3.1/../../../../arm-none-eabi/lib/thumb/v7e-m+fp/hard/crt0.o (__libc_init_array)
c:/st/stm32cubeide_1.7.0/stm32cubeide/plugins/com.st.stm32cube.ide.mcu.externaltools.gnu-tools-for-stm32.9-2020-q2-update.win32_2.0.0.202105311346/tools/bin/../lib/gcc/arm-none-eabi/9.3.1/../../../../arm-none-eabi/lib/thumb/v7e-m+fp/hard\libc_nano.a(lib_a-malloc.o)
                              ./Middlewares/ST/STM32_USB_Host_Library/Class/MSC/Src/usbh_msc.o (malloc)
c:/st/stm32cubeide_1.7.0/stm32cubeide/plugins/com.st.stm32cube.ide.mcu.externaltools.gnu-tools-for-stm32.9-2020-q2-update.win32_2.0.0.202105311346/tools/bin/../lib/gcc/arm-none-eabi/9.3.1/../../../../arm-none-eabi/lib/thumb/v7e-m+fp/hard\libc_nano.a(lib_a-memset.o)
                              c:/st/stm32cubeide_1.7.0/stm32cubeide/plugins/com.st.stm32cube.ide.mcu.externaltools.gnu-tools-for-stm32.9-2020-q2-update.win32_2.0.0.202105311346/tools/bin/../lib/gcc/arm-none-eabi/9.3.1/../../../../arm-none-eabi/lib/thumb/v7e-m+fp/hard/crt0.o (memset)
c:/st/stm32cubeide_1.7.0/stm32cubeide/plugins/com.st.stm32cube.ide.mcu.externaltools.gnu-tools-for-stm32.9-2020-q2-update.win32_2.0.0.202105311346/tools/bin/../lib/gcc/arm-none-eabi/9.3.1/../../../../arm-none-eabi/lib/thumb/v7e-m+fp/hard\libc_nano.a(lib_a-nano-freer.o)
                              c:/st/stm32cubeide_1.7.0/stm32cubeide/plugins/com.st.stm32cube.ide.mcu.externaltools.gnu-tools-for-stm32.9-2020-q2-update.win32_2.0.0.202105311346/tools/bin/../lib/gcc/arm-none-eabi/9.3.1/../../../../arm-none-eabi/lib/thumb/v7e-m+fp/hard\libc_nano.a(lib_a-malloc.o) (_free_r)
c:/st/stm32cubeide_1.7.0/stm32cubeide/plugins/com.st.stm32cube.ide.mcu.externaltools.gnu-tools-for-stm32.9-2020-q2-update.win32_2.0.0.202105311346/tools/bin/../lib/gcc/arm-none-eabi/9.3.1/../../../../arm-none-eabi/lib/thumb/v7e-m+fp/hard\libc_nano.a(lib_a-nano-mallocr.o)
                              c:/st/stm32cubeide_1.7.0/stm32cubeide/plugins/com.st.stm32cube.ide.mcu.externaltools.gnu-tools-for-stm32.9-2020-q2-update.win32_2.0.0.202105311346/tools/bin/../lib/gcc/arm-none-eabi/9.3.1/../../../../arm-none-eabi/lib/thumb/v7e-m+fp/hard\libc_nano.a(lib_a-malloc.o) (_malloc_r)
c:/st/stm32cubeide_1.7.0/stm32cubeide/plugins/com.st.stm32cube.ide.mcu.externaltools.gnu-tools-for-stm32.9-2020-q2-update.win32_2.0.0.202105311346/tools/bin/../lib/gcc/arm-none-eabi/9.3.1/../../../../arm-none-eabi/lib/thumb/v7e-m+fp/hard\libc_nano.a(lib_a-sbrkr.o)
                              c:/st/stm32cubeide_1.7.0/stm32cubeide/plugins/com.st.stm32cube.ide.mcu.externaltools.gnu-tools-for-stm32.9-2020-q2-update.win32_2.0.0.202105311346/tools/bin/../lib/gcc/arm-none-eabi/9.3.1/../../../../arm-none-eabi/lib/thumb/v7e-m+fp/hard\libc_nano.a(lib_a-nano-mallocr.o) (_sbrk_r)
c:/st/stm32cubeide_1.7.0/stm32cubeide/plugins/com.st.stm32cube.ide.mcu.externaltools.gnu-tools-for-stm32.9-2020-q2-update.win32_2.0.0.202105311346/tools/bin/../lib/gcc/arm-none-eabi/9.3.1/../../../../arm-none-eabi/lib/thumb/v7e-m+fp/hard\libc_nano.a(lib_a-strncpy.o)
[...]
Memory Configuration

Name             Origin             Length             Attributes
CCMRAM           0x0000000010000000 0x0000000000010000 xrw
RAM              0x0000000020000000 0x0000000000020000 xrw
FLASH            0x0000000008000000 0x0000000000100000 xr
*default*        0x0000000000000000 0xffffffffffffffff

Linker script and memory map

LOAD c:/st/stm32cubeide_1.7.0/stm32cubeide/plugins/com.st.stm32cube.ide.mcu.externaltools.gnu-tools-for-stm32.9-2020-q2-update.win32_2.0.0.202105311346/tools/bin/../lib/gcc/arm-none-eabi/9.3.1/thumb/v7e-m+fp/hard/crti.o
LOAD c:/st/stm32cubeide_1.7.0/stm32cubeide/plugins/com.st.stm32cube.ide.mcu.externaltools.gnu-tools-for-stm32.9-2020-q2-update.win32_2.0.0.202105311346/tools/bin/../lib/gcc/arm-none-eabi/9.3.1/thumb/v7e-m+fp/hard/crtbegin.o
LOAD c:/st/stm32cubeide_1.7.0/stm32cubeide/plugins/com.st.stm32cube.ide.mcu.externaltools.gnu-tools-for-stm32.9-2020-q2-update.win32_2.0.0.202105311346/tools/bin/../lib/gcc/arm-none-eabi/9.3.1/../../../../arm-none-eabi/lib/thumb/v7e-m+fp/hard/crt0.o
LOAD ./Core/Src/AUDIO.o
LOAD ./Core/Src/AUDIO_LINK.o
LOAD ./Core/Src/File_Handling.o
LOAD ./Core/Src/cs43l22.o
LOAD ./Core/Src/main.o
LOAD ./Core/Src/stm32f4xx_hal_msp.o
LOAD ./Core/Src/stm32f4xx_hal_timebase_tim.o
LOAD ./Core/Src/stm32f4xx_it.o
LOAD ./Core/Src/syscalls.o
LOAD ./Core/Src/sysmem.o
LOAD ./Core/Src/system_stm32f4xx.o
LOAD ./Core/Src/waveplayer.o
LOAD ./Core/Startup/startup_stm32f407vgtx.o
LOAD ./Drivers/STM32F4xx_HAL_Driver/Src/stm32f4xx_hal.o
LOAD ./Drivers/STM32F4xx_HAL_Driver/Src/stm32f4xx_hal_can.o
LOAD ./Drivers/STM32F4xx_HAL_Driver/Src/stm32f4xx_hal_cortex.o
LOAD ./Drivers/STM32F4xx_HAL_Driver/Src/stm32f4xx_hal_dma.o
LOAD ./Drivers/STM32F4xx_HAL_Driver/Src/stm32f4xx_hal_dma_ex.o
LOAD ./Drivers/STM32F4xx_HAL_Driver/Src/stm32f4xx_hal_exti.o
LOAD ./Drivers/STM32F4xx_HAL_Driver/Src/stm32f4xx_hal_flash.o
LOAD ./Drivers/STM32F4xx_HAL_Driver/Src/stm32f4xx_hal_flash_ex.o
LOAD ./Drivers/STM32F4xx_HAL_Driver/Src/stm32f4xx_hal_flash_ramfunc.o
LOAD ./Drivers/STM32F4xx_HAL_Driver/Src/stm32f4xx_hal_gpio.o
LOAD ./Drivers/STM32F4xx_HAL_Driver/Src/stm32f4xx_hal_hcd.o
LOAD ./Drivers/STM32F4xx_HAL_Driver/Src/stm32f4xx_hal_i2c.o
LOAD ./Drivers/STM32F4xx_HAL_Driver/Src/stm32f4xx_hal_i2c_ex.o
LOAD ./Drivers/STM32F4xx_HAL_Driver/Src/stm32f4xx_hal_i2s.o
LOAD ./Drivers/STM32F4xx_HAL_Driver/Src/stm32f4xx_hal_i2s_ex.o
LOAD ./Drivers/STM32F4xx_HAL_Driver/Src/stm32f4xx_hal_pwr.o
LOAD ./Drivers/STM32F4xx_HAL_Driver/Src/stm32f4xx_hal_pwr_ex.o
LOAD ./Drivers/STM32F4xx_HAL_Driver/Src/stm32f4xx_hal_rcc.o
LOAD ./Drivers/STM32F4xx_HAL_Driver/Src/stm32f4xx_hal_rcc_ex.o
LOAD ./Drivers/STM32F4xx_HAL_Driver/Src/stm32f4xx_hal_tim.o
LOAD ./Drivers/STM32F4xx_HAL_Driver/Src/stm32f4xx_hal_tim_ex.o
LOAD ./Drivers/STM32F4xx_HAL_Driver/Src/stm32f4xx_ll_usb.o
LOAD ./FATFS/App/fatfs.o
LOAD ./FATFS/Target/usbh_diskio.o
LOAD ./Middlewares/ST/STM32_USB_Host_Library/Class/MSC/Src/usbh_msc.o
LOAD ./Middlewares/ST/STM32_USB_Host_Library/Class/MSC/Src/usbh_msc_bot.o
LOAD ./Middlewares/ST/STM32_USB_Host_Library/Class/MSC/Src/usbh_msc_scsi.o
LOAD ./Middlewares/ST/STM32_USB_Host_Library/Core/Src/usbh_core.o
LOAD ./Middlewares/ST/STM32_USB_Host_Library/Core/Src/usbh_ctlreq.o
LOAD ./Middlewares/ST/STM32_USB_Host_Library/Core/Src/usbh_ioreq.o
LOAD ./Middlewares/ST/STM32_USB_Host_Library/Core/Src/usbh_pipes.o
LOAD ./Middlewares/Third_Party/FatFs/src/diskio.o
LOAD ./Middlewares/Third_Party/FatFs/src/ff.o
LOAD ./Middlewares/Third_Party/FatFs/src/ff_gen_drv.o
LOAD ./Middlewares/Third_Party/FatFs/src/option/ccsbcs.o
LOAD ./Middlewares/Third_Party/FatFs/src/option/syscall.o
LOAD ./USB_HOST/App/usb_host.o
LOAD ./USB_HOST/Target/usbh_conf.o
START GROUP
LOAD c:/st/stm32cubeide_1.7.0/stm32cubeide/plugins/com.st.stm32cube.ide.mcu.externaltools.gnu-tools-for-stm32.9-2020-q2-update.win32_2.0.0.202105311346/tools/bin/../lib/gcc/arm-none-eabi/9.3.1/../../../../arm-none-eabi/lib/thumb/v7e-m+fp/hard\libc_nano.a
LOAD c:/st/stm32cubeide_1.7.0/stm32cubeide/plugins/com.st.stm32cube.ide.mcu.externaltools.gnu-tools-for-stm32.9-2020-q2-update.win32_2.0.0.202105311346/tools/bin/../lib/gcc/arm-none-eabi/9.3.1/../../../../arm-none-eabi/lib/thumb/v7e-m+fp/hard\libm.a
END GROUP
START GROUP
LOAD c:/st/stm32cubeide_1.7.0/stm32cubeide/plugins/com.st.stm32cube.ide.mcu.externaltools.gnu-tools-for-stm32.9-2020-q2-update.win32_2.0.0.202105311346/tools/bin/../lib/gcc/arm-none-eabi/9.3.1/thumb/v7e-m+fp/hard\libgcc.a
LOAD c:/st/stm32cubeide_1.7.0/stm32cubeide/plugins/com.st.stm32cube.ide.mcu.externaltools.gnu-tools-for-stm32.9-2020-q2-update.win32_2.0.0.202105311346/tools/bin/../lib/gcc/arm-none-eabi/9.3.1/../../../../arm-none-eabi/lib/thumb/v7e-m+fp/hard\libc_nano.a
END GROUP
START GROUP
LOAD c:/st/stm32cubeide_1.7.0/stm32cubeide/plugins/com.st.stm32cube.ide.mcu.externaltools.gnu-tools-for-stm32.9-2020-q2-update.win32_2.0.0.202105311346/tools/bin/../lib/gcc/arm-none-eabi/9.3.1/thumb/v7e-m+fp/hard\libgcc.a
LOAD c:/st/stm32cubeide_1.7.0/stm32cubeide/plugins/com.st.stm32cube.ide.mcu.externaltools.gnu-tools-for-stm32.9-2020-q2-update.win32_2.0.0.202105311346/tools/bin/../lib/gcc/arm-none-eabi/9.3.1/../../../../arm-none-eabi/lib/thumb/v7e-m+fp/hard\libc_nano.a
LOAD c:/st/stm32cubeide_1.7.0/stm32cubeide/plugins/com.st.stm32cube.ide.mcu.externaltools.gnu-tools-for-stm32.9-2020-q2-update.win32_2.0.0.202105311346/tools/bin/../lib/gcc/arm-none-eabi/9.3.1/../../../../arm-none-eabi/lib/thumb/v7e-m+fp/hard\libnosys.a
END GROUP
START GROUP
LOAD c:/st/stm32cubeide_1.7.0/stm32cubeide/plugins/com.st.stm32cube.ide.mcu.externaltools.gnu-tools-for-stm32.9-2020-q2-update.win32_2.0.0.202105311346/tools/bin/../lib/gcc/arm-none-eabi/9.3.1/thumb/v7e-m+fp/hard\libgcc.a
LOAD c:/st/stm32cubeide_1.7.0/stm32cubeide/plugins/com.st.stm32cube.ide.mcu.externaltools.gnu-tools-for-stm32.9-2020-q2-update.win32_2.0.0.202105311346/tools/bin/../lib/gcc/arm-none-eabi/9.3.1/../../../../arm-none-eabi/lib/thumb/v7e-m+fp/hard\libc_nano.a
LOAD c:/st/stm32cubeide_1.7.0/stm32cubeide/plugins/com.st.stm32cube.ide.mcu.externaltools.gnu-tools-for-stm32.9-2020-q2-update.win32_2.0.0.202105311346/tools/bin/../lib/gcc/arm-none-eabi/9.3.1/../../../../arm-none-eabi/lib/thumb/v7e-m+fp/hard\libnosys.a
END GROUP
LOAD c:/st/stm32cubeide_1.7.0/stm32cubeide/plugins/com.st.stm32cube.ide.mcu.externaltools.gnu-tools-for-stm32.9-2020-q2-update.win32_2.0.0.202105311346/tools/bin/../lib/gcc/arm-none-eabi/9.3.1/thumb/v7e-m+fp/hard/crtend.o
LOAD c:/st/stm32cubeide_1.7.0/stm32cubeide/plugins/com.st.stm32cube.ide.mcu.externaltools.gnu-tools-for-stm32.9-2020-q2-update.win32_2.0.0.202105311346/tools/bin/../lib/gcc/arm-none-eabi/9.3.1/thumb/v7e-m+fp/hard/crtn.o
                0x0000000020020000                _estack = (ORIGIN (RAM) + LENGTH (RAM))
                0x0000000000000200                _Min_Heap_Size = 0x200
                0x0000000000000400                _Min_Stack_Size = 0x400

.isr_vector     0x0000000008000000      0x188
                0x0000000008000000                . = ALIGN (0x4)
 *(.isr_vector)
 .isr_vector    0x0000000008000000      0x188 ./Core/Startup/startup_stm32f407vgtx.o
                0x0000000008000000                g_pfnVectors
                0x0000000008000188                . = ALIGN (0x4)

.text           0x0000000008000188     0x86c4
                0x0000000008000188                . = ALIGN (0x4)
 *(.text)
 .text          0x0000000008000188       0x40 c:/st/stm32cubeide_1.7.0/stm32cubeide/plugins/com.st.stm32cube.ide.mcu.externaltools.gnu-tools-for-stm32.9-2020-q2-update.win32_2.0.0.202105311346/tools/bin/../lib/gcc/arm-none-eabi/9.3.1/thumb/v7e-m+fp/hard/crtbegin.o
 .text          0x00000000080001c8       0x30 c:/st/stm32cubeide_1.7.0/stm32cubeide/plugins/com.st.stm32cube.ide.mcu.externaltools.gnu-tools-for-stm32.9-2020-q2-update.win32_2.0.0.202105311346/tools/bin/../lib/gcc/arm-none-eabi/9.3.1/thumb/v7e-m+fp/hard\libgcc.a(_aeabi_uldivmod.o)
                0x00000000080001c8                __aeabi_uldivmod
 .text          0x00000000080001f8      0x2c4 c:/st/stm32cubeide_1.7.0/stm32cubeide/plugins/com.st.stm32cube.ide.mcu.externaltools.gnu-tools-for-stm32.9-2020-q2-update.win32_2.0.0.202105311346/tools/bin/../lib/gcc/arm-none-eabi/9.3.1/thumb/v7e-m+fp/hard\libgcc.a(_udivmoddi4.o)
                0x00000000080001f8                __udivmoddi4
 .text          0x00000000080004bc        0x4 c:/st/stm32cubeide_1.7.0/stm32cubeide/plugins/com.st.stm32cube.ide.mcu.externaltools.gnu-tools-for-stm32.9-2020-q2-update.win32_2.0.0.202105311346/tools/bin/../lib/gcc/arm-none-eabi/9.3.1/thumb/v7e-m+fp/hard\libgcc.a(_dvmd_tls.o)
                0x00000000080004bc                __aeabi_idiv0
                0x00000000080004bc                __aeabi_ldiv0
 *(.text*)
 .text.I2S3_Init
                0x00000000080004c0       0x3c ./Core/Src/AUDIO.o
 .text.AUDIO_OUT_Play
                0x00000000080004fc       0x3c ./Core/Src/AUDIO.o
                0x00000000080004fc                AUDIO_OUT_Play
 .text.AUDIO_OUT_Pause
                0x0000000008000538       0x28 ./Core/Src/AUDIO.o
                0x0000000008000538                AUDIO_OUT_Pause
 .text.AUDIO_OUT_Resume
                0x0000000008000560       0x28 ./Core/Src/AUDIO.o
                0x0000000008000560                AUDIO_OUT_Resume
 .text.AUDIO_OUT_Stop
                0x0000000008000588       0x44 ./Core/Src/AUDIO.o
                0x0000000008000588                AUDIO_OUT_Stop
 .text.AUDIO_OUT_SetVolume
                0x00000000080005cc       0x1c ./Core/Src/AUDIO.o
                0x00000000080005cc                AUDIO_OUT_SetVolume
 .text.AUDIO_OUT_ClockConfig
                0x00000000080005e8       0x60 ./Core/Src/AUDIO.o
                0x00000000080005e8                AUDIO_OUT_ClockConfig
 .text.AUDIO_OUT_MspInit
                0x0000000008000648      0x118 ./Core/Src/AUDIO.o
                0x0000000008000648                AUDIO_OUT_MspInit
 .text.AUDIO_OUT_Init
                0x0000000008000760       0x78 ./Core/Src/AUDIO.o
                0x0000000008000760                AUDIO_OUT_Init
 .text.HAL_I2S_TxCpltCallback
                0x00000000080007d8       0x14 ./Core/Src/AUDIO.o
                0x00000000080007d8                HAL_I2S_TxCpltCallback
 .text.HAL_I2S_TxHalfCpltCallback
                0x00000000080007ec       0x14 ./Core/Src/AUDIO.o
                0x00000000080007ec                HAL_I2S_TxHalfCpltCallback
 .text.AUDIO_OUT_Error_CallBack
                0x0000000008000800        0x2 ./Core/Src/AUDIO.o
                0x0000000008000800                AUDIO_OUT_Error_CallBack
 *fill*         0x0000000008000802        0x2 
 .text.HAL_I2S_ErrorCallback
                0x0000000008000804       0x14 ./Core/Src/AUDIO.o
                0x0000000008000804                HAL_I2S_ErrorCallback
 .text.I2Cx_Init
                0x0000000008000818       0xc4 ./Core/Src/AUDIO_LINK.o
 .text.AUDIO_IO_Init
                0x00000000080008dc       0x64 ./Core/Src/AUDIO_LINK.o
                0x00000000080008dc                AUDIO_IO_Init
 .text.AUDIO_IO_DeInit
                0x0000000008000940        0x2 ./Core/Src/AUDIO_LINK.o
                0x0000000008000940                AUDIO_IO_DeInit
 *fill*         0x0000000008000942        0x2 
 .text.AUDIO_IO_Write
                0x0000000008000944       0x3c ./Core/Src/AUDIO_LINK.o
                0x0000000008000944                AUDIO_IO_Write
 .text.AUDIO_IO_Read
                0x0000000008000980       0x40 ./Core/Src/AUDIO_LINK.o
                0x0000000008000980                AUDIO_IO_Read
 .text.AUDIO_StorageParse
                0x00000000080009c0       0xc8 ./Core/Src/File_Handling.o
                0x00000000080009c0                AUDIO_StorageParse
 .text.AUDIO_GetWavObjectNumber
                0x0000000008000a88       0x14 ./Core/Src/File_Handling.o
                0x0000000008000a88                AUDIO_GetWavObjectNumber
 .text.Mount_USB
                0x0000000008000a9c       0x20 ./Core/Src/File_Handling.o
                0x0000000008000a9c                Mount_USB
 .text.cs43l22_SetFrequency
                0x0000000008000abc        0x4 ./Core/Src/cs43l22.o
                0x0000000008000abc                cs43l22_SetFrequency
 .text.cs43l22_Reset
                0x0000000008000ac0        0x4 ./Core/Src/cs43l22.o
                0x0000000008000ac0                cs43l22_Reset
 .text.cs43l22_SetVolume
                0x0000000008000ac4       0x38 ./Core/Src/cs43l22.o
                0x0000000008000ac4                cs43l22_SetVolume
 .text.cs43l22_Init
                0x0000000008000afc       0xc8 ./Core/Src/cs43l22.o
                0x0000000008000afc                cs43l22_Init
 .text.cs43l22_DeInit
                0x0000000008000bc4        0x4 ./Core/Src/cs43l22.o
                0x0000000008000bc4                cs43l22_DeInit
 .text.cs43l22_ReadID
                0x0000000008000bc8       0x16 ./Core/Src/cs43l22.o
                0x0000000008000bc8                cs43l22_ReadID
 .text.cs43l22_SetMute.part.0
                0x0000000008000bde       0x28 ./Core/Src/cs43l22.o
 *fill*         0x0000000008000c06        0x2 
 .text.cs43l22_SetMute
                0x0000000008000c08       0x3c ./Core/Src/cs43l22.o
                0x0000000008000c08                cs43l22_SetMute
 .text.cs43l22_Resume
                0x0000000008000c44       0x44 ./Core/Src/cs43l22.o
                0x0000000008000c44                cs43l22_Resume
 .text.cs43l22_Pause
                0x0000000008000c88       0x16 ./Core/Src/cs43l22.o
                0x0000000008000c88                cs43l22_Pause
 *fill*         0x0000000008000c9e        0x2 
 .text.cs43l22_Stop
                0x0000000008000ca0       0x30 ./Core/Src/cs43l22.o
                0x0000000008000ca0                cs43l22_Stop
 .text.cs43l22_Play
                0x0000000008000cd0       0x3c ./Core/Src/cs43l22.o
                0x0000000008000cd0                cs43l22_Play
 .text.cs43l22_SetOutputMode
                0x0000000008000d0c       0x4c ./Core/Src/cs43l22.o
                0x0000000008000d0c                cs43l22_SetOutputMode
 .text.SystemClock_Config
                0x0000000008000d58       0xa4 ./Core/Src/main.o
                0x0000000008000d58                SystemClock_Config
 .text.startup.main
                0x0000000008000dfc      0x268 ./Core/Src/main.o
                0x0000000008000dfc                main
 .text.HAL_TIM_PeriodElapsedCallback
                0x0000000008001064       0x14 ./Core/Src/main.o
                0x0000000008001064                HAL_TIM_PeriodElapsedCallback
 .text.Error_Handler
                0x0000000008001078        0x4 ./Core/Src/main.o
                0x0000000008001078                Error_Handler
 .text.HAL_MspInit
                0x000000000800107c       0x3c ./Core/Src/stm32f4xx_hal_msp.o
                0x000000000800107c                HAL_MspInit
 .text.HAL_CAN_MspInit
                0x00000000080010b8       0x7c ./Core/Src/stm32f4xx_hal_msp.o
                0x00000000080010b8                HAL_CAN_MspInit
 .text.HAL_I2C_MspInit
                0x0000000008001134       0x70 ./Core/Src/stm32f4xx_hal_msp.o
                0x0000000008001134                HAL_I2C_MspInit
 .text.HAL_I2C_MspDeInit
                0x00000000080011a4       0x38 ./Core/Src/stm32f4xx_hal_msp.o
                0x00000000080011a4                HAL_I2C_MspDeInit
 .text.HAL_I2S_MspInit
                0x00000000080011dc      0x10c ./Core/Src/stm32f4xx_hal_msp.o
                0x00000000080011dc                HAL_I2S_MspInit
 .text.HAL_InitTick
                0x00000000080012e8       0x7c ./Core/Src/stm32f4xx_hal_timebase_tim.o
                0x00000000080012e8                HAL_InitTick
 .text.NMI_Handler
                0x0000000008001364        0x2 ./Core/Src/stm32f4xx_it.o
                0x0000000008001364                NMI_Handler
 .text.HardFault_Handler
                0x0000000008001366        0x2 ./Core/Src/stm32f4xx_it.o
                0x0000000008001366                HardFault_Handler
 .text.MemManage_Handler
                0x0000000008001368        0x2 ./Core/Src/stm32f4xx_it.o
                0x0000000008001368                MemManage_Handler
 .text.BusFault_Handler
                0x000000000800136a        0x2 ./Core/Src/stm32f4xx_it.o
                0x000000000800136a                BusFault_Handler
 .text.UsageFault_Handler
                0x000000000800136c        0x2 ./Core/Src/stm32f4xx_it.o
                0x000000000800136c                UsageFault_Handler
 .text.SVC_Handler
                0x000000000800136e        0x2 ./Core/Src/stm32f4xx_it.o
                0x000000000800136e                SVC_Handler
 .text.DebugMon_Handler
                0x0000000008001370        0x2 ./Core/Src/stm32f4xx_it.o
                0x0000000008001370                DebugMon_Handler
 .text.PendSV_Handler
                0x0000000008001372        0x2 ./Core/Src/stm32f4xx_it.o
                0x0000000008001372                PendSV_Handler
 .text.SysTick_Handler
                0x0000000008001374        0x2 ./Core/Src/stm32f4xx_it.o
                0x0000000008001374                SysTick_Handler
 *fill*         0x0000000008001376        0x2 
 .text.EXTI0_IRQHandler
                0x0000000008001378       0x4c ./Core/Src/stm32f4xx_it.o
                0x0000000008001378                EXTI0_IRQHandler
 .text.DMA1_Stream5_IRQHandler
                0x00000000080013c4        0xc ./Core/Src/stm32f4xx_it.o
                0x00000000080013c4                DMA1_Stream5_IRQHandler
 .text.CAN1_RX0_IRQHandler
                0x00000000080013d0       0x30 ./Core/Src/stm32f4xx_it.o
                0x00000000080013d0                CAN1_RX0_IRQHandler
 .text.TIM6_DAC_IRQHandler
                0x0000000008001400        0xc ./Core/Src/stm32f4xx_it.o
                0x0000000008001400                TIM6_DAC_IRQHandler
 .text.OTG_FS_IRQHandler
                0x000000000800140c        0xc ./Core/Src/stm32f4xx_it.o
                0x000000000800140c                OTG_FS_IRQHandler
 .text._sbrk    0x0000000008001418       0x40 ./Core/Src/sysmem.o
                0x0000000008001418                _sbrk
 .text.SystemInit
                0x0000000008001458       0x14 ./Core/Src/system_stm32f4xx.o
                0x0000000008001458                SystemInit
 .text.PlayerInit
                0x000000000800146c       0x1c ./Core/Src/waveplayer.o
                0x000000000800146c                PlayerInit
 .text.AUDIO_PLAYER_Start
                0x0000000008001488       0x9c ./Core/Src/waveplayer.o
                0x0000000008001488                AUDIO_PLAYER_Start
 .text.AUDIO_PLAYER_Process
                0x0000000008001524      0x128 ./Core/Src/waveplayer.o
                0x0000000008001524                AUDIO_PLAYER_Process
 .text.AUDIO_OUT_TransferComplete_CallBack
                0x000000000800164c       0x18 ./Core/Src/waveplayer.o
                0x000000000800164c                AUDIO_OUT_TransferComplete_CallBack
 .text.AUDIO_OUT_HalfTransfer_CallBack
                0x0000000008001664       0x18 ./Core/Src/waveplayer.o
                0x0000000008001664                AUDIO_OUT_HalfTransfer_CallBack
 .text.Reset_Handler
                0x000000000800167c       0x50 ./Core/Startup/startup_stm32f407vgtx.o
                0x000000000800167c                Reset_Handler
 .text.Default_Handler
                0x00000000080016cc        0x2 ./Core/Startup/startup_stm32f407vgtx.o
                0x00000000080016cc                RTC_Alarm_IRQHandler
                0x00000000080016cc                HASH_RNG_IRQHandler
                0x00000000080016cc                EXTI2_IRQHandler
                0x00000000080016cc                TIM8_CC_IRQHandler
                0x00000000080016cc                TIM1_CC_IRQHandler
                0x00000000080016cc                DMA2_Stream5_IRQHandler
                0x00000000080016cc                PVD_IRQHandler
                0x00000000080016cc                SDIO_IRQHandler
                0x00000000080016cc                TAMP_STAMP_IRQHandler
                0x00000000080016cc                CAN2_RX1_IRQHandler
                0x00000000080016cc                EXTI3_IRQHandler
                0x00000000080016cc                TIM8_TRG_COM_TIM14_IRQHandler
                0x00000000080016cc                TIM1_UP_TIM10_IRQHandler
                0x00000000080016cc                TIM8_UP_TIM13_IRQHandler
                0x00000000080016cc                I2C3_ER_IRQHandler
                0x00000000080016cc                I2C2_EV_IRQHandler
                0x00000000080016cc                DMA1_Stream2_IRQHandler
                0x00000000080016cc                FPU_IRQHandler
                0x00000000080016cc                OTG_HS_WKUP_IRQHandler
                0x00000000080016cc                CAN2_SCE_IRQHandler
                0x00000000080016cc                DMA2_Stream2_IRQHandler
                0x00000000080016cc                SPI1_IRQHandler
                0x00000000080016cc                TIM1_BRK_TIM9_IRQHandler
                0x00000000080016cc                DCMI_IRQHandler
                0x00000000080016cc                CAN2_RX0_IRQHandler
                0x00000000080016cc                DMA2_Stream3_IRQHandler
                0x00000000080016cc                USART6_IRQHandler
                0x00000000080016cc                USART3_IRQHandler
                0x00000000080016cc                CAN1_RX1_IRQHandler
                0x00000000080016cc                UART5_IRQHandler
                0x00000000080016cc                DMA2_Stream0_IRQHandler
                0x00000000080016cc                TIM4_IRQHandler
                0x00000000080016cc                I2C1_EV_IRQHandler
                0x00000000080016cc                DMA1_Stream6_IRQHandler
                0x00000000080016cc                DMA1_Stream1_IRQHandler
                0x00000000080016cc                UART4_IRQHandler
                0x00000000080016cc                TIM3_IRQHandler
                0x00000000080016cc                RCC_IRQHandler
                0x00000000080016cc                TIM8_BRK_TIM12_IRQHandler
                0x00000000080016cc                Default_Handler
                0x00000000080016cc                EXTI15_10_IRQHandler
                0x00000000080016cc                ADC_IRQHandler
                0x00000000080016cc                DMA1_Stream7_IRQHandler
                0x00000000080016cc                TIM7_IRQHandler
                0x00000000080016cc                CAN2_TX_IRQHandler
                0x00000000080016cc                TIM5_IRQHandler
                0x00000000080016cc                DMA2_Stream7_IRQHandler
                0x00000000080016cc                I2C3_EV_IRQHandler
                0x00000000080016cc                EXTI9_5_IRQHandler
                0x00000000080016cc                RTC_WKUP_IRQHandler
                0x00000000080016cc                ETH_WKUP_IRQHandler
                0x00000000080016cc                SPI2_IRQHandler
                0x00000000080016cc                OTG_HS_EP1_IN_IRQHandler
                0x00000000080016cc                DMA1_Stream0_IRQHandler
                0x00000000080016cc                CAN1_TX_IRQHandler
                0x00000000080016cc                EXTI4_IRQHandler
                0x00000000080016cc                FSMC_IRQHandler
                0x00000000080016cc                ETH_IRQHandler
                0x00000000080016cc                OTG_HS_EP1_OUT_IRQHandler
                0x00000000080016cc                WWDG_IRQHandler
                0x00000000080016cc                TIM2_IRQHandler
                0x00000000080016cc                OTG_FS_WKUP_IRQHandler
                0x00000000080016cc                TIM1_TRG_COM_TIM11_IRQHandler
                0x00000000080016cc                OTG_HS_IRQHandler
                0x00000000080016cc                EXTI1_IRQHandler
                0x00000000080016cc                USART2_IRQHandler
                0x00000000080016cc                I2C2_ER_IRQHandler
                0x00000000080016cc                DMA2_Stream1_IRQHandler
                0x00000000080016cc                CAN1_SCE_IRQHandler
                0x00000000080016cc                FLASH_IRQHandler
                0x00000000080016cc                DMA2_Stream4_IRQHandler
                0x00000000080016cc                USART1_IRQHandler
                0x00000000080016cc                SPI3_IRQHandler
                0x00000000080016cc                DMA1_Stream4_IRQHandler
                0x00000000080016cc                I2C1_ER_IRQHandler
                0x00000000080016cc                DMA2_Stream6_IRQHandler
                0x00000000080016cc                DMA1_Stream3_IRQHandler
 *fill*         0x00000000080016ce        0x2 
 .text.HAL_Init
                0x00000000080016d0       0x34 ./Drivers/STM32F4xx_HAL_Driver/Src/stm32f4xx_hal.o
                0x00000000080016d0                HAL_Init
 .text.HAL_IncTick
                0x0000000008001704       0x18 ./Drivers/STM32F4xx_HAL_Driver/Src/stm32f4xx_hal.o
                0x0000000008001704                HAL_IncTick
 .text.HAL_GetTick
                0x000000000800171c        0xc ./Drivers/STM32F4xx_HAL_Driver/Src/stm32f4xx_hal.o
                0x000000000800171c                HAL_GetTick
 .text.HAL_Delay
                0x0000000008001728       0x28 ./Drivers/STM32F4xx_HAL_Driver/Src/stm32f4xx_hal.o
                0x0000000008001728                HAL_Delay
 .text.HAL_CAN_Init
                0x0000000008001750       0xf6 ./Drivers/STM32F4xx_HAL_Driver/Src/stm32f4xx_hal_can.o
                0x0000000008001750                HAL_CAN_Init
 *fill*         0x0000000008001846        0x2 
 .text.HAL_CAN_ConfigFilter
                0x0000000008001848      0x110 ./Drivers/STM32F4xx_HAL_Driver/Src/stm32f4xx_hal_can.o
                0x0000000008001848                HAL_CAN_ConfigFilter
 .text.HAL_CAN_Start
                0x0000000008001958       0x5c ./Drivers/STM32F4xx_HAL_Driver/Src/stm32f4xx_hal_can.o
                0x0000000008001958                HAL_CAN_Start
 .text.HAL_CAN_AddTxMessage
                0x00000000080019b4       0xa0 ./Drivers/STM32F4xx_HAL_Driver/Src/stm32f4xx_hal_can.o
                0x00000000080019b4                HAL_CAN_AddTxMessage
 .text.HAL_CAN_GetRxMessage
                0x0000000008001a54       0xee ./Drivers/STM32F4xx_HAL_Driver/Src/stm32f4xx_hal_can.o
                0x0000000008001a54                HAL_CAN_GetRxMessage
 .text.HAL_CAN_ActivateNotification
                0x0000000008001b42       0x22 ./Drivers/STM32F4xx_HAL_Driver/Src/stm32f4xx_hal_can.o
                0x0000000008001b42                HAL_CAN_ActivateNotification
 .text.HAL_CAN_TxMailbox0CompleteCallback
                0x0000000008001b64        0x2 ./Drivers/STM32F4xx_HAL_Driver/Src/stm32f4xx_hal_can.o
                0x0000000008001b64                HAL_CAN_TxMailbox0CompleteCallback
 .text.HAL_CAN_TxMailbox1CompleteCallback
                0x0000000008001b66        0x2 ./Drivers/STM32F4xx_HAL_Driver/Src/stm32f4xx_hal_can.o
                0x0000000008001b66                HAL_CAN_TxMailbox1CompleteCallback
 .text.HAL_CAN_TxMailbox2CompleteCallback
                0x0000000008001b68        0x2 ./Drivers/STM32F4xx_HAL_Driver/Src/stm32f4xx_hal_can.o
                0x0000000008001b68                HAL_CAN_TxMailbox2CompleteCallback
 .text.HAL_CAN_TxMailbox0AbortCallback
                0x0000000008001b6a        0x2 ./Drivers/STM32F4xx_HAL_Driver/Src/stm32f4xx_hal_can.o
                0x0000000008001b6a                HAL_CAN_TxMailbox0AbortCallback
 .text.HAL_CAN_TxMailbox1AbortCallback
                0x0000000008001b6c        0x2 ./Drivers/STM32F4xx_HAL_Driver/Src/stm32f4xx_hal_can.o
                0x0000000008001b6c                HAL_CAN_TxMailbox1AbortCallback
 .text.HAL_CAN_TxMailbox2AbortCallback
                0x0000000008001b6e        0x2 ./Drivers/STM32F4xx_HAL_Driver/Src/stm32f4xx_hal_can.o
                0x0000000008001b6e                HAL_CAN_TxMailbox2AbortCallback
 .text.HAL_CAN_RxFifo0MsgPendingCallback
                0x0000000008001b70        0x2 ./Drivers/STM32F4xx_HAL_Driver/Src/stm32f4xx_hal_can.o
                0x0000000008001b70                HAL_CAN_RxFifo0MsgPendingCallback
 .text.HAL_CAN_RxFifo0FullCallback
                0x0000000008001b72        0x2 ./Drivers/STM32F4xx_HAL_Driver/Src/stm32f4xx_hal_can.o
                0x0000000008001b72                HAL_CAN_RxFifo0FullCallback
 .text.HAL_CAN_RxFifo1MsgPendingCallback
                0x0000000008001b74        0x2 ./Drivers/STM32F4xx_HAL_Driver/Src/stm32f4xx_hal_can.o
                0x0000000008001b74                HAL_CAN_RxFifo1MsgPendingCallback
 .text.HAL_CAN_RxFifo1FullCallback
                0x0000000008001b76        0x2 ./Drivers/STM32F4xx_HAL_Driver/Src/stm32f4xx_hal_can.o
                0x0000000008001b76                HAL_CAN_RxFifo1FullCallback
 .text.HAL_CAN_SleepCallback
                0x0000000008001b78        0x2 ./Drivers/STM32F4xx_HAL_Driver/Src/stm32f4xx_hal_can.o
                0x0000000008001b78                HAL_CAN_SleepCallback
 .text.HAL_CAN_WakeUpFromRxMsgCallback
                0x0000000008001b7a        0x2 ./Drivers/STM32F4xx_HAL_Driver/Src/stm32f4xx_hal_can.o
                0x0000000008001b7a                HAL_CAN_WakeUpFromRxMsgCallback
 .text.HAL_CAN_ErrorCallback
                0x0000000008001b7c        0x2 ./Drivers/STM32F4xx_HAL_Driver/Src/stm32f4xx_hal_can.o
                0x0000000008001b7c                HAL_CAN_ErrorCallback
 .text.HAL_CAN_IRQHandler
                0x0000000008001b7e      0x1fc ./Drivers/STM32F4xx_HAL_Driver/Src/stm32f4xx_hal_can.o
                0x0000000008001b7e                HAL_CAN_IRQHandler
 *fill*         0x0000000008001d7a        0x2 
 .text.HAL_NVIC_SetPriorityGrouping
                0x0000000008001d7c       0x24 ./Drivers/STM32F4xx_HAL_Driver/Src/stm32f4xx_hal_cortex.o
                0x0000000008001d7c                HAL_NVIC_SetPriorityGrouping
 .text.HAL_NVIC_SetPriority
                0x0000000008001da0       0x64 ./Drivers/STM32F4xx_HAL_Driver/Src/stm32f4xx_hal_cortex.o
                0x0000000008001da0                HAL_NVIC_SetPriority
 .text.HAL_NVIC_EnableIRQ
                0x0000000008001e04       0x1c ./Drivers/STM32F4xx_HAL_Driver/Src/stm32f4xx_hal_cortex.o
                0x0000000008001e04                HAL_NVIC_EnableIRQ
 .text.DMA_CalcBaseAndBitshift
                0x0000000008001e20       0x2c ./Drivers/STM32F4xx_HAL_Driver/Src/stm32f4xx_hal_dma.o
 .text.HAL_DMA_Init
                0x0000000008001e4c      0x100 ./Drivers/STM32F4xx_HAL_Driver/Src/stm32f4xx_hal_dma.o
                0x0000000008001e4c                HAL_DMA_Init
 .text.HAL_DMA_DeInit
                0x0000000008001f4c       0x54 ./Drivers/STM32F4xx_HAL_Driver/Src/stm32f4xx_hal_dma.o
                0x0000000008001f4c                HAL_DMA_DeInit
 .text.HAL_DMA_Start_IT
                0x0000000008001fa0       0x74 ./Drivers/STM32F4xx_HAL_Driver/Src/stm32f4xx_hal_dma.o
                0x0000000008001fa0                HAL_DMA_Start_IT
 .text.HAL_DMA_Abort
                0x0000000008002014       0x88 ./Drivers/STM32F4xx_HAL_Driver/Src/stm32f4xx_hal_dma.o
                0x0000000008002014                HAL_DMA_Abort
 .text.HAL_DMA_IRQHandler
                0x000000000800209c      0x17c ./Drivers/STM32F4xx_HAL_Driver/Src/stm32f4xx_hal_dma.o
                0x000000000800209c                HAL_DMA_IRQHandler
 .text.HAL_GPIO_Init
                0x0000000008002218      0x1b4 ./Drivers/STM32F4xx_HAL_Driver/Src/stm32f4xx_hal_gpio.o
                0x0000000008002218                HAL_GPIO_Init
 .text.HAL_GPIO_DeInit
                0x00000000080023cc      0x12c ./Drivers/STM32F4xx_HAL_Driver/Src/stm32f4xx_hal_gpio.o
                0x00000000080023cc                HAL_GPIO_DeInit
 .text.HAL_GPIO_ReadPin
                0x00000000080024f8        0xc ./Drivers/STM32F4xx_HAL_Driver/Src/stm32f4xx_hal_gpio.o
                0x00000000080024f8                HAL_GPIO_ReadPin
 .text.HAL_GPIO_WritePin
                0x0000000008002504        0xa ./Drivers/STM32F4xx_HAL_Driver/Src/stm32f4xx_hal_gpio.o
                0x0000000008002504                HAL_GPIO_WritePin
 .text.HAL_GPIO_EXTI_Callback
                0x000000000800250e        0x2 ./Drivers/STM32F4xx_HAL_Driver/Src/stm32f4xx_hal_gpio.o
                0x000000000800250e                HAL_GPIO_EXTI_Callback
 .text.HAL_GPIO_EXTI_IRQHandler
                0x0000000008002510       0x18 ./Drivers/STM32F4xx_HAL_Driver/Src/stm32f4xx_hal_gpio.o
                0x0000000008002510                HAL_GPIO_EXTI_IRQHandler
 .text.HAL_HCD_HC_Init
                0x0000000008002528       0x6c ./Drivers/STM32F4xx_HAL_Driver/Src/stm32f4xx_hal_hcd.o
                0x0000000008002528                HAL_HCD_HC_Init
 .text.HAL_HCD_HC_Halt
                0x0000000008002594       0x24 ./Drivers/STM32F4xx_HAL_Driver/Src/stm32f4xx_hal_hcd.o
                0x0000000008002594                HAL_HCD_HC_Halt
 .text.HAL_HCD_Init
                0x00000000080025b8       0x94 ./Drivers/STM32F4xx_HAL_Driver/Src/stm32f4xx_hal_hcd.o
                0x00000000080025b8                HAL_HCD_Init
 .text.HAL_HCD_HC_SubmitRequest
                0x000000000800264c       0xd0 ./Drivers/STM32F4xx_HAL_Driver/Src/stm32f4xx_hal_hcd.o
                0x000000000800264c                HAL_HCD_HC_SubmitRequest
 .text.HAL_HCD_IRQHandler
                0x000000000800271c      0x69a ./Drivers/STM32F4xx_HAL_Driver/Src/stm32f4xx_hal_hcd.o
                0x000000000800271c                HAL_HCD_IRQHandler
 .text.HAL_HCD_Start
                0x0000000008002db6       0x2a ./Drivers/STM32F4xx_HAL_Driver/Src/stm32f4xx_hal_hcd.o
                0x0000000008002db6                HAL_HCD_Start
 .text.HAL_HCD_Stop
                0x0000000008002de0       0x24 ./Drivers/STM32F4xx_HAL_Driver/Src/stm32f4xx_hal_hcd.o
                0x0000000008002de0                HAL_HCD_Stop
 .text.HAL_HCD_ResetPort
                0x0000000008002e04        0x6 ./Drivers/STM32F4xx_HAL_Driver/Src/stm32f4xx_hal_hcd.o
                0x0000000008002e04                HAL_HCD_ResetPort
 .text.HAL_HCD_HC_GetURBState
                0x0000000008002e0a        0xc ./Drivers/STM32F4xx_HAL_Driver/Src/stm32f4xx_hal_hcd.o
                0x0000000008002e0a                HAL_HCD_HC_GetURBState
 .text.HAL_HCD_HC_GetXferCount
                0x0000000008002e16        0xa ./Drivers/STM32F4xx_HAL_Driver/Src/stm32f4xx_hal_hcd.o
                0x0000000008002e16                HAL_HCD_HC_GetXferCount
 .text.HAL_HCD_GetCurrentFrame
                0x0000000008002e20        0x6 ./Drivers/STM32F4xx_HAL_Driver/Src/stm32f4xx_hal_hcd.o
                0x0000000008002e20                HAL_HCD_GetCurrentFrame
 .text.HAL_HCD_GetCurrentSpeed
                0x0000000008002e26        0x6 ./Drivers/STM32F4xx_HAL_Driver/Src/stm32f4xx_hal_hcd.o
                0x0000000008002e26                HAL_HCD_GetCurrentSpeed
 .text.I2C_IsAcknowledgeFailed
                0x0000000008002e2c       0x34 ./Drivers/STM32F4xx_HAL_Driver/Src/stm32f4xx_hal_i2c.o
 .text.I2C_WaitOnMasterAddressFlagUntilTimeout
                0x0000000008002e60       0x76 ./Drivers/STM32F4xx_HAL_Driver/Src/stm32f4xx_hal_i2c.o
 .text.I2C_WaitOnBTFFlagUntilTimeout
                0x0000000008002ed6       0x4c ./Drivers/STM32F4xx_HAL_Driver/Src/stm32f4xx_hal_i2c.o
 .text.I2C_WaitOnRXNEFlagUntilTimeout
                0x0000000008002f22       0x5e ./Drivers/STM32F4xx_HAL_Driver/Src/stm32f4xx_hal_i2c.o
 .text.I2C_WaitOnFlagUntilTimeout
                0x0000000008002f80       0x64 ./Drivers/STM32F4xx_HAL_Driver/Src/stm32f4xx_hal_i2c.o
 .text.I2C_WaitOnTXEFlagUntilTimeout
                0x0000000008002fe4       0x4c ./Drivers/STM32F4xx_HAL_Driver/Src/stm32f4xx_hal_i2c.o
 .text.I2C_RequestMemoryWrite
                0x0000000008003030       0xb0 ./Drivers/STM32F4xx_HAL_Driver/Src/stm32f4xx_hal_i2c.o
 .text.I2C_RequestMemoryRead
                0x00000000080030e0      0x104 ./Drivers/STM32F4xx_HAL_Driver/Src/stm32f4xx_hal_i2c.o
 .text.HAL_I2C_Init
                0x00000000080031e4      0x150 ./Drivers/STM32F4xx_HAL_Driver/Src/stm32f4xx_hal_i2c.o
                0x00000000080031e4                HAL_I2C_Init
 .text.HAL_I2C_DeInit
                0x0000000008003334       0x32 ./Drivers/STM32F4xx_HAL_Driver/Src/stm32f4xx_hal_i2c.o
                0x0000000008003334                HAL_I2C_DeInit
 *fill*         0x0000000008003366        0x2 
 .text.HAL_I2C_Mem_Write
                0x0000000008003368      0x120 ./Drivers/STM32F4xx_HAL_Driver/Src/stm32f4xx_hal_i2c.o
                0x0000000008003368                HAL_I2C_Mem_Write
 .text.HAL_I2C_Mem_Read
                0x0000000008003488      0x210 ./Drivers/STM32F4xx_HAL_Driver/Src/stm32f4xx_hal_i2c.o
                0x0000000008003488                HAL_I2C_Mem_Read
 .text.HAL_I2C_GetState
                0x0000000008003698        0x6 ./Drivers/STM32F4xx_HAL_Driver/Src/stm32f4xx_hal_i2c.o
                0x0000000008003698                HAL_I2C_GetState
 .text.I2S_WaitFlagStateUntilTimeout
                0x000000000800369e       0x4a ./Drivers/STM32F4xx_HAL_Driver/Src/stm32f4xx_hal_i2s.o
 .text.HAL_I2S_Init
                0x00000000080036e8      0x134 ./Drivers/STM32F4xx_HAL_Driver/Src/stm32f4xx_hal_i2s.o
                0x00000000080036e8                HAL_I2S_Init
 .text.HAL_I2S_Transmit_DMA
                0x000000000800381c       0xc8 ./Drivers/STM32F4xx_HAL_Driver/Src/stm32f4xx_hal_i2s.o
                0x000000000800381c                HAL_I2S_Transmit_DMA
 .text.HAL_I2S_DMAPause
                0x00000000080038e4       0x70 ./Drivers/STM32F4xx_HAL_Driver/Src/stm32f4xx_hal_i2s.o
                0x00000000080038e4                HAL_I2S_DMAPause
 .text.HAL_I2S_DMAResume
                0x0000000008003954       0x88 ./Drivers/STM32F4xx_HAL_Driver/Src/stm32f4xx_hal_i2s.o
                0x0000000008003954                HAL_I2S_DMAResume
 .text.HAL_I2S_DMAStop
                0x00000000080039dc      0x1ec ./Drivers/STM32F4xx_HAL_Driver/Src/stm32f4xx_hal_i2s.o
                0x00000000080039dc                HAL_I2S_DMAStop
 .text.I2S_DMATxHalfCplt
                0x0000000008003bc8        0xa ./Drivers/STM32F4xx_HAL_Driver/Src/stm32f4xx_hal_i2s.o
 .text.I2S_DMATxCplt
                0x0000000008003bd2       0x22 ./Drivers/STM32F4xx_HAL_Driver/Src/stm32f4xx_hal_i2s.o
 .text.HAL_I2S_RxCpltCallback
                0x0000000008003bf4        0x2 ./Drivers/STM32F4xx_HAL_Driver/Src/stm32f4xx_hal_i2s.o
                0x0000000008003bf4                HAL_I2S_RxCpltCallback
 .text.I2S_IRQHandler
                0x0000000008003bf6       0xfa ./Drivers/STM32F4xx_HAL_Driver/Src/stm32f4xx_hal_i2s.o
 .text.I2S_DMAError
                0x0000000008003cf0       0x28 ./Drivers/STM32F4xx_HAL_Driver/Src/stm32f4xx_hal_i2s.o
 .text.HAL_I2S_GetState
                0x0000000008003d18        0x6 ./Drivers/STM32F4xx_HAL_Driver/Src/stm32f4xx_hal_i2s.o
                0x0000000008003d18                HAL_I2S_GetState
 .text.HAL_I2SEx_TxRxCpltCallback
                0x0000000008003d1e        0x2 ./Drivers/STM32F4xx_HAL_Driver/Src/stm32f4xx_hal_i2s_ex.o
                0x0000000008003d1e                HAL_I2SEx_TxRxCpltCallback
 .text.HAL_I2SEx_FullDuplex_IRQHandler
                0x0000000008003d20      0x248 ./Drivers/STM32F4xx_HAL_Driver/Src/stm32f4xx_hal_i2s_ex.o
                0x0000000008003d20                HAL_I2SEx_FullDuplex_IRQHandler
 .text.HAL_RCC_OscConfig
                0x0000000008003f68      0x358 ./Drivers/STM32F4xx_HAL_Driver/Src/stm32f4xx_hal_rcc.o
                0x0000000008003f68                HAL_RCC_OscConfig
 .text.HAL_RCC_GetSysClockFreq
                0x00000000080042c0       0x5c ./Drivers/STM32F4xx_HAL_Driver/Src/stm32f4xx_hal_rcc.o
                0x00000000080042c0                HAL_RCC_GetSysClockFreq
 .text.HAL_RCC_ClockConfig
                0x000000000800431c      0x138 ./Drivers/STM32F4xx_HAL_Driver/Src/stm32f4xx_hal_rcc.o
                0x000000000800431c                HAL_RCC_ClockConfig
 .text.HAL_RCC_GetPCLK1Freq
                0x0000000008004454       0x20 ./Drivers/STM32F4xx_HAL_Driver/Src/stm32f4xx_hal_rcc.o
                0x0000000008004454                HAL_RCC_GetPCLK1Freq
 .text.HAL_RCC_GetClockConfig
                0x0000000008004474       0x3c ./Drivers/STM32F4xx_HAL_Driver/Src/stm32f4xx_hal_rcc.o
                0x0000000008004474                HAL_RCC_GetClockConfig
 .text.HAL_RCCEx_PeriphCLKConfig
                0x00000000080044b0      0x130 ./Drivers/STM32F4xx_HAL_Driver/Src/stm32f4xx_hal_rcc_ex.o
                0x00000000080044b0                HAL_RCCEx_PeriphCLKConfig
 .text.HAL_RCCEx_GetPeriphCLKConfig
                0x00000000080045e0       0x30 ./Drivers/STM32F4xx_HAL_Driver/Src/stm32f4xx_hal_rcc_ex.o
                0x00000000080045e0                HAL_RCCEx_GetPeriphCLKConfig
 .text.HAL_RCCEx_GetPeriphCLKFreq
                0x0000000008004610       0x4c ./Drivers/STM32F4xx_HAL_Driver/Src/stm32f4xx_hal_rcc_ex.o
                0x0000000008004610                HAL_RCCEx_GetPeriphCLKFreq
 .text.HAL_TIM_Base_MspInit
                0x000000000800465c        0x2 ./Drivers/STM32F4xx_HAL_Driver/Src/stm32f4xx_hal_tim.o
                0x000000000800465c                HAL_TIM_Base_MspInit
 *fill*         0x000000000800465e        0x2 
 .text.HAL_TIM_Base_Start_IT
                0x0000000008004660       0x74 ./Drivers/STM32F4xx_HAL_Driver/Src/stm32f4xx_hal_tim.o
                0x0000000008004660                HAL_TIM_Base_Start_IT
 .text.HAL_TIM_OC_DelayElapsedCallback
                0x00000000080046d4        0x2 ./Drivers/STM32F4xx_HAL_Driver/Src/stm32f4xx_hal_tim.o
                0x00000000080046d4                HAL_TIM_OC_DelayElapsedCallback
 .text.HAL_TIM_IC_CaptureCallback
                0x00000000080046d6        0x2 ./Drivers/STM32F4xx_HAL_Driver/Src/stm32f4xx_hal_tim.o
                0x00000000080046d6                HAL_TIM_IC_CaptureCallback
 .text.HAL_TIM_PWM_PulseFinishedCallback
                0x00000000080046d8        0x2 ./Drivers/STM32F4xx_HAL_Driver/Src/stm32f4xx_hal_tim.o
                0x00000000080046d8                HAL_TIM_PWM_PulseFinishedCallback
 .text.HAL_TIM_TriggerCallback
                0x00000000080046da        0x2 ./Drivers/STM32F4xx_HAL_Driver/Src/stm32f4xx_hal_tim.o
                0x00000000080046da                HAL_TIM_TriggerCallback
 .text.HAL_TIM_IRQHandler
                0x00000000080046dc      0x144 ./Drivers/STM32F4xx_HAL_Driver/Src/stm32f4xx_hal_tim.o
                0x00000000080046dc                HAL_TIM_IRQHandler
 .text.TIM_Base_SetConfig
                0x0000000008004820       0xcc ./Drivers/STM32F4xx_HAL_Driver/Src/stm32f4xx_hal_tim.o
                0x0000000008004820                TIM_Base_SetConfig
 .text.HAL_TIM_Base_Init
                0x00000000080048ec       0x58 ./Drivers/STM32F4xx_HAL_Driver/Src/stm32f4xx_hal_tim.o
                0x00000000080048ec                HAL_TIM_Base_Init
 .text.HAL_TIMEx_CommutCallback
                0x0000000008004944        0x2 ./Drivers/STM32F4xx_HAL_Driver/Src/stm32f4xx_hal_tim_ex.o
                0x0000000008004944                HAL_TIMEx_CommutCallback
 .text.HAL_TIMEx_BreakCallback
                0x0000000008004946        0x2 ./Drivers/STM32F4xx_HAL_Driver/Src/stm32f4xx_hal_tim_ex.o
                0x0000000008004946                HAL_TIMEx_BreakCallback
 .text.USB_CoreReset
                0x0000000008004948       0x48 ./Drivers/STM32F4xx_HAL_Driver/Src/stm32f4xx_ll_usb.o
 .text.USB_CoreInit
                0x0000000008004990       0x80 ./Drivers/STM32F4xx_HAL_Driver/Src/stm32f4xx_ll_usb.o
                0x0000000008004990                USB_CoreInit
 .text.USB_EnableGlobalInt
                0x0000000008004a10        0xc ./Drivers/STM32F4xx_HAL_Driver/Src/stm32f4xx_ll_usb.o
                0x0000000008004a10                USB_EnableGlobalInt
 .text.USB_DisableGlobalInt
                0x0000000008004a1c        0xc ./Drivers/STM32F4xx_HAL_Driver/Src/stm32f4xx_ll_usb.o
                0x0000000008004a1c                USB_DisableGlobalInt
 .text.USB_SetCurrentMode
                0x0000000008004a28       0x60 ./Drivers/STM32F4xx_HAL_Driver/Src/stm32f4xx_ll_usb.o
                0x0000000008004a28                USB_SetCurrentMode
 .text.USB_FlushTxFifo
                0x0000000008004a88       0x30 ./Drivers/STM32F4xx_HAL_Driver/Src/stm32f4xx_ll_usb.o
                0x0000000008004a88                USB_FlushTxFifo
 .text.USB_FlushRxFifo
                0x0000000008004ab8       0x2c ./Drivers/STM32F4xx_HAL_Driver/Src/stm32f4xx_ll_usb.o
                0x0000000008004ab8                USB_FlushRxFifo
 .text.USB_WritePacket
                0x0000000008004ae4       0x26 ./Drivers/STM32F4xx_HAL_Driver/Src/stm32f4xx_ll_usb.o
                0x0000000008004ae4                USB_WritePacket
 .text.USB_ReadPacket
                0x0000000008004b0a       0x46 ./Drivers/STM32F4xx_HAL_Driver/Src/stm32f4xx_ll_usb.o
                0x0000000008004b0a                USB_ReadPacket
 .text.USB_ReadInterrupts
                0x0000000008004b50        0x8 ./Drivers/STM32F4xx_HAL_Driver/Src/stm32f4xx_ll_usb.o
                0x0000000008004b50                USB_ReadInterrupts
 .text.USB_GetMode
                0x0000000008004b58        0x8 ./Drivers/STM32F4xx_HAL_Driver/Src/stm32f4xx_ll_usb.o
                0x0000000008004b58                USB_GetMode
 .text.USB_HostInit
                0x0000000008004b60       0xcc ./Drivers/STM32F4xx_HAL_Driver/Src/stm32f4xx_ll_usb.o
                0x0000000008004b60                USB_HostInit
 .text.USB_InitFSLSPClkSel
                0x0000000008004c2c       0x38 ./Drivers/STM32F4xx_HAL_Driver/Src/stm32f4xx_ll_usb.o
                0x0000000008004c2c                USB_InitFSLSPClkSel
 .text.USB_ResetPort
                0x0000000008004c64       0x3c ./Drivers/STM32F4xx_HAL_Driver/Src/stm32f4xx_ll_usb.o
                0x0000000008004c64                USB_ResetPort
 .text.USB_DriveVbus
                0x0000000008004ca0       0x40 ./Drivers/STM32F4xx_HAL_Driver/Src/stm32f4xx_ll_usb.o
                0x0000000008004ca0                USB_DriveVbus
 .text.USB_GetHostSpeed
                0x0000000008004ce0       0x16 ./Drivers/STM32F4xx_HAL_Driver/Src/stm32f4xx_ll_usb.o
                0x0000000008004ce0                USB_GetHostSpeed
 .text.USB_GetCurrentFrame
                0x0000000008004cf6        0xa ./Drivers/STM32F4xx_HAL_Driver/Src/stm32f4xx_ll_usb.o
                0x0000000008004cf6                USB_GetCurrentFrame
 .text.USB_HC_Init
                0x0000000008004d00       0xf4 ./Drivers/STM32F4xx_HAL_Driver/Src/stm32f4xx_ll_usb.o
                0x0000000008004d00                USB_HC_Init
 .text.USB_HC_ReadInterrupt
                0x0000000008004df4        0xa ./Drivers/STM32F4xx_HAL_Driver/Src/stm32f4xx_ll_usb.o
                0x0000000008004df4                USB_HC_ReadInterrupt
 .text.USB_HC_Halt
                0x0000000008004dfe       0xbe ./Drivers/STM32F4xx_HAL_Driver/Src/stm32f4xx_ll_usb.o
                0x0000000008004dfe                USB_HC_Halt
 .text.USB_DoPing
                0x0000000008004ebc       0x24 ./Drivers/STM32F4xx_HAL_Driver/Src/stm32f4xx_ll_usb.o
                0x0000000008004ebc                USB_DoPing
 .text.USB_HC_StartXfer
                0x0000000008004ee0      0x14e ./Drivers/STM32F4xx_HAL_Driver/Src/stm32f4xx_ll_usb.o
                0x0000000008004ee0                USB_HC_StartXfer
 .text.USB_StopHost
                0x000000000800502e       0x6c ./Drivers/STM32F4xx_HAL_Driver/Src/stm32f4xx_ll_usb.o
                0x000000000800502e                USB_StopHost
 *fill*         0x000000000800509a        0x2 
 .text.MX_FATFS_Init
                0x000000000800509c       0x1c ./FATFS/App/fatfs.o
                0x000000000800509c                MX_FATFS_Init
 .text.get_fattime
                0x00000000080050b8        0x4 ./FATFS/App/fatfs.o
                0x00000000080050b8                get_fattime
 .text.USBH_initialize
                0x00000000080050bc        0x4 ./FATFS/Target/usbh_diskio.o
                0x00000000080050bc                USBH_initialize
 .text.USBH_status
                0x00000000080050c0       0x18 ./FATFS/Target/usbh_diskio.o
                0x00000000080050c0                USBH_status
 .text.USBH_read
                0x00000000080050d8       0x40 ./FATFS/Target/usbh_diskio.o
                0x00000000080050d8                USBH_read
 .text.USBH_ioctl
                0x0000000008005118       0x60 ./FATFS/Target/usbh_diskio.o
                0x0000000008005118                USBH_ioctl
 .text.USBH_write
                0x0000000008005178       0x48 ./FATFS/Target/usbh_diskio.o
                0x0000000008005178                USBH_write
 .text.USBH_MSC_SOFProcess
                0x00000000080051c0        0x4 ./Middlewares/ST/STM32_USB_Host_Library/Class/MSC/Src/usbh_msc.o
 .text.USBH_MSC_Process
                0x00000000080051c4      0x1bc ./Middlewares/ST/STM32_USB_Host_Library/Class/MSC/Src/usbh_msc.o
 .text.USBH_MSC_ClassRequest
                0x0000000008005380       0x68 ./Middlewares/ST/STM32_USB_Host_Library/Class/MSC/Src/usbh_msc.o
 .text.USBH_MSC_InterfaceDeInit
                0x00000000080053e8       0x4c ./Middlewares/ST/STM32_USB_Host_Library/Class/MSC/Src/usbh_msc.o
 .text.USBH_MSC_InterfaceInit
                0x0000000008005434      0x104 ./Middlewares/ST/STM32_USB_Host_Library/Class/MSC/Src/usbh_msc.o
 .text.USBH_MSC_RdWrProcess
                0x0000000008005538       0x74 ./Middlewares/ST/STM32_USB_Host_Library/Class/MSC/Src/usbh_msc.o
 .text.USBH_MSC_UnitIsReady
                0x00000000080055ac       0x22 ./Middlewares/ST/STM32_USB_Host_Library/Class/MSC/Src/usbh_msc.o
                0x00000000080055ac                USBH_MSC_UnitIsReady
 .text.USBH_MSC_GetLUNInfo
                0x00000000080055ce       0x30 ./Middlewares/ST/STM32_USB_Host_Library/Class/MSC/Src/usbh_msc.o
                0x00000000080055ce                USBH_MSC_GetLUNInfo
 .text.USBH_MSC_Read
                0x00000000080055fe       0x86 ./Middlewares/ST/STM32_USB_Host_Library/Class/MSC/Src/usbh_msc.o
                0x00000000080055fe                USBH_MSC_Read
 .text.USBH_MSC_Write
                0x0000000008005684       0x86 ./Middlewares/ST/STM32_USB_Host_Library/Class/MSC/Src/usbh_msc.o
                0x0000000008005684                USBH_MSC_Write
 .text.USBH_MSC_BOT_REQ_Reset
                0x000000000800570a       0x10 ./Middlewares/ST/STM32_USB_Host_Library/Class/MSC/Src/usbh_msc_bot.o
                0x000000000800570a                USBH_MSC_BOT_REQ_Reset
 .text.USBH_MSC_BOT_REQ_GetMaxLUN
                0x000000000800571a       0x12 ./Middlewares/ST/STM32_USB_Host_Library/Class/MSC/Src/usbh_msc_bot.o
                0x000000000800571a                USBH_MSC_BOT_REQ_GetMaxLUN
 .text.USBH_MSC_BOT_Init
                0x000000000800572c       0x24 ./Middlewares/ST/STM32_USB_Host_Library/Class/MSC/Src/usbh_msc_bot.o
                0x000000000800572c                USBH_MSC_BOT_Init
 .text.USBH_MSC_BOT_Process
                0x0000000008005750      0x1cc ./Middlewares/ST/STM32_USB_Host_Library/Class/MSC/Src/usbh_msc_bot.o
                0x0000000008005750                USBH_MSC_BOT_Process
 .text.USBH_MSC_SCSI_TestUnitReady
                0x000000000800591c       0x46 ./Middlewares/ST/STM32_USB_Host_Library/Class/MSC/Src/usbh_msc_scsi.o
                0x000000000800591c                USBH_MSC_SCSI_TestUnitReady
 .text.USBH_MSC_SCSI_ReadCapacity
                0x0000000008005962       0x6a ./Middlewares/ST/STM32_USB_Host_Library/Class/MSC/Src/usbh_msc_scsi.o
                0x0000000008005962                USBH_MSC_SCSI_ReadCapacity
 .text.USBH_MSC_SCSI_Inquiry
                0x00000000080059cc       0xcc ./Middlewares/ST/STM32_USB_Host_Library/Class/MSC/Src/usbh_msc_scsi.o
                0x00000000080059cc                USBH_MSC_SCSI_Inquiry
 .text.USBH_MSC_SCSI_RequestSense
                0x0000000008005a98       0x90 ./Middlewares/ST/STM32_USB_Host_Library/Class/MSC/Src/usbh_msc_scsi.o
                0x0000000008005a98                USBH_MSC_SCSI_RequestSense
 .text.USBH_MSC_SCSI_Write
                0x0000000008005b28       0x7e ./Middlewares/ST/STM32_USB_Host_Library/Class/MSC/Src/usbh_msc_scsi.o
                0x0000000008005b28                USBH_MSC_SCSI_Write
 .text.USBH_MSC_SCSI_Read
                0x0000000008005ba6       0x80 ./Middlewares/ST/STM32_USB_Host_Library/Class/MSC/Src/usbh_msc_scsi.o
                0x0000000008005ba6                USBH_MSC_SCSI_Read
 .text.DeInitStateMachine
                0x0000000008005c26       0x42 ./Middlewares/ST/STM32_USB_Host_Library/Core/Src/usbh_core.o
 .text.USBH_Init
                0x0000000008005c68       0x3a ./Middlewares/ST/STM32_USB_Host_Library/Core/Src/usbh_core.o
                0x0000000008005c68                USBH_Init
 .text.USBH_RegisterClass
                0x0000000008005ca2       0x1a ./Middlewares/ST/STM32_USB_Host_Library/Core/Src/usbh_core.o
                0x0000000008005ca2                USBH_RegisterClass
 .text.USBH_SelectInterface
                0x0000000008005cbc       0x12 ./Middlewares/ST/STM32_USB_Host_Library/Core/Src/usbh_core.o
                0x0000000008005cbc                USBH_SelectInterface
 .text.USBH_FindInterface
                0x0000000008005cce       0x38 ./Middlewares/ST/STM32_USB_Host_Library/Core/Src/usbh_core.o
                0x0000000008005cce                USBH_FindInterface
 .text.USBH_Start
                0x0000000008005d06       0x14 ./Middlewares/ST/STM32_USB_Host_Library/Core/Src/usbh_core.o
                0x0000000008005d06                USBH_Start
 .text.USBH_Process
                0x0000000008005d1a      0x3d0 ./Middlewares/ST/STM32_USB_Host_Library/Core/Src/usbh_core.o
                0x0000000008005d1a                USBH_Process
 .text.USBH_LL_SetTimer
                0x00000000080060ea        0x6 ./Middlewares/ST/STM32_USB_Host_Library/Core/Src/usbh_core.o
                0x00000000080060ea                USBH_LL_SetTimer
 .text.USBH_LL_IncTimer
                0x00000000080060f0       0x1c ./Middlewares/ST/STM32_USB_Host_Library/Core/Src/usbh_core.o
                0x00000000080060f0                USBH_LL_IncTimer
 .text.USBH_LL_PortEnabled
                0x000000000800610c        0x8 ./Middlewares/ST/STM32_USB_Host_Library/Core/Src/usbh_core.o
                0x000000000800610c                USBH_LL_PortEnabled
 .text.USBH_LL_PortDisabled
                0x0000000008006114        0x8 ./Middlewares/ST/STM32_USB_Host_Library/Core/Src/usbh_core.o
                0x0000000008006114                USBH_LL_PortDisabled
 .text.USBH_LL_Connect
                0x000000000800611c       0x14 ./Middlewares/ST/STM32_USB_Host_Library/Core/Src/usbh_core.o
                0x000000000800611c                USBH_LL_Connect
 .text.USBH_LL_Disconnect
                0x0000000008006130       0x2c ./Middlewares/ST/STM32_USB_Host_Library/Core/Src/usbh_core.o
                0x0000000008006130                USBH_LL_Disconnect
 .text.USBH_CtlReq
                0x000000000800615c      0x176 ./Middlewares/ST/STM32_USB_Host_Library/Core/Src/usbh_ctlreq.o
                0x000000000800615c                USBH_CtlReq
 .text.USBH_GetDescriptor
                0x00000000080062d2       0x38 ./Middlewares/ST/STM32_USB_Host_Library/Core/Src/usbh_ctlreq.o
                0x00000000080062d2                USBH_GetDescriptor
 .text.USBH_Get_DevDesc
                0x000000000800630a       0x90 ./Middlewares/ST/STM32_USB_Host_Library/Core/Src/usbh_ctlreq.o
                0x000000000800630a                USBH_Get_DevDesc
 .text.USBH_Get_CfgDesc
                0x000000000800639a      0x11a ./Middlewares/ST/STM32_USB_Host_Library/Core/Src/usbh_ctlreq.o
                0x000000000800639a                USBH_Get_CfgDesc
 .text.USBH_Get_StringDesc
                0x00000000080064b4       0x4e ./Middlewares/ST/STM32_USB_Host_Library/Core/Src/usbh_ctlreq.o
                0x00000000080064b4                USBH_Get_StringDesc
 .text.USBH_SetAddress
                0x0000000008006502       0x1a ./Middlewares/ST/STM32_USB_Host_Library/Core/Src/usbh_ctlreq.o
                0x0000000008006502                USBH_SetAddress
 .text.USBH_SetCfg
                0x000000000800651c       0x1a ./Middlewares/ST/STM32_USB_Host_Library/Core/Src/usbh_ctlreq.o
                0x000000000800651c                USBH_SetCfg
 .text.USBH_SetFeature
                0x0000000008006536       0x1a ./Middlewares/ST/STM32_USB_Host_Library/Core/Src/usbh_ctlreq.o
                0x0000000008006536                USBH_SetFeature
 .text.USBH_ClrFeature
                0x0000000008006550       0x1a ./Middlewares/ST/STM32_USB_Host_Library/Core/Src/usbh_ctlreq.o
                0x0000000008006550                USBH_ClrFeature
 .text.USBH_CtlSendSetup
                0x000000000800656a       0x20 ./Middlewares/ST/STM32_USB_Host_Library/Core/Src/usbh_ioreq.o
                0x000000000800656a                USBH_CtlSendSetup
 .text.USBH_CtlSendData
                0x000000000800658a       0x2e ./Middlewares/ST/STM32_USB_Host_Library/Core/Src/usbh_ioreq.o
                0x000000000800658a                USBH_CtlSendData
 .text.USBH_CtlReceiveData
                0x00000000080065b8       0x20 ./Middlewares/ST/STM32_USB_Host_Library/Core/Src/usbh_ioreq.o
                0x00000000080065b8                USBH_CtlReceiveData
 .text.USBH_BulkSendData
                0x00000000080065d8       0x2e ./Middlewares/ST/STM32_USB_Host_Library/Core/Src/usbh_ioreq.o
                0x00000000080065d8                USBH_BulkSendData
 .text.USBH_BulkReceiveData
                0x0000000008006606       0x20 ./Middlewares/ST/STM32_USB_Host_Library/Core/Src/usbh_ioreq.o
                0x0000000008006606                USBH_BulkReceiveData
 .text.USBH_OpenPipe
                0x0000000008006626       0x1e ./Middlewares/ST/STM32_USB_Host_Library/Core/Src/usbh_pipes.o
                0x0000000008006626                USBH_OpenPipe
 .text.USBH_ClosePipe
                0x0000000008006644        0xa ./Middlewares/ST/STM32_USB_Host_Library/Core/Src/usbh_pipes.o
                0x0000000008006644                USBH_ClosePipe
 .text.USBH_AllocPipe
                0x000000000800664e       0x30 ./Middlewares/ST/STM32_USB_Host_Library/Core/Src/usbh_pipes.o
                0x000000000800664e                USBH_AllocPipe
 .text.USBH_FreePipe
                0x000000000800667e       0x1c ./Middlewares/ST/STM32_USB_Host_Library/Core/Src/usbh_pipes.o
                0x000000000800667e                USBH_FreePipe
 *fill*         0x000000000800669a        0x2 
 .text.disk_status
                0x000000000800669c       0x14 ./Middlewares/Third_Party/FatFs/src/diskio.o
                0x000000000800669c                disk_status
 .text.disk_initialize
                0x00000000080066b0       0x20 ./Middlewares/Third_Party/FatFs/src/diskio.o
                0x00000000080066b0                disk_initialize
 .text.disk_read
                0x00000000080066d0       0x1c ./Middlewares/Third_Party/FatFs/src/diskio.o
                0x00000000080066d0                disk_read
 .text.disk_write
                0x00000000080066ec       0x1c ./Middlewares/Third_Party/FatFs/src/diskio.o
                0x00000000080066ec                disk_write
 .text.disk_ioctl
                0x0000000008006708       0x1c ./Middlewares/Third_Party/FatFs/src/diskio.o
                0x0000000008006708                disk_ioctl
 .text.ld_dword
                0x0000000008006724       0x10 ./Middlewares/Third_Party/FatFs/src/ff.o
 .text.st_dword
                0x0000000008006734       0x10 ./Middlewares/Third_Party/FatFs/src/ff.o
 .text.mem_set  0x0000000008006744        0xc ./Middlewares/Third_Party/FatFs/src/ff.o
 .text.chk_lock
                0x0000000008006750       0x74 ./Middlewares/Third_Party/FatFs/src/ff.o
 .text.inc_lock
                0x00000000080067c4       0x84 ./Middlewares/Third_Party/FatFs/src/ff.o
 .text.dec_lock
                0x0000000008006848       0x3c ./Middlewares/Third_Party/FatFs/src/ff.o
 .text.clust2sect
                0x0000000008006884       0x16 ./Middlewares/Third_Party/FatFs/src/ff.o
 .text.clmt_clust
                0x000000000800689a       0x22 ./Middlewares/Third_Party/FatFs/src/ff.o
 .text.sum_sfn  0x00000000080068bc       0x1e ./Middlewares/Third_Party/FatFs/src/ff.o
 .text.get_ldnumber
                0x00000000080068da       0x30 ./Middlewares/Third_Party/FatFs/src/ff.o
 .text.validate
                0x000000000800690a       0x34 ./Middlewares/Third_Party/FatFs/src/ff.o
 .text.mem_cpy.part.0
                0x000000000800693e       0x12 ./Middlewares/Third_Party/FatFs/src/ff.o
 .text.ld_clust.isra.0
                0x0000000008006950       0x1c ./Middlewares/Third_Party/FatFs/src/ff.o
 .text.st_clust.isra.0
                0x000000000800696c       0x18 ./Middlewares/Third_Party/FatFs/src/ff.o
 .text.sync_window.part.0
                0x0000000008006984       0x4c ./Middlewares/Third_Party/FatFs/src/ff.o
 .text.sync_window
                0x00000000080069d0        0xc ./Middlewares/Third_Party/FatFs/src/ff.o
 .text.move_window
                0x00000000080069dc       0x32 ./Middlewares/Third_Party/FatFs/src/ff.o
 *fill*         0x0000000008006a0e        0x2 
 .text.check_fs
                0x0000000008006a10       0x7c ./Middlewares/Third_Party/FatFs/src/ff.o
 .text.find_volume
                0x0000000008006a8c      0x2dc ./Middlewares/Third_Party/FatFs/src/ff.o
 .text.put_fat  0x0000000008006d68       0xfa ./Middlewares/Third_Party/FatFs/src/ff.o
 .text.get_fat.isra.0
                0x0000000008006e62       0xb4 ./Middlewares/Third_Party/FatFs/src/ff.o
 .text.dir_sdi  0x0000000008006f16       0x82 ./Middlewares/Third_Party/FatFs/src/ff.o
 .text.create_chain
                0x0000000008006f98       0xb0 ./Middlewares/Third_Party/FatFs/src/ff.o
 .text.remove_chain
                0x0000000008007048       0x70 ./Middlewares/Third_Party/FatFs/src/ff.o
 .text.get_fileinfo
                0x00000000080070b8       0xea ./Middlewares/Third_Party/FatFs/src/ff.o
 .text.sync_fs  0x00000000080071a2       0x96 ./Middlewares/Third_Party/FatFs/src/ff.o
 .text.dir_next
                0x0000000008007238       0xea ./Middlewares/Third_Party/FatFs/src/ff.o
 *fill*         0x0000000008007322        0x2 
 .text.dir_find
                0x0000000008007324      0x164 ./Middlewares/Third_Party/FatFs/src/ff.o
 .text.dir_register
                0x0000000008007488      0x280 ./Middlewares/Third_Party/FatFs/src/ff.o
 .text.dir_read.constprop.0
                0x0000000008007708      0x10c ./Middlewares/Third_Party/FatFs/src/ff.o
 .text.follow_path
                0x0000000008007814      0x260 ./Middlewares/Third_Party/FatFs/src/ff.o
 .text.f_mount  0x0000000008007a74       0x68 ./Middlewares/Third_Party/FatFs/src/ff.o
                0x0000000008007a74                f_mount
 .text.f_open   0x0000000008007adc      0x200 ./Middlewares/Third_Party/FatFs/src/ff.o
                0x0000000008007adc                f_open
 .text.f_read   0x0000000008007cdc      0x166 ./Middlewares/Third_Party/FatFs/src/ff.o
                0x0000000008007cdc                f_read
 .text.f_sync   0x0000000008007e42       0x92 ./Middlewares/Third_Party/FatFs/src/ff.o
                0x0000000008007e42                f_sync
 .text.f_close  0x0000000008007ed4       0x22 ./Middlewares/Third_Party/FatFs/src/ff.o
                0x0000000008007ed4                f_close
 .text.f_lseek  0x0000000008007ef6      0x21a ./Middlewares/Third_Party/FatFs/src/ff.o
                0x0000000008007ef6                f_lseek
 .text.f_opendir
                0x0000000008008110       0x86 ./Middlewares/Third_Party/FatFs/src/ff.o
                0x0000000008008110                f_opendir
 .text.f_closedir
                0x0000000008008196       0x28 ./Middlewares/Third_Party/FatFs/src/ff.o
                0x0000000008008196                f_closedir
 .text.f_readdir
                0x00000000080081be       0x40 ./Middlewares/Third_Party/FatFs/src/ff.o
                0x00000000080081be                f_readdir
 *fill*         0x00000000080081fe        0x2 
 .text.FATFS_LinkDriverEx
                0x0000000008008200       0x40 ./Middlewares/Third_Party/FatFs/src/ff_gen_drv.o
                0x0000000008008200                FATFS_LinkDriverEx
 .text.FATFS_LinkDriver
                0x0000000008008240        0x6 ./Middlewares/Third_Party/FatFs/src/ff_gen_drv.o
                0x0000000008008240                FATFS_LinkDriver
 *fill*         0x0000000008008246        0x2 
 .text.ff_convert
                0x0000000008008248       0x3c ./Middlewares/Third_Party/FatFs/src/option/ccsbcs.o
                0x0000000008008248                ff_convert
 .text.ff_wtoupper
                0x0000000008008284       0x84 ./Middlewares/Third_Party/FatFs/src/option/ccsbcs.o
                0x0000000008008284                ff_wtoupper
 .text.USBH_UserProcess
                0x0000000008008308       0x24 ./USB_HOST/App/usb_host.o
 .text.MX_USB_HOST_Init
                0x000000000800832c       0x40 ./USB_HOST/App/usb_host.o
                0x000000000800832c                MX_USB_HOST_Init
 .text.MX_USB_HOST_Process
                0x000000000800836c        0xc ./USB_HOST/App/usb_host.o
                0x000000000800836c                MX_USB_HOST_Process
 .text.HAL_HCD_MspInit
                0x0000000008008378       0x98 ./USB_HOST/Target/usbh_conf.o
                0x0000000008008378                HAL_HCD_MspInit
 .text.HAL_HCD_SOF_Callback
                0x0000000008008410        0x8 ./USB_HOST/Target/usbh_conf.o
                0x0000000008008410                HAL_HCD_SOF_Callback
 .text.HAL_HCD_Connect_Callback
                0x0000000008008418        0x8 ./USB_HOST/Target/usbh_conf.o
                0x0000000008008418                HAL_HCD_Connect_Callback
 .text.HAL_HCD_Disconnect_Callback
                0x0000000008008420        0x8 ./USB_HOST/Target/usbh_conf.o
                0x0000000008008420                HAL_HCD_Disconnect_Callback
 .text.HAL_HCD_HC_NotifyURBChange_Callback
                0x0000000008008428        0x2 ./USB_HOST/Target/usbh_conf.o
                0x0000000008008428                HAL_HCD_HC_NotifyURBChange_Callback
 .text.HAL_HCD_PortEnabled_Callback
                0x000000000800842a        0x8 ./USB_HOST/Target/usbh_conf.o
                0x000000000800842a                HAL_HCD_PortEnabled_Callback
 .text.HAL_HCD_PortDisabled_Callback
                0x0000000008008432        0x8 ./USB_HOST/Target/usbh_conf.o
                0x0000000008008432                HAL_HCD_PortDisabled_Callback
 *fill*         0x000000000800843a        0x2 
 .text.USBH_LL_Init
                0x000000000800843c       0x4c ./USB_HOST/Target/usbh_conf.o
                0x000000000800843c                USBH_LL_Init
 .text.USBH_LL_Start
                0x0000000008008488       0x1c ./USB_HOST/Target/usbh_conf.o
                0x0000000008008488                USBH_LL_Start
 .text.USBH_LL_Stop
                0x00000000080084a4       0x1c ./USB_HOST/Target/usbh_conf.o
                0x00000000080084a4                USBH_LL_Stop
 .text.USBH_LL_GetSpeed
                0x00000000080084c0       0x14 ./USB_HOST/Target/usbh_conf.o
                0x00000000080084c0                USBH_LL_GetSpeed
 .text.USBH_LL_ResetPort
                0x00000000080084d4       0x1c ./USB_HOST/Target/usbh_conf.o
                0x00000000080084d4                USBH_LL_ResetPort
 .text.USBH_LL_GetLastXferSize
                0x00000000080084f0        0x8 ./USB_HOST/Target/usbh_conf.o
                0x00000000080084f0                USBH_LL_GetLastXferSize
 .text.USBH_LL_OpenPipe
                0x00000000080084f8       0x30 ./USB_HOST/Target/usbh_conf.o
                0x00000000080084f8                USBH_LL_OpenPipe
 .text.USBH_LL_ClosePipe
                0x0000000008008528       0x1c ./USB_HOST/Target/usbh_conf.o
                0x0000000008008528                USBH_LL_ClosePipe
 .text.USBH_LL_SubmitURB
                0x0000000008008544       0x34 ./USB_HOST/Target/usbh_conf.o
                0x0000000008008544                USBH_LL_SubmitURB
 .text.USBH_LL_GetURBState
                0x0000000008008578        0x8 ./USB_HOST/Target/usbh_conf.o
                0x0000000008008578                USBH_LL_GetURBState
 .text.USBH_LL_DriverVBUS
                0x0000000008008580        0xc ./USB_HOST/Target/usbh_conf.o
                0x0000000008008580                USBH_LL_DriverVBUS
 .text.USBH_LL_SetToggle
                0x000000000800858c       0x1e ./USB_HOST/Target/usbh_conf.o
                0x000000000800858c                USBH_LL_SetToggle
 .text.USBH_LL_GetToggle
                0x00000000080085aa       0x1c ./USB_HOST/Target/usbh_conf.o
                0x00000000080085aa                USBH_LL_GetToggle
 .text.USBH_Delay
                0x00000000080085c6        0x4 ./USB_HOST/Target/usbh_conf.o
                0x00000000080085c6                USBH_Delay
 *fill*         0x00000000080085ca        0x2 
 .text.__errno  0x00000000080085cc        0xc c:/st/stm32cubeide_1.7.0/stm32cubeide/plugins/com.st.stm32cube.ide.mcu.externaltools.gnu-tools-for-stm32.9-2020-q2-update.win32_2.0.0.202105311346/tools/bin/../lib/gcc/arm-none-eabi/9.3.1/../../../../arm-none-eabi/lib/thumb/v7e-m+fp/hard\libc_nano.a(lib_a-errno.o)
                0x00000000080085cc                __errno
 .text.__libc_init_array
                0x00000000080085d8       0x48 c:/st/stm32cubeide_1.7.0/stm32cubeide/plugins/com.st.stm32cube.ide.mcu.externaltools.gnu-tools-for-stm32.9-2020-q2-update.win32_2.0.0.202105311346/tools/bin/../lib/gcc/arm-none-eabi/9.3.1/../../../../arm-none-eabi/lib/thumb/v7e-m+fp/hard\libc_nano.a(lib_a-init.o)
                0x00000000080085d8                __libc_init_array
 .text.malloc   0x0000000008008620       0x10 c:/st/stm32cubeide_1.7.0/stm32cubeide/plugins/com.st.stm32cube.ide.mcu.externaltools.gnu-tools-for-stm32.9-2020-q2-update.win32_2.0.0.202105311346/tools/bin/../lib/gcc/arm-none-eabi/9.3.1/../../../../arm-none-eabi/lib/thumb/v7e-m+fp/hard\libc_nano.a(lib_a-malloc.o)
                0x0000000008008620                malloc
 .text.free     0x0000000008008630       0x10 c:/st/stm32cubeide_1.7.0/stm32cubeide/plugins/com.st.stm32cube.ide.mcu.externaltools.gnu-tools-for-stm32.9-2020-q2-update.win32_2.0.0.202105311346/tools/bin/../lib/gcc/arm-none-eabi/9.3.1/../../../../arm-none-eabi/lib/thumb/v7e-m+fp/hard\libc_nano.a(lib_a-malloc.o)
                0x0000000008008630                free
 .text.memset   0x0000000008008640       0x10 c:/st/stm32cubeide_1.7.0/stm32cubeide/plugins/com.st.stm32cube.ide.mcu.externaltools.gnu-tools-for-stm32.9-2020-q2-update.win32_2.0.0.202105311346/tools/bin/../lib/gcc/arm-none-eabi/9.3.1/../../../../arm-none-eabi/lib/thumb/v7e-m+fp/hard\libc_nano.a(lib_a-memset.o)
                0x0000000008008640                memset
 .text._free_r  0x0000000008008650       0xa0 c:/st/stm32cubeide_1.7.0/stm32cubeide/plugins/com.st.stm32cube.ide.mcu.externaltools.gnu-tools-for-stm32.9-2020-q2-update.win32_2.0.0.202105311346/tools/bin/../lib/gcc/arm-none-eabi/9.3.1/../../../../arm-none-eabi/lib/thumb/v7e-m+fp/hard\libc_nano.a(lib_a-nano-freer.o)
                0x0000000008008650                _free_r
 .text._malloc_r
                0x00000000080086f0       0xb4 c:/st/stm32cubeide_1.7.0/stm32cubeide/plugins/com.st.stm32cube.ide.mcu.externaltools.gnu-tools-for-stm32.9-2020-q2-update.win32_2.0.0.202105311346/tools/bin/../lib/gcc/arm-none-eabi/9.3.1/../../../../arm-none-eabi/lib/thumb/v7e-m+fp/hard\libc_nano.a(lib_a-nano-mallocr.o)
                0x00000000080086f0                _malloc_r
 .text._sbrk_r  0x00000000080087a4       0x20 c:/st/stm32cubeide_1.7.0/stm32cubeide/plugins/com.st.stm32cube.ide.mcu.externaltools.gnu-tools-for-stm32.9-2020-q2-update.win32_2.0.0.202105311346/tools/bin/../lib/gcc/arm-none-eabi/9.3.1/../../../../arm-none-eabi/lib/thumb/v7e-m+fp/hard\libc_nano.a(lib_a-sbrkr.o)
                0x00000000080087a4                _sbrk_r
 .text.strncpy  0x00000000080087c4       0x26 c:/st/stm32cubeide_1.7.0/stm32cubeide/plugins/com.st.stm32cube.ide.mcu.externaltools.gnu-tools-for-stm32.9-2020-q2-update.win32_2.0.0.202105311346/tools/bin/../lib/gcc/arm-none-eabi/9.3.1/../../../../arm-none-eabi/lib/thumb/v7e-m+fp/hard\libc_nano.a(lib_a-strncpy.o)
                0x00000000080087c4                strncpy
 .text.strstr   0x00000000080087ea       0x2e c:/st/stm32cubeide_1.7.0/stm32cubeide/plugins/com.st.stm32cube.ide.mcu.externaltools.gnu-tools-for-stm32.9-2020-q2-update.win32_2.0.0.202105311346/tools/bin/../lib/gcc/arm-none-eabi/9.3.1/../../../../arm-none-eabi/lib/thumb/v7e-m+fp/hard\libc_nano.a(lib_a-strstr.o)
                0x00000000080087ea                strstr
 .text.__malloc_lock
                0x0000000008008818        0xc c:/st/stm32cubeide_1.7.0/stm32cubeide/plugins/com.st.stm32cube.ide.mcu.externaltools.gnu-tools-for-stm32.9-2020-q2-update.win32_2.0.0.202105311346/tools/bin/../lib/gcc/arm-none-eabi/9.3.1/../../../../arm-none-eabi/lib/thumb/v7e-m+fp/hard\libc_nano.a(lib_a-mlock.o)
                0x0000000008008818                __malloc_lock
 .text.__malloc_unlock
                0x0000000008008824        0xc c:/st/stm32cubeide_1.7.0/stm32cubeide/plugins/com.st.stm32cube.ide.mcu.externaltools.gnu-tools-for-stm32.9-2020-q2-update.win32_2.0.0.202105311346/tools/bin/../lib/gcc/arm-none-eabi/9.3.1/../../../../arm-none-eabi/lib/thumb/v7e-m+fp/hard\libc_nano.a(lib_a-mlock.o)
                0x0000000008008824                __malloc_unlock
 .text.__retarget_lock_acquire_recursive
                0x0000000008008830        0x2 c:/st/stm32cubeide_1.7.0/stm32cubeide/plugins/com.st.stm32cube.ide.mcu.externaltools.gnu-tools-for-stm32.9-2020-q2-update.win32_2.0.0.202105311346/tools/bin/../lib/gcc/arm-none-eabi/9.3.1/../../../../arm-none-eabi/lib/thumb/v7e-m+fp/hard\libc_nano.a(lib_a-lock.o)
                0x0000000008008830                __retarget_lock_acquire_recursive
 .text.__retarget_lock_release_recursive
                0x0000000008008832        0x2 c:/st/stm32cubeide_1.7.0/stm32cubeide/plugins/com.st.stm32cube.ide.mcu.externaltools.gnu-tools-for-stm32.9-2020-q2-update.win32_2.0.0.202105311346/tools/bin/../lib/gcc/arm-none-eabi/9.3.1/../../../../arm-none-eabi/lib/thumb/v7e-m+fp/hard\libc_nano.a(lib_a-lock.o)
                0x0000000008008832                __retarget_lock_release_recursive
 *(.glue_7)
 .glue_7        0x0000000008008834        0x0 linker stubs
 *(.glue_7t)
 .glue_7t       0x0000000008008834        0x0 linker stubs
 *(.eh_frame)
 .eh_frame      0x0000000008008834        0x0 c:/st/stm32cubeide_1.7.0/stm32cubeide/plugins/com.st.stm32cube.ide.mcu.externaltools.gnu-tools-for-stm32.9-2020-q2-update.win32_2.0.0.202105311346/tools/bin/../lib/gcc/arm-none-eabi/9.3.1/thumb/v7e-m+fp/hard/crtbegin.o
 *(.init)
 .init          0x0000000008008834        0x4 c:/st/stm32cubeide_1.7.0/stm32cubeide/plugins/com.st.stm32cube.ide.mcu.externaltools.gnu-tools-for-stm32.9-2020-q2-update.win32_2.0.0.202105311346/tools/bin/../lib/gcc/arm-none-eabi/9.3.1/thumb/v7e-m+fp/hard/crti.o
                0x0000000008008834                _init
 .init          0x0000000008008838        0x8 c:/st/stm32cubeide_1.7.0/stm32cubeide/plugins/com.st.stm32cube.ide.mcu.externaltools.gnu-tools-for-stm32.9-2020-q2-update.win32_2.0.0.202105311346/tools/bin/../lib/gcc/arm-none-eabi/9.3.1/thumb/v7e-m+fp/hard/crtn.o
 *(.fini)
 .fini          0x0000000008008840        0x4 c:/st/stm32cubeide_1.7.0/stm32cubeide/plugins/com.st.stm32cube.ide.mcu.externaltools.gnu-tools-for-stm32.9-2020-q2-update.win32_2.0.0.202105311346/tools/bin/../lib/gcc/arm-none-eabi/9.3.1/thumb/v7e-m+fp/hard/crti.o
                0x0000000008008840                _fini
 .fini          0x0000000008008844        0x8 c:/st/stm32cubeide_1.7.0/stm32cubeide/plugins/com.st.stm32cube.ide.mcu.externaltools.gnu-tools-for-stm32.9-2020-q2-update.win32_2.0.0.202105311346/tools/bin/../lib/gcc/arm-none-eabi/9.3.1/thumb/v7e-m+fp/hard/crtn.o
                0x000000000800884c                . = ALIGN (0x4)
                0x000000000800884c                _etext = .

.vfp11_veneer   0x000000000800884c        0x0
 .vfp11_veneer  0x000000000800884c        0x0 linker stubs

.v4_bx          0x000000000800884c        0x0
 .v4_bx         0x000000000800884c        0x0 linker stubs

.iplt           0x000000000800884c        0x0
 .iplt          0x000000000800884c        0x0 c:/st/stm32cubeide_1.7.0/stm32cubeide/plugins/com.st.stm32cube.ide.mcu.externaltools.gnu-tools-for-stm32.9-2020-q2-update.win32_2.0.0.202105311346/tools/bin/../lib/gcc/arm-none-eabi/9.3.1/thumb/v7e-m+fp/hard/crtbegin.o

.rodata         0x000000000800884c      0x4f0
                0x000000000800884c                . = ALIGN (0x4)
 *(.rodata)
 *(.rodata*)
 .rodata.I2SFreq
                0x000000000800884c       0x20 ./Core/Src/AUDIO.o
                0x000000000800884c                I2SFreq
 .rodata.I2SPLLN
                0x000000000800886c       0x20 ./Core/Src/AUDIO.o
                0x000000000800886c                I2SPLLN
 .rodata.I2SPLLR
                0x000000000800888c       0x20 ./Core/Src/AUDIO.o
                0x000000000800888c                I2SPLLR
 .rodata.AUDIO_StorageParse.str1.1
                0x00000000080088ac        0x8 ./Core/Src/File_Handling.o
 .rodata.AHBPrescTable
                0x00000000080088b4       0x10 ./Core/Src/system_stm32f4xx.o
                0x00000000080088b4                AHBPrescTable
 .rodata.APBPrescTable
                0x00000000080088c4        0x8 ./Core/Src/system_stm32f4xx.o
                0x00000000080088c4                APBPrescTable
 .rodata.flagBitshiftOffset.8957
                0x00000000080088cc        0x8 ./Drivers/STM32F4xx_HAL_Driver/Src/stm32f4xx_hal_dma.o
 .rodata.USBH_Driver
                0x00000000080088d4       0x14 ./FATFS/Target/usbh_diskio.o
                0x00000000080088d4                USBH_Driver
 .rodata.str1.1
                0x00000000080088e8        0x4 ./Middlewares/ST/STM32_USB_Host_Library/Class/MSC/Src/usbh_msc.o
 .rodata.follow_path.str1.1
                0x00000000080088ec       0x10 ./Middlewares/Third_Party/FatFs/src/ff.o
 .rodata.ExCvt  0x00000000080088fc       0x80 ./Middlewares/Third_Party/FatFs/src/ff.o
 .rodata.LfnOfs
                0x000000000800897c        0xd ./Middlewares/Third_Party/FatFs/src/ff.o
 *fill*         0x0000000008008989        0x1 
 .rodata.Tbl    0x000000000800898a      0x100 ./Middlewares/Third_Party/FatFs/src/option/ccsbcs.o
 .rodata.cvt1.11307
                0x0000000008008a8a      0x1f2 ./Middlewares/Third_Party/FatFs/src/option/ccsbcs.o
 .rodata.cvt2.11308
                0x0000000008008c7c       0xbc ./Middlewares/Third_Party/FatFs/src/option/ccsbcs.o
 .rodata.CSWTCH.19
                0x0000000008008d38        0x4 ./USB_HOST/Target/usbh_conf.o
                0x0000000008008d3c                . = ALIGN (0x4)

.ARM.extab      0x0000000008008d3c        0x0
                0x0000000008008d3c                . = ALIGN (0x4)
 *(.ARM.extab* .gnu.linkonce.armextab.*)
                0x0000000008008d3c                . = ALIGN (0x4)

.ARM            0x0000000008008d3c        0x8
                0x0000000008008d3c                . = ALIGN (0x4)
                0x0000000008008d3c                __exidx_start = .
 *(.ARM.exidx*)
 .ARM.exidx     0x0000000008008d3c        0x8 c:/st/stm32cubeide_1.7.0/stm32cubeide/plugins/com.st.stm32cube.ide.mcu.externaltools.gnu-tools-for-stm32.9-2020-q2-update.win32_2.0.0.202105311346/tools/bin/../lib/gcc/arm-none-eabi/9.3.1/thumb/v7e-m+fp/hard\libgcc.a(_udivmoddi4.o)
                0x0000000008008d44                __exidx_end = .
                0x0000000008008d44                . = ALIGN (0x4)

.rel.dyn        0x0000000008008d44        0x0
 .rel.iplt      0x0000000008008d44        0x0 c:/st/stm32cubeide_1.7.0/stm32cubeide/plugins/com.st.stm32cube.ide.mcu.externaltools.gnu-tools-for-stm32.9-2020-q2-update.win32_2.0.0.202105311346/tools/bin/../lib/gcc/arm-none-eabi/9.3.1/thumb/v7e-m+fp/hard/crtbegin.o

.preinit_array  0x0000000008008d44        0x0
                0x0000000008008d44                . = ALIGN (0x4)
                0x0000000008008d44                PROVIDE (__preinit_array_start = .)
 *(.preinit_array*)
                0x0000000008008d44                PROVIDE (__preinit_array_end = .)
                0x0000000008008d44                . = ALIGN (0x4)

.init_array     0x0000000008008d44        0x4
                0x0000000008008d44                . = ALIGN (0x4)
                0x0000000008008d44                PROVIDE (__init_array_start = .)
 *(SORT_BY_NAME(.init_array.*))
 *(.init_array*)
 .init_array    0x0000000008008d44        0x4 c:/st/stm32cubeide_1.7.0/stm32cubeide/plugins/com.st.stm32cube.ide.mcu.externaltools.gnu-tools-for-stm32.9-2020-q2-update.win32_2.0.0.202105311346/tools/bin/../lib/gcc/arm-none-eabi/9.3.1/thumb/v7e-m+fp/hard/crtbegin.o
                0x0000000008008d48                PROVIDE (__init_array_end = .)
                0x0000000008008d48                . = ALIGN (0x4)

.fini_array     0x0000000008008d48        0x4
                0x0000000008008d48                . = ALIGN (0x4)
                [!provide]                        PROVIDE (__fini_array_start = .)
 *(SORT_BY_NAME(.fini_array.*))
 *(.fini_array*)
 .fini_array    0x0000000008008d48        0x4 c:/st/stm32cubeide_1.7.0/stm32cubeide/plugins/com.st.stm32cube.ide.mcu.externaltools.gnu-tools-for-stm32.9-2020-q2-update.win32_2.0.0.202105311346/tools/bin/../lib/gcc/arm-none-eabi/9.3.1/thumb/v7e-m+fp/hard/crtbegin.o
                [!provide]                        PROVIDE (__fini_array_end = .)
                0x0000000008008d4c                . = ALIGN (0x4)
                0x0000000008008d4c                _sidata = LOADADDR (.data)

.data           0x0000000020000000       0xcc load address 0x0000000008008d4c
                0x0000000020000000                . = ALIGN (0x4)
                0x0000000020000000                _sdata = .
 *(.data)
 *(.data*)
 .data.I2cxTimeout
                0x0000000020000000        0x4 ./Core/Src/AUDIO_LINK.o
                0x0000000020000000                I2cxTimeout
 .data.Is_cs43l22_Stop
                0x0000000020000004        0x1 ./Core/Src/cs43l22.o
 *fill*         0x0000000020000005        0x3 
 .data.cs43l22_drv
                0x0000000020000008       0x30 ./Core/Src/cs43l22.o
                0x0000000020000008                cs43l22_drv
 .data.SystemCoreClock
                0x0000000020000038        0x4 ./Core/Src/system_stm32f4xx.o
                0x0000000020000038                SystemCoreClock
 .data.uwVolume
                0x000000002000003c        0x4 ./Core/Src/waveplayer.o
 .data.uwTickFreq
                0x0000000020000040        0x1 ./Drivers/STM32F4xx_HAL_Driver/Src/stm32f4xx_hal.o
                0x0000000020000040                uwTickFreq
 *fill*         0x0000000020000041        0x3 
 .data.uwTickPrio
                0x0000000020000044        0x4 ./Drivers/STM32F4xx_HAL_Driver/Src/stm32f4xx_hal.o
                0x0000000020000044                uwTickPrio
 .data.USBH_msc
                0x0000000020000048       0x20 ./Middlewares/ST/STM32_USB_Host_Library/Class/MSC/Src/usbh_msc.o
                0x0000000020000048                USBH_msc
 .data._impure_ptr
                0x0000000020000068        0x4 c:/st/stm32cubeide_1.7.0/stm32cubeide/plugins/com.st.stm32cube.ide.mcu.externaltools.gnu-tools-for-stm32.9-2020-q2-update.win32_2.0.0.202105311346/tools/bin/../lib/gcc/arm-none-eabi/9.3.1/../../../../arm-none-eabi/lib/thumb/v7e-m+fp/hard\libc_nano.a(lib_a-impure.o)
                0x0000000020000068                _impure_ptr
 .data.impure_data
                0x000000002000006c       0x60 c:/st/stm32cubeide_1.7.0/stm32cubeide/plugins/com.st.stm32cube.ide.mcu.externaltools.gnu-tools-for-stm32.9-2020-q2-update.win32_2.0.0.202105311346/tools/bin/../lib/gcc/arm-none-eabi/9.3.1/../../../../arm-none-eabi/lib/thumb/v7e-m+fp/hard\libc_nano.a(lib_a-impure.o)
 *(.RamFunc)
 *(.RamFunc*)
                0x00000000200000cc                . = ALIGN (0x4)
                0x00000000200000cc                _edata = .
                0x0000000008008e18                _siccmram = LOADADDR (.ccmram)

.igot.plt       0x00000000200000cc        0x0 load address 0x0000000008008e18
 .igot.plt      0x00000000200000cc        0x0 c:/st/stm32cubeide_1.7.0/stm32cubeide/plugins/com.st.stm32cube.ide.mcu.externaltools.gnu-tools-for-stm32.9-2020-q2-update.win32_2.0.0.202105311346/tools/bin/../lib/gcc/arm-none-eabi/9.3.1/thumb/v7e-m+fp/hard/crtbegin.o

.ccmram         0x0000000010000000        0x0 load address 0x0000000008008e18
                0x0000000010000000                . = ALIGN (0x4)
                0x0000000010000000                _sccmram = .
 *(.ccmram)
 *(.ccmram*)
                0x0000000010000000                . = ALIGN (0x4)
                0x0000000010000000                _eccmram = .
                0x0000000010000000                . = ALIGN (0x4)

.bss            0x00000000200000cc     0x2be8
                0x00000000200000cc                _sbss = .
                0x00000000200000cc                __bss_start__ = _sbss
 *(.bss)
 .bss           0x00000000200000cc       0x1c c:/st/stm32cubeide_1.7.0/stm32cubeide/plugins/com.st.stm32cube.ide.mcu.externaltools.gnu-tools-for-stm32.9-2020-q2-update.win32_2.0.0.202105311346/tools/bin/../lib/gcc/arm-none-eabi/9.3.1/thumb/v7e-m+fp/hard/crtbegin.o
 *(.bss*)
 .bss.hdma_i2sTx.9023
                0x00000000200000e8       0x60 ./Core/Src/AUDIO.o
 .bss.pAudioDrv
                0x0000000020000148        0x4 ./Core/Src/AUDIO.o
 .bss.I2cHandle
                0x000000002000014c       0x54 ./Core/Src/AUDIO_LINK.o
 .bss.NumObs    0x00000000200001a0        0x2 ./Core/Src/File_Handling.o
                0x00000000200001a0                NumObs
 .bss.OutputDev
                0x00000000200001a2        0x1 ./Core/Src/cs43l22.o
                0x00000000200001a2                OutputDev
 *fill*         0x00000000200001a3        0x1 
 .bss.IsFinished
                0x00000000200001a4        0x4 ./Core/Src/main.o
                0x00000000200001a4                IsFinished
 .bss.RxData    0x00000000200001a8        0x8 ./Core/Src/main.o
                0x00000000200001a8                RxData
 .bss.TxData    0x00000000200001b0        0x8 ./Core/Src/main.o
                0x00000000200001b0                TxData
 .bss.a         0x00000000200001b8        0x1 ./Core/Src/main.o
                0x00000000200001b8                a
 *fill*         0x00000000200001b9        0x3 
 .bss.__sbrk_heap_end
                0x00000000200001bc        0x4 ./Core/Src/sysmem.o
 .bss.BufferCtl
                0x00000000200001c0     0x1008 ./Core/Src/waveplayer.o
 .bss.FilePos   0x00000000200011c8        0x2 ./Core/Src/waveplayer.o
 *fill*         0x00000000200011ca        0x2 
 .bss.FatFs     0x00000000200011cc        0x4 ./Middlewares/Third_Party/FatFs/src/ff.o
 .bss.Files     0x00000000200011d0       0x20 ./Middlewares/Third_Party/FatFs/src/ff.o
 .bss.Fsid      0x00000000200011f0        0x2 ./Middlewares/Third_Party/FatFs/src/ff.o
 .bss.LfnBuf    0x00000000200011f2      0x200 ./Middlewares/Third_Party/FatFs/src/ff.o
 *fill*         0x00000000200013f2        0x2 
 .bss.disk      0x00000000200013f4        0xc ./Middlewares/Third_Party/FatFs/src/ff_gen_drv.o
                0x00000000200013f4                disk
 .bss.Appli_state
                0x0000000020001400        0x1 ./USB_HOST/App/usb_host.o
                0x0000000020001400                Appli_state
 *fill*         0x0000000020001401        0x3 
 .bss.__malloc_free_list
                0x0000000020001404        0x4 c:/st/stm32cubeide_1.7.0/stm32cubeide/plugins/com.st.stm32cube.ide.mcu.externaltools.gnu-tools-for-stm32.9-2020-q2-update.win32_2.0.0.202105311346/tools/bin/../lib/gcc/arm-none-eabi/9.3.1/../../../../arm-none-eabi/lib/thumb/v7e-m+fp/hard\libc_nano.a(lib_a-nano-mallocr.o)
                0x0000000020001404                __malloc_free_list
 .bss.__malloc_sbrk_start
                0x0000000020001408        0x4 c:/st/stm32cubeide_1.7.0/stm32cubeide/plugins/com.st.stm32cube.ide.mcu.externaltools.gnu-tools-for-stm32.9-2020-q2-update.win32_2.0.0.202105311346/tools/bin/../lib/gcc/arm-none-eabi/9.3.1/../../../../arm-none-eabi/lib/thumb/v7e-m+fp/hard\libc_nano.a(lib_a-nano-mallocr.o)
                0x0000000020001408                __malloc_sbrk_start
 *(COMMON)
 COMMON         0x000000002000140c       0x48 ./Core/Src/AUDIO.o
                0x000000002000140c                hAudioOutI2s
 COMMON         0x0000000020001454      0x4fc ./Core/Src/File_Handling.o
                0x0000000020001454                hUSBHost
                0x000000002000182c                br
                0x0000000020001830                bw
                0x0000000020001834                fresult
                0x0000000020001838                USBHfno
 COMMON         0x0000000020001950      0x184 ./Core/Src/main.o
                0x0000000020001950                hi2c1
                0x00000000200019a4                hdma_spi3_tx
                0x0000000020001a04                FilterConfig
                0x0000000020001a2c                TxMailbox
                0x0000000020001a30                hcan1
                0x0000000020001a58                TxHeader
                0x0000000020001a70                RxHeader
                0x0000000020001a8c                hi2s3
 COMMON         0x0000000020001ad4       0x48 ./Core/Src/stm32f4xx_hal_timebase_tim.o
                0x0000000020001ad4                htim6
 COMMON         0x0000000020001b1c      0x63c ./Core/Src/waveplayer.o
                0x0000000020001b1c                AudioState
                0x0000000020001b20                WaveFormat
                0x0000000020001b4c                FileList
                0x0000000020001f28                WavFile
 COMMON         0x0000000020002158        0x4 ./Drivers/STM32F4xx_HAL_Driver/Src/stm32f4xx_hal.o
                0x0000000020002158                uwTick
 COMMON         0x000000002000215c      0x469 ./FATFS/App/fatfs.o
                0x000000002000215c                USBHPath
                0x0000000020002160                USBHFile
                0x0000000020002390                USBHFatFS
                0x00000000200025c4                retUSBH
 *fill*         0x00000000200025c5        0x3 
 COMMON         0x00000000200025c8      0x3d8 ./USB_HOST/App/usb_host.o
                0x00000000200025c8                hUsbHostFS
 COMMON         0x00000000200029a0      0x304 ./USB_HOST/Target/usbh_conf.o
                0x00000000200029a0                hhcd_USB_OTG_FS
 COMMON         0x0000000020002ca4        0x4 c:/st/stm32cubeide_1.7.0/stm32cubeide/plugins/com.st.stm32cube.ide.mcu.externaltools.gnu-tools-for-stm32.9-2020-q2-update.win32_2.0.0.202105311346/tools/bin/../lib/gcc/arm-none-eabi/9.3.1/../../../../arm-none-eabi/lib/thumb/v7e-m+fp/hard\libc_nano.a(lib_a-reent.o)
                0x0000000020002ca4                errno
 COMMON         0x0000000020002ca8        0x9 c:/st/stm32cubeide_1.7.0/stm32cubeide/plugins/com.st.stm32cube.ide.mcu.externaltools.gnu-tools-for-stm32.9-2020-q2-update.win32_2.0.0.202105311346/tools/bin/../lib/gcc/arm-none-eabi/9.3.1/../../../../arm-none-eabi/lib/thumb/v7e-m+fp/hard\libc_nano.a(lib_a-lock.o)
                0x0000000020002ca8                __lock___atexit_recursive_mutex
                0x0000000020002ca9                __lock___arc4random_mutex
                0x0000000020002caa                __lock___env_recursive_mutex
                0x0000000020002cab                __lock___sinit_recursive_mutex
                0x0000000020002cac                __lock___malloc_recursive_mutex
                0x0000000020002cad                __lock___at_quick_exit_mutex
                0x0000000020002cae                __lock___dd_hash_mutex
                0x0000000020002caf                __lock___tz_mutex
                0x0000000020002cb0                __lock___sfp_recursive_mutex
                0x0000000020002cb4                . = ALIGN (0x4)
 *fill*         0x0000000020002cb1        0x3 
                0x0000000020002cb4                _ebss = .
                0x0000000020002cb4                __bss_end__ = _ebss

._user_heap_stack
                0x0000000020002cb4      0x604
                0x0000000020002cb8                . = ALIGN (0x8)
 *fill*         0x0000000020002cb4        0x4 
                [!provide]                        PROVIDE (end = .)
                0x0000000020002cb8                PROVIDE (_end = .)
                0x0000000020002eb8                . = (. + _Min_Heap_Size)
 *fill*         0x0000000020002cb8      0x200 
                0x00000000200032b8                . = (. + _Min_Stack_Size)
 *fill*         0x0000000020002eb8      0x400 
                0x00000000200032b8                . = ALIGN (0x8)

/DISCARD/
 libc.a(*)
 libm.a(*)
 libgcc.a(*)

.ARM.attributes
                0x0000000000000000       0x30
 *(.ARM.attributes)
 .ARM.attributes
                0x0000000000000000       0x1e c:/st/stm32cubeide_1.7.0/stm32cubeide/plugins/com.st.stm32cube.ide.mcu.externaltools.gnu-tools-for-stm32.9-2020-q2-update.win32_2.0.0.202105311346/tools/bin/../lib/gcc/arm-none-eabi/9.3.1/thumb/v7e-m+fp/hard/crti.o
 .ARM.attributes
                0x000000000000001e       0x34 c:/st/stm32cubeide_1.7.0/stm32cubeide/plugins/com.st.stm32cube.ide.mcu.externaltools.gnu-tools-for-stm32.9-2020-q2-update.win32_2.0.0.202105311346/tools/bin/../lib/gcc/arm-none-eabi/9.3.1/thumb/v7e-m+fp/hard/crtbegin.o
 .ARM.attributes
                0x0000000000000052       0x34 ./Core/Src/AUDIO.o
 .ARM.attributes
                0x0000000000000086       0x34 ./Core/Src/AUDIO_LINK.o
 .ARM.attributes
                0x00000000000000ba       0x34 ./Core/Src/File_Handling.o
 .ARM.attributes
                0x00000000000000ee       0x34 ./Core/Src/cs43l22.o
 .ARM.attributes
                0x0000000000000122       0x34 ./Core/Src/main.o
 .ARM.attributes
                0x0000000000000156       0x34 ./Core/Src/stm32f4xx_hal_msp.o
 .ARM.attributes
                0x000000000000018a       0x34 ./Core/Src/stm32f4xx_hal_timebase_tim.o
 .ARM.attributes
                0x00000000000001be       0x34 ./Core/Src/stm32f4xx_it.o
 .ARM.attributes