17:03:18 **** Incremental Build of configuration Debug for project SecondProgram ****
make -j8 all 
arm-none-eabi-gcc "../Core/Src/main.c" -mcpu=cortex-m4 -std=gnu11 -g3 -DDEBUG -DUSE_HAL_DRIVER -DSTM32L476xx -c -I../Core/Inc -I../Drivers/STM32L4xx_HAL_Driver/Inc -I../Drivers/STM32L4xx_HAL_Driver/Inc/Legacy -I../Drivers/CMSIS/Device/ST/STM32L4xx/Include -I../Drivers/CMSIS/Include -O0 -ffunction-sections -fdata-sections -Wall -fstack-usage -MMD -MP -MF"Core/Src/main.d" -MT"Core/Src/main.o" --specs=nano.specs -mfpu=fpv4-sp-d16 -mfloat-abi=hard -mthumb -o "Core/Src/main.o"
../Core/Src/main.c: In function 'initialisation':
../Core/Src/main.c:508:24: warning: format '%d' expects argument of type 'int', but argument 2 has type 'long int' [-Wformat=]
  508 |     printf("longadd = %d\r\n", (longadd + 1));
      |                       ~^       ~~~~~~~~~~~~~
      |                        |                |
      |                        int              long int
      |                       %ld
../Core/Src/main.c:515:24: warning: format '%p' expects argument of type 'void *', but argument 2 has type 'long int' [-Wformat=]
  515 |     printf("longadd = %p\r\n", (longadd + 1));
      |                       ~^       ~~~~~~~~~~~~~
      |                        |                |
      |                        void *           long int
      |                       %ld
../Core/Src/main.c:520:24: warning: format '%d' expects argument of type 'int', but argument 2 has type 'long int' [-Wformat=]
  520 |     printf("longadd = %d\r\n", (longadd + 1));
      |                       ~^       ~~~~~~~~~~~~~
      |                        |                |
      |                        int              long int
      |                       %ld
../Core/Src/main.c: In function 'scanShortAdd':
../Core/Src/main.c:752:12: warning: variable 'response' set but not used [-Wunused-but-set-variable]
  752 |   uint32_t response = recieve();
      |            ^~~~~~~~
arm-none-eabi-gcc -o "SecondProgram.elf" @"objects.list"   -mcpu=cortex-m4 -T"C:\Users\evers\Documents\IMAGINE-IOT\Imagine-IoT\Imagine-IoT\40 Dali Project\SecondProgram\SecondProgram\STM32L476RGTX_FLASH.ld" --specs=nosys.specs -Wl,-Map="SecondProgram.map" -Wl,--gc-sections -static --specs=nano.specs -mfpu=fpv4-sp-d16 -mfloat-abi=hard -mthumb -Wl,--start-group -lc -lm -Wl,--end-group
Finished building target: SecondProgram.elf
 
arm-none-eabi-size   SecondProgram.elf 
arm-none-eabi-objdump -h -S  SecondProgram.elf  > "SecondProgram.list"
arm-none-eabi-objcopy  -O binary  SecondProgram.elf  "SecondProgram.bin"
   text	   data	    bss	    dec	    hex	filename
  28340	    132	   2004	  30476	   770c	SecondProgram.elf
Finished building: default.size.stdout
 
Finished building: SecondProgram.bin
 
Finished building: SecondProgram.list
 
