LoRaMac.c:857:13:OnRadioRxError	0	static
LoRaMac.c:878:13:UpdateRxSlotIdleState	0	static
LoRaMac.c:3086:13:StopRetransmission	0	static
LoRaMac.c:3141:13:CallNvmCtxCallback	0	static
LoRaMac.c:3149:13:EventMacNvmCtxChanged	0	static
LoRaMac.c:3154:13:EventRegionNvmCtxChanged	0	static
LoRaMac.c:3159:13:EventCryptoNvmCtxChanged	0	static
LoRaMac.c:3164:13:EventSecureElementNvmCtxChanged	0	static
LoRaMac.c:3169:13:EventCommandsNvmCtxChanged	0	static
LoRaMac.c:3174:13:EventClassBNvmCtxChanged	0	static
LoRaMac.c:3179:13:EventConfirmQueueNvmCtxChanged	0	static
LoRaMac.c:1890:16:GetMaxAppPayloadWithoutFOptsLength	24	static
LoRaMac.c:1738:13:OnAckTimeoutTimerEvent	8	static
LoRaMac.c:936:13:PrepareRxDoneAbort	8	static
LoRaMac.c:1383:13:HandleRadioRxErrorTimeout	24	static
LoRaMac.c:2629:13:ResetMacParameters	24	static
LoRaMac.c:867:13:OnRadioRxTimeout	8	static
LoRaMac.c:846:13:OnRadioTxTimeout	8	static
LoRaMac.c:829:13:OnRadioRxDone	24	static
LoRaMac.c:815:13:OnRadioTxDone	24	static
LoRaMac.c:2479:24:ScheduleTx	96	static
LoRaMac.c:1682:13:OnTxDelayedTimerEvent	8	static
LoRaMac.c:2701:13:OpenContinuousRxCWindow	24	static
LoRaMac.c:1806:24:SwitchClass	24	static
LoRaMac.c:2687:13:RxWindowSetup.constprop	16	static
LoRaMac.c:1708:13:OnRxWindow1TimerEvent	0	static
LoRaMac.c:1720:13:OnRxWindow2TimerEvent	0	static
LoRaMac.c:1934:13:ProcessMacCommands.isra.0.constprop	104	static
LoRaMac.c:3195:6:LoRaMacIsBusy	0	static
LoRaMac.c:3205:6:LoRaMacProcess	184	static,ignoring_inline_asm
LoRaMac.c:3240:17:LoRaMacInitialization	112	static
LoRaMac.c:3461:17:LoRaMacStart	0	static
LoRaMac.c:3467:17:LoRaMacStop	8	static
LoRaMac.c:3481:17:LoRaMacQueryTxPossible	48	static
LoRaMac.c:3539:17:LoRaMacMibGetRequestConfirm	32	static
LoRaMac.c:3731:17:LoRaMacMibSetRequestConfirm	32	static
LoRaMac.c:4402:17:LoRaMacChannelAdd	40	static
LoRaMac.c:4422:17:LoRaMacChannelRemove	16	static
LoRaMac.c:4445:17:LoRaMacMcChannelSetup	24	static
LoRaMac.c:4509:17:LoRaMacMcChannelDelete	48	static
LoRaMac.c:4534:9:LoRaMacMcChannelGetGroupId	0	static
LoRaMac.c:4546:17:LoRaMacMcChannelSetupRxParams	32	static
LoRaMac.c:4612:17:LoRaMacMlmeRequest	48	static
LoRaMac.c:4766:17:LoRaMacMcpsRequest	96	static
LoRaMac.c:4880:6:LoRaMacTestSetDutyCycleOn	24	static
LoRaMac.c:4892:17:LoRaMacDeInitialization	8	static
