LoRaMacCrypto.c:925:13:DummyCB	0	static
LoRaMacCrypto.c:656:30:DeriveSessionKey10x	32	static
LoRaMacCrypto.c:252:30:PayloadEncrypt	56	static
LoRaMacCrypto.c:793:30:GetLastFcntDown	0	static
LoRaMacCrypto.c:1599:23:LoRaMacCryptoDeriveMcKEKey.part.0	24	static
LoRaMacCrypto.c:495:30:VerifyCmacB0.isra.0.constprop	296	static
LoRaMacCrypto.c:934:23:LoRaMacCryptoInit	16	static
LoRaMacCrypto.c:964:23:LoRaMacCryptoSetLrWanVersion	0	static
LoRaMacCrypto.c:970:23:LoRaMacCryptoRestoreNvmCtx	8	static
LoRaMacCrypto.c:984:7:LoRaMacCryptoGetNvmCtx	0	static
LoRaMacCrypto.c:990:23:LoRaMacCryptoGetFCntUp	0	static
LoRaMacCrypto.c:1002:23:LoRaMacCryptoGetFCntDown	32	static
LoRaMacCrypto.c:1056:23:LoRaMacCryptoSetMulticastReference	0	static
LoRaMacCrypto.c:1093:23:LoRaMacCryptoPrepareJoinRequest	32	static
LoRaMacCrypto.c:1379:23:LoRaMacCryptoSecureMessage	48	static
LoRaMacCrypto.c:1483:23:LoRaMacCryptoUnsecureMessage	48	static
LoRaMacCrypto.c:1578:23:LoRaMacCryptoDeriveMcRootKey	24	static
LoRaMacCrypto.c:1072:23:LoRaMacCryptoSetKey	16	static
LoRaMacCrypto.c:1224:23:LoRaMacCryptoHandleJoinAccept	80	static
LoRaMacCrypto.c:1599:23:LoRaMacCryptoDeriveMcKEKey	0	static
LoRaMacCrypto.c:1616:23:LoRaMacCryptoDeriveMcSessionKeyPair	48	static
