stm32wlxx_ll_adc.h:3616:22:LL_ADC_SetAnalogWDMonitChannels	8	static
stm32wlxx_ll_adc.h:4373:26:LL_ADC_REG_IsConversionOngoing	0	static
stm32wlxx_hal_adc.c:901:13:HAL_ADC_MspInit	0	static
stm32wlxx_hal_adc.c:388:19:HAL_ADC_Init	32	static
stm32wlxx_hal_adc.c:918:13:HAL_ADC_MspDeInit	0	static
stm32wlxx_hal_adc.c:1309:19:HAL_ADC_PollForConversion	24	static
stm32wlxx_hal_adc.c:1436:19:HAL_ADC_PollForEvent	24	static
stm32wlxx_hal_adc.c:1889:10:HAL_ADC_GetValue	0	static
stm32wlxx_hal_adc.c:2116:13:HAL_ADC_ConvCpltCallback	0	static
stm32wlxx_hal_adc.c:2131:13:HAL_ADC_ConvHalfCpltCallback	0	static
stm32wlxx_hal_adc.c:2957:13:ADC_DMAHalfConvCplt	8	static
stm32wlxx_hal_adc.c:2146:13:HAL_ADC_LevelOutOfWindowCallback	0	static
stm32wlxx_hal_adc.c:2168:13:HAL_ADC_ErrorCallback	0	static
stm32wlxx_hal_adc.c:2975:13:ADC_DMAError	8	static
stm32wlxx_hal_adc.c:2879:13:ADC_DMAConvCplt	8	static
stm32wlxx_hal_adc.c:1906:6:HAL_ADC_IRQHandler	16	static
stm32wlxx_hal_adc.c:2214:19:HAL_ADC_ConfigChannel	32	static,ignoring_inline_asm
stm32wlxx_hal_adc.c:2424:19:HAL_ADC_AnalogWDGConfig	24	static,ignoring_inline_asm
stm32wlxx_hal_adc.c:2643:10:HAL_ADC_GetState	0	static
stm32wlxx_hal_adc.c:2657:10:HAL_ADC_GetError	0	static
stm32wlxx_hal_adc.c:2684:19:ADC_ConversionStop	16	static
stm32wlxx_hal_adc.c:2734:19:ADC_Enable	24	static
stm32wlxx_hal_adc.c:1185:19:HAL_ADC_Start	16	static
stm32wlxx_hal_adc.c:1563:19:HAL_ADC_Start_IT	16	static
stm32wlxx_hal_adc.c:1707:19:HAL_ADC_Start_DMA	24	static
stm32wlxx_hal_adc.c:2821:19:ADC_Disable	16	static
stm32wlxx_hal_adc.c:773:19:HAL_ADC_DeInit	16	static
stm32wlxx_hal_adc.c:1255:19:HAL_ADC_Stop	8	static
stm32wlxx_hal_adc.c:1657:19:HAL_ADC_Stop_IT	8	static
stm32wlxx_hal_adc.c:1805:19:HAL_ADC_Stop_DMA	16	static
