###############################################################################
#
# IAR ELF Linker V8.10.1.12857/W32 for ARM                17/Oct/2020  14:38:00
# Copyright 2007-2017 IAR Systems AB.
#
#    Output file  =  
#        C:\Users\evers\Documents\IMAGINE-IOT\Imagine-IoT\Imagine-IoT\STM
#        Nucleo
#        boards\NUCLEO-L476RG\Counter_With_LEDs\EWARM\Counter_With_LEDs\Exe\Counter_With_LEDs.out
#    Map file     =  
#        C:\Users\evers\Documents\IMAGINE-IOT\Imagine-IoT\Imagine-IoT\STM
#        Nucleo
#        boards\NUCLEO-L476RG\Counter_With_LEDs\EWARM\Counter_With_LEDs\List\Counter_With_LEDs.map
#    Command line =  
#        -f C:\Users\evers\AppData\Local\Temp\EW18C3.tmp
#        ("C:\Users\evers\Documents\IMAGINE-IOT\Imagine-IoT\Imagine-IoT\STM
#        Nucleo
#        boards\NUCLEO-L476RG\Counter_With_LEDs\EWARM\Counter_With_LEDs\Obj\main.o"
#        "C:\Users\evers\Documents\IMAGINE-IOT\Imagine-IoT\Imagine-IoT\STM
#        Nucleo
#        boards\NUCLEO-L476RG\Counter_With_LEDs\EWARM\Counter_With_LEDs\Obj\startup_stm32l476xx.o"
#        "C:\Users\evers\Documents\IMAGINE-IOT\Imagine-IoT\Imagine-IoT\STM
#        Nucleo
#        boards\NUCLEO-L476RG\Counter_With_LEDs\EWARM\Counter_With_LEDs\Obj\stm32l4xx_hal.o"
#        "C:\Users\evers\Documents\IMAGINE-IOT\Imagine-IoT\Imagine-IoT\STM
#        Nucleo
#        boards\NUCLEO-L476RG\Counter_With_LEDs\EWARM\Counter_With_LEDs\Obj\stm32l4xx_hal_cortex.o"
#        "C:\Users\evers\Documents\IMAGINE-IOT\Imagine-IoT\Imagine-IoT\STM
#        Nucleo
#        boards\NUCLEO-L476RG\Counter_With_LEDs\EWARM\Counter_With_LEDs\Obj\stm32l4xx_hal_dma.o"
#        "C:\Users\evers\Documents\IMAGINE-IOT\Imagine-IoT\Imagine-IoT\STM
#        Nucleo
#        boards\NUCLEO-L476RG\Counter_With_LEDs\EWARM\Counter_With_LEDs\Obj\stm32l4xx_hal_dma_ex.o"
#        "C:\Users\evers\Documents\IMAGINE-IOT\Imagine-IoT\Imagine-IoT\STM
#        Nucleo
#        boards\NUCLEO-L476RG\Counter_With_LEDs\EWARM\Counter_With_LEDs\Obj\stm32l4xx_hal_exti.o"
#        "C:\Users\evers\Documents\IMAGINE-IOT\Imagine-IoT\Imagine-IoT\STM
#        Nucleo
#        boards\NUCLEO-L476RG\Counter_With_LEDs\EWARM\Counter_With_LEDs\Obj\stm32l4xx_hal_flash.o"
#        "C:\Users\evers\Documents\IMAGINE-IOT\Imagine-IoT\Imagine-IoT\STM
#        Nucleo
#        boards\NUCLEO-L476RG\Counter_With_LEDs\EWARM\Counter_With_LEDs\Obj\stm32l4xx_hal_flash_ex.o"
#        "C:\Users\evers\Documents\IMAGINE-IOT\Imagine-IoT\Imagine-IoT\STM
#        Nucleo
#        boards\NUCLEO-L476RG\Counter_With_LEDs\EWARM\Counter_With_LEDs\Obj\stm32l4xx_hal_flash_ramfunc.o"
#        "C:\Users\evers\Documents\IMAGINE-IOT\Imagine-IoT\Imagine-IoT\STM
#        Nucleo
#        boards\NUCLEO-L476RG\Counter_With_LEDs\EWARM\Counter_With_LEDs\Obj\stm32l4xx_hal_gpio.o"
#        "C:\Users\evers\Documents\IMAGINE-IOT\Imagine-IoT\Imagine-IoT\STM
#        Nucleo
#        boards\NUCLEO-L476RG\Counter_With_LEDs\EWARM\Counter_With_LEDs\Obj\stm32l4xx_hal_i2c.o"
#        "C:\Users\evers\Documents\IMAGINE-IOT\Imagine-IoT\Imagine-IoT\STM
#        Nucleo
#        boards\NUCLEO-L476RG\Counter_With_LEDs\EWARM\Counter_With_LEDs\Obj\stm32l4xx_hal_i2c_ex.o"
#        "C:\Users\evers\Documents\IMAGINE-IOT\Imagine-IoT\Imagine-IoT\STM
#        Nucleo
#        boards\NUCLEO-L476RG\Counter_With_LEDs\EWARM\Counter_With_LEDs\Obj\stm32l4xx_hal_msp.o"
#        "C:\Users\evers\Documents\IMAGINE-IOT\Imagine-IoT\Imagine-IoT\STM
#        Nucleo
#        boards\NUCLEO-L476RG\Counter_With_LEDs\EWARM\Counter_With_LEDs\Obj\stm32l4xx_hal_pwr.o"
#        "C:\Users\evers\Documents\IMAGINE-IOT\Imagine-IoT\Imagine-IoT\STM
#        Nucleo
#        boards\NUCLEO-L476RG\Counter_With_LEDs\EWARM\Counter_With_LEDs\Obj\stm32l4xx_hal_pwr_ex.o"
#        "C:\Users\evers\Documents\IMAGINE-IOT\Imagine-IoT\Imagine-IoT\STM
#        Nucleo
#        boards\NUCLEO-L476RG\Counter_With_LEDs\EWARM\Counter_With_LEDs\Obj\stm32l4xx_hal_rcc.o"
#        "C:\Users\evers\Documents\IMAGINE-IOT\Imagine-IoT\Imagine-IoT\STM
#        Nucleo
#        boards\NUCLEO-L476RG\Counter_With_LEDs\EWARM\Counter_With_LEDs\Obj\stm32l4xx_hal_rcc_ex.o"
#        "C:\Users\evers\Documents\IMAGINE-IOT\Imagine-IoT\Imagine-IoT\STM
#        Nucleo
#        boards\NUCLEO-L476RG\Counter_With_LEDs\EWARM\Counter_With_LEDs\Obj\stm32l4xx_hal_tim.o"
#        "C:\Users\evers\Documents\IMAGINE-IOT\Imagine-IoT\Imagine-IoT\STM
#        Nucleo
#        boards\NUCLEO-L476RG\Counter_With_LEDs\EWARM\Counter_With_LEDs\Obj\stm32l4xx_hal_tim_ex.o"
#        "C:\Users\evers\Documents\IMAGINE-IOT\Imagine-IoT\Imagine-IoT\STM
#        Nucleo
#        boards\NUCLEO-L476RG\Counter_With_LEDs\EWARM\Counter_With_LEDs\Obj\stm32l4xx_hal_uart.o"
#        "C:\Users\evers\Documents\IMAGINE-IOT\Imagine-IoT\Imagine-IoT\STM
#        Nucleo
#        boards\NUCLEO-L476RG\Counter_With_LEDs\EWARM\Counter_With_LEDs\Obj\stm32l4xx_hal_uart_ex.o"
#        "C:\Users\evers\Documents\IMAGINE-IOT\Imagine-IoT\Imagine-IoT\STM
#        Nucleo
#        boards\NUCLEO-L476RG\Counter_With_LEDs\EWARM\Counter_With_LEDs\Obj\stm32l4xx_it.o"
#        "C:\Users\evers\Documents\IMAGINE-IOT\Imagine-IoT\Imagine-IoT\STM
#        Nucleo
#        boards\NUCLEO-L476RG\Counter_With_LEDs\EWARM\Counter_With_LEDs\Obj\system_stm32l4xx.o"
#        -o "C:\Users\evers\Documents\IMAGINE-IOT\Imagine-IoT\Imagine-IoT\STM
#        Nucleo
#        boards\NUCLEO-L476RG\Counter_With_LEDs\EWARM\Counter_With_LEDs\Exe\Counter_With_LEDs.out"
#        --map
#        "C:\Users\evers\Documents\IMAGINE-IOT\Imagine-IoT\Imagine-IoT\STM
#        Nucleo
#        boards\NUCLEO-L476RG\Counter_With_LEDs\EWARM\Counter_With_LEDs\List\Counter_With_LEDs.map"
#        --config
#        "C:\Users\evers\Documents\IMAGINE-IOT\Imagine-IoT\Imagine-IoT\STM
#        Nucleo
#        boards\NUCLEO-L476RG\Counter_With_LEDs\EWARM/stm32l476xx_flash.icf"
#        --semihosting --entry __iar_program_start --vfe --text_out locale)
#
###############################################################################

*******************************************************************************
*** RUNTIME MODEL ATTRIBUTES
***

CppFlavor       = *
__SystemLibrary = DLib
__dlib_version  = 6


*******************************************************************************
*** HEAP SELECTION
***

The basic heap was selected because some modules are built with
size limitations (and not runtime checking), and --advanced_heap
was not specified.


*******************************************************************************
*** PLACEMENT SUMMARY
***

"A0":  place at 0x08000000 { ro section .intvec };
"P1":  place in [from 0x08000000 to 0x080fffff] { ro };
"P2":  place in [from 0x20000000 to 0x20017fff] { rw, block CSTACK, block HEAP };
"P3":  place in [from 0x20000000 to 0x20017fff] {  };
initialize by copy { rw };

  Section            Kind        Address    Size  Object
  -------            ----        -------    ----  ------
"A0":                                      0x188
  .intvec            ro code  0x08000000   0x188  startup_stm32l476xx.o [1]
                            - 0x08000188   0x188

"P1":                                     0x345c
  .text              ro code  0x08000188   0xb40  pow64.o [4]
  .text              ro code  0x08000cc8    0x20  DblCmpEq.o [4]
  .text              ro code  0x08000ce8    0x70  frexp.o [4]
  .text              ro code  0x08000d58    0x2e  DblCmpLe.o [4]
  .text              ro code  0x08000d88   0x192  DblMul.o [4]
  .text              ro code  0x08000f1c   0x178  DblAdd.o [4]
  .text              ro code  0x08001094    0x3a  DblToS32.o [4]
  .text              ro code  0x080010d0    0x22  S32ToDbl.o [4]
  .text              ro code  0x080010f4    0xe2  DblSub.o [4]
  .text              ro code  0x080011d8   0x246  DblDiv.o [4]
  .text              ro code  0x08001420    0x2e  DblCmpGe.o [4]
  .text              ro code  0x08001450   0x418  iar_Exp64.o [4]
  .text              ro code  0x08001868   0x13a  ldexp.o [4]
  .text              ro code  0x080019a4   0x768  stm32l4xx_hal_rcc.o [1]
  .text              ro code  0x0800210c    0x44  stm32l4xx_hal.o [1]
  .text              ro code  0x08002150     0xc  stm32l4xx_hal.o [1]
  .text              ro code  0x0800215c    0x80  stm32l4xx_hal_pwr_ex.o [1]
  .text              ro code  0x080021dc    0xac  stm32l4xx_hal_cortex.o [1]
  .text              ro code  0x08002288   0x548  stm32l4xx_hal_rcc_ex.o [1]
  .text              ro code  0x080027d0   0x458  stm32l4xx_hal_uart.o [1]
  .text              ro code  0x08002c28    0x98  stm32l4xx_hal_msp.o [1]
  .text              ro code  0x08002cc0    0xee  I64DivMod.o [5]
  .text              ro code  0x08002db0     0x6  ABImemclr4.o [5]
  .text              ro code  0x08002db8   0x200  stm32l4xx_hal_gpio.o [1]
  .text              ro code  0x08002fb8     0x2  I64DivZer.o [5]
  .text              ro code  0x08002fbc    0x32  ABImemset48.o [5]
  .text              ro code  0x08002ff0   0x232  main.o [1]
  .text              ro code  0x08003222    0x16  math_wrappers64.o [4]
  .text              ro code  0x08003238    0x2c  stm32l4xx_hal.o [1]
  .text              ro code  0x08003264    0x28  stm32l4xx_hal.o [1]
  .text              ro code  0x0800328c    0x8c  system_stm32l4xx.o [1]
  .text              ro code  0x08003318    0x40  zero_init3.o [5]
  .text              ro code  0x08003358    0x2c  copy_init3.o [5]
  .text              ro code  0x08003384    0x28  data_init.o [5]
  .text              ro code  0x080033ac    0x22  fpinit_M.o [4]
  .iar.init_table    const    0x080033d0    0x24  - Linker created -
  Initializer bytes  const    0x080033f4    0x20  <for P2-P3-1>
  .text              ro code  0x08003414    0x1a  cmain.o [5]
  .text              ro code  0x0800342e     0x4  low_level_init.o [3]
  .text              ro code  0x08003432     0x4  exit.o [3]
  .text              ro code  0x08003438     0xa  cexit.o [5]
  .text              ro code  0x08003444    0x14  exit.o [6]
  .text              ro code  0x08003458    0x14  stm32l4xx_it.o [1]
  .text              ro code  0x0800346c    0x10  stm32l4xx_hal.o [1]
  .text              ro code  0x0800347c    0x10  startup_stm32l476xx.o [1]
  .text              ro code  0x0800348c     0xc  cstartup_M.o [5]
  .rodata            const    0x08003498     0x8  system_stm32l4xx.o [1]
  .text              ro code  0x080034a0     0x4  startup_stm32l476xx.o [1]
  .text              ro code  0x080034a4     0x4  startup_stm32l476xx.o [1]
  .text              ro code  0x080034a8     0x4  startup_stm32l476xx.o [1]
  .text              ro code  0x080034ac     0x4  startup_stm32l476xx.o [1]
  .text              ro code  0x080034b0     0x4  startup_stm32l476xx.o [1]
  .text              ro code  0x080034b4     0x4  startup_stm32l476xx.o [1]
  .text              ro code  0x080034b8     0x4  startup_stm32l476xx.o [1]
  .text              ro code  0x080034bc     0x4  startup_stm32l476xx.o [1]
  .text              ro code  0x080034c0     0x4  startup_stm32l476xx.o [1]
  .text              ro code  0x080034c4     0x4  startup_stm32l476xx.o [1]
  .text              ro code  0x080034c8     0x4  startup_stm32l476xx.o [1]
  .text              ro code  0x080034cc     0x4  startup_stm32l476xx.o [1]
  .text              ro code  0x080034d0     0x4  startup_stm32l476xx.o [1]
  .text              ro code  0x080034d4     0x4  startup_stm32l476xx.o [1]
  .text              ro code  0x080034d8     0x4  startup_stm32l476xx.o [1]
  .text              ro code  0x080034dc     0x4  startup_stm32l476xx.o [1]
  .text              ro code  0x080034e0     0x4  startup_stm32l476xx.o [1]
  .text              ro code  0x080034e4     0x4  startup_stm32l476xx.o [1]
  .text              ro code  0x080034e8     0x4  startup_stm32l476xx.o [1]
  .text              ro code  0x080034ec     0x4  startup_stm32l476xx.o [1]
  .text              ro code  0x080034f0     0x4  startup_stm32l476xx.o [1]
  .text              ro code  0x080034f4     0x4  startup_stm32l476xx.o [1]
  .text              ro code  0x080034f8     0x4  startup_stm32l476xx.o [1]
  .text              ro code  0x080034fc     0x4  startup_stm32l476xx.o [1]
  .text              ro code  0x08003500     0x4  startup_stm32l476xx.o [1]
  .text              ro code  0x08003504     0x4  startup_stm32l476xx.o [1]
  .text              ro code  0x08003508     0x4  startup_stm32l476xx.o [1]
  .text              ro code  0x0800350c     0x4  startup_stm32l476xx.o [1]
  .text              ro code  0x08003510     0x4  startup_stm32l476xx.o [1]
  .text              ro code  0x08003514     0x4  startup_stm32l476xx.o [1]
  .text              ro code  0x08003518     0x4  startup_stm32l476xx.o [1]
  .text              ro code  0x0800351c     0x4  startup_stm32l476xx.o [1]
  .text              ro code  0x08003520     0x4  startup_stm32l476xx.o [1]
  .text              ro code  0x08003524     0x4  startup_stm32l476xx.o [1]
  .text              ro code  0x08003528     0x4  startup_stm32l476xx.o [1]
  .text              ro code  0x0800352c     0x4  startup_stm32l476xx.o [1]
  .text              ro code  0x08003530     0x4  startup_stm32l476xx.o [1]
  .text              ro code  0x08003534     0x4  startup_stm32l476xx.o [1]
  .text              ro code  0x08003538     0x4  startup_stm32l476xx.o [1]
  .text              ro code  0x0800353c     0x4  startup_stm32l476xx.o [1]
  .text              ro code  0x08003540     0x4  startup_stm32l476xx.o [1]
  .text              ro code  0x08003544     0x4  startup_stm32l476xx.o [1]
  .text              ro code  0x08003548     0x4  startup_stm32l476xx.o [1]
  .text              ro code  0x0800354c     0x4  startup_stm32l476xx.o [1]
  .text              ro code  0x08003550     0x4  startup_stm32l476xx.o [1]
  .text              ro code  0x08003554     0x4  startup_stm32l476xx.o [1]
  .text              ro code  0x08003558     0x4  startup_stm32l476xx.o [1]
  .text              ro code  0x0800355c     0x4  startup_stm32l476xx.o [1]
  .text              ro code  0x08003560     0x4  startup_stm32l476xx.o [1]
  .text              ro code  0x08003564     0x4  startup_stm32l476xx.o [1]
  .text              ro code  0x08003568     0x4  startup_stm32l476xx.o [1]
  .text              ro code  0x0800356c     0x4  startup_stm32l476xx.o [1]
  .text              ro code  0x08003570     0x4  startup_stm32l476xx.o [1]
  .text              ro code  0x08003574     0x4  startup_stm32l476xx.o [1]
  .text              ro code  0x08003578     0x4  startup_stm32l476xx.o [1]
  .text              ro code  0x0800357c     0x4  startup_stm32l476xx.o [1]
  .text              ro code  0x08003580     0x4  startup_stm32l476xx.o [1]
  .text              ro code  0x08003584     0x4  startup_stm32l476xx.o [1]
  .text              ro code  0x08003588     0x4  startup_stm32l476xx.o [1]
  .text              ro code  0x0800358c     0x4  startup_stm32l476xx.o [1]
  .text              ro code  0x08003590     0x4  startup_stm32l476xx.o [1]
  .text              ro code  0x08003594     0x4  startup_stm32l476xx.o [1]
  .text              ro code  0x08003598     0x4  startup_stm32l476xx.o [1]
  .text              ro code  0x0800359c     0x4  startup_stm32l476xx.o [1]
  .text              ro code  0x080035a0     0x4  startup_stm32l476xx.o [1]
  .text              ro code  0x080035a4     0x4  startup_stm32l476xx.o [1]
  .text              ro code  0x080035a8     0x4  startup_stm32l476xx.o [1]
  .text              ro code  0x080035ac     0x4  startup_stm32l476xx.o [1]
  .text              ro code  0x080035b0     0x4  startup_stm32l476xx.o [1]
  .text              ro code  0x080035b4     0x4  startup_stm32l476xx.o [1]
  .text              ro code  0x080035b8     0x4  startup_stm32l476xx.o [1]
  .text              ro code  0x080035bc     0x4  startup_stm32l476xx.o [1]
  .text              ro code  0x080035c0     0x4  startup_stm32l476xx.o [1]
  .text              ro code  0x080035c4     0x4  startup_stm32l476xx.o [1]
  .text              ro code  0x080035c8     0x4  startup_stm32l476xx.o [1]
  .text              ro code  0x080035cc     0x4  startup_stm32l476xx.o [1]
  .text              ro code  0x080035d0     0x4  startup_stm32l476xx.o [1]
  .text              ro code  0x080035d4     0x4  startup_stm32l476xx.o [1]
  .text              ro code  0x080035d8     0x4  startup_stm32l476xx.o [1]
  .text              ro code  0x080035dc     0x4  startup_stm32l476xx.o [1]
  .text              ro code  0x080035e0     0x4  startup_stm32l476xx.o [1]
  .rodata            const    0x080035e4     0x0  zero_init3.o [5]
  .rodata            const    0x080035e4     0x0  copy_init3.o [5]
                            - 0x080035e4  0x345c

"P2-P3", part 1 of 3:                       0x20
  P2-P3-1                     0x20000000    0x20  <Init block>
    .data            inited   0x20000000    0x10  main.o [1]
    .data            inited   0x20000010     0xc  stm32l4xx_hal.o [1]
    .data            inited   0x2000001c     0x4  system_stm32l4xx.o [1]
                            - 0x20000020    0x20

"P2-P3", part 2 of 3:                      0x400
  CSTACK                      0x20000020   0x400  <Block>
    CSTACK           uninit   0x20000020   0x400  <Block tail>
                            - 0x20000420   0x400

"P2-P3", part 3 of 3:                       0x80
  .bss               zero     0x20000420    0x80  main.o [1]
                            - 0x200004a0    0x80


*******************************************************************************
*** INIT TABLE
***

          Address     Size
          -------     ----
Zero (__iar_zero_init3)
    1 destination range, total size 0x80:
          0x20000420  0x80

Copy (__iar_copy_init3)
    1 source range, total size 0x20:
          0x080033f4  0x20
    1 destination range, total size 0x20:
          0x20000000  0x20



*******************************************************************************
*** MODULE SUMMARY
***

    Module                  ro code  ro data  rw data
    ------                  -------  -------  -------
C:\Users\evers\Documents\IMAGINE-IOT\Imagine-IoT\Imagine-IoT\STM Nucleo boards\NUCLEO-L476RG\Counter_With_LEDs\EWARM\Counter_With_LEDs\Obj: [1]
    main.o                      562       16      144
    startup_stm32l476xx.o       732
    stm32l4xx_hal.o             180       12       12
    stm32l4xx_hal_cortex.o      172
    stm32l4xx_hal_gpio.o        512
    stm32l4xx_hal_msp.o         152
    stm32l4xx_hal_pwr_ex.o      128
    stm32l4xx_hal_rcc.o       1 896
    stm32l4xx_hal_rcc_ex.o    1 352
    stm32l4xx_hal_uart.o      1 112
    stm32l4xx_it.o               20
    system_stm32l4xx.o          140       12        4
    -------------------------------------------------
    Total:                    6 958       40      160

command line: [2]
    -------------------------------------------------
    Total:

dl7M_tln.a: [3]
    exit.o                        4
    low_level_init.o              4
    -------------------------------------------------
    Total:                        8

m7M_tls.a: [4]
    DblAdd.o                    376
    DblCmpEq.o                   32
    DblCmpGe.o                   46
    DblCmpLe.o                   46
    DblDiv.o                    582
    DblMul.o                    402
    DblSub.o                    226
    DblToS32.o                   58
    S32ToDbl.o                   34
    fpinit_M.o                   34
    frexp.o                     112
    iar_Exp64.o               1 048
    ldexp.o                     314
    math_wrappers64.o            22
    pow64.o                   2 880
    -------------------------------------------------
    Total:                    6 212

rt7M_tl.a: [5]
    ABImemclr4.o                  6
    ABImemset48.o                50
    I64DivMod.o                 238
    I64DivZer.o                   2
    cexit.o                      10
    cmain.o                      26
    copy_init3.o                 44
    cstartup_M.o                 12
    data_init.o                  40
    zero_init3.o                 64
    -------------------------------------------------
    Total:                      492

shb_l.a: [6]
    exit.o                       20
    -------------------------------------------------
    Total:                       20

    Gaps                         28        2
    Linker created                        36    1 024
-----------------------------------------------------
    Grand Total:             13 718       78    1 184


*******************************************************************************
*** ENTRY LIST
***

Entry                      Address   Size  Type      Object
-----                      -------   ----  ----      ------
.iar.init_table$$Base   0x080033d0          --   Gb  - Linker created -
.iar.init_table$$Limit  0x080033f4          --   Gb  - Linker created -
?main                   0x08003415         Code  Gb  cmain.o [5]
AHBPrescTable           0x080032d8   0x10  Data  Gb  system_stm32l4xx.o [1]
APBPrescTable           0x08003498    0x8  Data  Gb  system_stm32l4xx.o [1]
BusFault_Handler        0x0800345f    0x2  Code  Gb  stm32l4xx_it.o [1]
CSTACK$$Base            0x20000020          --   Gb  - Linker created -
CSTACK$$Limit           0x20000420          --   Gb  - Linker created -
DebugMon_Handler        0x08003465    0x2  Code  Gb  stm32l4xx_it.o [1]
Display                 0x08002ff1   0x50  Code  Gb  main.o [1]
HAL_Delay               0x08003265   0x28  Code  Wk  stm32l4xx_hal.o [1]
HAL_GPIO_Init           0x08002db9  0x1d2  Code  Gb  stm32l4xx_hal_gpio.o [1]
HAL_GPIO_WritePin       0x08002f8b    0xa  Code  Gb  stm32l4xx_hal_gpio.o [1]
HAL_GetTick             0x08002151    0xc  Code  Wk  stm32l4xx_hal.o [1]
HAL_IncTick             0x0800346d   0x10  Code  Wk  stm32l4xx_hal.o [1]
HAL_Init                0x08003239   0x28  Code  Gb  stm32l4xx_hal.o [1]
HAL_InitTick            0x0800210d   0x44  Code  Wk  stm32l4xx_hal.o [1]
HAL_MspInit             0x08002c29   0x2c  Code  Gb  stm32l4xx_hal_msp.o [1]
HAL_NVIC_SetPriority    0x08002211   0x3a  Code  Gb  stm32l4xx_hal_cortex.o [1]
HAL_NVIC_SetPriorityGrouping
                        0x080021f7   0x1a  Code  Gb  stm32l4xx_hal_cortex.o [1]
HAL_PWREx_ControlVoltageScaling
                        0x08002169   0x68  Code  Gb  stm32l4xx_hal_pwr_ex.o [1]
HAL_PWREx_GetVoltageRange
                        0x0800215d    0xc  Code  Gb  stm32l4xx_hal_pwr_ex.o [1]
HAL_RCCEx_PeriphCLKConfig
                        0x08002289  0x312  Code  Gb  stm32l4xx_hal_rcc_ex.o [1]
HAL_RCC_ClockConfig     0x08001e93   0xe0  Code  Gb  stm32l4xx_hal_rcc.o [1]
HAL_RCC_GetPCLK1Freq    0x0800202d   0x10  Code  Gb  stm32l4xx_hal_rcc.o [1]
HAL_RCC_GetPCLK2Freq    0x0800203d    0xe  Code  Gb  stm32l4xx_hal_rcc.o [1]
HAL_RCC_GetSysClockFreq
                        0x08001f9b   0x92  Code  Gb  stm32l4xx_hal_rcc.o [1]
HAL_RCC_OscConfig       0x080019a5  0x4c4  Code  Gb  stm32l4xx_hal_rcc.o [1]
HAL_SYSTICK_Config      0x0800224d   0x28  Code  Gb  stm32l4xx_hal_cortex.o [1]
HAL_UART_Init           0x080027d1   0x30  Code  Gb  stm32l4xx_hal_uart.o [1]
HAL_UART_MspInit        0x08002c55   0x5e  Code  Gb  stm32l4xx_hal_msp.o [1]
HardFault_Handler       0x0800345b    0x2  Code  Gb  stm32l4xx_it.o [1]
LEDS                    0x20000000   0x10  Data  Gb  main.o [1]
MSIRangeTable           0x080032e8   0x30  Data  Gb  system_stm32l4xx.o [1]
MX_GPIO_Init            0x08003107   0xe4  Code  Lc  main.o [1]
MemManage_Handler       0x0800345d    0x2  Code  Gb  stm32l4xx_it.o [1]
NMI_Handler             0x08003459    0x2  Code  Gb  stm32l4xx_it.o [1]
PendSV_Handler          0x08003467    0x2  Code  Gb  stm32l4xx_it.o [1]
RCCEx_PLLSAI1_Config    0x080025bf   0xec  Code  Lc  stm32l4xx_hal_rcc_ex.o [1]
RCCEx_PLLSAI2_Config    0x080026c1   0xce  Code  Lc  stm32l4xx_hal_rcc_ex.o [1]
RCC_SetFlashLatencyFromMSIRange
                        0x08002055   0x76  Code  Lc  stm32l4xx_hal_rcc.o [1]
Region$$Table$$Base     0x080033d0          --   Gb  - Linker created -
Region$$Table$$Limit    0x080033f4          --   Gb  - Linker created -
SVC_Handler             0x08003463    0x2  Code  Gb  stm32l4xx_it.o [1]
SysTick_Handler         0x08003469    0x4  Code  Gb  stm32l4xx_it.o [1]
SystemClock_Config      0x0800308d   0x7a  Code  Gb  main.o [1]
SystemCoreClock         0x2000001c    0x4  Data  Gb  system_stm32l4xx.o [1]
SystemInit              0x0800328d   0x3c  Code  Gb  system_stm32l4xx.o [1]
UART_AdvFeatureConfig   0x08002a89   0xc6  Code  Gb  stm32l4xx_hal_uart.o [1]
UART_CheckIdleState     0x08002b4f   0x5a  Code  Gb  stm32l4xx_hal_uart.o [1]
UART_SetConfig          0x08002851  0x210  Code  Gb  stm32l4xx_hal_uart.o [1]
UART_WaitOnFlagUntilTimeout
                        0x08002ba9   0x60  Code  Gb  stm32l4xx_hal_uart.o [1]
UsageFault_Handler      0x08003461    0x2  Code  Gb  stm32l4xx_it.o [1]
__NVIC_SetPriority      0x080021dd   0x1a  Code  Lc  stm32l4xx_hal_cortex.o [1]
__aeabi_cdcmpeq         0x08000cc9         Code  Gb  DblCmpEq.o [4]
__aeabi_cdcmple         0x08000d59         Code  Gb  DblCmpLe.o [4]
__aeabi_cdrcmple        0x08001421         Code  Gb  DblCmpGe.o [4]
__aeabi_d2iz            0x08001095         Code  Gb  DblToS32.o [4]
__aeabi_dadd            0x08000f1d         Code  Gb  DblAdd.o [4]
__aeabi_ddiv            0x080011d9         Code  Gb  DblDiv.o [4]
__aeabi_dmul            0x08000d89         Code  Gb  DblMul.o [4]
__aeabi_dsub            0x080010f5         Code  Gb  DblSub.o [4]
__aeabi_i2d             0x080010d1         Code  Gb  S32ToDbl.o [4]
__aeabi_ldiv0           0x08002fb9         Code  Gb  I64DivZer.o [5]
__aeabi_memclr4         0x08002db1         Code  Gb  ABImemclr4.o [5]
__aeabi_uldivmod        0x08002cc1         Code  Gb  I64DivMod.o [5]
__cmain                 0x08003415         Code  Gb  cmain.o [5]
__exit                  0x08003445   0x14  Code  Gb  exit.o [6]
__iar_Exp64             0x08001451  0x3b8  Code  Gb  iar_Exp64.o [4]
__iar_Memset4_word      0x08002fbd         Code  Gb  ABImemset48.o [5]
__iar_Memset8_word      0x08002fbd         Code  Gb  ABImemset48.o [5]
__iar_Pow64             0x08000189  0x668  Code  Lc  pow64.o [4]
__iar_copy_init3        0x08003359   0x2c  Code  Gb  copy_init3.o [5]
__iar_dadd              0x08001105         Code  Gb  DblSub.o [4]
__iar_data_init3        0x08003385   0x28  Code  Gb  data_init.o [5]
__iar_dsub              0x08000f2d         Code  Gb  DblAdd.o [4]
__iar_dsubStart         0x08000f3f         Code  Gb  DblAdd.o [4]
__iar_frexp             0x08000cf5         Code  Gb  frexp.o [4]
__iar_frexpl            0x08000cf5         Code  Gb  frexp.o [4]
__iar_init_vfp          0x080033ad         Code  Gb  fpinit_M.o [4]
__iar_ldexp64           0x08001869         Code  Gb  ldexp.o [4]
__iar_pow64             0x08000891   0x14  Code  Gb  pow64.o [4]
__iar_pow_medium        0x08000891   0x14  Code  Gb  pow64.o [4]
__iar_pow_medium64      0x08000891   0x14  Code  Gb  pow64.o [4]
__iar_pow_mediuml       0x08000891   0x14  Code  Gb  pow64.o [4]
__iar_program_start     0x0800348d         Code  Gb  cstartup_M.o [5]
__iar_scalbln64         0x08001869         Code  Gb  ldexp.o [4]
__iar_scalbn64          0x08001869         Code  Gb  ldexp.o [4]
__iar_softfp___iar_frexp64
                        0x08000ce9         Code  Gb  frexp.o [4]
__iar_softfp_frexp      0x08000ce9         Code  Gb  frexp.o [4]
__iar_softfp_frexpl     0x08000ce9         Code  Gb  frexp.o [4]
__iar_systems$$module {Abs}
                        0x00000001         Data  Gb  command line/config [2]
__iar_vfp_pow           0x08003229   0x10  Code  Gb  math_wrappers64.o [4]
__iar_zero_init3        0x08003319   0x40  Code  Gb  zero_init3.o [5]
__low_level_init        0x0800342f    0x4  Code  Gb  low_level_init.o [3]
__vector_table          0x08000000         Data  Gb  startup_stm32l476xx.o [1]
_call_main              0x08003421         Code  Gb  cmain.o [5]
_exit                   0x08003439         Code  Gb  cexit.o [5]
_main                   0x0800342b         Code  Gb  cmain.o [5]
exit                    0x08003433    0x4  Code  Gb  exit.o [3]
huart2                  0x20000420   0x80  Data  Gb  main.o [1]
ldexp                   0x08001869         Code  Gb  ldexp.o [4]
ldexpl                  0x08001869         Code  Gb  ldexp.o [4]
lnbias                  0x080008a8  0x420  Data  Lc  pow64.o [4]
main                    0x08003041   0x4c  Code  Gb  main.o [1]
pow                     0x08000891   0x14  Code  Gb  pow64.o [4]
powl                    0x08000891   0x14  Code  Gb  pow64.o [4]
scalbln                 0x08001869         Code  Gb  ldexp.o [4]
scalblnl                0x08001869         Code  Gb  ldexp.o [4]
scalbn                  0x08001869         Code  Gb  ldexp.o [4]
scalbnl                 0x08001869         Code  Gb  ldexp.o [4]
uwTick                  0x20000014    0x4  Data  Gb  stm32l4xx_hal.o [1]
uwTickFreq              0x20000010    0x1  Data  Gb  stm32l4xx_hal.o [1]
uwTickPrio              0x20000018    0x4  Data  Gb  stm32l4xx_hal.o [1]


[1] = C:\Users\evers\Documents\IMAGINE-IOT\Imagine-IoT\Imagine-IoT\STM Nucleo boards\NUCLEO-L476RG\Counter_With_LEDs\EWARM\Counter_With_LEDs\Obj
[2] = command line
[3] = dl7M_tln.a
[4] = m7M_tls.a
[5] = rt7M_tl.a
[6] = shb_l.a

  13 718 bytes of readonly  code memory
      78 bytes of readonly  data memory
   1 184 bytes of readwrite data memory

Errors: none
Warnings: none
