ethernetif.c:454:9:ETH_PHY_IO_DeInit	0	static
ethernetif.c:191:14:low_level_output	64	static
ethernetif.c:349:6:pbuf_free_custom	0	static
ethernetif.c:497:9:ETH_PHY_IO_GetTick	0	static
ethernetif.c:437:9:ETH_PHY_IO_Init	8	static
ethernetif.c:466:9:ETH_PHY_IO_ReadReg	8	static
ethernetif.c:483:9:ETH_PHY_IO_WriteReg	8	static
ethernetif.c:286:6:ethernetif_input	80	static,ignoring_inline_asm
ethernetif.c:361:7:sys_now	0	static
ethernetif.c:373:6:HAL_ETH_MspInit	64	static
ethernetif.c:506:6:ethernet_link_check_state	120	static
ethernetif.c:320:7:ethernetif_init	32	static
