RegionRU864.c:83:17:GetBandwidth	0	static
RegionRU864.c:107:13:VerifyRfFreq	8	static
RegionRU864.c:123:20:GetTimeOnAir	32	static
RegionRU864.c:140:12:RegionRU864GetPhyParam	16	static
RegionRU864.c:333:6:RegionRU864SetBandTxDone	16	static
RegionRU864.c:339:6:RegionRU864InitDefaults	40	static
RegionRU864.c:394:7:RegionRU864GetNvmCtx	0	static
RegionRU864.c:400:6:RegionRU864Verify	8	static
RegionRU864.c:494:6:RegionRU864ChanMaskSet	8	static
RegionRU864.c:514:6:RegionRU864ComputeRxWindowParameters	32	static
RegionRU864.c:536:6:RegionRU864RxConfig	80	static
RegionRU864.c:595:6:RegionRU864TxConfig	96	static
RegionRU864.c:633:9:RegionRU864LinkAdrReq	80	static
RegionRU864.c:738:9:RegionRU864RxParamSetupReq	16	static
RegionRU864.c:816:8:RegionRU864TxParamSetupReq	0	static
RegionRU864.c:821:9:RegionRU864DlChannelReq	8	static
RegionRU864.c:846:8:RegionRU864AlternateDr	0	static
RegionRU864.c:851:17:RegionRU864NextChannel	96	static
RegionRU864.c:901:17:RegionRU864ChannelAdd	24	static
RegionRU864.c:960:6:RegionRU864ChannelsRemove	4	static
RegionRU864.c:435:6:RegionRU864ApplyCFList	48	static
RegionRU864.c:763:9:RegionRU864NewChannelReq	16	static
RegionRU864.c:975:6:RegionRU864SetContinuousWave	16	static
RegionRU864.c:987:9:RegionRU864ApplyDrOffset	0	static
RegionRU864.c:998:6:RegionRU864RxBeaconSetup	32	static
