RegionEU433.c:83:17:GetBandwidth	0	static
RegionEU433.c:107:13:VerifyRfFreq	8	static
RegionEU433.c:122:20:GetTimeOnAir	32	static
RegionEU433.c:139:12:RegionEU433GetPhyParam	16	static
RegionEU433.c:332:6:RegionEU433SetBandTxDone	16	static
RegionEU433.c:338:6:RegionEU433InitDefaults	40	static
RegionEU433.c:395:7:RegionEU433GetNvmCtx	0	static
RegionEU433.c:401:6:RegionEU433Verify	8	static
RegionEU433.c:495:6:RegionEU433ChanMaskSet	8	static
RegionEU433.c:515:6:RegionEU433ComputeRxWindowParameters	32	static
RegionEU433.c:537:6:RegionEU433RxConfig	80	static
RegionEU433.c:595:6:RegionEU433TxConfig	96	static
RegionEU433.c:633:9:RegionEU433LinkAdrReq	80	static
RegionEU433.c:738:9:RegionEU433RxParamSetupReq	16	static
RegionEU433.c:816:8:RegionEU433TxParamSetupReq	0	static
RegionEU433.c:821:9:RegionEU433DlChannelReq	8	static
RegionEU433.c:846:8:RegionEU433AlternateDr	0	static
RegionEU433.c:851:17:RegionEU433NextChannel	104	static
RegionEU433.c:901:17:RegionEU433ChannelAdd	24	static
RegionEU433.c:960:6:RegionEU433ChannelsRemove	4	static
RegionEU433.c:436:6:RegionEU433ApplyCFList	48	static
RegionEU433.c:763:9:RegionEU433NewChannelReq	16	static
RegionEU433.c:975:6:RegionEU433SetContinuousWave	16	static
RegionEU433.c:987:9:RegionEU433ApplyDrOffset	0	static
RegionEU433.c:998:6:RegionEU433RxBeaconSetup	32	static
