RegionAS923.c:148:17:GetBandwidth	0	static
RegionAS923.c:172:13:VerifyRfFreq	8	static
RegionAS923.c:187:20:GetTimeOnAir	32	static
RegionAS923.c:204:12:RegionAS923GetPhyParam	16	static
RegionAS923.c:436:6:RegionAS923SetBandTxDone	16	static
RegionAS923.c:442:6:RegionAS923InitDefaults	40	static
RegionAS923.c:497:7:RegionAS923GetNvmCtx	0	static
RegionAS923.c:503:6:RegionAS923Verify	8	static
RegionAS923.c:611:6:RegionAS923ChanMaskSet	8	static
RegionAS923.c:631:6:RegionAS923ComputeRxWindowParameters	32	static
RegionAS923.c:653:6:RegionAS923RxConfig	80	static
RegionAS923.c:713:6:RegionAS923TxConfig	96	static
RegionAS923.c:751:9:RegionAS923LinkAdrReq	88	static
RegionAS923.c:856:9:RegionAS923RxParamSetupReq	16	static
RegionAS923.c:934:8:RegionAS923TxParamSetupReq	0	static
RegionAS923.c:940:9:RegionAS923DlChannelReq	8	static
RegionAS923.c:965:8:RegionAS923AlternateDr	0	static
RegionAS923.c:971:17:RegionAS923NextChannel	104	static
RegionAS923.c:1044:17:RegionAS923ChannelAdd	24	static
RegionAS923.c:1103:6:RegionAS923ChannelsRemove	4	static
RegionAS923.c:552:6:RegionAS923ApplyCFList	48	static
RegionAS923.c:881:9:RegionAS923NewChannelReq	16	static
RegionAS923.c:1118:6:RegionAS923SetContinuousWave	16	static
RegionAS923.c:1130:9:RegionAS923ApplyDrOffset	0	static
RegionAS923.c:1145:6:RegionAS923RxBeaconSetup	32	static
