RegionCN779.c:83:17:GetBandwidth	0	static
RegionCN779.c:107:13:VerifyRfFreq	8	static
RegionCN779.c:122:20:GetTimeOnAir	32	static
RegionCN779.c:139:12:RegionCN779GetPhyParam	16	static
RegionCN779.c:332:6:RegionCN779SetBandTxDone	16	static
RegionCN779.c:338:6:RegionCN779InitDefaults	40	static
RegionCN779.c:395:7:RegionCN779GetNvmCtx	0	static
RegionCN779.c:401:6:RegionCN779Verify	8	static
RegionCN779.c:495:6:RegionCN779ChanMaskSet	8	static
RegionCN779.c:515:6:RegionCN779ComputeRxWindowParameters	32	static
RegionCN779.c:537:6:RegionCN779RxConfig	80	static
RegionCN779.c:595:6:RegionCN779TxConfig	96	static
RegionCN779.c:633:9:RegionCN779LinkAdrReq	80	static
RegionCN779.c:738:9:RegionCN779RxParamSetupReq	16	static
RegionCN779.c:816:8:RegionCN779TxParamSetupReq	0	static
RegionCN779.c:821:9:RegionCN779DlChannelReq	8	static
RegionCN779.c:846:8:RegionCN779AlternateDr	0	static
RegionCN779.c:851:17:RegionCN779NextChannel	104	static
RegionCN779.c:901:17:RegionCN779ChannelAdd	24	static
RegionCN779.c:960:6:RegionCN779ChannelsRemove	4	static
RegionCN779.c:436:6:RegionCN779ApplyCFList	48	static
RegionCN779.c:763:9:RegionCN779NewChannelReq	16	static
RegionCN779.c:975:6:RegionCN779SetContinuousWave	16	static
RegionCN779.c:987:9:RegionCN779ApplyDrOffset	0	static
RegionCN779.c:998:6:RegionCN779RxBeaconSetup	32	static
