20:24:21 **** Incremental Build of configuration Debug for project AccessLevels ****
make -j8 all 
arm-none-eabi-gcc "../Src/main.c" -mcpu=cortex-m4 -std=gnu11 -g3 -DDEBUG -DSTM32 -DSTM32F407G_DISC1 -DSTM32F4 -DSTM32F407VGTx -c -I../Inc -O0 -ffunction-sections -fdata-sections -Wall -fstack-usage -MMD -MP -MF"Src/main.d" -MT"Src/main.o" --specs=nano.specs -mfloat-abi=soft -mthumb -o "Src/main.o"
arm-none-eabi-gcc -o "AccessLevels.elf" @"objects.list"   -mcpu=cortex-m4 -T"C:\Users\evers\Documents\IMAGINE-IOT\Imagine-IoT\Imagine-IoT\8 Discovery boards\STM32F407 Discovery kit\7 - Access levels\AccessLevels\STM32F407VGTX_FLASH.ld" --specs=nosys.specs -Wl,-Map="AccessLevels.map" -Wl,--gc-sections -static --specs=nano.specs -mfloat-abi=soft -mthumb -Wl,--start-group -lc -lm -Wl,--end-group
Finished building target: AccessLevels.elf
 
arm-none-eabi-objdump -h -S  AccessLevels.elf  > "AccessLevels.list"
arm-none-eabi-objcopy  -O binary  AccessLevels.elf  "AccessLevels.bin"
arm-none-eabi-size   AccessLevels.elf 
   text	   data	    bss	    dec	    hex	filename
   3820	    108	   1596	   5524	   1594	AccessLevels.elf
Finished building: default.size.stdout
 
Finished building: AccessLevels.list
Finished building: AccessLevels.bin
 
 

20:24:22 Build Finished. 0 errors, 0 warnings. (took 697ms)

