Archive member included to satisfy reference by file (symbol)

c:/st/stm32cubeide_1.7.0/stm32cubeide/plugins/com.st.stm32cube.ide.mcu.externaltools.gnu-tools-for-stm32.9-2020-q2-update.win32_2.0.0.202105311346/tools/bin/../lib/gcc/arm-none-eabi/9.3.1/../../../../arm-none-eabi/lib/thumb/v7e-m+fp/hard\libc_nano.a(lib_a-errno.o)
                              ./Core/Src/syscalls.o (__errno)
c:/st/stm32cubeide_1.7.0/stm32cubeide/plugins/com.st.stm32cube.ide.mcu.externaltools.gnu-tools-for-stm32.9-2020-q2-update.win32_2.0.0.202105311346/tools/bin/../lib/gcc/arm-none-eabi/9.3.1/../../../../arm-none-eabi/lib/thumb/v7e-m+fp/hard\libc_nano.a(lib_a-exit.o)
                              c:/st/stm32cubeide_1.7.0/stm32cubeide/plugins/com.st.stm32cube.ide.mcu.externaltools.gnu-tools-for-stm32.9-2020-q2-update.win32_2.0.0.202105311346/tools/bin/../lib/gcc/arm-none-eabi/9.3.1/../../../../arm-none-eabi/lib/thumb/v7e-m+fp/hard/crt0.o (exit)
c:/st/stm32cubeide_1.7.0/stm32cubeide/plugins/com.st.stm32cube.ide.mcu.externaltools.gnu-tools-for-stm32.9-2020-q2-update.win32_2.0.0.202105311346/tools/bin/../lib/gcc/arm-none-eabi/9.3.1/../../../../arm-none-eabi/lib/thumb/v7e-m+fp/hard\libc_nano.a(lib_a-impure.o)
                              c:/st/stm32cubeide_1.7.0/stm32cubeide/plugins/com.st.stm32cube.ide.mcu.externaltools.gnu-tools-for-stm32.9-2020-q2-update.win32_2.0.0.202105311346/tools/bin/../lib/gcc/arm-none-eabi/9.3.1/../../../../arm-none-eabi/lib/thumb/v7e-m+fp/hard\libc_nano.a(lib_a-exit.o) (_global_impure_ptr)
c:/st/stm32cubeide_1.7.0/stm32cubeide/plugins/com.st.stm32cube.ide.mcu.externaltools.gnu-tools-for-stm32.9-2020-q2-update.win32_2.0.0.202105311346/tools/bin/../lib/gcc/arm-none-eabi/9.3.1/../../../../arm-none-eabi/lib/thumb/v7e-m+fp/hard\libc_nano.a(lib_a-init.o)
                              c:/st/stm32cubeide_1.7.0/stm32cubeide/plugins/com.st.stm32cube.ide.mcu.externaltools.gnu-tools-for-stm32.9-2020-q2-update.win32_2.0.0.202105311346/tools/bin/../lib/gcc/arm-none-eabi/9.3.1/../../../../arm-none-eabi/lib/thumb/v7e-m+fp/hard/crt0.o (__libc_init_array)
c:/st/stm32cubeide_1.7.0/stm32cubeide/plugins/com.st.stm32cube.ide.mcu.externaltools.gnu-tools-for-stm32.9-2020-q2-update.win32_2.0.0.202105311346/tools/bin/../lib/gcc/arm-none-eabi/9.3.1/../../../../arm-none-eabi/lib/thumb/v7e-m+fp/hard\libc_nano.a(lib_a-malloc.o)
                              ./Middlewares/ST/STM32_USB_Host_Library/Class/MSC/Src/usbh_msc.o (malloc)
c:/st/stm32cubeide_1.7.0/stm32cubeide/plugins/com.st.stm32cube.ide.mcu.externaltools.gnu-tools-for-stm32.9-2020-q2-update.win32_2.0.0.202105311346/tools/bin/../lib/gcc/arm-none-eabi/9.3.1/../../../../arm-none-eabi/lib/thumb/v7e-m+fp/hard\libc_nano.a(lib_a-memcpy-stub.o)
                              ./Core/Src/MY_CS43L22.o (memcpy)
c:/st/stm32cubeide_1.7.0/stm32cubeide/plugins/com.st.stm32cube.ide.mcu.externaltools.gnu-tools-for-stm32.9-2020-q2-update.win32_2.0.0.202105311346/tools/bin/../lib/gcc/arm-none-eabi/9.3.1/../../../../arm-none-eabi/lib/thumb/v7e-m+fp/hard\libc_nano.a(lib_a-memset.o)
                              c:/st/stm32cubeide_1.7.0/stm32cubeide/plugins/com.st.stm32cube.ide.mcu.externaltools.gnu-tools-for-stm32.9-2020-q2-update.win32_2.0.0.202105311346/tools/bin/../lib/gcc/arm-none-eabi/9.3.1/../../../../arm-none-eabi/lib/thumb/v7e-m+fp/hard/crt0.o (memset)
c:/st/stm32cubeide_1.7.0/stm32cubeide/plugins/com.st.stm32cube.ide.mcu.externaltools.gnu-tools-for-stm32.9-2020-q2-update.win32_2.0.0.202105311346/tools/bin/../lib/gcc/arm-none-eabi/9.3.1/../../../../arm-none-eabi/lib/thumb/v7e-m+fp/hard\libc_nano.a(lib_a-nano-freer.o)
                              c:/st/stm32cubeide_1.7.0/stm32cubeide/plugins/com.st.stm32cube.ide.mcu.externaltools.gnu-tools-for-stm32.9-2020-q2-update.win32_2.0.0.202105311346/tools/bin/../lib/gcc/arm-none-eabi/9.3.1/../../../../arm-none-eabi/lib/thumb/v7e-m+fp/hard\libc_nano.a(lib_a-malloc.o) (_free_r)
c:/st/stm32cubeide_1.7.0/stm32cubeide/plugins/com.st.stm32cube.ide.mcu.externaltools.gnu-tools-for-stm32.9-2020-q2-update.win32_2.0.0.202105311346/tools/bin/../lib/gcc/arm-none-eabi/9.3.1/../../../../arm-none-eabi/lib/thumb/v7e-m+fp/hard\libc_nano.a(lib_a-nano-mallocr.o)
                              c:/st/stm32cubeide_1.7.0/stm32cubeide/plugins/com.st.stm32cube.ide.mcu.externaltools.gnu-tools-for-stm32.9-2020-q2-update.win32_2.0.0.202105311346/tools/bin/../lib/gcc/arm-none-eabi/9.3.1/../../../../arm-none-eabi/lib/thumb/v7e-m+fp/hard\libc_nano.a(lib_a-malloc.o) (_malloc_r)
c:/st/stm32cubeide_1.7.0/stm32cubeide/plugins/com.st.stm32cube.ide.mcu.externaltools.gnu-tools-for-stm32.9-2020-q2-update.win32_2.0.0.202105311346/tools/bin/../lib/gcc/arm-none-eabi/9.3.1/../../../../arm-none-eabi/lib/thumb/v7e-m+fp/hard\libc_nano.a(lib_a-rand.o)
                              ./Core/Src/main.o (rand)
[...]
Memory Configuration

Name             Origin             Length             Attributes
CCMRAM           0x0000000010000000 0x0000000000010000 xrw
RAM              0x0000000020000000 0x0000000000020000 xrw
FLASH            0x0000000008000000 0x0000000000100000 xr
*default*        0x0000000000000000 0xffffffffffffffff

Linker script and memory map

LOAD c:/st/stm32cubeide_1.7.0/stm32cubeide/plugins/com.st.stm32cube.ide.mcu.externaltools.gnu-tools-for-stm32.9-2020-q2-update.win32_2.0.0.202105311346/tools/bin/../lib/gcc/arm-none-eabi/9.3.1/thumb/v7e-m+fp/hard/crti.o
LOAD c:/st/stm32cubeide_1.7.0/stm32cubeide/plugins/com.st.stm32cube.ide.mcu.externaltools.gnu-tools-for-stm32.9-2020-q2-update.win32_2.0.0.202105311346/tools/bin/../lib/gcc/arm-none-eabi/9.3.1/thumb/v7e-m+fp/hard/crtbegin.o
LOAD c:/st/stm32cubeide_1.7.0/stm32cubeide/plugins/com.st.stm32cube.ide.mcu.externaltools.gnu-tools-for-stm32.9-2020-q2-update.win32_2.0.0.202105311346/tools/bin/../lib/gcc/arm-none-eabi/9.3.1/../../../../arm-none-eabi/lib/thumb/v7e-m+fp/hard/crt0.o
LOAD ./Core/Src/MY_CS43L22.o
LOAD ./Core/Src/audioI2S.o
LOAD ./Core/Src/lcd.o
LOAD ./Core/Src/main.o
LOAD ./Core/Src/stm32f4xx_hal_msp.o
LOAD ./Core/Src/stm32f4xx_hal_timebase_tim.o
LOAD ./Core/Src/stm32f4xx_it.o
LOAD ./Core/Src/syscalls.o
LOAD ./Core/Src/sysmem.o
LOAD ./Core/Src/system_stm32f4xx.o
LOAD ./Core/Src/wav_player.o
LOAD ./Core/Startup/startup_stm32f407vgtx.o
LOAD ./Drivers/STM32F4xx_HAL_Driver/Src/stm32f4xx_hal.o
LOAD ./Drivers/STM32F4xx_HAL_Driver/Src/stm32f4xx_hal_can.o
LOAD ./Drivers/STM32F4xx_HAL_Driver/Src/stm32f4xx_hal_cortex.o
LOAD ./Drivers/STM32F4xx_HAL_Driver/Src/stm32f4xx_hal_dma.o
LOAD ./Drivers/STM32F4xx_HAL_Driver/Src/stm32f4xx_hal_dma_ex.o
LOAD ./Drivers/STM32F4xx_HAL_Driver/Src/stm32f4xx_hal_exti.o
LOAD ./Drivers/STM32F4xx_HAL_Driver/Src/stm32f4xx_hal_flash.o
LOAD ./Drivers/STM32F4xx_HAL_Driver/Src/stm32f4xx_hal_flash_ex.o
LOAD ./Drivers/STM32F4xx_HAL_Driver/Src/stm32f4xx_hal_flash_ramfunc.o
LOAD ./Drivers/STM32F4xx_HAL_Driver/Src/stm32f4xx_hal_gpio.o
LOAD ./Drivers/STM32F4xx_HAL_Driver/Src/stm32f4xx_hal_hcd.o
LOAD ./Drivers/STM32F4xx_HAL_Driver/Src/stm32f4xx_hal_i2c.o
LOAD ./Drivers/STM32F4xx_HAL_Driver/Src/stm32f4xx_hal_i2c_ex.o
LOAD ./Drivers/STM32F4xx_HAL_Driver/Src/stm32f4xx_hal_i2s.o
LOAD ./Drivers/STM32F4xx_HAL_Driver/Src/stm32f4xx_hal_i2s_ex.o
LOAD ./Drivers/STM32F4xx_HAL_Driver/Src/stm32f4xx_hal_pwr.o
LOAD ./Drivers/STM32F4xx_HAL_Driver/Src/stm32f4xx_hal_pwr_ex.o
LOAD ./Drivers/STM32F4xx_HAL_Driver/Src/stm32f4xx_hal_rcc.o
LOAD ./Drivers/STM32F4xx_HAL_Driver/Src/stm32f4xx_hal_rcc_ex.o
LOAD ./Drivers/STM32F4xx_HAL_Driver/Src/stm32f4xx_hal_tim.o
LOAD ./Drivers/STM32F4xx_HAL_Driver/Src/stm32f4xx_hal_tim_ex.o
LOAD ./Drivers/STM32F4xx_HAL_Driver/Src/stm32f4xx_ll_usb.o
LOAD ./FATFS/App/fatfs.o
LOAD ./FATFS/Target/usbh_diskio.o
LOAD ./Middlewares/ST/STM32_USB_Host_Library/Class/MSC/Src/usbh_msc.o
LOAD ./Middlewares/ST/STM32_USB_Host_Library/Class/MSC/Src/usbh_msc_bot.o
LOAD ./Middlewares/ST/STM32_USB_Host_Library/Class/MSC/Src/usbh_msc_scsi.o
LOAD ./Middlewares/ST/STM32_USB_Host_Library/Core/Src/usbh_core.o
LOAD ./Middlewares/ST/STM32_USB_Host_Library/Core/Src/usbh_ctlreq.o
LOAD ./Middlewares/ST/STM32_USB_Host_Library/Core/Src/usbh_ioreq.o
LOAD ./Middlewares/ST/STM32_USB_Host_Library/Core/Src/usbh_pipes.o
LOAD ./Middlewares/Third_Party/FatFs/src/diskio.o
LOAD ./Middlewares/Third_Party/FatFs/src/ff.o
LOAD ./Middlewares/Third_Party/FatFs/src/ff_gen_drv.o
LOAD ./Middlewares/Third_Party/FatFs/src/option/syscall.o
LOAD ./USB_HOST/App/usb_host.o
LOAD ./USB_HOST/Target/usbh_conf.o
START GROUP
LOAD c:/st/stm32cubeide_1.7.0/stm32cubeide/plugins/com.st.stm32cube.ide.mcu.externaltools.gnu-tools-for-stm32.9-2020-q2-update.win32_2.0.0.202105311346/tools/bin/../lib/gcc/arm-none-eabi/9.3.1/../../../../arm-none-eabi/lib/thumb/v7e-m+fp/hard\libc_nano.a
LOAD c:/st/stm32cubeide_1.7.0/stm32cubeide/plugins/com.st.stm32cube.ide.mcu.externaltools.gnu-tools-for-stm32.9-2020-q2-update.win32_2.0.0.202105311346/tools/bin/../lib/gcc/arm-none-eabi/9.3.1/../../../../arm-none-eabi/lib/thumb/v7e-m+fp/hard\libm.a
END GROUP
START GROUP
LOAD c:/st/stm32cubeide_1.7.0/stm32cubeide/plugins/com.st.stm32cube.ide.mcu.externaltools.gnu-tools-for-stm32.9-2020-q2-update.win32_2.0.0.202105311346/tools/bin/../lib/gcc/arm-none-eabi/9.3.1/thumb/v7e-m+fp/hard\libgcc.a
LOAD c:/st/stm32cubeide_1.7.0/stm32cubeide/plugins/com.st.stm32cube.ide.mcu.externaltools.gnu-tools-for-stm32.9-2020-q2-update.win32_2.0.0.202105311346/tools/bin/../lib/gcc/arm-none-eabi/9.3.1/../../../../arm-none-eabi/lib/thumb/v7e-m+fp/hard\libc_nano.a
END GROUP
START GROUP
LOAD c:/st/stm32cubeide_1.7.0/stm32cubeide/plugins/com.st.stm32cube.ide.mcu.externaltools.gnu-tools-for-stm32.9-2020-q2-update.win32_2.0.0.202105311346/tools/bin/../lib/gcc/arm-none-eabi/9.3.1/thumb/v7e-m+fp/hard\libgcc.a
LOAD c:/st/stm32cubeide_1.7.0/stm32cubeide/plugins/com.st.stm32cube.ide.mcu.externaltools.gnu-tools-for-stm32.9-2020-q2-update.win32_2.0.0.202105311346/tools/bin/../lib/gcc/arm-none-eabi/9.3.1/../../../../arm-none-eabi/lib/thumb/v7e-m+fp/hard\libc_nano.a
LOAD c:/st/stm32cubeide_1.7.0/stm32cubeide/plugins/com.st.stm32cube.ide.mcu.externaltools.gnu-tools-for-stm32.9-2020-q2-update.win32_2.0.0.202105311346/tools/bin/../lib/gcc/arm-none-eabi/9.3.1/../../../../arm-none-eabi/lib/thumb/v7e-m+fp/hard\libnosys.a
END GROUP
START GROUP
LOAD c:/st/stm32cubeide_1.7.0/stm32cubeide/plugins/com.st.stm32cube.ide.mcu.externaltools.gnu-tools-for-stm32.9-2020-q2-update.win32_2.0.0.202105311346/tools/bin/../lib/gcc/arm-none-eabi/9.3.1/thumb/v7e-m+fp/hard\libgcc.a
LOAD c:/st/stm32cubeide_1.7.0/stm32cubeide/plugins/com.st.stm32cube.ide.mcu.externaltools.gnu-tools-for-stm32.9-2020-q2-update.win32_2.0.0.202105311346/tools/bin/../lib/gcc/arm-none-eabi/9.3.1/../../../../arm-none-eabi/lib/thumb/v7e-m+fp/hard\libc_nano.a
LOAD c:/st/stm32cubeide_1.7.0/stm32cubeide/plugins/com.st.stm32cube.ide.mcu.externaltools.gnu-tools-for-stm32.9-2020-q2-update.win32_2.0.0.202105311346/tools/bin/../lib/gcc/arm-none-eabi/9.3.1/../../../../arm-none-eabi/lib/thumb/v7e-m+fp/hard\libnosys.a
END GROUP
LOAD c:/st/stm32cubeide_1.7.0/stm32cubeide/plugins/com.st.stm32cube.ide.mcu.externaltools.gnu-tools-for-stm32.9-2020-q2-update.win32_2.0.0.202105311346/tools/bin/../lib/gcc/arm-none-eabi/9.3.1/thumb/v7e-m+fp/hard/crtend.o
LOAD c:/st/stm32cubeide_1.7.0/stm32cubeide/plugins/com.st.stm32cube.ide.mcu.externaltools.gnu-tools-for-stm32.9-2020-q2-update.win32_2.0.0.202105311346/tools/bin/../lib/gcc/arm-none-eabi/9.3.1/thumb/v7e-m+fp/hard/crtn.o
                0x0000000020020000                _estack = (ORIGIN (RAM) + LENGTH (RAM))
                0x0000000000002000                _Min_Heap_Size = 0x2000
                0x0000000000002000                _Min_Stack_Size = 0x2000

.isr_vector     0x0000000008000000      0x188
                0x0000000008000000                . = ALIGN (0x4)
 *(.isr_vector)
 .isr_vector    0x0000000008000000      0x188 ./Core/Startup/startup_stm32f407vgtx.o
                0x0000000008000000                g_pfnVectors
                0x0000000008000188                . = ALIGN (0x4)

.text           0x0000000008000190     0x8e78
                0x0000000008000190                . = ALIGN (0x4)
 *(.text)
 .text          0x0000000008000190       0x40 c:/st/stm32cubeide_1.7.0/stm32cubeide/plugins/com.st.stm32cube.ide.mcu.externaltools.gnu-tools-for-stm32.9-2020-q2-update.win32_2.0.0.202105311346/tools/bin/../lib/gcc/arm-none-eabi/9.3.1/thumb/v7e-m+fp/hard/crtbegin.o
 .text          0x00000000080001d0       0xa0 c:/st/stm32cubeide_1.7.0/stm32cubeide/plugins/com.st.stm32cube.ide.mcu.externaltools.gnu-tools-for-stm32.9-2020-q2-update.win32_2.0.0.202105311346/tools/bin/../lib/gcc/arm-none-eabi/9.3.1/../../../../arm-none-eabi/lib/thumb/v7e-m+fp/hard\libc_nano.a(lib_a-memchr.o)
                0x00000000080001d0                memchr
 .text          0x0000000008000270       0x30 c:/st/stm32cubeide_1.7.0/stm32cubeide/plugins/com.st.stm32cube.ide.mcu.externaltools.gnu-tools-for-stm32.9-2020-q2-update.win32_2.0.0.202105311346/tools/bin/../lib/gcc/arm-none-eabi/9.3.1/thumb/v7e-m+fp/hard\libgcc.a(_aeabi_uldivmod.o)
                0x0000000008000270                __aeabi_uldivmod
 .text          0x00000000080002a0      0x2c4 c:/st/stm32cubeide_1.7.0/stm32cubeide/plugins/com.st.stm32cube.ide.mcu.externaltools.gnu-tools-for-stm32.9-2020-q2-update.win32_2.0.0.202105311346/tools/bin/../lib/gcc/arm-none-eabi/9.3.1/thumb/v7e-m+fp/hard\libgcc.a(_udivmoddi4.o)
                0x00000000080002a0                __udivmoddi4
 .text          0x0000000008000564        0x4 c:/st/stm32cubeide_1.7.0/stm32cubeide/plugins/com.st.stm32cube.ide.mcu.externaltools.gnu-tools-for-stm32.9-2020-q2-update.win32_2.0.0.202105311346/tools/bin/../lib/gcc/arm-none-eabi/9.3.1/thumb/v7e-m+fp/hard\libgcc.a(_dvmd_tls.o)
                0x0000000008000564                __aeabi_idiv0
                0x0000000008000564                __aeabi_ldiv0
 *(.text*)
 .text.read_register
                0x0000000008000568       0x30 ./Core/Src/MY_CS43L22.o
 .text.write_register.isra.0
                0x0000000008000598       0x24 ./Core/Src/MY_CS43L22.o
 .text.CS43_SetMute.part.0
                0x00000000080005bc       0x1e ./Core/Src/MY_CS43L22.o
 *fill*         0x00000000080005da        0x2 
 .text.CS43_Init
                0x00000000080005dc      0x144 ./Core/Src/MY_CS43L22.o
                0x00000000080005dc                CS43_Init
 .text.CS43_Enable_RightLeft
                0x0000000008000720       0x1c ./Core/Src/MY_CS43L22.o
                0x0000000008000720                CS43_Enable_RightLeft
 .text.CS43_SetVolume
                0x000000000800073c       0x1c ./Core/Src/MY_CS43L22.o
                0x000000000800073c                CS43_SetVolume
 .text.CS43_SetMute
                0x0000000008000758       0x2e ./Core/Src/MY_CS43L22.o
                0x0000000008000758                CS43_SetMute
 .text.CS43_Start
                0x0000000008000786       0x76 ./Core/Src/MY_CS43L22.o
                0x0000000008000786                CS43_Start
 .text.CS43_Stop
                0x00000000080007fc       0x1a ./Core/Src/MY_CS43L22.o
                0x00000000080007fc                CS43_Stop
 *fill*         0x0000000008000816        0x2 
 .text.audioI2S_setHandle
                0x0000000008000818        0xc ./Core/Src/audioI2S.o
                0x0000000008000818                audioI2S_setHandle
 .text.audioI2S_init
                0x0000000008000824       0x94 ./Core/Src/audioI2S.o
                0x0000000008000824                audioI2S_init
 .text.audioI2S_play
                0x00000000080008b8       0x2c ./Core/Src/audioI2S.o
                0x00000000080008b8                audioI2S_play
 .text.audioI2S_stop
                0x00000000080008e4       0x18 ./Core/Src/audioI2S.o
                0x00000000080008e4                audioI2S_stop
 .text.HAL_I2S_TxCpltCallback
                0x00000000080008fc       0x14 ./Core/Src/audioI2S.o
                0x00000000080008fc                HAL_I2S_TxCpltCallback
 .text.HAL_I2S_TxHalfCpltCallback
                0x0000000008000910       0x14 ./Core/Src/audioI2S.o
                0x0000000008000910                HAL_I2S_TxHalfCpltCallback
 .text.ClearBits
                0x0000000008000924       0x34 ./Core/Src/lcd.o
                0x0000000008000924                ClearBits
 .text.LCD_writenibble
                0x0000000008000958       0x4c ./Core/Src/lcd.o
                0x0000000008000958                LCD_writenibble
 .text.busyflag
                0x00000000080009a4       0x2c ./Core/Src/lcd.o
                0x00000000080009a4                busyflag
 .text.LCD_writebyte
                0x00000000080009d0       0x4c ./Core/Src/lcd.o
                0x00000000080009d0                LCD_writebyte
 .text.LCD_writecontrol
                0x0000000008000a1c       0x20 ./Core/Src/lcd.o
                0x0000000008000a1c                LCD_writecontrol
 .text.LCD_cursor_home
                0x0000000008000a3c       0x14 ./Core/Src/lcd.o
                0x0000000008000a3c                LCD_cursor_home
 .text.LCD_init
                0x0000000008000a50       0x8c ./Core/Src/lcd.o
                0x0000000008000a50                LCD_init
 .text.LCD_putchar
                0x0000000008000adc       0x30 ./Core/Src/lcd.o
                0x0000000008000adc                LCD_putchar
 .text.LCD_put  0x0000000008000b0c       0x3c ./Core/Src/lcd.o
                0x0000000008000b0c                LCD_put
 .text.LCD_putint
                0x0000000008000b48       0x50 ./Core/Src/lcd.o
                0x0000000008000b48                LCD_putint
 .text.LCD_clear
                0x0000000008000b98       0x20 ./Core/Src/lcd.o
                0x0000000008000b98                LCD_clear
 .text.SystemClock_Config
                0x0000000008000bb8       0xa4 ./Core/Src/main.o
                0x0000000008000bb8                SystemClock_Config
 .text.startup.main
                0x0000000008000c5c      0x6e0 ./Core/Src/main.o
                0x0000000008000c5c                main
 .text.HAL_TIM_PeriodElapsedCallback
                0x000000000800133c       0x14 ./Core/Src/main.o
                0x000000000800133c                HAL_TIM_PeriodElapsedCallback
 .text.Error_Handler
                0x0000000008001350        0x4 ./Core/Src/main.o
                0x0000000008001350                Error_Handler
 .text.HAL_MspInit
                0x0000000008001354       0x3c ./Core/Src/stm32f4xx_hal_msp.o
                0x0000000008001354                HAL_MspInit
 .text.HAL_CAN_MspInit
                0x0000000008001390       0xa8 ./Core/Src/stm32f4xx_hal_msp.o
                0x0000000008001390                HAL_CAN_MspInit
 .text.HAL_I2C_MspInit
                0x0000000008001438       0x70 ./Core/Src/stm32f4xx_hal_msp.o
                0x0000000008001438                HAL_I2C_MspInit
 .text.HAL_I2S_MspInit
                0x00000000080014a8      0x10c ./Core/Src/stm32f4xx_hal_msp.o
                0x00000000080014a8                HAL_I2S_MspInit
 .text.HAL_TIM_Base_MspInit
                0x00000000080015b4       0x50 ./Core/Src/stm32f4xx_hal_msp.o
                0x00000000080015b4                HAL_TIM_Base_MspInit
 .text.HAL_InitTick
                0x0000000008001604       0x7c ./Core/Src/stm32f4xx_hal_timebase_tim.o
                0x0000000008001604                HAL_InitTick
 .text.NMI_Handler
                0x0000000008001680        0x2 ./Core/Src/stm32f4xx_it.o
                0x0000000008001680                NMI_Handler
 .text.HardFault_Handler
                0x0000000008001682        0x2 ./Core/Src/stm32f4xx_it.o
                0x0000000008001682                HardFault_Handler
 .text.MemManage_Handler
                0x0000000008001684        0x2 ./Core/Src/stm32f4xx_it.o
                0x0000000008001684                MemManage_Handler
 .text.BusFault_Handler
                0x0000000008001686        0x2 ./Core/Src/stm32f4xx_it.o
                0x0000000008001686                BusFault_Handler
 .text.UsageFault_Handler
                0x0000000008001688        0x2 ./Core/Src/stm32f4xx_it.o
                0x0000000008001688                UsageFault_Handler
 .text.SVC_Handler
                0x000000000800168a        0x2 ./Core/Src/stm32f4xx_it.o
                0x000000000800168a                SVC_Handler
 .text.DebugMon_Handler
                0x000000000800168c        0x2 ./Core/Src/stm32f4xx_it.o
                0x000000000800168c                DebugMon_Handler
 .text.PendSV_Handler
                0x000000000800168e        0x2 ./Core/Src/stm32f4xx_it.o
                0x000000000800168e                PendSV_Handler
 .text.SysTick_Handler
                0x0000000008001690        0x2 ./Core/Src/stm32f4xx_it.o
                0x0000000008001690                SysTick_Handler
 *fill*         0x0000000008001692        0x2 
 .text.EXTI0_IRQHandler
                0x0000000008001694       0x40 ./Core/Src/stm32f4xx_it.o
                0x0000000008001694                EXTI0_IRQHandler
 .text.DMA1_Stream5_IRQHandler
                0x00000000080016d4        0xc ./Core/Src/stm32f4xx_it.o
                0x00000000080016d4                DMA1_Stream5_IRQHandler
 .text.CAN1_RX0_IRQHandler
                0x00000000080016e0       0x5c ./Core/Src/stm32f4xx_it.o
                0x00000000080016e0                CAN1_RX0_IRQHandler
 .text.TIM1_UP_TIM10_IRQHandler
                0x000000000800173c        0xc ./Core/Src/stm32f4xx_it.o
                0x000000000800173c                TIM1_UP_TIM10_IRQHandler
 .text.OTG_FS_IRQHandler
                0x0000000008001748        0xc ./Core/Src/stm32f4xx_it.o
                0x0000000008001748                OTG_FS_IRQHandler
 .text._getpid  0x0000000008001754        0x4 ./Core/Src/syscalls.o
                0x0000000008001754                _getpid
 .text._kill    0x0000000008001758       0x10 ./Core/Src/syscalls.o
                0x0000000008001758                _kill
 .text._exit    0x0000000008001768        0xc ./Core/Src/syscalls.o
                0x0000000008001768                _exit
 .text._read    0x0000000008001774       0x1a ./Core/Src/syscalls.o
                0x0000000008001774                _read
 .text._write   0x000000000800178e       0x1a ./Core/Src/syscalls.o
                0x000000000800178e                _write
 .text._close   0x00000000080017a8        0x6 ./Core/Src/syscalls.o
                0x00000000080017a8                _close
 .text._fstat   0x00000000080017ae        0xa ./Core/Src/syscalls.o
                0x00000000080017ae                _fstat
 .text._isatty  0x00000000080017b8        0x4 ./Core/Src/syscalls.o
                0x00000000080017b8                _isatty
 .text._lseek   0x00000000080017bc        0x4 ./Core/Src/syscalls.o
                0x00000000080017bc                _lseek
 .text._sbrk    0x00000000080017c0       0x40 ./Core/Src/sysmem.o
                0x00000000080017c0                _sbrk
 .text.SystemInit
                0x0000000008001800       0x14 ./Core/Src/system_stm32f4xx.o
                0x0000000008001800                SystemInit
 .text.wavPlayer_fileSelect
                0x0000000008001814       0x44 ./Core/Src/wav_player.o
                0x0000000008001814                wavPlayer_fileSelect
 .text.wavPlayer_play
                0x0000000008001858       0x64 ./Core/Src/wav_player.o
                0x0000000008001858                wavPlayer_play
 .text.wavPlayer_process
                0x00000000080018bc       0x8c ./Core/Src/wav_player.o
                0x00000000080018bc                wavPlayer_process
 .text.wavPlayer_stop
                0x0000000008001948       0x14 ./Core/Src/wav_player.o
                0x0000000008001948                wavPlayer_stop
 .text.wavPlayer_isFinished
                0x000000000800195c        0xc ./Core/Src/wav_player.o
                0x000000000800195c                wavPlayer_isFinished
 .text.audioI2S_halfTransfer_Callback
                0x0000000008001968        0xc ./Core/Src/wav_player.o
                0x0000000008001968                audioI2S_halfTransfer_Callback
 .text.audioI2S_fullTransfer_Callback
                0x0000000008001974        0xc ./Core/Src/wav_player.o
                0x0000000008001974                audioI2S_fullTransfer_Callback
 .text.Reset_Handler
                0x0000000008001980       0x50 ./Core/Startup/startup_stm32f407vgtx.o
                0x0000000008001980                Reset_Handler
 .text.Default_Handler
                0x00000000080019d0        0x2 ./Core/Startup/startup_stm32f407vgtx.o
                0x00000000080019d0                RTC_Alarm_IRQHandler
                0x00000000080019d0                HASH_RNG_IRQHandler
                0x00000000080019d0                EXTI2_IRQHandler
                0x00000000080019d0                TIM8_CC_IRQHandler
                0x00000000080019d0                TIM1_CC_IRQHandler
                0x00000000080019d0                DMA2_Stream5_IRQHandler
                0x00000000080019d0                PVD_IRQHandler
                0x00000000080019d0                SDIO_IRQHandler
                0x00000000080019d0                TAMP_STAMP_IRQHandler
                0x00000000080019d0                CAN2_RX1_IRQHandler
                0x00000000080019d0                EXTI3_IRQHandler
                0x00000000080019d0                TIM8_TRG_COM_TIM14_IRQHandler
                0x00000000080019d0                TIM8_UP_TIM13_IRQHandler
                0x00000000080019d0                I2C3_ER_IRQHandler
                0x00000000080019d0                I2C2_EV_IRQHandler
                0x00000000080019d0                DMA1_Stream2_IRQHandler
                0x00000000080019d0                FPU_IRQHandler
                0x00000000080019d0                OTG_HS_WKUP_IRQHandler
                0x00000000080019d0                CAN2_SCE_IRQHandler
                0x00000000080019d0                DMA2_Stream2_IRQHandler
                0x00000000080019d0                SPI1_IRQHandler
                0x00000000080019d0                TIM6_DAC_IRQHandler
                0x00000000080019d0                TIM1_BRK_TIM9_IRQHandler
                0x00000000080019d0                DCMI_IRQHandler
                0x00000000080019d0                CAN2_RX0_IRQHandler
                0x00000000080019d0                DMA2_Stream3_IRQHandler
                0x00000000080019d0                USART6_IRQHandler
                0x00000000080019d0                USART3_IRQHandler
                0x00000000080019d0                CAN1_RX1_IRQHandler
                0x00000000080019d0                UART5_IRQHandler
                0x00000000080019d0                DMA2_Stream0_IRQHandler
                0x00000000080019d0                TIM4_IRQHandler
                0x00000000080019d0                I2C1_EV_IRQHandler
                0x00000000080019d0                DMA1_Stream6_IRQHandler
                0x00000000080019d0                DMA1_Stream1_IRQHandler
                0x00000000080019d0                UART4_IRQHandler
                0x00000000080019d0                TIM3_IRQHandler
                0x00000000080019d0                RCC_IRQHandler
                0x00000000080019d0                TIM8_BRK_TIM12_IRQHandler
                0x00000000080019d0                Default_Handler
                0x00000000080019d0                EXTI15_10_IRQHandler
                0x00000000080019d0                ADC_IRQHandler
                0x00000000080019d0                DMA1_Stream7_IRQHandler
                0x00000000080019d0                TIM7_IRQHandler
                0x00000000080019d0                CAN2_TX_IRQHandler
                0x00000000080019d0                TIM5_IRQHandler
                0x00000000080019d0                DMA2_Stream7_IRQHandler
                0x00000000080019d0                I2C3_EV_IRQHandler
                0x00000000080019d0                EXTI9_5_IRQHandler
                0x00000000080019d0                RTC_WKUP_IRQHandler
                0x00000000080019d0                ETH_WKUP_IRQHandler
                0x00000000080019d0                SPI2_IRQHandler
                0x00000000080019d0                OTG_HS_EP1_IN_IRQHandler
                0x00000000080019d0                DMA1_Stream0_IRQHandler
                0x00000000080019d0                CAN1_TX_IRQHandler
                0x00000000080019d0                EXTI4_IRQHandler
                0x00000000080019d0                FSMC_IRQHandler
                0x00000000080019d0                ETH_IRQHandler
                0x00000000080019d0                OTG_HS_EP1_OUT_IRQHandler
                0x00000000080019d0                WWDG_IRQHandler
                0x00000000080019d0                TIM2_IRQHandler
                0x00000000080019d0                OTG_FS_WKUP_IRQHandler
                0x00000000080019d0                TIM1_TRG_COM_TIM11_IRQHandler
                0x00000000080019d0                OTG_HS_IRQHandler
                0x00000000080019d0                EXTI1_IRQHandler
                0x00000000080019d0                USART2_IRQHandler
                0x00000000080019d0                I2C2_ER_IRQHandler
                0x00000000080019d0                DMA2_Stream1_IRQHandler
                0x00000000080019d0                CAN1_SCE_IRQHandler
                0x00000000080019d0                FLASH_IRQHandler
                0x00000000080019d0                DMA2_Stream4_IRQHandler
                0x00000000080019d0                USART1_IRQHandler
                0x00000000080019d0                SPI3_IRQHandler
                0x00000000080019d0                DMA1_Stream4_IRQHandler
                0x00000000080019d0                I2C1_ER_IRQHandler
                0x00000000080019d0                DMA2_Stream6_IRQHandler
                0x00000000080019d0                DMA1_Stream3_IRQHandler
 *fill*         0x00000000080019d2        0x2 
 .text.HAL_Init
                0x00000000080019d4       0x34 ./Drivers/STM32F4xx_HAL_Driver/Src/stm32f4xx_hal.o
                0x00000000080019d4                HAL_Init
 .text.HAL_IncTick
                0x0000000008001a08       0x18 ./Drivers/STM32F4xx_HAL_Driver/Src/stm32f4xx_hal.o
                0x0000000008001a08                HAL_IncTick
 .text.HAL_GetTick
                0x0000000008001a20        0xc ./Drivers/STM32F4xx_HAL_Driver/Src/stm32f4xx_hal.o
                0x0000000008001a20                HAL_GetTick
 .text.HAL_Delay
                0x0000000008001a2c       0x28 ./Drivers/STM32F4xx_HAL_Driver/Src/stm32f4xx_hal.o
                0x0000000008001a2c                HAL_Delay
 .text.HAL_CAN_Init
                0x0000000008001a54       0xf6 ./Drivers/STM32F4xx_HAL_Driver/Src/stm32f4xx_hal_can.o
                0x0000000008001a54                HAL_CAN_Init
 *fill*         0x0000000008001b4a        0x2 
 .text.HAL_CAN_ConfigFilter
                0x0000000008001b4c      0x110 ./Drivers/STM32F4xx_HAL_Driver/Src/stm32f4xx_hal_can.o
                0x0000000008001b4c                HAL_CAN_ConfigFilter
 .text.HAL_CAN_Start
                0x0000000008001c5c       0x5c ./Drivers/STM32F4xx_HAL_Driver/Src/stm32f4xx_hal_can.o
                0x0000000008001c5c                HAL_CAN_Start
 .text.HAL_CAN_AddTxMessage
                0x0000000008001cb8       0xa0 ./Drivers/STM32F4xx_HAL_Driver/Src/stm32f4xx_hal_can.o
                0x0000000008001cb8                HAL_CAN_AddTxMessage
 .text.HAL_CAN_GetRxMessage
                0x0000000008001d58       0xee ./Drivers/STM32F4xx_HAL_Driver/Src/stm32f4xx_hal_can.o
                0x0000000008001d58                HAL_CAN_GetRxMessage
 .text.HAL_CAN_ActivateNotification
                0x0000000008001e46       0x22 ./Drivers/STM32F4xx_HAL_Driver/Src/stm32f4xx_hal_can.o
                0x0000000008001e46                HAL_CAN_ActivateNotification
 .text.HAL_CAN_TxMailbox0CompleteCallback
                0x0000000008001e68        0x2 ./Drivers/STM32F4xx_HAL_Driver/Src/stm32f4xx_hal_can.o
                0x0000000008001e68                HAL_CAN_TxMailbox0CompleteCallback
 .text.HAL_CAN_TxMailbox1CompleteCallback
                0x0000000008001e6a        0x2 ./Drivers/STM32F4xx_HAL_Driver/Src/stm32f4xx_hal_can.o
                0x0000000008001e6a                HAL_CAN_TxMailbox1CompleteCallback
 .text.HAL_CAN_TxMailbox2CompleteCallback
                0x0000000008001e6c        0x2 ./Drivers/STM32F4xx_HAL_Driver/Src/stm32f4xx_hal_can.o
                0x0000000008001e6c                HAL_CAN_TxMailbox2CompleteCallback
 .text.HAL_CAN_TxMailbox0AbortCallback
                0x0000000008001e6e        0x2 ./Drivers/STM32F4xx_HAL_Driver/Src/stm32f4xx_hal_can.o
                0x0000000008001e6e                HAL_CAN_TxMailbox0AbortCallback
 .text.HAL_CAN_TxMailbox1AbortCallback
                0x0000000008001e70        0x2 ./Drivers/STM32F4xx_HAL_Driver/Src/stm32f4xx_hal_can.o
                0x0000000008001e70                HAL_CAN_TxMailbox1AbortCallback
 .text.HAL_CAN_TxMailbox2AbortCallback
                0x0000000008001e72        0x2 ./Drivers/STM32F4xx_HAL_Driver/Src/stm32f4xx_hal_can.o
                0x0000000008001e72                HAL_CAN_TxMailbox2AbortCallback
 .text.HAL_CAN_RxFifo0MsgPendingCallback
                0x0000000008001e74        0x2 ./Drivers/STM32F4xx_HAL_Driver/Src/stm32f4xx_hal_can.o
                0x0000000008001e74                HAL_CAN_RxFifo0MsgPendingCallback
 .text.HAL_CAN_RxFifo0FullCallback
                0x0000000008001e76        0x2 ./Drivers/STM32F4xx_HAL_Driver/Src/stm32f4xx_hal_can.o
                0x0000000008001e76                HAL_CAN_RxFifo0FullCallback
 .text.HAL_CAN_RxFifo1MsgPendingCallback
                0x0000000008001e78        0x2 ./Drivers/STM32F4xx_HAL_Driver/Src/stm32f4xx_hal_can.o
                0x0000000008001e78                HAL_CAN_RxFifo1MsgPendingCallback
 .text.HAL_CAN_RxFifo1FullCallback
                0x0000000008001e7a        0x2 ./Drivers/STM32F4xx_HAL_Driver/Src/stm32f4xx_hal_can.o
                0x0000000008001e7a                HAL_CAN_RxFifo1FullCallback
 .text.HAL_CAN_SleepCallback
                0x0000000008001e7c        0x2 ./Drivers/STM32F4xx_HAL_Driver/Src/stm32f4xx_hal_can.o
                0x0000000008001e7c                HAL_CAN_SleepCallback
 .text.HAL_CAN_WakeUpFromRxMsgCallback
                0x0000000008001e7e        0x2 ./Drivers/STM32F4xx_HAL_Driver/Src/stm32f4xx_hal_can.o
                0x0000000008001e7e                HAL_CAN_WakeUpFromRxMsgCallback
 .text.HAL_CAN_ErrorCallback
                0x0000000008001e80        0x2 ./Drivers/STM32F4xx_HAL_Driver/Src/stm32f4xx_hal_can.o
                0x0000000008001e80                HAL_CAN_ErrorCallback
 .text.HAL_CAN_IRQHandler
                0x0000000008001e82      0x1fc ./Drivers/STM32F4xx_HAL_Driver/Src/stm32f4xx_hal_can.o
                0x0000000008001e82                HAL_CAN_IRQHandler
 *fill*         0x000000000800207e        0x2 
 .text.HAL_NVIC_SetPriorityGrouping
                0x0000000008002080       0x24 ./Drivers/STM32F4xx_HAL_Driver/Src/stm32f4xx_hal_cortex.o
                0x0000000008002080                HAL_NVIC_SetPriorityGrouping
 .text.HAL_NVIC_SetPriority
                0x00000000080020a4       0x64 ./Drivers/STM32F4xx_HAL_Driver/Src/stm32f4xx_hal_cortex.o
                0x00000000080020a4                HAL_NVIC_SetPriority
 .text.HAL_NVIC_EnableIRQ
                0x0000000008002108       0x1c ./Drivers/STM32F4xx_HAL_Driver/Src/stm32f4xx_hal_cortex.o
                0x0000000008002108                HAL_NVIC_EnableIRQ
 .text.DMA_CalcBaseAndBitshift
                0x0000000008002124       0x2c ./Drivers/STM32F4xx_HAL_Driver/Src/stm32f4xx_hal_dma.o
 .text.HAL_DMA_Init
                0x0000000008002150      0x100 ./Drivers/STM32F4xx_HAL_Driver/Src/stm32f4xx_hal_dma.o
                0x0000000008002150                HAL_DMA_Init
 .text.HAL_DMA_Start_IT
                0x0000000008002250       0x74 ./Drivers/STM32F4xx_HAL_Driver/Src/stm32f4xx_hal_dma.o
                0x0000000008002250                HAL_DMA_Start_IT
 .text.HAL_DMA_Abort
                0x00000000080022c4       0x88 ./Drivers/STM32F4xx_HAL_Driver/Src/stm32f4xx_hal_dma.o
                0x00000000080022c4                HAL_DMA_Abort
 .text.HAL_DMA_IRQHandler
                0x000000000800234c      0x17c ./Drivers/STM32F4xx_HAL_Driver/Src/stm32f4xx_hal_dma.o
                0x000000000800234c                HAL_DMA_IRQHandler
 .text.HAL_GPIO_Init
                0x00000000080024c8      0x1b4 ./Drivers/STM32F4xx_HAL_Driver/Src/stm32f4xx_hal_gpio.o
                0x00000000080024c8                HAL_GPIO_Init
 .text.HAL_GPIO_ReadPin
                0x000000000800267c        0xc ./Drivers/STM32F4xx_HAL_Driver/Src/stm32f4xx_hal_gpio.o
                0x000000000800267c                HAL_GPIO_ReadPin
 .text.HAL_GPIO_WritePin
                0x0000000008002688        0xa ./Drivers/STM32F4xx_HAL_Driver/Src/stm32f4xx_hal_gpio.o
                0x0000000008002688                HAL_GPIO_WritePin
 .text.HAL_GPIO_EXTI_Callback
                0x0000000008002692        0x2 ./Drivers/STM32F4xx_HAL_Driver/Src/stm32f4xx_hal_gpio.o
                0x0000000008002692                HAL_GPIO_EXTI_Callback
 .text.HAL_GPIO_EXTI_IRQHandler
                0x0000000008002694       0x18 ./Drivers/STM32F4xx_HAL_Driver/Src/stm32f4xx_hal_gpio.o
                0x0000000008002694                HAL_GPIO_EXTI_IRQHandler
 .text.HAL_HCD_HC_Init
                0x00000000080026ac       0x6c ./Drivers/STM32F4xx_HAL_Driver/Src/stm32f4xx_hal_hcd.o
                0x00000000080026ac                HAL_HCD_HC_Init
 .text.HAL_HCD_HC_Halt
                0x0000000008002718       0x24 ./Drivers/STM32F4xx_HAL_Driver/Src/stm32f4xx_hal_hcd.o
                0x0000000008002718                HAL_HCD_HC_Halt
 .text.HAL_HCD_Init
                0x000000000800273c       0x94 ./Drivers/STM32F4xx_HAL_Driver/Src/stm32f4xx_hal_hcd.o
                0x000000000800273c                HAL_HCD_Init
 .text.HAL_HCD_HC_SubmitRequest
                0x00000000080027d0       0xd0 ./Drivers/STM32F4xx_HAL_Driver/Src/stm32f4xx_hal_hcd.o
                0x00000000080027d0                HAL_HCD_HC_SubmitRequest
 .text.HAL_HCD_IRQHandler
                0x00000000080028a0      0x69a ./Drivers/STM32F4xx_HAL_Driver/Src/stm32f4xx_hal_hcd.o
                0x00000000080028a0                HAL_HCD_IRQHandler
 .text.HAL_HCD_Start
                0x0000000008002f3a       0x2a ./Drivers/STM32F4xx_HAL_Driver/Src/stm32f4xx_hal_hcd.o
                0x0000000008002f3a                HAL_HCD_Start
 .text.HAL_HCD_Stop
                0x0000000008002f64       0x24 ./Drivers/STM32F4xx_HAL_Driver/Src/stm32f4xx_hal_hcd.o
                0x0000000008002f64                HAL_HCD_Stop
 .text.HAL_HCD_ResetPort
                0x0000000008002f88        0x6 ./Drivers/STM32F4xx_HAL_Driver/Src/stm32f4xx_hal_hcd.o
                0x0000000008002f88                HAL_HCD_ResetPort
 .text.HAL_HCD_HC_GetURBState
                0x0000000008002f8e        0xc ./Drivers/STM32F4xx_HAL_Driver/Src/stm32f4xx_hal_hcd.o
                0x0000000008002f8e                HAL_HCD_HC_GetURBState
 .text.HAL_HCD_HC_GetXferCount
                0x0000000008002f9a        0xa ./Drivers/STM32F4xx_HAL_Driver/Src/stm32f4xx_hal_hcd.o
                0x0000000008002f9a                HAL_HCD_HC_GetXferCount
 .text.HAL_HCD_GetCurrentFrame
                0x0000000008002fa4        0x6 ./Drivers/STM32F4xx_HAL_Driver/Src/stm32f4xx_hal_hcd.o
                0x0000000008002fa4                HAL_HCD_GetCurrentFrame
 .text.HAL_HCD_GetCurrentSpeed
                0x0000000008002faa        0x6 ./Drivers/STM32F4xx_HAL_Driver/Src/stm32f4xx_hal_hcd.o
                0x0000000008002faa                HAL_HCD_GetCurrentSpeed
 .text.I2C_IsAcknowledgeFailed
                0x0000000008002fb0       0x34 ./Drivers/STM32F4xx_HAL_Driver/Src/stm32f4xx_hal_i2c.o
 .text.I2C_WaitOnMasterAddressFlagUntilTimeout
                0x0000000008002fe4       0x76 ./Drivers/STM32F4xx_HAL_Driver/Src/stm32f4xx_hal_i2c.o
 .text.I2C_WaitOnBTFFlagUntilTimeout
                0x000000000800305a       0x4c ./Drivers/STM32F4xx_HAL_Driver/Src/stm32f4xx_hal_i2c.o
 .text.I2C_WaitOnRXNEFlagUntilTimeout
                0x00000000080030a6       0x5e ./Drivers/STM32F4xx_HAL_Driver/Src/stm32f4xx_hal_i2c.o
 .text.I2C_WaitOnFlagUntilTimeout
                0x0000000008003104       0x64 ./Drivers/STM32F4xx_HAL_Driver/Src/stm32f4xx_hal_i2c.o
 .text.I2C_WaitOnTXEFlagUntilTimeout
                0x0000000008003168       0x4c ./Drivers/STM32F4xx_HAL_Driver/Src/stm32f4xx_hal_i2c.o
 .text.HAL_I2C_Init
                0x00000000080031b4      0x150 ./Drivers/STM32F4xx_HAL_Driver/Src/stm32f4xx_hal_i2c.o
                0x00000000080031b4                HAL_I2C_Init
 .text.HAL_I2C_Master_Transmit
                0x0000000008003304      0x1b0 ./Drivers/STM32F4xx_HAL_Driver/Src/stm32f4xx_hal_i2c.o
                0x0000000008003304                HAL_I2C_Master_Transmit
 .text.HAL_I2C_Master_Receive
                0x00000000080034b4      0x2e0 ./Drivers/STM32F4xx_HAL_Driver/Src/stm32f4xx_hal_i2c.o
                0x00000000080034b4                HAL_I2C_Master_Receive
 .text.I2S_WaitFlagStateUntilTimeout
                0x0000000008003794       0x4a ./Drivers/STM32F4xx_HAL_Driver/Src/stm32f4xx_hal_i2s.o
 *fill*         0x00000000080037de        0x2 
 .text.HAL_I2S_Init
                0x00000000080037e0      0x134 ./Drivers/STM32F4xx_HAL_Driver/Src/stm32f4xx_hal_i2s.o
                0x00000000080037e0                HAL_I2S_Init
 .text.HAL_I2S_Transmit_DMA
                0x0000000008003914       0xc8 ./Drivers/STM32F4xx_HAL_Driver/Src/stm32f4xx_hal_i2s.o
                0x0000000008003914                HAL_I2S_Transmit_DMA
 .text.HAL_I2S_DMAStop
                0x00000000080039dc      0x1ec ./Drivers/STM32F4xx_HAL_Driver/Src/stm32f4xx_hal_i2s.o
                0x00000000080039dc                HAL_I2S_DMAStop
 .text.I2S_DMATxHalfCplt
                0x0000000008003bc8        0xa ./Drivers/STM32F4xx_HAL_Driver/Src/stm32f4xx_hal_i2s.o
 .text.I2S_DMATxCplt
                0x0000000008003bd2       0x22 ./Drivers/STM32F4xx_HAL_Driver/Src/stm32f4xx_hal_i2s.o
 .text.HAL_I2S_RxCpltCallback
                0x0000000008003bf4        0x2 ./Drivers/STM32F4xx_HAL_Driver/Src/stm32f4xx_hal_i2s.o
                0x0000000008003bf4                HAL_I2S_RxCpltCallback
 .text.HAL_I2S_ErrorCallback
                0x0000000008003bf6        0x2 ./Drivers/STM32F4xx_HAL_Driver/Src/stm32f4xx_hal_i2s.o
                0x0000000008003bf6                HAL_I2S_ErrorCallback
 .text.I2S_IRQHandler
                0x0000000008003bf8       0xfa ./Drivers/STM32F4xx_HAL_Driver/Src/stm32f4xx_hal_i2s.o
 .text.I2S_DMAError
                0x0000000008003cf2       0x28 ./Drivers/STM32F4xx_HAL_Driver/Src/stm32f4xx_hal_i2s.o
 .text.HAL_I2SEx_TxRxCpltCallback
                0x0000000008003d1a        0x2 ./Drivers/STM32F4xx_HAL_Driver/Src/stm32f4xx_hal_i2s_ex.o
                0x0000000008003d1a                HAL_I2SEx_TxRxCpltCallback
 .text.HAL_I2SEx_FullDuplex_IRQHandler
                0x0000000008003d1c      0x248 ./Drivers/STM32F4xx_HAL_Driver/Src/stm32f4xx_hal_i2s_ex.o
                0x0000000008003d1c                HAL_I2SEx_FullDuplex_IRQHandler
 .text.HAL_RCC_OscConfig
                0x0000000008003f64      0x358 ./Drivers/STM32F4xx_HAL_Driver/Src/stm32f4xx_hal_rcc.o
                0x0000000008003f64                HAL_RCC_OscConfig
 .text.HAL_RCC_GetSysClockFreq
                0x00000000080042bc       0x5c ./Drivers/STM32F4xx_HAL_Driver/Src/stm32f4xx_hal_rcc.o
                0x00000000080042bc                HAL_RCC_GetSysClockFreq
 .text.HAL_RCC_ClockConfig
                0x0000000008004318      0x138 ./Drivers/STM32F4xx_HAL_Driver/Src/stm32f4xx_hal_rcc.o
                0x0000000008004318                HAL_RCC_ClockConfig
 .text.HAL_RCC_GetPCLK1Freq
                0x0000000008004450       0x20 ./Drivers/STM32F4xx_HAL_Driver/Src/stm32f4xx_hal_rcc.o
                0x0000000008004450                HAL_RCC_GetPCLK1Freq
 .text.HAL_RCC_GetPCLK2Freq
                0x0000000008004470       0x20 ./Drivers/STM32F4xx_HAL_Driver/Src/stm32f4xx_hal_rcc.o
                0x0000000008004470                HAL_RCC_GetPCLK2Freq
 .text.HAL_RCC_GetClockConfig
                0x0000000008004490       0x3c ./Drivers/STM32F4xx_HAL_Driver/Src/stm32f4xx_hal_rcc.o
                0x0000000008004490                HAL_RCC_GetClockConfig
 .text.HAL_RCCEx_PeriphCLKConfig
                0x00000000080044cc      0x130 ./Drivers/STM32F4xx_HAL_Driver/Src/stm32f4xx_hal_rcc_ex.o
                0x00000000080044cc                HAL_RCCEx_PeriphCLKConfig
 .text.HAL_RCCEx_GetPeriphCLKConfig
                0x00000000080045fc       0x30 ./Drivers/STM32F4xx_HAL_Driver/Src/stm32f4xx_hal_rcc_ex.o
                0x00000000080045fc                HAL_RCCEx_GetPeriphCLKConfig
 .text.HAL_RCCEx_GetPeriphCLKFreq
                0x000000000800462c       0x4c ./Drivers/STM32F4xx_HAL_Driver/Src/stm32f4xx_hal_rcc_ex.o
                0x000000000800462c                HAL_RCCEx_GetPeriphCLKFreq
 .text.HAL_TIM_Base_Start_IT
                0x0000000008004678       0x74 ./Drivers/STM32F4xx_HAL_Driver/Src/stm32f4xx_hal_tim.o
                0x0000000008004678                HAL_TIM_Base_Start_IT
 .text.HAL_TIM_OC_DelayElapsedCallback
                0x00000000080046ec        0x2 ./Drivers/STM32F4xx_HAL_Driver/Src/stm32f4xx_hal_tim.o
                0x00000000080046ec                HAL_TIM_OC_DelayElapsedCallback
 .text.HAL_TIM_IC_CaptureCallback
                0x00000000080046ee        0x2 ./Drivers/STM32F4xx_HAL_Driver/Src/stm32f4xx_hal_tim.o
                0x00000000080046ee                HAL_TIM_IC_CaptureCallback
 .text.HAL_TIM_PWM_PulseFinishedCallback
                0x00000000080046f0        0x2 ./Drivers/STM32F4xx_HAL_Driver/Src/stm32f4xx_hal_tim.o
                0x00000000080046f0                HAL_TIM_PWM_PulseFinishedCallback
 .text.HAL_TIM_TriggerCallback
                0x00000000080046f2        0x2 ./Drivers/STM32F4xx_HAL_Driver/Src/stm32f4xx_hal_tim.o
                0x00000000080046f2                HAL_TIM_TriggerCallback
 .text.HAL_TIM_IRQHandler
                0x00000000080046f4      0x144 ./Drivers/STM32F4xx_HAL_Driver/Src/stm32f4xx_hal_tim.o
                0x00000000080046f4                HAL_TIM_IRQHandler
 .text.TIM_Base_SetConfig
                0x0000000008004838       0xcc ./Drivers/STM32F4xx_HAL_Driver/Src/stm32f4xx_hal_tim.o
                0x0000000008004838                TIM_Base_SetConfig
 .text.HAL_TIM_Base_Init
                0x0000000008004904       0x58 ./Drivers/STM32F4xx_HAL_Driver/Src/stm32f4xx_hal_tim.o
                0x0000000008004904                HAL_TIM_Base_Init
 .text.TIM_ETR_SetConfig
                0x000000000800495c       0x14 ./Drivers/STM32F4xx_HAL_Driver/Src/stm32f4xx_hal_tim.o
                0x000000000800495c                TIM_ETR_SetConfig
 .text.HAL_TIM_ConfigClockSource
                0x0000000008004970      0x138 ./Drivers/STM32F4xx_HAL_Driver/Src/stm32f4xx_hal_tim.o
                0x0000000008004970                HAL_TIM_ConfigClockSource
 .text.HAL_TIMEx_MasterConfigSynchronization
                0x0000000008004aa8       0x7c ./Drivers/STM32F4xx_HAL_Driver/Src/stm32f4xx_hal_tim_ex.o
                0x0000000008004aa8                HAL_TIMEx_MasterConfigSynchronization
 .text.HAL_TIMEx_CommutCallback
                0x0000000008004b24        0x2 ./Drivers/STM32F4xx_HAL_Driver/Src/stm32f4xx_hal_tim_ex.o
                0x0000000008004b24                HAL_TIMEx_CommutCallback
 .text.HAL_TIMEx_BreakCallback
                0x0000000008004b26        0x2 ./Drivers/STM32F4xx_HAL_Driver/Src/stm32f4xx_hal_tim_ex.o
                0x0000000008004b26                HAL_TIMEx_BreakCallback
 .text.USB_CoreReset
                0x0000000008004b28       0x48 ./Drivers/STM32F4xx_HAL_Driver/Src/stm32f4xx_ll_usb.o
 .text.USB_CoreInit
                0x0000000008004b70       0x80 ./Drivers/STM32F4xx_HAL_Driver/Src/stm32f4xx_ll_usb.o
                0x0000000008004b70                USB_CoreInit
 .text.USB_EnableGlobalInt
                0x0000000008004bf0        0xc ./Drivers/STM32F4xx_HAL_Driver/Src/stm32f4xx_ll_usb.o
                0x0000000008004bf0                USB_EnableGlobalInt
 .text.USB_DisableGlobalInt
                0x0000000008004bfc        0xc ./Drivers/STM32F4xx_HAL_Driver/Src/stm32f4xx_ll_usb.o
                0x0000000008004bfc                USB_DisableGlobalInt
 .text.USB_SetCurrentMode
                0x0000000008004c08       0x60 ./Drivers/STM32F4xx_HAL_Driver/Src/stm32f4xx_ll_usb.o
                0x0000000008004c08                USB_SetCurrentMode
 .text.USB_FlushTxFifo
                0x0000000008004c68       0x30 ./Drivers/STM32F4xx_HAL_Driver/Src/stm32f4xx_ll_usb.o
                0x0000000008004c68                USB_FlushTxFifo
 .text.USB_FlushRxFifo
                0x0000000008004c98       0x2c ./Drivers/STM32F4xx_HAL_Driver/Src/stm32f4xx_ll_usb.o
                0x0000000008004c98                USB_FlushRxFifo
 .text.USB_WritePacket
                0x0000000008004cc4       0x26 ./Drivers/STM32F4xx_HAL_Driver/Src/stm32f4xx_ll_usb.o
                0x0000000008004cc4                USB_WritePacket
 .text.USB_ReadPacket
                0x0000000008004cea       0x46 ./Drivers/STM32F4xx_HAL_Driver/Src/stm32f4xx_ll_usb.o
                0x0000000008004cea                USB_ReadPacket
 .text.USB_ReadInterrupts
                0x0000000008004d30        0x8 ./Drivers/STM32F4xx_HAL_Driver/Src/stm32f4xx_ll_usb.o
                0x0000000008004d30                USB_ReadInterrupts
 .text.USB_GetMode
                0x0000000008004d38        0x8 ./Drivers/STM32F4xx_HAL_Driver/Src/stm32f4xx_ll_usb.o
                0x0000000008004d38                USB_GetMode
 .text.USB_HostInit
                0x0000000008004d40       0xcc ./Drivers/STM32F4xx_HAL_Driver/Src/stm32f4xx_ll_usb.o
                0x0000000008004d40                USB_HostInit
 .text.USB_InitFSLSPClkSel
                0x0000000008004e0c       0x38 ./Drivers/STM32F4xx_HAL_Driver/Src/stm32f4xx_ll_usb.o
                0x0000000008004e0c                USB_InitFSLSPClkSel
 .text.USB_ResetPort
                0x0000000008004e44       0x3c ./Drivers/STM32F4xx_HAL_Driver/Src/stm32f4xx_ll_usb.o
                0x0000000008004e44                USB_ResetPort
 .text.USB_DriveVbus
                0x0000000008004e80       0x40 ./Drivers/STM32F4xx_HAL_Driver/Src/stm32f4xx_ll_usb.o
                0x0000000008004e80                USB_DriveVbus
 .text.USB_GetHostSpeed
                0x0000000008004ec0       0x16 ./Drivers/STM32F4xx_HAL_Driver/Src/stm32f4xx_ll_usb.o
                0x0000000008004ec0                USB_GetHostSpeed
 .text.USB_GetCurrentFrame
                0x0000000008004ed6        0xa ./Drivers/STM32F4xx_HAL_Driver/Src/stm32f4xx_ll_usb.o
                0x0000000008004ed6                USB_GetCurrentFrame
 .text.USB_HC_Init
                0x0000000008004ee0       0xf4 ./Drivers/STM32F4xx_HAL_Driver/Src/stm32f4xx_ll_usb.o
                0x0000000008004ee0                USB_HC_Init
 .text.USB_HC_ReadInterrupt
                0x0000000008004fd4        0xa ./Drivers/STM32F4xx_HAL_Driver/Src/stm32f4xx_ll_usb.o
                0x0000000008004fd4                USB_HC_ReadInterrupt
 .text.USB_HC_Halt
                0x0000000008004fde       0xbe ./Drivers/STM32F4xx_HAL_Driver/Src/stm32f4xx_ll_usb.o
                0x0000000008004fde                USB_HC_Halt
 .text.USB_DoPing
                0x000000000800509c       0x24 ./Drivers/STM32F4xx_HAL_Driver/Src/stm32f4xx_ll_usb.o
                0x000000000800509c                USB_DoPing
 .text.USB_HC_StartXfer
                0x00000000080050c0      0x14e ./Drivers/STM32F4xx_HAL_Driver/Src/stm32f4xx_ll_usb.o
                0x00000000080050c0                USB_HC_StartXfer
 .text.USB_StopHost
                0x000000000800520e       0x6c ./Drivers/STM32F4xx_HAL_Driver/Src/stm32f4xx_ll_usb.o
                0x000000000800520e                USB_StopHost
 *fill*         0x000000000800527a        0x2 
 .text.MX_FATFS_Init
                0x000000000800527c       0x1c ./FATFS/App/fatfs.o
                0x000000000800527c                MX_FATFS_Init
 .text.get_fattime
                0x0000000008005298        0x4 ./FATFS/App/fatfs.o
                0x0000000008005298                get_fattime
 .text.USBH_initialize
                0x000000000800529c        0x4 ./FATFS/Target/usbh_diskio.o
                0x000000000800529c                USBH_initialize
 .text.USBH_status
                0x00000000080052a0       0x18 ./FATFS/Target/usbh_diskio.o
                0x00000000080052a0                USBH_status
 .text.USBH_read
                0x00000000080052b8       0x40 ./FATFS/Target/usbh_diskio.o
                0x00000000080052b8                USBH_read
 .text.USBH_ioctl
                0x00000000080052f8       0x60 ./FATFS/Target/usbh_diskio.o
                0x00000000080052f8                USBH_ioctl
 .text.USBH_write
                0x0000000008005358       0x48 ./FATFS/Target/usbh_diskio.o
                0x0000000008005358                USBH_write
 .text.USBH_MSC_SOFProcess
                0x00000000080053a0        0x4 ./Middlewares/ST/STM32_USB_Host_Library/Class/MSC/Src/usbh_msc.o
 .text.USBH_MSC_Process
                0x00000000080053a4      0x1bc ./Middlewares/ST/STM32_USB_Host_Library/Class/MSC/Src/usbh_msc.o
 .text.USBH_MSC_ClassRequest
                0x0000000008005560       0x68 ./Middlewares/ST/STM32_USB_Host_Library/Class/MSC/Src/usbh_msc.o
 .text.USBH_MSC_InterfaceDeInit
                0x00000000080055c8       0x4c ./Middlewares/ST/STM32_USB_Host_Library/Class/MSC/Src/usbh_msc.o
 .text.USBH_MSC_InterfaceInit
                0x0000000008005614      0x104 ./Middlewares/ST/STM32_USB_Host_Library/Class/MSC/Src/usbh_msc.o
 .text.USBH_MSC_RdWrProcess
                0x0000000008005718       0x74 ./Middlewares/ST/STM32_USB_Host_Library/Class/MSC/Src/usbh_msc.o
 .text.USBH_MSC_UnitIsReady
                0x000000000800578c       0x22 ./Middlewares/ST/STM32_USB_Host_Library/Class/MSC/Src/usbh_msc.o
                0x000000000800578c                USBH_MSC_UnitIsReady
 .text.USBH_MSC_GetLUNInfo
                0x00000000080057ae       0x30 ./Middlewares/ST/STM32_USB_Host_Library/Class/MSC/Src/usbh_msc.o
                0x00000000080057ae                USBH_MSC_GetLUNInfo
 .text.USBH_MSC_Read
                0x00000000080057de       0x86 ./Middlewares/ST/STM32_USB_Host_Library/Class/MSC/Src/usbh_msc.o
                0x00000000080057de                USBH_MSC_Read
 .text.USBH_MSC_Write
                0x0000000008005864       0x86 ./Middlewares/ST/STM32_USB_Host_Library/Class/MSC/Src/usbh_msc.o
                0x0000000008005864                USBH_MSC_Write
 .text.USBH_MSC_BOT_REQ_Reset
                0x00000000080058ea       0x10 ./Middlewares/ST/STM32_USB_Host_Library/Class/MSC/Src/usbh_msc_bot.o
                0x00000000080058ea                USBH_MSC_BOT_REQ_Reset
 .text.USBH_MSC_BOT_REQ_GetMaxLUN
                0x00000000080058fa       0x12 ./Middlewares/ST/STM32_USB_Host_Library/Class/MSC/Src/usbh_msc_bot.o
                0x00000000080058fa                USBH_MSC_BOT_REQ_GetMaxLUN
 .text.USBH_MSC_BOT_Init
                0x000000000800590c       0x24 ./Middlewares/ST/STM32_USB_Host_Library/Class/MSC/Src/usbh_msc_bot.o
                0x000000000800590c                USBH_MSC_BOT_Init
 .text.USBH_MSC_BOT_Process
                0x0000000008005930      0x1cc ./Middlewares/ST/STM32_USB_Host_Library/Class/MSC/Src/usbh_msc_bot.o
                0x0000000008005930                USBH_MSC_BOT_Process
 .text.USBH_MSC_SCSI_TestUnitReady
                0x0000000008005afc       0x46 ./Middlewares/ST/STM32_USB_Host_Library/Class/MSC/Src/usbh_msc_scsi.o
                0x0000000008005afc                USBH_MSC_SCSI_TestUnitReady
 .text.USBH_MSC_SCSI_ReadCapacity
                0x0000000008005b42       0x6a ./Middlewares/ST/STM32_USB_Host_Library/Class/MSC/Src/usbh_msc_scsi.o
                0x0000000008005b42                USBH_MSC_SCSI_ReadCapacity
 .text.USBH_MSC_SCSI_Inquiry
                0x0000000008005bac       0xcc ./Middlewares/ST/STM32_USB_Host_Library/Class/MSC/Src/usbh_msc_scsi.o
                0x0000000008005bac                USBH_MSC_SCSI_Inquiry
 .text.USBH_MSC_SCSI_RequestSense
                0x0000000008005c78       0x90 ./Middlewares/ST/STM32_USB_Host_Library/Class/MSC/Src/usbh_msc_scsi.o
                0x0000000008005c78                USBH_MSC_SCSI_RequestSense
 .text.USBH_MSC_SCSI_Write
                0x0000000008005d08       0x7e ./Middlewares/ST/STM32_USB_Host_Library/Class/MSC/Src/usbh_msc_scsi.o
                0x0000000008005d08                USBH_MSC_SCSI_Write
 .text.USBH_MSC_SCSI_Read
                0x0000000008005d86       0x80 ./Middlewares/ST/STM32_USB_Host_Library/Class/MSC/Src/usbh_msc_scsi.o
                0x0000000008005d86                USBH_MSC_SCSI_Read
 .text.DeInitStateMachine
                0x0000000008005e06       0x42 ./Middlewares/ST/STM32_USB_Host_Library/Core/Src/usbh_core.o
 .text.USBH_Init
                0x0000000008005e48       0x3a ./Middlewares/ST/STM32_USB_Host_Library/Core/Src/usbh_core.o
                0x0000000008005e48                USBH_Init
 .text.USBH_RegisterClass
                0x0000000008005e82       0x1a ./Middlewares/ST/STM32_USB_Host_Library/Core/Src/usbh_core.o
                0x0000000008005e82                USBH_RegisterClass
 .text.USBH_SelectInterface
                0x0000000008005e9c       0x12 ./Middlewares/ST/STM32_USB_Host_Library/Core/Src/usbh_core.o
                0x0000000008005e9c                USBH_SelectInterface
 .text.USBH_FindInterface
                0x0000000008005eae       0x38 ./Middlewares/ST/STM32_USB_Host_Library/Core/Src/usbh_core.o
                0x0000000008005eae                USBH_FindInterface
 .text.USBH_Start
                0x0000000008005ee6       0x14 ./Middlewares/ST/STM32_USB_Host_Library/Core/Src/usbh_core.o
                0x0000000008005ee6                USBH_Start
 .text.USBH_Process
                0x0000000008005efa      0x3d0 ./Middlewares/ST/STM32_USB_Host_Library/Core/Src/usbh_core.o
                0x0000000008005efa                USBH_Process
 .text.USBH_LL_SetTimer
                0x00000000080062ca        0x6 ./Middlewares/ST/STM32_USB_Host_Library/Core/Src/usbh_core.o
                0x00000000080062ca                USBH_LL_SetTimer
 .text.USBH_LL_IncTimer
                0x00000000080062d0       0x1c ./Middlewares/ST/STM32_USB_Host_Library/Core/Src/usbh_core.o
                0x00000000080062d0                USBH_LL_IncTimer
 .text.USBH_LL_PortEnabled
                0x00000000080062ec        0x8 ./Middlewares/ST/STM32_USB_Host_Library/Core/Src/usbh_core.o
                0x00000000080062ec                USBH_LL_PortEnabled
 .text.USBH_LL_PortDisabled
                0x00000000080062f4        0x8 ./Middlewares/ST/STM32_USB_Host_Library/Core/Src/usbh_core.o
                0x00000000080062f4                USBH_LL_PortDisabled
 .text.USBH_LL_Connect
                0x00000000080062fc       0x14 ./Middlewares/ST/STM32_USB_Host_Library/Core/Src/usbh_core.o
                0x00000000080062fc                USBH_LL_Connect
 .text.USBH_LL_Disconnect
                0x0000000008006310       0x2c ./Middlewares/ST/STM32_USB_Host_Library/Core/Src/usbh_core.o
                0x0000000008006310                USBH_LL_Disconnect
 .text.USBH_CtlReq
                0x000000000800633c      0x176 ./Middlewares/ST/STM32_USB_Host_Library/Core/Src/usbh_ctlreq.o
                0x000000000800633c                USBH_CtlReq
 .text.USBH_GetDescriptor
                0x00000000080064b2       0x38 ./Middlewares/ST/STM32_USB_Host_Library/Core/Src/usbh_ctlreq.o
                0x00000000080064b2                USBH_GetDescriptor
 .text.USBH_Get_DevDesc
                0x00000000080064ea       0x90 ./Middlewares/ST/STM32_USB_Host_Library/Core/Src/usbh_ctlreq.o
                0x00000000080064ea                USBH_Get_DevDesc
 .text.USBH_Get_CfgDesc
                0x000000000800657a      0x11a ./Middlewares/ST/STM32_USB_Host_Library/Core/Src/usbh_ctlreq.o
                0x000000000800657a                USBH_Get_CfgDesc
 .text.USBH_Get_StringDesc
                0x0000000008006694       0x4e ./Middlewares/ST/STM32_USB_Host_Library/Core/Src/usbh_ctlreq.o
                0x0000000008006694                USBH_Get_StringDesc
 .text.USBH_SetAddress
                0x00000000080066e2       0x1a ./Middlewares/ST/STM32_USB_Host_Library/Core/Src/usbh_ctlreq.o
                0x00000000080066e2                USBH_SetAddress
 .text.USBH_SetCfg
                0x00000000080066fc       0x1a ./Middlewares/ST/STM32_USB_Host_Library/Core/Src/usbh_ctlreq.o
                0x00000000080066fc                USBH_SetCfg
 .text.USBH_SetFeature
                0x0000000008006716       0x1a ./Middlewares/ST/STM32_USB_Host_Library/Core/Src/usbh_ctlreq.o
                0x0000000008006716                USBH_SetFeature
 .text.USBH_ClrFeature
                0x0000000008006730       0x1a ./Middlewares/ST/STM32_USB_Host_Library/Core/Src/usbh_ctlreq.o
                0x0000000008006730                USBH_ClrFeature
 .text.USBH_CtlSendSetup
                0x000000000800674a       0x20 ./Middlewares/ST/STM32_USB_Host_Library/Core/Src/usbh_ioreq.o
                0x000000000800674a                USBH_CtlSendSetup
 .text.USBH_CtlSendData
                0x000000000800676a       0x2e ./Middlewares/ST/STM32_USB_Host_Library/Core/Src/usbh_ioreq.o
                0x000000000800676a                USBH_CtlSendData
 .text.USBH_CtlReceiveData
                0x0000000008006798       0x20 ./Middlewares/ST/STM32_USB_Host_Library/Core/Src/usbh_ioreq.o
                0x0000000008006798                USBH_CtlReceiveData
 .text.USBH_BulkSendData
                0x00000000080067b8       0x2e ./Middlewares/ST/STM32_USB_Host_Library/Core/Src/usbh_ioreq.o
                0x00000000080067b8                USBH_BulkSendData
 .text.USBH_BulkReceiveData
                0x00000000080067e6       0x20 ./Middlewares/ST/STM32_USB_Host_Library/Core/Src/usbh_ioreq.o
                0x00000000080067e6                USBH_BulkReceiveData
 .text.USBH_OpenPipe
                0x0000000008006806       0x1e ./Middlewares/ST/STM32_USB_Host_Library/Core/Src/usbh_pipes.o
                0x0000000008006806                USBH_OpenPipe
 .text.USBH_ClosePipe
                0x0000000008006824        0xa ./Middlewares/ST/STM32_USB_Host_Library/Core/Src/usbh_pipes.o
                0x0000000008006824                USBH_ClosePipe
 .text.USBH_AllocPipe
                0x000000000800682e       0x30 ./Middlewares/ST/STM32_USB_Host_Library/Core/Src/usbh_pipes.o
                0x000000000800682e                USBH_AllocPipe
 .text.USBH_FreePipe
                0x000000000800685e       0x1c ./Middlewares/ST/STM32_USB_Host_Library/Core/Src/usbh_pipes.o
                0x000000000800685e                USBH_FreePipe
 *fill*         0x000000000800687a        0x2 
 .text.disk_status
                0x000000000800687c       0x14 ./Middlewares/Third_Party/FatFs/src/diskio.o
                0x000000000800687c                disk_status
 .text.disk_initialize
                0x0000000008006890       0x20 ./Middlewares/Third_Party/FatFs/src/diskio.o
                0x0000000008006890                disk_initialize
 .text.disk_read
                0x00000000080068b0       0x1c ./Middlewares/Third_Party/FatFs/src/diskio.o
                0x00000000080068b0                disk_read
 .text.disk_write
                0x00000000080068cc       0x1c ./Middlewares/Third_Party/FatFs/src/diskio.o
                0x00000000080068cc                disk_write
 .text.disk_ioctl
                0x00000000080068e8       0x1c ./Middlewares/Third_Party/FatFs/src/diskio.o
                0x00000000080068e8                disk_ioctl
 .text.ld_dword
                0x0000000008006904       0x10 ./Middlewares/Third_Party/FatFs/src/ff.o
 .text.st_dword
                0x0000000008006914       0x10 ./Middlewares/Third_Party/FatFs/src/ff.o
 .text.mem_set  0x0000000008006924        0xc ./Middlewares/Third_Party/FatFs/src/ff.o
 .text.chk_lock
                0x0000000008006930       0x74 ./Middlewares/Third_Party/FatFs/src/ff.o
 .text.inc_lock
                0x00000000080069a4       0x84 ./Middlewares/Third_Party/FatFs/src/ff.o
 .text.dec_lock
                0x0000000008006a28       0x3c ./Middlewares/Third_Party/FatFs/src/ff.o
 .text.clust2sect
                0x0000000008006a64       0x16 ./Middlewares/Third_Party/FatFs/src/ff.o
 .text.clmt_clust
                0x0000000008006a7a       0x22 ./Middlewares/Third_Party/FatFs/src/ff.o
 .text.get_ldnumber
                0x0000000008006a9c       0x30 ./Middlewares/Third_Party/FatFs/src/ff.o
 .text.validate
                0x0000000008006acc       0x34 ./Middlewares/Third_Party/FatFs/src/ff.o
 .text.mem_cpy.part.0
                0x0000000008006b00       0x12 ./Middlewares/Third_Party/FatFs/src/ff.o
 .text.ld_clust.isra.0
                0x0000000008006b12       0x1c ./Middlewares/Third_Party/FatFs/src/ff.o
 .text.st_clust.isra.0
                0x0000000008006b2e       0x18 ./Middlewares/Third_Party/FatFs/src/ff.o
 .text.sync_window.part.0
                0x0000000008006b46       0x4c ./Middlewares/Third_Party/FatFs/src/ff.o
 .text.sync_window
                0x0000000008006b92        0xc ./Middlewares/Third_Party/FatFs/src/ff.o
 .text.move_window
                0x0000000008006b9e       0x32 ./Middlewares/Third_Party/FatFs/src/ff.o
 .text.check_fs
                0x0000000008006bd0       0x7c ./Middlewares/Third_Party/FatFs/src/ff.o
 .text.find_volume
                0x0000000008006c4c      0x2d4 ./Middlewares/Third_Party/FatFs/src/ff.o
 .text.put_fat  0x0000000008006f20       0xfa ./Middlewares/Third_Party/FatFs/src/ff.o
 .text.get_fat.isra.0
                0x000000000800701a       0xb4 ./Middlewares/Third_Party/FatFs/src/ff.o
 .text.create_chain
                0x00000000080070ce       0xb0 ./Middlewares/Third_Party/FatFs/src/ff.o
 .text.remove_chain
                0x000000000800717e       0x70 ./Middlewares/Third_Party/FatFs/src/ff.o
 .text.sync_fs  0x00000000080071ee       0x96 ./Middlewares/Third_Party/FatFs/src/ff.o
 .text.dir_sdi.constprop.0
                0x0000000008007284       0x64 ./Middlewares/Third_Party/FatFs/src/ff.o
 .text.dir_next
                0x00000000080072e8       0xea ./Middlewares/Third_Party/FatFs/src/ff.o
 *fill*         0x00000000080073d2        0x2 
 .text.follow_path
                0x00000000080073d4      0x17c ./Middlewares/Third_Party/FatFs/src/ff.o
 .text.dir_register
                0x0000000008007550       0x62 ./Middlewares/Third_Party/FatFs/src/ff.o
 *fill*         0x00000000080075b2        0x2 
 .text.f_mount  0x00000000080075b4       0x68 ./Middlewares/Third_Party/FatFs/src/ff.o
                0x00000000080075b4                f_mount
 .text.f_open   0x000000000800761c      0x200 ./Middlewares/Third_Party/FatFs/src/ff.o
                0x000000000800761c                f_open
 .text.f_read   0x000000000800781c      0x166 ./Middlewares/Third_Party/FatFs/src/ff.o
                0x000000000800781c                f_read
 .text.f_sync   0x0000000008007982       0x92 ./Middlewares/Third_Party/FatFs/src/ff.o
                0x0000000008007982                f_sync
 .text.f_close  0x0000000008007a14       0x22 ./Middlewares/Third_Party/FatFs/src/ff.o
                0x0000000008007a14                f_close
 .text.f_lseek  0x0000000008007a36      0x21a ./Middlewares/Third_Party/FatFs/src/ff.o
                0x0000000008007a36                f_lseek
 .text.FATFS_LinkDriverEx
                0x0000000008007c50       0x40 ./Middlewares/Third_Party/FatFs/src/ff_gen_drv.o
                0x0000000008007c50                FATFS_LinkDriverEx
 .text.FATFS_LinkDriver
                0x0000000008007c90        0x6 ./Middlewares/Third_Party/FatFs/src/ff_gen_drv.o
                0x0000000008007c90                FATFS_LinkDriver
 *fill*         0x0000000008007c96        0x2 
 .text.USBH_UserProcess
                0x0000000008007c98       0x24 ./USB_HOST/App/usb_host.o
 .text.MX_USB_HOST_Init
                0x0000000008007cbc       0x40 ./USB_HOST/App/usb_host.o
                0x0000000008007cbc                MX_USB_HOST_Init
 .text.MX_USB_HOST_Process
                0x0000000008007cfc        0xc ./USB_HOST/App/usb_host.o
                0x0000000008007cfc                MX_USB_HOST_Process
 .text.HAL_HCD_MspInit
                0x0000000008007d08       0x98 ./USB_HOST/Target/usbh_conf.o
                0x0000000008007d08                HAL_HCD_MspInit
 .text.HAL_HCD_SOF_Callback
                0x0000000008007da0        0x8 ./USB_HOST/Target/usbh_conf.o
                0x0000000008007da0                HAL_HCD_SOF_Callback
 .text.HAL_HCD_Connect_Callback
                0x0000000008007da8        0x8 ./USB_HOST/Target/usbh_conf.o
                0x0000000008007da8                HAL_HCD_Connect_Callback
 .text.HAL_HCD_Disconnect_Callback
                0x0000000008007db0        0x8 ./USB_HOST/Target/usbh_conf.o
                0x0000000008007db0                HAL_HCD_Disconnect_Callback
 .text.HAL_HCD_HC_NotifyURBChange_Callback
                0x0000000008007db8        0x2 ./USB_HOST/Target/usbh_conf.o
                0x0000000008007db8                HAL_HCD_HC_NotifyURBChange_Callback
 .text.HAL_HCD_PortEnabled_Callback
                0x0000000008007dba        0x8 ./USB_HOST/Target/usbh_conf.o
                0x0000000008007dba                HAL_HCD_PortEnabled_Callback
 .text.HAL_HCD_PortDisabled_Callback
                0x0000000008007dc2        0x8 ./USB_HOST/Target/usbh_conf.o
                0x0000000008007dc2                HAL_HCD_PortDisabled_Callback
 *fill*         0x0000000008007dca        0x2 
 .text.USBH_LL_Init
                0x0000000008007dcc       0x4c ./USB_HOST/Target/usbh_conf.o
                0x0000000008007dcc                USBH_LL_Init
 .text.USBH_LL_Start
                0x0000000008007e18       0x1c ./USB_HOST/Target/usbh_conf.o
                0x0000000008007e18                USBH_LL_Start
 .text.USBH_LL_Stop
                0x0000000008007e34       0x1c ./USB_HOST/Target/usbh_conf.o
                0x0000000008007e34                USBH_LL_Stop
 .text.USBH_LL_GetSpeed
                0x0000000008007e50       0x14 ./USB_HOST/Target/usbh_conf.o
                0x0000000008007e50                USBH_LL_GetSpeed
 .text.USBH_LL_ResetPort
                0x0000000008007e64       0x1c ./USB_HOST/Target/usbh_conf.o
                0x0000000008007e64                USBH_LL_ResetPort
 .text.USBH_LL_GetLastXferSize
                0x0000000008007e80        0x8 ./USB_HOST/Target/usbh_conf.o
                0x0000000008007e80                USBH_LL_GetLastXferSize
 .text.USBH_LL_OpenPipe
                0x0000000008007e88       0x30 ./USB_HOST/Target/usbh_conf.o
                0x0000000008007e88                USBH_LL_OpenPipe
 .text.USBH_LL_ClosePipe
                0x0000000008007eb8       0x1c ./USB_HOST/Target/usbh_conf.o
                0x0000000008007eb8                USBH_LL_ClosePipe
 .text.USBH_LL_SubmitURB
                0x0000000008007ed4       0x34 ./USB_HOST/Target/usbh_conf.o
                0x0000000008007ed4                USBH_LL_SubmitURB
 .text.USBH_LL_GetURBState
                0x0000000008007f08        0x8 ./USB_HOST/Target/usbh_conf.o
                0x0000000008007f08                USBH_LL_GetURBState
 .text.USBH_LL_DriverVBUS
                0x0000000008007f10        0xc ./USB_HOST/Target/usbh_conf.o
                0x0000000008007f10                USBH_LL_DriverVBUS
 .text.USBH_LL_SetToggle
                0x0000000008007f1c       0x1e ./USB_HOST/Target/usbh_conf.o
                0x0000000008007f1c                USBH_LL_SetToggle
 .text.USBH_LL_GetToggle
                0x0000000008007f3a       0x1c ./USB_HOST/Target/usbh_conf.o
                0x0000000008007f3a                USBH_LL_GetToggle
 .text.USBH_Delay
                0x0000000008007f56        0x4 ./USB_HOST/Target/usbh_conf.o
                0x0000000008007f56                USBH_Delay
 *fill*         0x0000000008007f5a        0x2 
 .text.__errno  0x0000000008007f5c        0xc c:/st/stm32cubeide_1.7.0/stm32cubeide/plugins/com.st.stm32cube.ide.mcu.externaltools.gnu-tools-for-stm32.9-2020-q2-update.win32_2.0.0.202105311346/tools/bin/../lib/gcc/arm-none-eabi/9.3.1/../../../../arm-none-eabi/lib/thumb/v7e-m+fp/hard\libc_nano.a(lib_a-errno.o)
                0x0000000008007f5c                __errno
 .text.__libc_init_array
                0x0000000008007f68       0x48 c:/st/stm32cubeide_1.7.0/stm32cubeide/plugins/com.st.stm32cube.ide.mcu.externaltools.gnu-tools-for-stm32.9-2020-q2-update.win32_2.0.0.202105311346/tools/bin/../lib/gcc/arm-none-eabi/9.3.1/../../../../arm-none-eabi/lib/thumb/v7e-m+fp/hard\libc_nano.a(lib_a-init.o)
                0x0000000008007f68                __libc_init_array
 .text.malloc   0x0000000008007fb0       0x10 c:/st/stm32cubeide_1.7.0/stm32cubeide/plugins/com.st.stm32cube.ide.mcu.externaltools.gnu-tools-for-stm32.9-2020-q2-update.win32_2.0.0.202105311346/tools/bin/../lib/gcc/arm-none-eabi/9.3.1/../../../../arm-none-eabi/lib/thumb/v7e-m+fp/hard\libc_nano.a(lib_a-malloc.o)
                0x0000000008007fb0                malloc
 .text.free     0x0000000008007fc0       0x10 c:/st/stm32cubeide_1.7.0/stm32cubeide/plugins/com.st.stm32cube.ide.mcu.externaltools.gnu-tools-for-stm32.9-2020-q2-update.win32_2.0.0.202105311346/tools/bin/../lib/gcc/arm-none-eabi/9.3.1/../../../../arm-none-eabi/lib/thumb/v7e-m+fp/hard\libc_nano.a(lib_a-malloc.o)
                0x0000000008007fc0                free
 .text.memcpy   0x0000000008007fd0       0x1c c:/st/stm32cubeide_1.7.0/stm32cubeide/plugins/com.st.stm32cube.ide.mcu.externaltools.gnu-tools-for-stm32.9-2020-q2-update.win32_2.0.0.202105311346/tools/bin/../lib/gcc/arm-none-eabi/9.3.1/../../../../arm-none-eabi/lib/thumb/v7e-m+fp/hard\libc_nano.a(lib_a-memcpy-stub.o)
                0x0000000008007fd0                memcpy
 .text.memset   0x0000000008007fec       0x10 c:/st/stm32cubeide_1.7.0/stm32cubeide/plugins/com.st.stm32cube.ide.mcu.externaltools.gnu-tools-for-stm32.9-2020-q2-update.win32_2.0.0.202105311346/tools/bin/../lib/gcc/arm-none-eabi/9.3.1/../../../../arm-none-eabi/lib/thumb/v7e-m+fp/hard\libc_nano.a(lib_a-memset.o)
                0x0000000008007fec                memset
 .text._free_r  0x0000000008007ffc       0xa0 c:/st/stm32cubeide_1.7.0/stm32cubeide/plugins/com.st.stm32cube.ide.mcu.externaltools.gnu-tools-for-stm32.9-2020-q2-update.win32_2.0.0.202105311346/tools/bin/../lib/gcc/arm-none-eabi/9.3.1/../../../../arm-none-eabi/lib/thumb/v7e-m+fp/hard\libc_nano.a(lib_a-nano-freer.o)
                0x0000000008007ffc                _free_r
 .text._malloc_r
                0x000000000800809c       0xb4 c:/st/stm32cubeide_1.7.0/stm32cubeide/plugins/com.st.stm32cube.ide.mcu.externaltools.gnu-tools-for-stm32.9-2020-q2-update.win32_2.0.0.202105311346/tools/bin/../lib/gcc/arm-none-eabi/9.3.1/../../../../arm-none-eabi/lib/thumb/v7e-m+fp/hard\libc_nano.a(lib_a-nano-mallocr.o)
                0x000000000800809c                _malloc_r
 .text.rand     0x0000000008008150       0x80 c:/st/stm32cubeide_1.7.0/stm32cubeide/plugins/com.st.stm32cube.ide.mcu.externaltools.gnu-tools-for-stm32.9-2020-q2-update.win32_2.0.0.202105311346/tools/bin/../lib/gcc/arm-none-eabi/9.3.1/../../../../arm-none-eabi/lib/thumb/v7e-m+fp/hard\libc_nano.a(lib_a-rand.o)
                0x0000000008008150                rand
 .text._sbrk_r  0x00000000080081d0       0x20 c:/st/stm32cubeide_1.7.0/stm32cubeide/plugins/com.st.stm32cube.ide.mcu.externaltools.gnu-tools-for-stm32.9-2020-q2-update.win32_2.0.0.202105311346/tools/bin/../lib/gcc/arm-none-eabi/9.3.1/../../../../arm-none-eabi/lib/thumb/v7e-m+fp/hard\libc_nano.a(lib_a-sbrkr.o)
                0x00000000080081d0                _sbrk_r
 .text.__assert_func
                0x00000000080081f0       0x3c c:/st/stm32cubeide_1.7.0/stm32cubeide/plugins/com.st.stm32cube.ide.mcu.externaltools.gnu-tools-for-stm32.9-2020-q2-update.win32_2.0.0.202105311346/tools/bin/../lib/gcc/arm-none-eabi/9.3.1/../../../../arm-none-eabi/lib/thumb/v7e-m+fp/hard\libc_nano.a(lib_a-assert.o)
                0x00000000080081f0                __assert_func
 .text.fprintf  0x000000000800822c       0x24 c:/st/stm32cubeide_1.7.0/stm32cubeide/plugins/com.st.stm32cube.ide.mcu.externaltools.gnu-tools-for-stm32.9-2020-q2-update.win32_2.0.0.202105311346/tools/bin/../lib/gcc/arm-none-eabi/9.3.1/../../../../arm-none-eabi/lib/thumb/v7e-m+fp/hard\libc_nano.a(lib_a-fprintf.o)
                0x000000000800822c                fiprintf
                0x000000000800822c                fprintf
 .text.__malloc_lock
                0x0000000008008250        0xc c:/st/stm32cubeide_1.7.0/stm32cubeide/plugins/com.st.stm32cube.ide.mcu.externaltools.gnu-tools-for-stm32.9-2020-q2-update.win32_2.0.0.202105311346/tools/bin/../lib/gcc/arm-none-eabi/9.3.1/../../../../arm-none-eabi/lib/thumb/v7e-m+fp/hard\libc_nano.a(lib_a-mlock.o)
                0x0000000008008250                __malloc_lock
 .text.__malloc_unlock
                0x000000000800825c        0xc c:/st/stm32cubeide_1.7.0/stm32cubeide/plugins/com.st.stm32cube.ide.mcu.externaltools.gnu-tools-for-stm32.9-2020-q2-update.win32_2.0.0.202105311346/tools/bin/../lib/gcc/arm-none-eabi/9.3.1/../../../../arm-none-eabi/lib/thumb/v7e-m+fp/hard\libc_nano.a(lib_a-mlock.o)
                0x000000000800825c                __malloc_unlock
 .text.__sfputc_r
                0x0000000008008268       0x2e c:/st/stm32cubeide_1.7.0/stm32cubeide/plugins/com.st.stm32cube.ide.mcu.externaltools.gnu-tools-for-stm32.9-2020-q2-update.win32_2.0.0.202105311346/tools/bin/../lib/gcc/arm-none-eabi/9.3.1/../../../../arm-none-eabi/lib/thumb/v7e-m+fp/hard\libc_nano.a(lib_a-nano-vfprintf.o)
 .text.__sfputs_r
                0x0000000008008296       0x24 c:/st/stm32cubeide_1.7.0/stm32cubeide/plugins/com.st.stm32cube.ide.mcu.externaltools.gnu-tools-for-stm32.9-2020-q2-update.win32_2.0.0.202105311346/tools/bin/../lib/gcc/arm-none-eabi/9.3.1/../../../../arm-none-eabi/lib/thumb/v7e-m+fp/hard\libc_nano.a(lib_a-nano-vfprintf.o)
                0x0000000008008296                __sfputs_r
 *fill*         0x00000000080082ba        0x2 
 .text._vfprintf_r
                0x00000000080082bc      0x260 c:/st/stm32cubeide_1.7.0/stm32cubeide/plugins/com.st.stm32cube.ide.mcu.externaltools.gnu-tools-for-stm32.9-2020-q2-update.win32_2.0.0.202105311346/tools/bin/../lib/gcc/arm-none-eabi/9.3.1/../../../../arm-none-eabi/lib/thumb/v7e-m+fp/hard\libc_nano.a(lib_a-nano-vfprintf.o)
                0x00000000080082bc                _vfprintf_r
                0x00000000080082bc                _vfiprintf_r
 .text._printf_common
                0x000000000800851c       0xda c:/st/stm32cubeide_1.7.0/stm32cubeide/plugins/com.st.stm32cube.ide.mcu.externaltools.gnu-tools-for-stm32.9-2020-q2-update.win32_2.0.0.202105311346/tools/bin/../lib/gcc/arm-none-eabi/9.3.1/../../../../arm-none-eabi/lib/thumb/v7e-m+fp/hard\libc_nano.a(lib_a-nano-vfprintf_i.o)
                0x000000000800851c                _printf_common
 *fill*         0x00000000080085f6        0x2 
 .text._printf_i
                0x00000000080085f8      0x24c c:/st/stm32cubeide_1.7.0/stm32cubeide/plugins/com.st.stm32cube.ide.mcu.externaltools.gnu-tools-for-stm32.9-2020-q2-update.win32_2.0.0.202105311346/tools/bin/../lib/gcc/arm-none-eabi/9.3.1/../../../../arm-none-eabi/lib/thumb/v7e-m+fp/hard\libc_nano.a(lib_a-nano-vfprintf_i.o)
                0x00000000080085f8                _printf_i
 .text.__swbuf_r
                0x0000000008008844       0xa4 c:/st/stm32cubeide_1.7.0/stm32cubeide/plugins/com.st.stm32cube.ide.mcu.externaltools.gnu-tools-for-stm32.9-2020-q2-update.win32_2.0.0.202105311346/tools/bin/../lib/gcc/arm-none-eabi/9.3.1/../../../../arm-none-eabi/lib/thumb/v7e-m+fp/hard\libc_nano.a(lib_a-wbuf.o)
                0x0000000008008844                __swbuf_r
 .text.__swsetup_r
                0x00000000080088e8       0xdc c:/st/stm32cubeide_1.7.0/stm32cubeide/plugins/com.st.stm32cube.ide.mcu.externaltools.gnu-tools-for-stm32.9-2020-q2-update.win32_2.0.0.202105311346/tools/bin/../lib/gcc/arm-none-eabi/9.3.1/../../../../arm-none-eabi/lib/thumb/v7e-m+fp/hard\libc_nano.a(lib_a-wsetup.o)
                0x00000000080088e8                __swsetup_r
 .text.abort    0x00000000080089c4        0xe c:/st/stm32cubeide_1.7.0/stm32cubeide/plugins/com.st.stm32cube.ide.mcu.externaltools.gnu-tools-for-stm32.9-2020-q2-update.win32_2.0.0.202105311346/tools/bin/../lib/gcc/arm-none-eabi/9.3.1/../../../../arm-none-eabi/lib/thumb/v7e-m+fp/hard\libc_nano.a(lib_a-abort.o)
                0x00000000080089c4                abort
 *fill*         0x00000000080089d2        0x2 
 .text.__sflush_r
                0x00000000080089d4      0x10c c:/st/stm32cubeide_1.7.0/stm32cubeide/plugins/com.st.stm32cube.ide.mcu.externaltools.gnu-tools-for-stm32.9-2020-q2-update.win32_2.0.0.202105311346/tools/bin/../lib/gcc/arm-none-eabi/9.3.1/../../../../arm-none-eabi/lib/thumb/v7e-m+fp/hard\libc_nano.a(lib_a-fflush.o)
                0x00000000080089d4                __sflush_r
 .text._fflush_r
                0x0000000008008ae0       0x78 c:/st/stm32cubeide_1.7.0/stm32cubeide/plugins/com.st.stm32cube.ide.mcu.externaltools.gnu-tools-for-stm32.9-2020-q2-update.win32_2.0.0.202105311346/tools/bin/../lib/gcc/arm-none-eabi/9.3.1/../../../../arm-none-eabi/lib/thumb/v7e-m+fp/hard\libc_nano.a(lib_a-fflush.o)
                0x0000000008008ae0                _fflush_r
 .text.std      0x0000000008008b58       0x48 c:/st/stm32cubeide_1.7.0/stm32cubeide/plugins/com.st.stm32cube.ide.mcu.externaltools.gnu-tools-for-stm32.9-2020-q2-update.win32_2.0.0.202105311346/tools/bin/../lib/gcc/arm-none-eabi/9.3.1/../../../../arm-none-eabi/lib/thumb/v7e-m+fp/hard\libc_nano.a(lib_a-findfp.o)
 .text._cleanup_r
                0x0000000008008ba0        0xc c:/st/stm32cubeide_1.7.0/stm32cubeide/plugins/com.st.stm32cube.ide.mcu.externaltools.gnu-tools-for-stm32.9-2020-q2-update.win32_2.0.0.202105311346/tools/bin/../lib/gcc/arm-none-eabi/9.3.1/../../../../arm-none-eabi/lib/thumb/v7e-m+fp/hard\libc_nano.a(lib_a-findfp.o)
                0x0000000008008ba0                _cleanup_r
 .text.__sfmoreglue
                0x0000000008008bac       0x2c c:/st/stm32cubeide_1.7.0/stm32cubeide/plugins/com.st.stm32cube.ide.mcu.externaltools.gnu-tools-for-stm32.9-2020-q2-update.win32_2.0.0.202105311346/tools/bin/../lib/gcc/arm-none-eabi/9.3.1/../../../../arm-none-eabi/lib/thumb/v7e-m+fp/hard\libc_nano.a(lib_a-findfp.o)
                0x0000000008008bac                __sfmoreglue
 .text.__sfp_lock_acquire
                0x0000000008008bd8        0xc c:/st/stm32cubeide_1.7.0/stm32cubeide/plugins/com.st.stm32cube.ide.mcu.externaltools.gnu-tools-for-stm32.9-2020-q2-update.win32_2.0.0.202105311346/tools/bin/../lib/gcc/arm-none-eabi/9.3.1/../../../../arm-none-eabi/lib/thumb/v7e-m+fp/hard\libc_nano.a(lib_a-findfp.o)
                0x0000000008008bd8                __sfp_lock_acquire
 .text.__sfp_lock_release
                0x0000000008008be4        0xc c:/st/stm32cubeide_1.7.0/stm32cubeide/plugins/com.st.stm32cube.ide.mcu.externaltools.gnu-tools-for-stm32.9-2020-q2-update.win32_2.0.0.202105311346/tools/bin/../lib/gcc/arm-none-eabi/9.3.1/../../../../arm-none-eabi/lib/thumb/v7e-m+fp/hard\libc_nano.a(lib_a-findfp.o)
                0x0000000008008be4                __sfp_lock_release
 .text.__sinit_lock_acquire
                0x0000000008008bf0        0xc c:/st/stm32cubeide_1.7.0/stm32cubeide/plugins/com.st.stm32cube.ide.mcu.externaltools.gnu-tools-for-stm32.9-2020-q2-update.win32_2.0.0.202105311346/tools/bin/../lib/gcc/arm-none-eabi/9.3.1/../../../../arm-none-eabi/lib/thumb/v7e-m+fp/hard\libc_nano.a(lib_a-findfp.o)
                0x0000000008008bf0                __sinit_lock_acquire
 .text.__sinit_lock_release
                0x0000000008008bfc        0xc c:/st/stm32cubeide_1.7.0/stm32cubeide/plugins/com.st.stm32cube.ide.mcu.externaltools.gnu-tools-for-stm32.9-2020-q2-update.win32_2.0.0.202105311346/tools/bin/../lib/gcc/arm-none-eabi/9.3.1/../../../../arm-none-eabi/lib/thumb/v7e-m+fp/hard\libc_nano.a(lib_a-findfp.o)
                0x0000000008008bfc                __sinit_lock_release
 .text.__sinit  0x0000000008008c08       0x70 c:/st/stm32cubeide_1.7.0/stm32cubeide/plugins/com.st.stm32cube.ide.mcu.externaltools.gnu-tools-for-stm32.9-2020-q2-update.win32_2.0.0.202105311346/tools/bin/../lib/gcc/arm-none-eabi/9.3.1/../../../../arm-none-eabi/lib/thumb/v7e-m+fp/hard\libc_nano.a(lib_a-findfp.o)
                0x0000000008008c08                __sinit
 .text.__sfp    0x0000000008008c78       0x8c c:/st/stm32cubeide_1.7.0/stm32cubeide/plugins/com.st.stm32cube.ide.mcu.externaltools.gnu-tools-for-stm32.9-2020-q2-update.win32_2.0.0.202105311346/tools/bin/../lib/gcc/arm-none-eabi/9.3.1/../../../../arm-none-eabi/lib/thumb/v7e-m+fp/hard\libc_nano.a(lib_a-findfp.o)
                0x0000000008008c78                __sfp
 .text._fwalk_reent
                0x0000000008008d04       0x3e c:/st/stm32cubeide_1.7.0/stm32cubeide/plugins/com.st.stm32cube.ide.mcu.externaltools.gnu-tools-for-stm32.9-2020-q2-update.win32_2.0.0.202105311346/tools/bin/../lib/gcc/arm-none-eabi/9.3.1/../../../../arm-none-eabi/lib/thumb/v7e-m+fp/hard\libc_nano.a(lib_a-fwalk.o)
                0x0000000008008d04                _fwalk_reent
 .text.__retarget_lock_init_recursive
                0x0000000008008d42        0x2 c:/st/stm32cubeide_1.7.0/stm32cubeide/plugins/com.st.stm32cube.ide.mcu.externaltools.gnu-tools-for-stm32.9-2020-q2-update.win32_2.0.0.202105311346/tools/bin/../lib/gcc/arm-none-eabi/9.3.1/../../../../arm-none-eabi/lib/thumb/v7e-m+fp/hard\libc_nano.a(lib_a-lock.o)
                0x0000000008008d42                __retarget_lock_init_recursive
 .text.__retarget_lock_acquire_recursive
                0x0000000008008d44        0x2 c:/st/stm32cubeide_1.7.0/stm32cubeide/plugins/com.st.stm32cube.ide.mcu.externaltools.gnu-tools-for-stm32.9-2020-q2-update.win32_2.0.0.202105311346/tools/bin/../lib/gcc/arm-none-eabi/9.3.1/../../../../arm-none-eabi/lib/thumb/v7e-m+fp/hard\libc_nano.a(lib_a-lock.o)
                0x0000000008008d44                __retarget_lock_acquire_recursive
 .text.__retarget_lock_release_recursive
                0x0000000008008d46        0x2 c:/st/stm32cubeide_1.7.0/stm32cubeide/plugins/com.st.stm32cube.ide.mcu.externaltools.gnu-tools-for-stm32.9-2020-q2-update.win32_2.0.0.202105311346/tools/bin/../lib/gcc/arm-none-eabi/9.3.1/../../../../arm-none-eabi/lib/thumb/v7e-m+fp/hard\libc_nano.a(lib_a-lock.o)
                0x0000000008008d46                __retarget_lock_release_recursive
 .text.__swhatbuf_r
                0x0000000008008d48       0x48 c:/st/stm32cubeide_1.7.0/stm32cubeide/plugins/com.st.stm32cube.ide.mcu.externaltools.gnu-tools-for-stm32.9-2020-q2-update.win32_2.0.0.202105311346/tools/bin/../lib/gcc/arm-none-eabi/9.3.1/../../../../arm-none-eabi/lib/thumb/v7e-m+fp/hard\libc_nano.a(lib_a-makebuf.o)
                0x0000000008008d48                __swhatbuf_r
 .text.__smakebuf_r
                0x0000000008008d90       0x80 c:/st/stm32cubeide_1.7.0/stm32cubeide/plugins/com.st.stm32cube.ide.mcu.externaltools.gnu-tools-for-stm32.9-2020-q2-update.win32_2.0.0.202105311346/tools/bin/../lib/gcc/arm-none-eabi/9.3.1/../../../../arm-none-eabi/lib/thumb/v7e-m+fp/hard\libc_nano.a(lib_a-makebuf.o)
                0x0000000008008d90                __smakebuf_r
 .text._raise_r
                0x0000000008008e10       0x50 c:/st/stm32cubeide_1.7.0/stm32cubeide/plugins/com.st.stm32cube.ide.mcu.externaltools.gnu-tools-for-stm32.9-2020-q2-update.win32_2.0.0.202105311346/tools/bin/../lib/gcc/arm-none-eabi/9.3.1/../../../../arm-none-eabi/lib/thumb/v7e-m+fp/hard\libc_nano.a(lib_a-signal.o)
                0x0000000008008e10                _raise_r
 .text.raise    0x0000000008008e60       0x10 c:/st/stm32cubeide_1.7.0/stm32cubeide/plugins/com.st.stm32cube.ide.mcu.externaltools.gnu-tools-for-stm32.9-2020-q2-update.win32_2.0.0.202105311346/tools/bin/../lib/gcc/arm-none-eabi/9.3.1/../../../../arm-none-eabi/lib/thumb/v7e-m+fp/hard\libc_nano.a(lib_a-signal.o)
                0x0000000008008e60                raise
 .text._kill_r  0x0000000008008e70       0x24 c:/st/stm32cubeide_1.7.0/stm32cubeide/plugins/com.st.stm32cube.ide.mcu.externaltools.gnu-tools-for-stm32.9-2020-q2-update.win32_2.0.0.202105311346/tools/bin/../lib/gcc/arm-none-eabi/9.3.1/../../../../arm-none-eabi/lib/thumb/v7e-m+fp/hard\libc_nano.a(lib_a-signalr.o)
                0x0000000008008e70                _kill_r
 .text._getpid_r
                0x0000000008008e94        0x4 c:/st/stm32cubeide_1.7.0/stm32cubeide/plugins/com.st.stm32cube.ide.mcu.externaltools.gnu-tools-for-stm32.9-2020-q2-update.win32_2.0.0.202105311346/tools/bin/../lib/gcc/arm-none-eabi/9.3.1/../../../../arm-none-eabi/lib/thumb/v7e-m+fp/hard\libc_nano.a(lib_a-signalr.o)
                0x0000000008008e94                _getpid_r
 .text.__sread  0x0000000008008e98       0x22 c:/st/stm32cubeide_1.7.0/stm32cubeide/plugins/com.st.stm32cube.ide.mcu.externaltools.gnu-tools-for-stm32.9-2020-q2-update.win32_2.0.0.202105311346/tools/bin/../lib/gcc/arm-none-eabi/9.3.1/../../../../arm-none-eabi/lib/thumb/v7e-m+fp/hard\libc_nano.a(lib_a-stdio.o)
                0x0000000008008e98                __sread
 .text.__swrite
                0x0000000008008eba       0x38 c:/st/stm32cubeide_1.7.0/stm32cubeide/plugins/com.st.stm32cube.ide.mcu.externaltools.gnu-tools-for-stm32.9-2020-q2-update.win32_2.0.0.202105311346/tools/bin/../lib/gcc/arm-none-eabi/9.3.1/../../../../arm-none-eabi/lib/thumb/v7e-m+fp/hard\libc_nano.a(lib_a-stdio.o)
                0x0000000008008eba                __swrite
 .text.__sseek  0x0000000008008ef2       0x24 c:/st/stm32cubeide_1.7.0/stm32cubeide/plugins/com.st.stm32cube.ide.mcu.externaltools.gnu-tools-for-stm32.9-2020-q2-update.win32_2.0.0.202105311346/tools/bin/../lib/gcc/arm-none-eabi/9.3.1/../../../../arm-none-eabi/lib/thumb/v7e-m+fp/hard\libc_nano.a(lib_a-stdio.o)
                0x0000000008008ef2                __sseek
 .text.__sclose
                0x0000000008008f16        0x8 c:/st/stm32cubeide_1.7.0/stm32cubeide/plugins/com.st.stm32cube.ide.mcu.externaltools.gnu-tools-for-stm32.9-2020-q2-update.win32_2.0.0.202105311346/tools/bin/../lib/gcc/arm-none-eabi/9.3.1/../../../../arm-none-eabi/lib/thumb/v7e-m+fp/hard\libc_nano.a(lib_a-stdio.o)
                0x0000000008008f16                __sclose
 *fill*         0x0000000008008f1e        0x2 
 .text._write_r
                0x0000000008008f20       0x24 c:/st/stm32cubeide_1.7.0/stm32cubeide/plugins/com.st.stm32cube.ide.mcu.externaltools.gnu-tools-for-stm32.9-2020-q2-update.win32_2.0.0.202105311346/tools/bin/../lib/gcc/arm-none-eabi/9.3.1/../../../../arm-none-eabi/lib/thumb/v7e-m+fp/hard\libc_nano.a(lib_a-writer.o)
                0x0000000008008f20                _write_r
 .text._close_r
                0x0000000008008f44       0x20 c:/st/stm32cubeide_1.7.0/stm32cubeide/plugins/com.st.stm32cube.ide.mcu.externaltools.gnu-tools-for-stm32.9-2020-q2-update.win32_2.0.0.202105311346/tools/bin/../lib/gcc/arm-none-eabi/9.3.1/../../../../arm-none-eabi/lib/thumb/v7e-m+fp/hard\libc_nano.a(lib_a-closer.o)
                0x0000000008008f44                _close_r
 .text._fstat_r
                0x0000000008008f64       0x24 c:/st/stm32cubeide_1.7.0/stm32cubeide/plugins/com.st.stm32cube.ide.mcu.externaltools.gnu-tools-for-stm32.9-2020-q2-update.win32_2.0.0.202105311346/tools/bin/../lib/gcc/arm-none-eabi/9.3.1/../../../../arm-none-eabi/lib/thumb/v7e-m+fp/hard\libc_nano.a(lib_a-fstatr.o)
                0x0000000008008f64                _fstat_r
 .text._isatty_r
                0x0000000008008f88       0x20 c:/st/stm32cubeide_1.7.0/stm32cubeide/plugins/com.st.stm32cube.ide.mcu.externaltools.gnu-tools-for-stm32.9-2020-q2-update.win32_2.0.0.202105311346/tools/bin/../lib/gcc/arm-none-eabi/9.3.1/../../../../arm-none-eabi/lib/thumb/v7e-m+fp/hard\libc_nano.a(lib_a-isattyr.o)
                0x0000000008008f88                _isatty_r
 .text._lseek_r
                0x0000000008008fa8       0x24 c:/st/stm32cubeide_1.7.0/stm32cubeide/plugins/com.st.stm32cube.ide.mcu.externaltools.gnu-tools-for-stm32.9-2020-q2-update.win32_2.0.0.202105311346/tools/bin/../lib/gcc/arm-none-eabi/9.3.1/../../../../arm-none-eabi/lib/thumb/v7e-m+fp/hard\libc_nano.a(lib_a-lseekr.o)
                0x0000000008008fa8                _lseek_r
 .text._read_r  0x0000000008008fcc       0x24 c:/st/stm32cubeide_1.7.0/stm32cubeide/plugins/com.st.stm32cube.ide.mcu.externaltools.gnu-tools-for-stm32.9-2020-q2-update.win32_2.0.0.202105311346/tools/bin/../lib/gcc/arm-none-eabi/9.3.1/../../../../arm-none-eabi/lib/thumb/v7e-m+fp/hard\libc_nano.a(lib_a-readr.o)
                0x0000000008008fcc                _read_r
 *(.glue_7)
 .glue_7        0x0000000008008ff0        0x0 linker stubs
 *(.glue_7t)
 .glue_7t       0x0000000008008ff0        0x0 linker stubs
 *(.eh_frame)
 .eh_frame      0x0000000008008ff0        0x0 c:/st/stm32cubeide_1.7.0/stm32cubeide/plugins/com.st.stm32cube.ide.mcu.externaltools.gnu-tools-for-stm32.9-2020-q2-update.win32_2.0.0.202105311346/tools/bin/../lib/gcc/arm-none-eabi/9.3.1/thumb/v7e-m+fp/hard/crtbegin.o
 *(.init)
 .init          0x0000000008008ff0        0x4 c:/st/stm32cubeide_1.7.0/stm32cubeide/plugins/com.st.stm32cube.ide.mcu.externaltools.gnu-tools-for-stm32.9-2020-q2-update.win32_2.0.0.202105311346/tools/bin/../lib/gcc/arm-none-eabi/9.3.1/thumb/v7e-m+fp/hard/crti.o
                0x0000000008008ff0                _init
 .init          0x0000000008008ff4        0x8 c:/st/stm32cubeide_1.7.0/stm32cubeide/plugins/com.st.stm32cube.ide.mcu.externaltools.gnu-tools-for-stm32.9-2020-q2-update.win32_2.0.0.202105311346/tools/bin/../lib/gcc/arm-none-eabi/9.3.1/thumb/v7e-m+fp/hard/crtn.o
 *(.fini)
 .fini          0x0000000008008ffc        0x4 c:/st/stm32cubeide_1.7.0/stm32cubeide/plugins/com.st.stm32cube.ide.mcu.externaltools.gnu-tools-for-stm32.9-2020-q2-update.win32_2.0.0.202105311346/tools/bin/../lib/gcc/arm-none-eabi/9.3.1/thumb/v7e-m+fp/hard/crti.o
                0x0000000008008ffc                _fini
 .fini          0x0000000008009000        0x8 c:/st/stm32cubeide_1.7.0/stm32cubeide/plugins/com.st.stm32cube.ide.mcu.externaltools.gnu-tools-for-stm32.9-2020-q2-update.win32_2.0.0.202105311346/tools/bin/../lib/gcc/arm-none-eabi/9.3.1/thumb/v7e-m+fp/hard/crtn.o
                0x0000000008009008                . = ALIGN (0x4)
                0x0000000008009008                _etext = .

.vfp11_veneer   0x0000000008009008        0x0
 .vfp11_veneer  0x0000000008009008        0x0 linker stubs

.v4_bx          0x0000000008009008        0x0
 .v4_bx         0x0000000008009008        0x0 linker stubs

.iplt           0x0000000008009008        0x0
 .iplt          0x0000000008009008        0x0 c:/st/stm32cubeide_1.7.0/stm32cubeide/plugins/com.st.stm32cube.ide.mcu.externaltools.gnu-tools-for-stm32.9-2020-q2-update.win32_2.0.0.202105311346/tools/bin/../lib/gcc/arm-none-eabi/9.3.1/thumb/v7e-m+fp/hard/crtbegin.o

.rodata         0x0000000008009008      0x2f8
                0x0000000008009008                . = ALIGN (0x4)
 *(.rodata)
 *(.rodata*)
 .rodata.CSWTCH.6
                0x0000000008009008        0x4 ./Core/Src/MY_CS43L22.o
 .rodata.I2SFreq
                0x000000000800900c       0x20 ./Core/Src/audioI2S.o
                0x000000000800900c                I2SFreq
 .rodata.I2SPLLN
                0x000000000800902c       0x20 ./Core/Src/audioI2S.o
                0x000000000800902c                I2SPLLN
 .rodata.I2SPLLR
                0x000000000800904c       0x20 ./Core/Src/audioI2S.o
                0x000000000800904c                I2SPLLR
 .rodata.chars.8913
                0x000000000800906c        0xa ./Core/Src/lcd.o
 .rodata.main.str1.1
                0x0000000008009076       0x71 ./Core/Src/main.o
                                         0x72 (size before relaxing)
 .rodata.AHBPrescTable
                0x00000000080090e7       0x10 ./Core/Src/system_stm32f4xx.o
                0x00000000080090e7                AHBPrescTable
 .rodata.APBPrescTable
                0x00000000080090f7        0x8 ./Core/Src/system_stm32f4xx.o
                0x00000000080090f7                APBPrescTable
 .rodata.flagBitshiftOffset.8957
                0x00000000080090ff        0x8 ./Drivers/STM32F4xx_HAL_Driver/Src/stm32f4xx_hal_dma.o
 *fill*         0x0000000008009107        0x1 
 .rodata.USBH_Driver
                0x0000000008009108       0x14 ./FATFS/Target/usbh_diskio.o
                0x0000000008009108                USBH_Driver
 .rodata.str1.1
                0x000000000800911c        0x4 ./Middlewares/ST/STM32_USB_Host_Library/Class/MSC/Src/usbh_msc.o
 .rodata.follow_path.str1.1
                0x0000000008009120        0xf ./Middlewares/Third_Party/FatFs/src/ff.o
 .rodata.ExCvt  0x000000000800912f       0x80 ./Middlewares/Third_Party/FatFs/src/ff.o
 .rodata.CSWTCH.19
                0x00000000080091af        0x4 ./USB_HOST/Target/usbh_conf.o
 *fill*         0x00000000080091b3        0x1 
 .rodata._global_impure_ptr
                0x00000000080091b4        0x4 c:/st/stm32cubeide_1.7.0/stm32cubeide/plugins/com.st.stm32cube.ide.mcu.externaltools.gnu-tools-for-stm32.9-2020-q2-update.win32_2.0.0.202105311346/tools/bin/../lib/gcc/arm-none-eabi/9.3.1/../../../../arm-none-eabi/lib/thumb/v7e-m+fp/hard\libc_nano.a(lib_a-impure.o)
                0x00000000080091b4                _global_impure_ptr
 .rodata.srand.str1.1
                0x00000000080091b8       0x76 c:/st/stm32cubeide_1.7.0/stm32cubeide/plugins/com.st.stm32cube.ide.mcu.externaltools.gnu-tools-for-stm32.9-2020-q2-update.win32_2.0.0.202105311346/tools/bin/../lib/gcc/arm-none-eabi/9.3.1/../../../../arm-none-eabi/lib/thumb/v7e-m+fp/hard\libc_nano.a(lib_a-rand.o)
 .rodata.__assert_func.str1.1
                0x000000000800922e       0x3c c:/st/stm32cubeide_1.7.0/stm32cubeide/plugins/com.st.stm32cube.ide.mcu.externaltools.gnu-tools-for-stm32.9-2020-q2-update.win32_2.0.0.202105311346/tools/bin/../lib/gcc/arm-none-eabi/9.3.1/../../../../arm-none-eabi/lib/thumb/v7e-m+fp/hard\libc_nano.a(lib_a-assert.o)
                                         0x3d (size before relaxing)
 .rodata._vfprintf_r.str1.1
                0x000000000800926a       0x11 c:/st/stm32cubeide_1.7.0/stm32cubeide/plugins/com.st.stm32cube.ide.mcu.externaltools.gnu-tools-for-stm32.9-2020-q2-update.win32_2.0.0.202105311346/tools/bin/../lib/gcc/arm-none-eabi/9.3.1/../../../../arm-none-eabi/lib/thumb/v7e-m+fp/hard\libc_nano.a(lib_a-nano-vfprintf.o)
 .rodata._printf_i.str1.1
                0x000000000800927b       0x22 c:/st/stm32cubeide_1.7.0/stm32cubeide/plugins/com.st.stm32cube.ide.mcu.externaltools.gnu-tools-for-stm32.9-2020-q2-update.win32_2.0.0.202105311346/tools/bin/../lib/gcc/arm-none-eabi/9.3.1/../../../../arm-none-eabi/lib/thumb/v7e-m+fp/hard\libc_nano.a(lib_a-nano-vfprintf_i.o)
 *fill*         0x000000000800929d        0x3 
 .rodata.__sf_fake_stderr
                0x00000000080092a0       0x20 c:/st/stm32cubeide_1.7.0/stm32cubeide/plugins/com.st.stm32cube.ide.mcu.externaltools.gnu-tools-for-stm32.9-2020-q2-update.win32_2.0.0.202105311346/tools/bin/../lib/gcc/arm-none-eabi/9.3.1/../../../../arm-none-eabi/lib/thumb/v7e-m+fp/hard\libc_nano.a(lib_a-findfp.o)