14:09:09 **** Incremental Build of configuration Debug for project DEBUGLRN ****
make -j8 all 
arm-none-eabi-gcc "../Core/Src/main.c" -mcpu=cortex-m4 -std=gnu11 -g3 -DUSE_HAL_DRIVER -DSTM32L476xx -DDEBUG -c -I../Core/Inc -I../Drivers/STM32L4xx_HAL_Driver/Inc -I../Drivers/STM32L4xx_HAL_Driver/Inc/Legacy -I../Drivers/CMSIS/Device/ST/STM32L4xx/Include -I../Drivers/CMSIS/Include -O0 -ffunction-sections -fdata-sections -Wall -fstack-usage -MMD -MP -MF"Core/Src/main.d" -MT"Core/Src/main.o" --specs=nano.specs -mfpu=fpv4-sp-d16 -mfloat-abi=hard -mthumb -o "Core/Src/main.o"
arm-none-eabi-gcc -o "DEBUGLRN.elf" @"objects.list"   -mcpu=cortex-m4 -T"C:\Users\evers\Documents\IMAGINE-IOT\Imagine-IoT\Imagine-IoT\9 Nucleo boards\NUCLEO-L476RG\13 Debug program (STM32CubeIDE)\DEBUGLRN\STM32L476RGTX_FLASH.ld" --specs=nosys.specs -Wl,-Map="DEBUGLRN.map" -Wl,--gc-sections -static --specs=nano.specs -mfpu=fpv4-sp-d16 -mfloat-abi=hard -mthumb -Wl,--start-group -lc -lm -Wl,--end-group
Finished building target: DEBUGLRN.elf
 
arm-none-eabi-objdump -h -S  DEBUGLRN.elf  > "DEBUGLRN.list"
arm-none-eabi-objcopy  -O binary  DEBUGLRN.elf  "DEBUGLRN.bin"
arm-none-eabi-size   DEBUGLRN.elf 
   text	   data	    bss	    dec	    hex	filename
  12036	     20	   1700	  13756	   35bc	DEBUGLRN.elf
Finished building: default.size.stdout
Finished building: DEBUGLRN.bin
 
Finished building: DEBUGLRN.list
 
 
14:09:25 **** Incremental Build of configuration Debug for project DEBUGLRN ****
make -j8 all 
arm-none-eabi-size   DEBUGLRN.elf 
   text	   data	    bss	    dec	    hex	filename
  12036	     20	   1700	  13756	   35bc	DEBUGLRN.elf
Finished building: default.size.stdout
 
14:09:32 **** Incremental Build of configuration Debug for project DEBUGLRN ****
make -j8 all 
arm-none-eabi-size   DEBUGLRN.elf 
   text	   data	    bss	    dec	    hex	filename
  12036	     20	   1700	  13756	   35bc	DEBUGLRN.elf
Finished building: default.size.stdout
 
