17:02:38 **** Incremental Build of configuration Release for project AlternateLEDs ****
make -j8 all 
arm-none-eabi-gcc "../Core/Src/main.c" -mcpu=cortex-m4 -std=gnu11 -DUSE_HAL_DRIVER -DSTM32L476xx -c -I../Core/Inc -I../Drivers/STM32L4xx_HAL_Driver/Inc -I../Drivers/STM32L4xx_HAL_Driver/Inc/Legacy -I../Drivers/CMSIS/Device/ST/STM32L4xx/Include -I../Drivers/CMSIS/Include -Os -ffunction-sections -fdata-sections -Wall -fstack-usage -MMD -MP -MF"Core/Src/main.d" -MT"Core/Src/main.o" --specs=nano.specs -mfpu=fpv4-sp-d16 -mfloat-abi=hard -mthumb -o "Core/Src/main.o"
arm-none-eabi-gcc -o "AlternateLEDs.elf" @"objects.list"   -mcpu=cortex-m4 -T"C:\Users\evers\Documents\IMAGINE-IOT\Imagine-IoT\Imagine-IoT\9 Nucleo boards\NUCLEO-L476RG\2b Alt_Flash_LEDs (STM32CubeIDE)\AlternateLEDs\STM32L476RGTX_FLASH.ld" --specs=nosys.specs -Wl,-Map="AlternateLEDs.map" -Wl,--gc-sections -static --specs=nano.specs -mfpu=fpv4-sp-d16 -mfloat-abi=hard -mthumb -Wl,--start-group -lc -lm -Wl,--end-group
Finished building target: AlternateLEDs.elf
 
arm-none-eabi-objdump -h -S  AlternateLEDs.elf  > "AlternateLEDs.list"
arm-none-eabi-objcopy  -O binary  AlternateLEDs.elf  "AlternateLEDs.bin"
arm-none-eabi-size   AlternateLEDs.elf 
   text	   data	    bss	    dec	    hex	filename
   7692	     20	   1700	   9412	   24c4	AlternateLEDs.elf
Finished building: default.size.stdout
 
Finished building: AlternateLEDs.bin
Finished building: AlternateLEDs.list
 
 

17:02:39 Build Finished. 0 errors, 0 warnings. (took 811ms)

