17:53:15 **** Incremental Build of configuration Release for project DefaultProgram ****
make -j8 all 
arm-none-eabi-gcc "../Src/main.c" -mcpu=cortex-m4 -std=gnu11 -DSTM32 -DSTM32F407G_DISC1 -DSTM32F4 -DSTM32F407VGTx -c -I../Inc -Os -ffunction-sections -fdata-sections -Wall -fstack-usage -MMD -MP -MF"Src/main.d" -MT"Src/main.o" --specs=nano.specs -mfloat-abi=soft -mthumb -o "Src/main.o"
arm-none-eabi-gcc -o "DefaultProgram.elf" @"objects.list"   -mcpu=cortex-m4 -T"C:\Users\evers\Documents\IMAGINE-IOT\Imagine-IoT\Imagine-IoT\8 Discovery boards\STM32F407 Discovery kit\11 - Default program\DefaultProgram\STM32F407VGTX_FLASH.ld" --specs=nosys.specs -Wl,-Map="DefaultProgram.map" -Wl,--gc-sections -static --specs=nano.specs -mfloat-abi=soft -mthumb -Wl,--start-group -lc -lm -Wl,--end-group
Finished building target: DefaultProgram.elf
 
arm-none-eabi-objdump -h -S  DefaultProgram.elf  > "DefaultProgram.list"
arm-none-eabi-objcopy  -O binary  DefaultProgram.elf  "DefaultProgram.bin"
arm-none-eabi-size   DefaultProgram.elf 
   text	   data	    bss	    dec	    hex	filename
   3732	    136	   1592	   5460	   1554	DefaultProgram.elf
Finished building: default.size.stdout
Finished building: DefaultProgram.list
Finished building: DefaultProgram.bin
 
 
 
17:53:56 **** Clean-only build of configuration Debug for project DefaultProgram ****
make -j8 clean 
rm -rf *
rm: can't remove 'DefaultProgram.elf': Permission denied
make: [makefile:85: clean] Error 1 (ignored)
 
17:53:56 **** Incremental Build of configuration Debug for project DefaultProgram ****
make -j8 all 
arm-none-eabi-gcc -mcpu=cortex-m4 -g3 -c -x assembler-with-cpp -MMD -MP -MF"Startup/startup_stm32f407vgtx.d" -MT"Startup/startup_stm32f407vgtx.o" --specs=nano.specs -mfloat-abi=soft -mthumb -o "Startup/startup_stm32f407vgtx.o" "../Startup/startup_stm32f407vgtx.s"
arm-none-eabi-gcc "../Src/main.c" -mcpu=cortex-m4 -std=gnu11 -g3 -DDEBUG -DSTM32 -DSTM32F407G_DISC1 -DSTM32F4 -DSTM32F407VGTx -c -I../Inc -O0 -ffunction-sections -fdata-sections -Wall -fstack-usage -MMD -MP -MF"Src/main.d" -MT"Src/main.o" --specs=nano.specs -mfloat-abi=soft -mthumb -o "Src/main.o"
arm-none-eabi-gcc "../Src/syscalls.c" -mcpu=cortex-m4 -std=gnu11 -g3 -DDEBUG -DSTM32 -DSTM32F407G_DISC1 -DSTM32F4 -DSTM32F407VGTx -c -I../Inc -O0 -ffunction-sections -fdata-sections -Wall -fstack-usage -MMD -MP -MF"Src/syscalls.d" -MT"Src/syscalls.o" --specs=nano.specs -mfloat-abi=soft -mthumb -o "Src/syscalls.o"
arm-none-eabi-gcc "../Src/sysmem.c" -mcpu=cortex-m4 -std=gnu11 -g3 -DDEBUG -DSTM32 -DSTM32F407G_DISC1 -DSTM32F4 -DSTM32F407VGTx -c -I../Inc -O0 -ffunction-sections -fdata-sections -Wall -fstack-usage -MMD -MP -MF"Src/sysmem.d" -MT"Src/sysmem.o" --specs=nano.specs -mfloat-abi=soft -mthumb -o "Src/sysmem.o"
arm-none-eabi-gcc -o "DefaultProgram.elf" @"objects.list"   -mcpu=cortex-m4 -T"C:\Users\evers\Documents\IMAGINE-IOT\Imagine-IoT\Imagine-IoT\8 Discovery boards\STM32F407 Discovery kit\11 - Default program\DefaultProgram\STM32F407VGTX_FLASH.ld" --specs=nosys.specs -Wl,-Map="DefaultProgram.map" -Wl,--gc-sections -static --specs=nano.specs -mfloat-abi=soft -mthumb -Wl,--start-group -lc -lm -Wl,--end-group
Finished building target: DefaultProgram.elf
 
arm-none-eabi-size   DefaultProgram.elf 
arm-none-eabi-objdump -h -S  DefaultProgram.elf  > "DefaultProgram.list"
arm-none-eabi-objcopy  -O binary  DefaultProgram.elf  "DefaultProgram.bin"
   text	   data	    bss	    dec	    hex	filename
   3988	    136	   1592	   5716	   1654	DefaultProgram.elf
Finished building: default.size.stdout
 
Finished building: DefaultProgram.list
Finished building: DefaultProgram.bin
 
 
17:54:08 **** Incremental Build of configuration Debug for project DefaultProgram ****
make -j8 all 
arm-none-eabi-size   DefaultProgram.elf 
   text	   data	    bss	    dec	    hex	filename
   3988	    136	   1592	   5716	   1654	DefaultProgram.elf
Finished building: default.size.stdout
 
