
Memory Configuration

Name             Origin             Length             Attributes
FLASH            0x08000000         0x00100000         xr
SRAM             0x20000000         0x00020000         xrw
*default*        0x00000000         0xffffffff

Linker script and memory map

LOAD main.o
LOAD led.o
LOAD stm32_startup.o
                0x00000400                __max_heap_size = 0x400
                0x00000200                __max_stack_size = 0x200

.text           0x08000000      0x804
 *(.isr_vector)
 .isr_vector    0x08000000      0x188 stm32_startup.o
                0x08000000                vectors
 *(.text)
 .text          0x08000188      0x4e4 main.o
                0x08000188                NMI_Handler
                0x08000194                main
                0x080001c0                idle_task
                0x080001c6                task1_handler
                0x080001e8                task2_handler
                0x0800020c                task3_handler
                0x08000230                task4_handler
                0x08000254                init_systick_timer
                0x080002bc                init_scheduler_stack
                0x080002c6                init_tasks_stack
                0x080003e0                enable_processor_faults
                0x0800041c                get_psp_value
                0x0800043c                save_psp_value
                0x08000464                update_next_task
                0x080004ec                switch_sp_to_psp
                0x08000506                schedule
                0x0800052c                task_delay
                0x0800058c                PendSV_Handler
                0x080005b2                update_global_tick_count
                0x080005cc                unblock_tasks
                0x0800062c                SysTick_Handler
                0x08000658                HardFault_Handler
                0x0800065e                MemManage_Handler
                0x08000664                BusFault_Handler
 .text          0x0800066c       0xfc led.o
                0x0800066c                delay
                0x08000694                led_init_all
                0x08000708                led_on
                0x08000738                led_off
 .text          0x08000768       0x90 stm32_startup.o
                0x08000768                RTC_Alarm_IRQHandler
                0x08000768                HASH_RNG_IRQHandler
                0x08000768                EXTI2_IRQHandler
                0x08000768                TIM8_CC_IRQHandler
                0x08000768                DebugMon_Handler
                0x08000768                TIM1_CC_IRQHandler
                0x08000768                DMA2_Stream5_IRQHandler
                0x08000768                DMA1_Stream5_IRQHandler
                0x08000768                PVD_IRQHandler
                0x08000768                SDIO_IRQHandler
                0x08000768                TAMP_STAMP_IRQHandler
                0x08000768                CAN2_RX1_IRQHandler
                0x08000768                EXTI3_IRQHandler
                0x08000768                TIM8_TRG_COM_TIM14_IRQHandler
                0x08000768                TIM1_UP_TIM10_IRQHandler
                0x08000768                TIM8_UP_TIM13_IRQHandler
                0x08000768                I2C3_ER_IRQHandler
                0x08000768                EXTI0_IRQHandler
                0x08000768                I2C2_EV_IRQHandler
                0x08000768                DMA1_Stream2_IRQHandler
                0x08000768                CAN1_RX0_IRQHandler
                0x08000768                FPU_IRQHandler
                0x08000768                OTG_HS_WKUP_IRQHandler
                0x08000768                UsageFault_Handler
                0x08000768                CAN2_SCE_IRQHandler
                0x08000768                DMA2_Stream2_IRQHandler
                0x08000768                SPI1_IRQHandler
                0x08000768                TIM6_DAC_IRQHandler
                0x08000768                TIM1_BRK_TIM9_IRQHandler
                0x08000768                DCMI_IRQHandler
                0x08000768                CAN2_RX0_IRQHandler
                0x08000768                DMA2_Stream3_IRQHandler
                0x08000768                USART6_IRQHandler
                0x08000768                USART3_IRQHandler
                0x08000768                CRYP_IRQHandler
                0x08000768                DMA2_Stream6_IRQHandler
                0x08000768                CAN1_RX1_IRQHandler
                0x08000768                UART5_IRQHandler
                0x08000768                DMA2_Stream0_IRQHandler
                0x08000768                TIM4_IRQHandler
                0x08000768                I2C1_EV_IRQHandler
                0x08000768                DMA1_Stream6_IRQHandler
                0x08000768                DMA1_Stream1_IRQHandler
                0x08000768                UART4_IRQHandler
                0x08000768                TIM3_IRQHandler
                0x08000768                RCC_IRQHandler
                0x08000768                TIM8_BRK_TIM12_IRQHandler
                0x08000768                Default_Handler
                0x08000768                EXTI15_10_IRQHandler
                0x08000768                ADC_IRQHandler
                0x08000768                DMA1_Stream7_IRQHandler
                0x08000768                TIM7_IRQHandler
                0x08000768                CAN2_TX_IRQHandler
                0x08000768                TIM5_IRQHandler
                0x08000768                DMA2_Stream7_IRQHandler
                0x08000768                I2C3_EV_IRQHandler
                0x08000768                EXTI9_5_IRQHandler
                0x08000768                RTC_WKUP_IRQHandler
                0x08000768                ETH_WKUP_IRQHandler
                0x08000768                SPI2_IRQHandler
                0x08000768                OTG_HS_EP1_IN_IRQHandler
                0x08000768                DMA1_Stream0_IRQHandler
                0x08000768                CAN1_TX_IRQHandler
                0x08000768                SVC_Handler
                0x08000768                EXTI4_IRQHandler
                0x08000768                FSMC_IRQHandler
                0x08000768                ETH_IRQHandler
                0x08000768                OTG_HS_EP1_OUT_IRQHandler
                0x08000768                WWDG_IRQHandler
                0x08000768                TIM2_IRQHandler
                0x08000768                OTG_FS_WKUP_IRQHandler
                0x08000768                TIM1_TRG_COM_TIM11_IRQHandler
                0x08000768                OTG_HS_IRQHandler
                0x08000768                EXTI1_IRQHandler
                0x08000768                USART2_IRQHandler
                0x08000768                I2C2_ER_IRQHandler
                0x08000768                DMA2_Stream1_IRQHandler
                0x08000768                CAN1_SCE_IRQHandler
                0x08000768                DMA2_Stream4_IRQHandler
                0x08000768                USART1_IRQHandler
                0x08000768                OTG_FS_IRQHandler
                0x08000768                SPI3_IRQHandler
                0x08000768                DMA1_Stream4_IRQHandler
                0x08000768                I2C1_ER_IRQHandler
                0x08000768                DMA1_Stream3_IRQHandler
                0x0800076e                Reset_Handler
 *(.rodata)
 .rodata        0x080007f8        0x9 main.o
                0x080007f8                const_v_1
                0x080007fc                const_v_2
                0x08000800                const_v_3
                0x08000804                . = ALIGN (0x4)
 *fill*         0x08000801        0x3 
                0x08000804                _etext = .

.glue_7         0x08000804        0x0
 .glue_7        0x08000804        0x0 linker stubs

.glue_7t        0x08000804        0x0
 .glue_7t       0x08000804        0x0 linker stubs

.vfp11_veneer   0x08000804        0x0
 .vfp11_veneer  0x08000804        0x0 linker stubs

.v4_bx          0x08000804        0x0
 .v4_bx         0x08000804        0x0 linker stubs

.iplt           0x08000804        0x0
 .iplt          0x08000804        0x0 main.o

.rel.dyn        0x08000804        0x0
 .rel.iplt      0x08000804        0x0 main.o

.data           0x20000000        0x4 load address 0x08000804
                0x20000000                _sdata = .
 *(.data)
 .data          0x20000000        0x1 main.o
                0x20000000                current_task
 .data          0x20000001        0x0 led.o
 .data          0x20000001        0x0 stm32_startup.o
                0x20000004                . = ALIGN (0x4)
 *fill*         0x20000001        0x3 
                0x20000004                _edata = .

.igot.plt       0x20000004        0x0 load address 0x08000808
 .igot.plt      0x20000004        0x0 main.o

.dbss           0x20000004       0x54 load address 0x08000808
                0x20000004                _sbss = .
 *(.bss)
 .bss           0x20000004       0x54 main.o
                0x20000004                g_tick_count
                0x20000008                user_tasks
 .bss           0x20000058        0x0 led.o
 .bss           0x20000058        0x0 stm32_startup.o
                0x20000058                . = ALIGN (0x4)
                0x20000058                _ebss = .
OUTPUT(final.elf elf32-littlearm)
LOAD linker stubs

.comment        0x00000000       0x4d
 .comment       0x00000000       0x4d main.o
                                 0x4e (size before relaxing)
 .comment       0x0000004d       0x4e led.o
 .comment       0x0000004d       0x4e stm32_startup.o

.ARM.attributes
                0x00000000       0x2e
 .ARM.attributes
                0x00000000       0x2e main.o
 .ARM.attributes
                0x0000002e       0x2e led.o
 .ARM.attributes
                0x0000005c       0x2e stm32_startup.o
