Archive member included to satisfy reference by file (symbol)

c:/program files (x86)/gnu arm embedded toolchain/10 2020-q4-major/bin/../lib/gcc/arm-none-eabi/10.2.1/../../../../arm-none-eabi/lib\libc_nano.a(lib_a-errno.o)
                              syscalls.o (__errno)
c:/program files (x86)/gnu arm embedded toolchain/10 2020-q4-major/bin/../lib/gcc/arm-none-eabi/10.2.1/../../../../arm-none-eabi/lib\libc_nano.a(lib_a-exit.o)
                              c:/program files (x86)/gnu arm embedded toolchain/10 2020-q4-major/bin/../lib/gcc/arm-none-eabi/10.2.1/../../../../arm-none-eabi/lib/crt0.o (exit)
c:/program files (x86)/gnu arm embedded toolchain/10 2020-q4-major/bin/../lib/gcc/arm-none-eabi/10.2.1/../../../../arm-none-eabi/lib\libc_nano.a(lib_a-impure.o)
                              c:/program files (x86)/gnu arm embedded toolchain/10 2020-q4-major/bin/../lib/gcc/arm-none-eabi/10.2.1/../../../../arm-none-eabi/lib\libc_nano.a(lib_a-exit.o) (_global_impure_ptr)
c:/program files (x86)/gnu arm embedded toolchain/10 2020-q4-major/bin/../lib/gcc/arm-none-eabi/10.2.1/../../../../arm-none-eabi/lib\libc_nano.a(lib_a-init.o)
                              c:/program files (x86)/gnu arm embedded toolchain/10 2020-q4-major/bin/../lib/gcc/arm-none-eabi/10.2.1/../../../../arm-none-eabi/lib/crt0.o (__libc_init_array)
c:/program files (x86)/gnu arm embedded toolchain/10 2020-q4-major/bin/../lib/gcc/arm-none-eabi/10.2.1/../../../../arm-none-eabi/lib\libc_nano.a(lib_a-memset.o)
                              c:/program files (x86)/gnu arm embedded toolchain/10 2020-q4-major/bin/../lib/gcc/arm-none-eabi/10.2.1/../../../../arm-none-eabi/lib/crt0.o (memset)
c:/program files (x86)/gnu arm embedded toolchain/10 2020-q4-major/bin/../lib/gcc/arm-none-eabi/10.2.1/../../../../arm-none-eabi/lib\libc_nano.a(lib_a-puts.o)
                              main.o (puts)
c:/program files (x86)/gnu arm embedded toolchain/10 2020-q4-major/bin/../lib/gcc/arm-none-eabi/10.2.1/../../../../arm-none-eabi/lib\libc_nano.a(lib_a-wbuf.o)
                              c:/program files (x86)/gnu arm embedded toolchain/10 2020-q4-major/bin/../lib/gcc/arm-none-eabi/10.2.1/../../../../arm-none-eabi/lib\libc_nano.a(lib_a-puts.o) (__swbuf_r)
c:/program files (x86)/gnu arm embedded toolchain/10 2020-q4-major/bin/../lib/gcc/arm-none-eabi/10.2.1/../../../../arm-none-eabi/lib\libc_nano.a(lib_a-wsetup.o)
                              c:/program files (x86)/gnu arm embedded toolchain/10 2020-q4-major/bin/../lib/gcc/arm-none-eabi/10.2.1/../../../../arm-none-eabi/lib\libc_nano.a(lib_a-puts.o) (__swsetup_r)
c:/program files (x86)/gnu arm embedded toolchain/10 2020-q4-major/bin/../lib/gcc/arm-none-eabi/10.2.1/../../../../arm-none-eabi/lib\libc_nano.a(lib_a-fflush.o)
                              c:/program files (x86)/gnu arm embedded toolchain/10 2020-q4-major/bin/../lib/gcc/arm-none-eabi/10.2.1/../../../../arm-none-eabi/lib\libc_nano.a(lib_a-wbuf.o) (_fflush_r)
c:/program files (x86)/gnu arm embedded toolchain/10 2020-q4-major/bin/../lib/gcc/arm-none-eabi/10.2.1/../../../../arm-none-eabi/lib\libc_nano.a(lib_a-findfp.o)
                              c:/program files (x86)/gnu arm embedded toolchain/10 2020-q4-major/bin/../lib/gcc/arm-none-eabi/10.2.1/../../../../arm-none-eabi/lib\libc_nano.a(lib_a-puts.o) (__sinit)
c:/program files (x86)/gnu arm embedded toolchain/10 2020-q4-major/bin/../lib/gcc/arm-none-eabi/10.2.1/../../../../arm-none-eabi/lib\libc_nano.a(lib_a-fwalk.o)
                              c:/program files (x86)/gnu arm embedded toolchain/10 2020-q4-major/bin/../lib/gcc/arm-none-eabi/10.2.1/../../../../arm-none-eabi/lib\libc_nano.a(lib_a-findfp.o) (_fwalk)
c:/program files (x86)/gnu arm embedded toolchain/10 2020-q4-major/bin/../lib/gcc/arm-none-eabi/10.2.1/../../../../arm-none-eabi/lib\libc_nano.a(lib_a-lock.o)
                              c:/program files (x86)/gnu arm embedded toolchain/10 2020-q4-major/bin/../lib/gcc/arm-none-eabi/10.2.1/../../../../arm-none-eabi/lib\libc_nano.a(lib_a-findfp.o) (__retarget_lock_init_recursive)
c:/program files (x86)/gnu arm embedded toolchain/10 2020-q4-major/bin/../lib/gcc/arm-none-eabi/10.2.1/../../../../arm-none-eabi/lib\libc_nano.a(lib_a-makebuf.o)
                              c:/program files (x86)/gnu arm embedded toolchain/10 2020-q4-major/bin/../lib/gcc/arm-none-eabi/10.2.1/../../../../arm-none-eabi/lib\libc_nano.a(lib_a-wsetup.o) (__smakebuf_r)
c:/program files (x86)/gnu arm embedded toolchain/10 2020-q4-major/bin/../lib/gcc/arm-none-eabi/10.2.1/../../../../arm-none-eabi/lib\libc_nano.a(lib_a-nano-freer.o)
                              c:/program files (x86)/gnu arm embedded toolchain/10 2020-q4-major/bin/../lib/gcc/arm-none-eabi/10.2.1/../../../../arm-none-eabi/lib\libc_nano.a(lib_a-wsetup.o) (_free_r)
c:/program files (x86)/gnu arm embedded toolchain/10 2020-q4-major/bin/../lib/gcc/arm-none-eabi/10.2.1/../../../../arm-none-eabi/lib\libc_nano.a(lib_a-nano-mallocr.o)
                              c:/program files (x86)/gnu arm embedded toolchain/10 2020-q4-major/bin/../lib/gcc/arm-none-eabi/10.2.1/../../../../arm-none-eabi/lib\libc_nano.a(lib_a-findfp.o) (_malloc_r)
c:/program files (x86)/gnu arm embedded toolchain/10 2020-q4-major/bin/../lib/gcc/arm-none-eabi/10.2.1/../../../../arm-none-eabi/lib\libc_nano.a(lib_a-sbrkr.o)
                              c:/program files (x86)/gnu arm embedded toolchain/10 2020-q4-major/bin/../lib/gcc/arm-none-eabi/10.2.1/../../../../arm-none-eabi/lib\libc_nano.a(lib_a-nano-mallocr.o) (_sbrk_r)
c:/program files (x86)/gnu arm embedded toolchain/10 2020-q4-major/bin/../lib/gcc/arm-none-eabi/10.2.1/../../../../arm-none-eabi/lib\libc_nano.a(lib_a-stdio.o)
                              c:/program files (x86)/gnu arm embedded toolchain/10 2020-q4-major/bin/../lib/gcc/arm-none-eabi/10.2.1/../../../../arm-none-eabi/lib\libc_nano.a(lib_a-findfp.o) (__sread)
c:/program files (x86)/gnu arm embedded toolchain/10 2020-q4-major/bin/../lib/gcc/arm-none-eabi/10.2.1/../../../../arm-none-eabi/lib\libc_nano.a(lib_a-writer.o)
                              c:/program files (x86)/gnu arm embedded toolchain/10 2020-q4-major/bin/../lib/gcc/arm-none-eabi/10.2.1/../../../../arm-none-eabi/lib\libc_nano.a(lib_a-stdio.o) (_write_r)
c:/program files (x86)/gnu arm embedded toolchain/10 2020-q4-major/bin/../lib/gcc/arm-none-eabi/10.2.1/../../../../arm-none-eabi/lib\libc_nano.a(lib_a-closer.o)
                              c:/program files (x86)/gnu arm embedded toolchain/10 2020-q4-major/bin/../lib/gcc/arm-none-eabi/10.2.1/../../../../arm-none-eabi/lib\libc_nano.a(lib_a-stdio.o) (_close_r)
c:/program files (x86)/gnu arm embedded toolchain/10 2020-q4-major/bin/../lib/gcc/arm-none-eabi/10.2.1/../../../../arm-none-eabi/lib\libc_nano.a(lib_a-fstatr.o)
                              c:/program files (x86)/gnu arm embedded toolchain/10 2020-q4-major/bin/../lib/gcc/arm-none-eabi/10.2.1/../../../../arm-none-eabi/lib\libc_nano.a(lib_a-makebuf.o) (_fstat_r)
c:/program files (x86)/gnu arm embedded toolchain/10 2020-q4-major/bin/../lib/gcc/arm-none-eabi/10.2.1/../../../../arm-none-eabi/lib\libc_nano.a(lib_a-isattyr.o)
                              c:/program files (x86)/gnu arm embedded toolchain/10 2020-q4-major/bin/../lib/gcc/arm-none-eabi/10.2.1/../../../../arm-none-eabi/lib\libc_nano.a(lib_a-makebuf.o) (_isatty_r)
c:/program files (x86)/gnu arm embedded toolchain/10 2020-q4-major/bin/../lib/gcc/arm-none-eabi/10.2.1/../../../../arm-none-eabi/lib\libc_nano.a(lib_a-lseekr.o)
                              c:/program files (x86)/gnu arm embedded toolchain/10 2020-q4-major/bin/../lib/gcc/arm-none-eabi/10.2.1/../../../../arm-none-eabi/lib\libc_nano.a(lib_a-stdio.o) (_lseek_r)
c:/program files (x86)/gnu arm embedded toolchain/10 2020-q4-major/bin/../lib/gcc/arm-none-eabi/10.2.1/../../../../arm-none-eabi/lib\libc_nano.a(lib_a-mlock.o)
                              c:/program files (x86)/gnu arm embedded toolchain/10 2020-q4-major/bin/../lib/gcc/arm-none-eabi/10.2.1/../../../../arm-none-eabi/lib\libc_nano.a(lib_a-nano-freer.o) (__malloc_lock)
c:/program files (x86)/gnu arm embedded toolchain/10 2020-q4-major/bin/../lib/gcc/arm-none-eabi/10.2.1/../../../../arm-none-eabi/lib\libc_nano.a(lib_a-readr.o)
                              c:/program files (x86)/gnu arm embedded toolchain/10 2020-q4-major/bin/../lib/gcc/arm-none-eabi/10.2.1/../../../../arm-none-eabi/lib\libc_nano.a(lib_a-stdio.o) (_read_r)
c:/program files (x86)/gnu arm embedded toolchain/10 2020-q4-major/bin/../lib/gcc/arm-none-eabi/10.2.1/../../../../arm-none-eabi/lib\libc_nano.a(lib_a-reent.o)
                              c:/program files (x86)/gnu arm embedded toolchain/10 2020-q4-major/bin/../lib/gcc/arm-none-eabi/10.2.1/../../../../arm-none-eabi/lib\libc_nano.a(lib_a-sbrkr.o) (errno)

Memory Configuration

Name             Origin             Length             Attributes
FLASH            0x08000000         0x00100000         xr
SRAM             0x20000000         0x00020000         xrw
*default*        0x00000000         0xffffffff

Linker script and memory map

LOAD c:/program files (x86)/gnu arm embedded toolchain/10 2020-q4-major/bin/../lib/gcc/arm-none-eabi/10.2.1/crti.o
LOAD c:/program files (x86)/gnu arm embedded toolchain/10 2020-q4-major/bin/../lib/gcc/arm-none-eabi/10.2.1/crtbegin.o
LOAD c:/program files (x86)/gnu arm embedded toolchain/10 2020-q4-major/bin/../lib/gcc/arm-none-eabi/10.2.1/../../../../arm-none-eabi/lib/crt0.o
LOAD main.o
LOAD led.o
LOAD stm32_startup.o
LOAD syscalls.o
START GROUP
LOAD c:/program files (x86)/gnu arm embedded toolchain/10 2020-q4-major/bin/../lib/gcc/arm-none-eabi/10.2.1\libgcc.a
LOAD c:/program files (x86)/gnu arm embedded toolchain/10 2020-q4-major/bin/../lib/gcc/arm-none-eabi/10.2.1/../../../../arm-none-eabi/lib\libc_nano.a
END GROUP
START GROUP
LOAD c:/program files (x86)/gnu arm embedded toolchain/10 2020-q4-major/bin/../lib/gcc/arm-none-eabi/10.2.1\libgcc.a
LOAD c:/program files (x86)/gnu arm embedded toolchain/10 2020-q4-major/bin/../lib/gcc/arm-none-eabi/10.2.1/../../../../arm-none-eabi/lib\libc_nano.a
END GROUP
LOAD c:/program files (x86)/gnu arm embedded toolchain/10 2020-q4-major/bin/../lib/gcc/arm-none-eabi/10.2.1/crtend.o
LOAD c:/program files (x86)/gnu arm embedded toolchain/10 2020-q4-major/bin/../lib/gcc/arm-none-eabi/10.2.1/crtn.o

.text           0x08000000      0xcb0
 *(.isr_vector)
 .isr_vector    0x08000000      0x188 stm32_startup.o
                0x08000000                vectors
 *(.text)
 .text          0x08000188        0x0 c:/program files (x86)/gnu arm embedded toolchain/10 2020-q4-major/bin/../lib/gcc/arm-none-eabi/10.2.1/crti.o
 .text          0x08000188       0x70 c:/program files (x86)/gnu arm embedded toolchain/10 2020-q4-major/bin/../lib/gcc/arm-none-eabi/10.2.1/crtbegin.o
 .text          0x080001f8      0x138 c:/program files (x86)/gnu arm embedded toolchain/10 2020-q4-major/bin/../lib/gcc/arm-none-eabi/10.2.1/../../../../arm-none-eabi/lib/crt0.o
                0x080001f8                _stack_init
                0x08000280                _start
                0x08000280                _mainCRTStartup
 .text          0x08000330      0x500 main.o
                0x08000330                NMI_Handler
                0x0800033c                main
                0x08000368                idle_task
                0x0800036e                task1_handler
                0x08000390                task2_handler
                0x080003b4                task3_handler
                0x080003d8                task4_handler
                0x080003fc                init_systick_timer
                0x08000464                init_scheduler_stack
                0x0800046e                init_tasks_stack
                0x08000588                enable_processor_faults
                0x080005c4                get_psp_value
                0x080005e4                save_psp_value
                0x0800060c                update_next_task
                0x08000694                switch_sp_to_psp
                0x080006ae                schedule
                0x080006d4                task_delay
                0x08000734                PendSV_Handler
                0x0800075a                update_global_tick_count
                0x08000774                unblock_tasks
                0x080007d4                SysTick_Handler
                0x08000800                HardFault_Handler
                0x08000810                MemManage_Handler
                0x08000820                BusFault_Handler
 .text          0x08000830       0xfc led.o
                0x08000830                delay
                0x08000858                led_init_all
                0x080008cc                led_on
                0x080008fc                led_off
 .text          0x0800092c       0x8c stm32_startup.o
                0x0800092c                RTC_Alarm_IRQHandler
                0x0800092c                HASH_RNG_IRQHandler
                0x0800092c                EXTI2_IRQHandler
                0x0800092c                TIM8_CC_IRQHandler
                0x0800092c                DebugMon_Handler
                0x0800092c                TIM1_CC_IRQHandler
                0x0800092c                DMA2_Stream5_IRQHandler
                0x0800092c                DMA1_Stream5_IRQHandler
                0x0800092c                PVD_IRQHandler
                0x0800092c                SDIO_IRQHandler
                0x0800092c                TAMP_STAMP_IRQHandler
                0x0800092c                CAN2_RX1_IRQHandler
                0x0800092c                EXTI3_IRQHandler
                0x0800092c                TIM8_TRG_COM_TIM14_IRQHandler
                0x0800092c                TIM1_UP_TIM10_IRQHandler
                0x0800092c                TIM8_UP_TIM13_IRQHandler
                0x0800092c                I2C3_ER_IRQHandler
                0x0800092c                EXTI0_IRQHandler
                0x0800092c                I2C2_EV_IRQHandler
                0x0800092c                DMA1_Stream2_IRQHandler
                0x0800092c                CAN1_RX0_IRQHandler
                0x0800092c                FPU_IRQHandler
                0x0800092c                OTG_HS_WKUP_IRQHandler
                0x0800092c                UsageFault_Handler
                0x0800092c                CAN2_SCE_IRQHandler
                0x0800092c                DMA2_Stream2_IRQHandler
                0x0800092c                SPI1_IRQHandler
                0x0800092c                TIM6_DAC_IRQHandler
                0x0800092c                TIM1_BRK_TIM9_IRQHandler
                0x0800092c                DCMI_IRQHandler
                0x0800092c                CAN2_RX0_IRQHandler
                0x0800092c                DMA2_Stream3_IRQHandler
                0x0800092c                USART6_IRQHandler
                0x0800092c                USART3_IRQHandler
                0x0800092c                CRYP_IRQHandler
                0x0800092c                DMA2_Stream6_IRQHandler
                0x0800092c                CAN1_RX1_IRQHandler
                0x0800092c                UART5_IRQHandler
                0x0800092c                DMA2_Stream0_IRQHandler
                0x0800092c                TIM4_IRQHandler
                0x0800092c                I2C1_EV_IRQHandler
                0x0800092c                DMA1_Stream6_IRQHandler
                0x0800092c                DMA1_Stream1_IRQHandler
                0x0800092c                UART4_IRQHandler
                0x0800092c                TIM3_IRQHandler
                0x0800092c                RCC_IRQHandler
                0x0800092c                TIM8_BRK_TIM12_IRQHandler
                0x0800092c                Default_Handler
                0x0800092c                EXTI15_10_IRQHandler
                0x0800092c                ADC_IRQHandler
                0x0800092c                DMA1_Stream7_IRQHandler
                0x0800092c                TIM7_IRQHandler
                0x0800092c                CAN2_TX_IRQHandler
                0x0800092c                TIM5_IRQHandler
                0x0800092c                DMA2_Stream7_IRQHandler
                0x0800092c                I2C3_EV_IRQHandler
                0x0800092c                EXTI9_5_IRQHandler
                0x0800092c                RTC_WKUP_IRQHandler
                0x0800092c                ETH_WKUP_IRQHandler
                0x0800092c                SPI2_IRQHandler
                0x0800092c                OTG_HS_EP1_IN_IRQHandler
                0x0800092c                DMA1_Stream0_IRQHandler
                0x0800092c                CAN1_TX_IRQHandler
                0x0800092c                SVC_Handler
                0x0800092c                EXTI4_IRQHandler
                0x0800092c                FSMC_IRQHandler
                0x0800092c                ETH_IRQHandler
                0x0800092c                OTG_HS_EP1_OUT_IRQHandler
                0x0800092c                WWDG_IRQHandler
                0x0800092c                TIM2_IRQHandler
                0x0800092c                OTG_FS_WKUP_IRQHandler
                0x0800092c                TIM1_TRG_COM_TIM11_IRQHandler
                0x0800092c                OTG_HS_IRQHandler
                0x0800092c                EXTI1_IRQHandler
                0x0800092c                USART2_IRQHandler
                0x0800092c                I2C2_ER_IRQHandler
                0x0800092c                DMA2_Stream1_IRQHandler
                0x0800092c                CAN1_SCE_IRQHandler
                0x0800092c                DMA2_Stream4_IRQHandler
                0x0800092c                USART1_IRQHandler
                0x0800092c                OTG_FS_IRQHandler
                0x0800092c                SPI3_IRQHandler
                0x0800092c                DMA1_Stream4_IRQHandler
                0x0800092c                I2C1_ER_IRQHandler
                0x0800092c                DMA1_Stream3_IRQHandler
                0x08000932                Reset_Handler
 .text          0x080009b8      0x25c syscalls.o
                0x080009b8                initialise_monitor_handles
                0x080009c4                _getpid
                0x080009d2                _kill
                0x080009f2                _exit
                0x08000a06                _read
                0x08000a40                _write
                0x08000a78                _close
                0x08000a8e                _fstat
                0x08000aac                _isatty
                0x08000ac0                _lseek
                0x08000ad8                _open
                0x08000af2                _wait
                0x08000b10                _unlink
                0x08000b2e                _times
                0x08000b44                _stat
                0x08000b62                _link
                0x08000b82                _fork
                0x08000b98                _execve
                0x08000bba                _sbrk
 .text          0x08000c14        0x0 c:/program files (x86)/gnu arm embedded toolchain/10 2020-q4-major/bin/../lib/gcc/arm-none-eabi/10.2.1/../../../../arm-none-eabi/lib\libc_nano.a(lib_a-errno.o)
 .text          0x08000c14        0x0 c:/program files (x86)/gnu arm embedded toolchain/10 2020-q4-major/bin/../lib/gcc/arm-none-eabi/10.2.1/../../../../arm-none-eabi/lib\libc_nano.a(lib_a-exit.o)
 .text          0x08000c14        0x0 c:/program files (x86)/gnu arm embedded toolchain/10 2020-q4-major/bin/../lib/gcc/arm-none-eabi/10.2.1/../../../../arm-none-eabi/lib\libc_nano.a(lib_a-impure.o)
 .text          0x08000c14        0x0 c:/program files (x86)/gnu arm embedded toolchain/10 2020-q4-major/bin/../lib/gcc/arm-none-eabi/10.2.1/../../../../arm-none-eabi/lib\libc_nano.a(lib_a-init.o)
 .text          0x08000c14        0x0 c:/program files (x86)/gnu arm embedded toolchain/10 2020-q4-major/bin/../lib/gcc/arm-none-eabi/10.2.1/../../../../arm-none-eabi/lib\libc_nano.a(lib_a-memset.o)
 .text          0x08000c14        0x0 c:/program files (x86)/gnu arm embedded toolchain/10 2020-q4-major/bin/../lib/gcc/arm-none-eabi/10.2.1/../../../../arm-none-eabi/lib\libc_nano.a(lib_a-puts.o)
 .text          0x08000c14        0x0 c:/program files (x86)/gnu arm embedded toolchain/10 2020-q4-major/bin/../lib/gcc/arm-none-eabi/10.2.1/../../../../arm-none-eabi/lib\libc_nano.a(lib_a-wbuf.o)
 .text          0x08000c14        0x0 c:/program files (x86)/gnu arm embedded toolchain/10 2020-q4-major/bin/../lib/gcc/arm-none-eabi/10.2.1/../../../../arm-none-eabi/lib\libc_nano.a(lib_a-wsetup.o)
 .text          0x08000c14        0x0 c:/program files (x86)/gnu arm embedded toolchain/10 2020-q4-major/bin/../lib/gcc/arm-none-eabi/10.2.1/../../../../arm-none-eabi/lib\libc_nano.a(lib_a-fflush.o)
 .text          0x08000c14        0x0 c:/program files (x86)/gnu arm embedded toolchain/10 2020-q4-major/bin/../lib/gcc/arm-none-eabi/10.2.1/../../../../arm-none-eabi/lib\libc_nano.a(lib_a-findfp.o)
 .text          0x08000c14        0x0 c:/program files (x86)/gnu arm embedded toolchain/10 2020-q4-major/bin/../lib/gcc/arm-none-eabi/10.2.1/../../../../arm-none-eabi/lib\libc_nano.a(lib_a-fwalk.o)
 .text          0x08000c14        0x0 c:/program files (x86)/gnu arm embedded toolchain/10 2020-q4-major/bin/../lib/gcc/arm-none-eabi/10.2.1/../../../../arm-none-eabi/lib\libc_nano.a(lib_a-lock.o)
 .text          0x08000c14        0x0 c:/program files (x86)/gnu arm embedded toolchain/10 2020-q4-major/bin/../lib/gcc/arm-none-eabi/10.2.1/../../../../arm-none-eabi/lib\libc_nano.a(lib_a-makebuf.o)
 .text          0x08000c14        0x0 c:/program files (x86)/gnu arm embedded toolchain/10 2020-q4-major/bin/../lib/gcc/arm-none-eabi/10.2.1/../../../../arm-none-eabi/lib\libc_nano.a(lib_a-nano-freer.o)
 .text          0x08000c14        0x0 c:/program files (x86)/gnu arm embedded toolchain/10 2020-q4-major/bin/../lib/gcc/arm-none-eabi/10.2.1/../../../../arm-none-eabi/lib\libc_nano.a(lib_a-nano-mallocr.o)
 .text          0x08000c14        0x0 c:/program files (x86)/gnu arm embedded toolchain/10 2020-q4-major/bin/../lib/gcc/arm-none-eabi/10.2.1/../../../../arm-none-eabi/lib\libc_nano.a(lib_a-sbrkr.o)
 .text          0x08000c14        0x0 c:/program files (x86)/gnu arm embedded toolchain/10 2020-q4-major/bin/../lib/gcc/arm-none-eabi/10.2.1/../../../../arm-none-eabi/lib\libc_nano.a(lib_a-stdio.o)
 .text          0x08000c14        0x0 c:/program files (x86)/gnu arm embedded toolchain/10 2020-q4-major/bin/../lib/gcc/arm-none-eabi/10.2.1/../../../../arm-none-eabi/lib\libc_nano.a(lib_a-writer.o)
 .text          0x08000c14        0x0 c:/program files (x86)/gnu arm embedded toolchain/10 2020-q4-major/bin/../lib/gcc/arm-none-eabi/10.2.1/../../../../arm-none-eabi/lib\libc_nano.a(lib_a-closer.o)
 .text          0x08000c14        0x0 c:/program files (x86)/gnu arm embedded toolchain/10 2020-q4-major/bin/../lib/gcc/arm-none-eabi/10.2.1/../../../../arm-none-eabi/lib\libc_nano.a(lib_a-fstatr.o)
 .text          0x08000c14        0x0 c:/program files (x86)/gnu arm embedded toolchain/10 2020-q4-major/bin/../lib/gcc/arm-none-eabi/10.2.1/../../../../arm-none-eabi/lib\libc_nano.a(lib_a-isattyr.o)
 .text          0x08000c14        0x0 c:/program files (x86)/gnu arm embedded toolchain/10 2020-q4-major/bin/../lib/gcc/arm-none-eabi/10.2.1/../../../../arm-none-eabi/lib\libc_nano.a(lib_a-lseekr.o)
 .text          0x08000c14        0x0 c:/program files (x86)/gnu arm embedded toolchain/10 2020-q4-major/bin/../lib/gcc/arm-none-eabi/10.2.1/../../../../arm-none-eabi/lib\libc_nano.a(lib_a-mlock.o)
 .text          0x08000c14        0x0 c:/program files (x86)/gnu arm embedded toolchain/10 2020-q4-major/bin/../lib/gcc/arm-none-eabi/10.2.1/../../../../arm-none-eabi/lib\libc_nano.a(lib_a-readr.o)
 .text          0x08000c14        0x0 c:/program files (x86)/gnu arm embedded toolchain/10 2020-q4-major/bin/../lib/gcc/arm-none-eabi/10.2.1/../../../../arm-none-eabi/lib\libc_nano.a(lib_a-reent.o)
 .text          0x08000c14        0x0 c:/program files (x86)/gnu arm embedded toolchain/10 2020-q4-major/bin/../lib/gcc/arm-none-eabi/10.2.1/crtend.o
 .text          0x08000c14        0x0 c:/program files (x86)/gnu arm embedded toolchain/10 2020-q4-major/bin/../lib/gcc/arm-none-eabi/10.2.1/crtn.o
 *(.rodata)
 .rodata        0x08000c14       0x24 c:/program files (x86)/gnu arm embedded toolchain/10 2020-q4-major/bin/../lib/gcc/arm-none-eabi/10.2.1/crtbegin.o
 .rodata        0x08000c38       0x51 main.o
                0x08000c38                const_v_1
                0x08000c3c                const_v_2
                0x08000c40                const_v_3
 *fill*         0x08000c89        0x3 
 .rodata        0x08000c8c       0x24 c:/program files (x86)/gnu arm embedded toolchain/10 2020-q4-major/bin/../lib/gcc/arm-none-eabi/10.2.1/crtend.o
                0x08000cb0                . = ALIGN (0x4)
                0x08000cb0                _etext = .

.glue_7         0x08000cb0        0x0
 .glue_7        0x08000cb0        0x0 linker stubs

.glue_7t        0x08000cb0        0x0
 .glue_7t       0x08000cb0        0x0 linker stubs

.vfp11_veneer   0x08000cb0        0x0
 .vfp11_veneer  0x08000cb0        0x0 linker stubs

.v4_bx          0x08000cb0        0x0
 .v4_bx         0x08000cb0        0x0 linker stubs

.init           0x08000cb0       0x18
 .init          0x08000cb0        0xc c:/program files (x86)/gnu arm embedded toolchain/10 2020-q4-major/bin/../lib/gcc/arm-none-eabi/10.2.1/crti.o
                0x08000cb0                _init
 .init          0x08000cbc        0xc c:/program files (x86)/gnu arm embedded toolchain/10 2020-q4-major/bin/../lib/gcc/arm-none-eabi/10.2.1/crtn.o

.fini           0x08000cc8       0x18
 .fini          0x08000cc8        0xc c:/program files (x86)/gnu arm embedded toolchain/10 2020-q4-major/bin/../lib/gcc/arm-none-eabi/10.2.1/crti.o
                0x08000cc8                _fini
 .fini          0x08000cd4        0xc c:/program files (x86)/gnu arm embedded toolchain/10 2020-q4-major/bin/../lib/gcc/arm-none-eabi/10.2.1/crtn.o

.iplt           0x08000ce0        0x0
 .iplt          0x08000ce0        0x0 c:/program files (x86)/gnu arm embedded toolchain/10 2020-q4-major/bin/../lib/gcc/arm-none-eabi/10.2.1/crtbegin.o

.text.__errno   0x08000ce0       0x10
 .text.__errno  0x08000ce0       0x10 c:/program files (x86)/gnu arm embedded toolchain/10 2020-q4-major/bin/../lib/gcc/arm-none-eabi/10.2.1/../../../../arm-none-eabi/lib\libc_nano.a(lib_a-errno.o)
                0x08000ce0                __errno

.text.exit      0x08000cf0       0x40
 .text.exit     0x08000cf0       0x40 c:/program files (x86)/gnu arm embedded toolchain/10 2020-q4-major/bin/../lib/gcc/arm-none-eabi/10.2.1/../../../../arm-none-eabi/lib\libc_nano.a(lib_a-exit.o)
                0x08000cf0                exit

.text.__libc_init_array
                0x08000d30       0x80
 .text.__libc_init_array
                0x08000d30       0x80 c:/program files (x86)/gnu arm embedded toolchain/10 2020-q4-major/bin/../lib/gcc/arm-none-eabi/10.2.1/../../../../arm-none-eabi/lib\libc_nano.a(lib_a-init.o)
                0x08000d30                __libc_init_array

.text.memset    0x08000db0       0x18
 .text.memset   0x08000db0       0x18 c:/program files (x86)/gnu arm embedded toolchain/10 2020-q4-major/bin/../lib/gcc/arm-none-eabi/10.2.1/../../../../arm-none-eabi/lib\libc_nano.a(lib_a-memset.o)
                0x08000db0                memset

.text._puts_r   0x08000dc8      0x18c
 .text._puts_r  0x08000dc8      0x18c c:/program files (x86)/gnu arm embedded toolchain/10 2020-q4-major/bin/../lib/gcc/arm-none-eabi/10.2.1/../../../../arm-none-eabi/lib\libc_nano.a(lib_a-puts.o)
                0x08000dc8                _puts_r

.text.puts      0x08000f54       0x14
 .text.puts     0x08000f54       0x14 c:/program files (x86)/gnu arm embedded toolchain/10 2020-q4-major/bin/../lib/gcc/arm-none-eabi/10.2.1/../../../../arm-none-eabi/lib\libc_nano.a(lib_a-puts.o)
                0x08000f54                puts

.text.__swbuf_r
                0x08000f68      0x12c
 .text.__swbuf_r
                0x08000f68      0x12c c:/program files (x86)/gnu arm embedded toolchain/10 2020-q4-major/bin/../lib/gcc/arm-none-eabi/10.2.1/../../../../arm-none-eabi/lib\libc_nano.a(lib_a-wbuf.o)
                0x08000f68                __swbuf_r

.text.__swbuf   0x08001094       0x18
 .text.__swbuf  0x08001094       0x18 c:/program files (x86)/gnu arm embedded toolchain/10 2020-q4-major/bin/../lib/gcc/arm-none-eabi/10.2.1/../../../../arm-none-eabi/lib\libc_nano.a(lib_a-wbuf.o)
                0x08001094                __swbuf

.text.__swsetup_r
                0x080010ac      0x160
 .text.__swsetup_r
                0x080010ac      0x160 c:/program files (x86)/gnu arm embedded toolchain/10 2020-q4-major/bin/../lib/gcc/arm-none-eabi/10.2.1/../../../../arm-none-eabi/lib\libc_nano.a(lib_a-wsetup.o)
                0x080010ac                __swsetup_r

.text.__sflush_r
                0x0800120c      0x1e8
 .text.__sflush_r
                0x0800120c      0x1e8 c:/program files (x86)/gnu arm embedded toolchain/10 2020-q4-major/bin/../lib/gcc/arm-none-eabi/10.2.1/../../../../arm-none-eabi/lib\libc_nano.a(lib_a-fflush.o)
                0x0800120c                __sflush_r

.text._fflush_r
                0x080013f4       0xcc
 .text._fflush_r
                0x080013f4       0xcc c:/program files (x86)/gnu arm embedded toolchain/10 2020-q4-major/bin/../lib/gcc/arm-none-eabi/10.2.1/../../../../arm-none-eabi/lib\libc_nano.a(lib_a-fflush.o)
                0x080013f4                _fflush_r

.text.fflush    0x080014c0       0x38
 .text.fflush   0x080014c0       0x38 c:/program files (x86)/gnu arm embedded toolchain/10 2020-q4-major/bin/../lib/gcc/arm-none-eabi/10.2.1/../../../../arm-none-eabi/lib\libc_nano.a(lib_a-fflush.o)
                0x080014c0                fflush

.text.std       0x080014f8       0x7c
 .text.std      0x080014f8       0x7c c:/program files (x86)/gnu arm embedded toolchain/10 2020-q4-major/bin/../lib/gcc/arm-none-eabi/10.2.1/../../../../arm-none-eabi/lib\libc_nano.a(lib_a-findfp.o)

.text._cleanup_r
                0x08001574       0x18
 .text._cleanup_r
                0x08001574       0x18 c:/program files (x86)/gnu arm embedded toolchain/10 2020-q4-major/bin/../lib/gcc/arm-none-eabi/10.2.1/../../../../arm-none-eabi/lib\libc_nano.a(lib_a-findfp.o)
                0x08001574                _cleanup_r

.text.__fp_lock
                0x0800158c       0x38
 .text.__fp_lock
                0x0800158c       0x38 c:/program files (x86)/gnu arm embedded toolchain/10 2020-q4-major/bin/../lib/gcc/arm-none-eabi/10.2.1/../../../../arm-none-eabi/lib\libc_nano.a(lib_a-findfp.o)

.text.__fp_unlock
                0x080015c4       0x38
 .text.__fp_unlock
                0x080015c4       0x38 c:/program files (x86)/gnu arm embedded toolchain/10 2020-q4-major/bin/../lib/gcc/arm-none-eabi/10.2.1/../../../../arm-none-eabi/lib\libc_nano.a(lib_a-findfp.o)

.text.__sfmoreglue
                0x080015fc       0x48
 .text.__sfmoreglue
                0x080015fc       0x48 c:/program files (x86)/gnu arm embedded toolchain/10 2020-q4-major/bin/../lib/gcc/arm-none-eabi/10.2.1/../../../../arm-none-eabi/lib\libc_nano.a(lib_a-findfp.o)
                0x080015fc                __sfmoreglue

.text._cleanup  0x08001644       0x10
 .text._cleanup
                0x08001644       0x10 c:/program files (x86)/gnu arm embedded toolchain/10 2020-q4-major/bin/../lib/gcc/arm-none-eabi/10.2.1/../../../../arm-none-eabi/lib\libc_nano.a(lib_a-findfp.o)
                0x08001644                _cleanup

.text.__sfp_lock_acquire
                0x08001654       0x18
 .text.__sfp_lock_acquire
                0x08001654       0x18 c:/program files (x86)/gnu arm embedded toolchain/10 2020-q4-major/bin/../lib/gcc/arm-none-eabi/10.2.1/../../../../arm-none-eabi/lib\libc_nano.a(lib_a-findfp.o)
                0x08001654                __sfp_lock_acquire

.text.__sfp_lock_release
                0x0800166c       0x18
 .text.__sfp_lock_release
                0x0800166c       0x18 c:/program files (x86)/gnu arm embedded toolchain/10 2020-q4-major/bin/../lib/gcc/arm-none-eabi/10.2.1/../../../../arm-none-eabi/lib\libc_nano.a(lib_a-findfp.o)
                0x0800166c                __sfp_lock_release

.text.__sinit_lock_acquire
                0x08001684       0x18
 .text.__sinit_lock_acquire
                0x08001684       0x18 c:/program files (x86)/gnu arm embedded toolchain/10 2020-q4-major/bin/../lib/gcc/arm-none-eabi/10.2.1/../../../../arm-none-eabi/lib\libc_nano.a(lib_a-findfp.o)
                0x08001684                __sinit_lock_acquire

.text.__sinit_lock_release
                0x0800169c       0x18
 .text.__sinit_lock_release
                0x0800169c       0x18 c:/program files (x86)/gnu arm embedded toolchain/10 2020-q4-major/bin/../lib/gcc/arm-none-eabi/10.2.1/../../../../arm-none-eabi/lib\libc_nano.a(lib_a-findfp.o)
                0x0800169c                __sinit_lock_release

.text.__sinit   0x080016b4       0xb0
 .text.__sinit  0x080016b4       0xb0 c:/program files (x86)/gnu arm embedded toolchain/10 2020-q4-major/bin/../lib/gcc/arm-none-eabi/10.2.1/../../../../arm-none-eabi/lib\libc_nano.a(lib_a-findfp.o)
                0x080016b4                __sinit

.text.__sfp     0x08001764       0xec
 .text.__sfp    0x08001764       0xec c:/program files (x86)/gnu arm embedded toolchain/10 2020-q4-major/bin/../lib/gcc/arm-none-eabi/10.2.1/../../../../arm-none-eabi/lib\libc_nano.a(lib_a-findfp.o)
                0x08001764                __sfp

.text.__fp_lock_all
                0x08001850       0x28
 .text.__fp_lock_all
                0x08001850       0x28 c:/program files (x86)/gnu arm embedded toolchain/10 2020-q4-major/bin/../lib/gcc/arm-none-eabi/10.2.1/../../../../arm-none-eabi/lib\libc_nano.a(lib_a-findfp.o)
                0x08001850                __fp_lock_all

.text.__fp_unlock_all
                0x08001878       0x24
 .text.__fp_unlock_all
                0x08001878       0x24 c:/program files (x86)/gnu arm embedded toolchain/10 2020-q4-major/bin/../lib/gcc/arm-none-eabi/10.2.1/../../../../arm-none-eabi/lib\libc_nano.a(lib_a-findfp.o)
                0x08001878                __fp_unlock_all

.text._fwalk    0x0800189c       0x68
 .text._fwalk   0x0800189c       0x68 c:/program files (x86)/gnu arm embedded toolchain/10 2020-q4-major/bin/../lib/gcc/arm-none-eabi/10.2.1/../../../../arm-none-eabi/lib\libc_nano.a(lib_a-fwalk.o)
                0x0800189c                _fwalk

.text._fwalk_reent
                0x08001904       0x70
 .text._fwalk_reent
                0x08001904       0x70 c:/program files (x86)/gnu arm embedded toolchain/10 2020-q4-major/bin/../lib/gcc/arm-none-eabi/10.2.1/../../../../arm-none-eabi/lib\libc_nano.a(lib_a-fwalk.o)
                0x08001904                _fwalk_reent

.text.__retarget_lock_init
                0x08001974        0x4
 .text.__retarget_lock_init
                0x08001974        0x4 c:/program files (x86)/gnu arm embedded toolchain/10 2020-q4-major/bin/../lib/gcc/arm-none-eabi/10.2.1/../../../../arm-none-eabi/lib\libc_nano.a(lib_a-lock.o)
                0x08001974                __retarget_lock_init

.text.__retarget_lock_init_recursive
                0x08001978        0x4
 .text.__retarget_lock_init_recursive
                0x08001978        0x4 c:/program files (x86)/gnu arm embedded toolchain/10 2020-q4-major/bin/../lib/gcc/arm-none-eabi/10.2.1/../../../../arm-none-eabi/lib\libc_nano.a(lib_a-lock.o)
                0x08001978                __retarget_lock_init_recursive

.text.__retarget_lock_close
                0x0800197c        0x4
 .text.__retarget_lock_close
                0x0800197c        0x4 c:/program files (x86)/gnu arm embedded toolchain/10 2020-q4-major/bin/../lib/gcc/arm-none-eabi/10.2.1/../../../../arm-none-eabi/lib\libc_nano.a(lib_a-lock.o)
                0x0800197c                __retarget_lock_close

.text.__retarget_lock_close_recursive
                0x08001980        0x4
 .text.__retarget_lock_close_recursive
                0x08001980        0x4 c:/program files (x86)/gnu arm embedded toolchain/10 2020-q4-major/bin/../lib/gcc/arm-none-eabi/10.2.1/../../../../arm-none-eabi/lib\libc_nano.a(lib_a-lock.o)
                0x08001980                __retarget_lock_close_recursive

.text.__retarget_lock_acquire
                0x08001984        0x4
 .text.__retarget_lock_acquire
                0x08001984        0x4 c:/program files (x86)/gnu arm embedded toolchain/10 2020-q4-major/bin/../lib/gcc/arm-none-eabi/10.2.1/../../../../arm-none-eabi/lib\libc_nano.a(lib_a-lock.o)
                0x08001984                __retarget_lock_acquire

.text.__retarget_lock_acquire_recursive
                0x08001988        0x4
 .text.__retarget_lock_acquire_recursive
                0x08001988        0x4 c:/program files (x86)/gnu arm embedded toolchain/10 2020-q4-major/bin/../lib/gcc/arm-none-eabi/10.2.1/../../../../arm-none-eabi/lib\libc_nano.a(lib_a-lock.o)
                0x08001988                __retarget_lock_acquire_recursive

.text.__retarget_lock_try_acquire
                0x0800198c        0x8
 .text.__retarget_lock_try_acquire
                0x0800198c        0x8 c:/program files (x86)/gnu arm embedded toolchain/10 2020-q4-major/bin/../lib/gcc/arm-none-eabi/10.2.1/../../../../arm-none-eabi/lib\libc_nano.a(lib_a-lock.o)
                0x0800198c                __retarget_lock_try_acquire

.text.__retarget_lock_try_acquire_recursive
                0x08001994        0x8
 .text.__retarget_lock_try_acquire_recursive
                0x08001994        0x8 c:/program files (x86)/gnu arm embedded toolchain/10 2020-q4-major/bin/../lib/gcc/arm-none-eabi/10.2.1/../../../../arm-none-eabi/lib\libc_nano.a(lib_a-lock.o)
                0x08001994                __retarget_lock_try_acquire_recursive

.text.__retarget_lock_release
                0x0800199c        0x4
 .text.__retarget_lock_release
                0x0800199c        0x4 c:/program files (x86)/gnu arm embedded toolchain/10 2020-q4-major/bin/../lib/gcc/arm-none-eabi/10.2.1/../../../../arm-none-eabi/lib\libc_nano.a(lib_a-lock.o)
                0x0800199c                __retarget_lock_release

.text.__retarget_lock_release_recursive
                0x080019a0        0x4
 .text.__retarget_lock_release_recursive
                0x080019a0        0x4 c:/program files (x86)/gnu arm embedded toolchain/10 2020-q4-major/bin/../lib/gcc/arm-none-eabi/10.2.1/../../../../arm-none-eabi/lib\libc_nano.a(lib_a-lock.o)
                0x080019a0                __retarget_lock_release_recursive

.text.__swhatbuf_r
                0x080019a4       0x7c
 .text.__swhatbuf_r
                0x080019a4       0x7c c:/program files (x86)/gnu arm embedded toolchain/10 2020-q4-major/bin/../lib/gcc/arm-none-eabi/10.2.1/../../../../arm-none-eabi/lib\libc_nano.a(lib_a-makebuf.o)
                0x080019a4                __swhatbuf_r

.text.__smakebuf_r
                0x08001a20       0xdc
 .text.__smakebuf_r
                0x08001a20       0xdc c:/program files (x86)/gnu arm embedded toolchain/10 2020-q4-major/bin/../lib/gcc/arm-none-eabi/10.2.1/../../../../arm-none-eabi/lib\libc_nano.a(lib_a-makebuf.o)
                0x08001a20                __smakebuf_r

.text._free_r   0x08001afc      0x10c
 .text._free_r  0x08001afc      0x10c c:/program files (x86)/gnu arm embedded toolchain/10 2020-q4-major/bin/../lib/gcc/arm-none-eabi/10.2.1/../../../../arm-none-eabi/lib\libc_nano.a(lib_a-nano-freer.o)
                0x08001afc                _free_r

.text._malloc_r
                0x08001c08      0x130
 .text._malloc_r
                0x08001c08      0x130 c:/program files (x86)/gnu arm embedded toolchain/10 2020-q4-major/bin/../lib/gcc/arm-none-eabi/10.2.1/../../../../arm-none-eabi/lib\libc_nano.a(lib_a-nano-mallocr.o)
                0x08001c08                _malloc_r

.text._sbrk_r   0x08001d38       0x3c
 .text._sbrk_r  0x08001d38       0x3c c:/program files (x86)/gnu arm embedded toolchain/10 2020-q4-major/bin/../lib/gcc/arm-none-eabi/10.2.1/../../../../arm-none-eabi/lib\libc_nano.a(lib_a-sbrkr.o)
                0x08001d38                _sbrk_r

.text.__sread   0x08001d74       0x34
 .text.__sread  0x08001d74       0x34 c:/program files (x86)/gnu arm embedded toolchain/10 2020-q4-major/bin/../lib/gcc/arm-none-eabi/10.2.1/../../../../arm-none-eabi/lib\libc_nano.a(lib_a-stdio.o)
                0x08001d74                __sread

.text.__seofread
                0x08001da8        0x8
 .text.__seofread
                0x08001da8        0x8 c:/program files (x86)/gnu arm embedded toolchain/10 2020-q4-major/bin/../lib/gcc/arm-none-eabi/10.2.1/../../../../arm-none-eabi/lib\libc_nano.a(lib_a-stdio.o)
                0x08001da8                __seofread

.text.__swrite  0x08001db0       0x58
 .text.__swrite
                0x08001db0       0x58 c:/program files (x86)/gnu arm embedded toolchain/10 2020-q4-major/bin/../lib/gcc/arm-none-eabi/10.2.1/../../../../arm-none-eabi/lib\libc_nano.a(lib_a-stdio.o)
                0x08001db0                __swrite

.text.__sseek   0x08001e08       0x34
 .text.__sseek  0x08001e08       0x34 c:/program files (x86)/gnu arm embedded toolchain/10 2020-q4-major/bin/../lib/gcc/arm-none-eabi/10.2.1/../../../../arm-none-eabi/lib\libc_nano.a(lib_a-stdio.o)
                0x08001e08                __sseek

.text.__sclose  0x08001e3c       0x14
 .text.__sclose
                0x08001e3c       0x14 c:/program files (x86)/gnu arm embedded toolchain/10 2020-q4-major/bin/../lib/gcc/arm-none-eabi/10.2.1/../../../../arm-none-eabi/lib\libc_nano.a(lib_a-stdio.o)
                0x08001e3c                __sclose

.text._write_r  0x08001e50       0x44
 .text._write_r
                0x08001e50       0x44 c:/program files (x86)/gnu arm embedded toolchain/10 2020-q4-major/bin/../lib/gcc/arm-none-eabi/10.2.1/../../../../arm-none-eabi/lib\libc_nano.a(lib_a-writer.o)
                0x08001e50                _write_r

.text._close_r  0x08001e94       0x3c
 .text._close_r
                0x08001e94       0x3c c:/program files (x86)/gnu arm embedded toolchain/10 2020-q4-major/bin/../lib/gcc/arm-none-eabi/10.2.1/../../../../arm-none-eabi/lib\libc_nano.a(lib_a-closer.o)
                0x08001e94                _close_r

.text._fstat_r  0x08001ed0       0x40
 .text._fstat_r
                0x08001ed0       0x40 c:/program files (x86)/gnu arm embedded toolchain/10 2020-q4-major/bin/../lib/gcc/arm-none-eabi/10.2.1/../../../../arm-none-eabi/lib\libc_nano.a(lib_a-fstatr.o)
                0x08001ed0                _fstat_r

.text._isatty_r
                0x08001f10       0x3c
 .text._isatty_r
                0x08001f10       0x3c c:/program files (x86)/gnu arm embedded toolchain/10 2020-q4-major/bin/../lib/gcc/arm-none-eabi/10.2.1/../../../../arm-none-eabi/lib\libc_nano.a(lib_a-isattyr.o)
                0x08001f10                _isatty_r

.text._lseek_r  0x08001f4c       0x44
 .text._lseek_r
                0x08001f4c       0x44 c:/program files (x86)/gnu arm embedded toolchain/10 2020-q4-major/bin/../lib/gcc/arm-none-eabi/10.2.1/../../../../arm-none-eabi/lib\libc_nano.a(lib_a-lseekr.o)
                0x08001f4c                _lseek_r

.text.__malloc_lock
                0x08001f90       0x18
 .text.__malloc_lock
                0x08001f90       0x18 c:/program files (x86)/gnu arm embedded toolchain/10 2020-q4-major/bin/../lib/gcc/arm-none-eabi/10.2.1/../../../../arm-none-eabi/lib\libc_nano.a(lib_a-mlock.o)
                0x08001f90                __malloc_lock

.text.__malloc_unlock
                0x08001fa8       0x18
 .text.__malloc_unlock
                0x08001fa8       0x18 c:/program files (x86)/gnu arm embedded toolchain/10 2020-q4-major/bin/../lib/gcc/arm-none-eabi/10.2.1/../../../../arm-none-eabi/lib\libc_nano.a(lib_a-mlock.o)
                0x08001fa8                __malloc_unlock

.text._read_r   0x08001fc0       0x44
 .text._read_r  0x08001fc0       0x44 c:/program files (x86)/gnu arm embedded toolchain/10 2020-q4-major/bin/../lib/gcc/arm-none-eabi/10.2.1/../../../../arm-none-eabi/lib\libc_nano.a(lib_a-readr.o)
                0x08001fc0                _read_r

.text.cleanup_glue
                0x08002004       0x2c
 .text.cleanup_glue
                0x08002004       0x2c c:/program files (x86)/gnu arm embedded toolchain/10 2020-q4-major/bin/../lib/gcc/arm-none-eabi/10.2.1/../../../../arm-none-eabi/lib\libc_nano.a(lib_a-reent.o)
                0x08002004                cleanup_glue

.text._reclaim_reent
                0x08002030      0x148
 .text._reclaim_reent
                0x08002030      0x148 c:/program files (x86)/gnu arm embedded toolchain/10 2020-q4-major/bin/../lib/gcc/arm-none-eabi/10.2.1/../../../../arm-none-eabi/lib\libc_nano.a(lib_a-reent.o)
                0x08002030                _reclaim_reent

.eh_frame       0x08002178        0x4
 .eh_frame      0x08002178        0x0 c:/program files (x86)/gnu arm embedded toolchain/10 2020-q4-major/bin/../lib/gcc/arm-none-eabi/10.2.1/crtbegin.o
 .eh_frame      0x08002178        0x4 c:/program files (x86)/gnu arm embedded toolchain/10 2020-q4-major/bin/../lib/gcc/arm-none-eabi/10.2.1/crtend.o

.ARM.extab      0x0800217c        0x0
 .ARM.extab     0x0800217c        0x0 c:/program files (x86)/gnu arm embedded toolchain/10 2020-q4-major/bin/../lib/gcc/arm-none-eabi/10.2.1/../../../../arm-none-eabi/lib/crt0.o

.ARM.exidx      0x0800217c        0x8
 .ARM.exidx     0x0800217c        0x8 c:/program files (x86)/gnu arm embedded toolchain/10 2020-q4-major/bin/../lib/gcc/arm-none-eabi/10.2.1/../../../../arm-none-eabi/lib/crt0.o
                                 0x10 (size before relaxing)

.rodata._global_impure_ptr
                0x08002184        0x4
 .rodata._global_impure_ptr
                0x08002184        0x4 c:/program files (x86)/gnu arm embedded toolchain/10 2020-q4-major/bin/../lib/gcc/arm-none-eabi/10.2.1/../../../../arm-none-eabi/lib\libc_nano.a(lib_a-impure.o)
                0x08002184                _global_impure_ptr

.rodata.__sf_fake_stderr
                0x08002188       0x20
 .rodata.__sf_fake_stderr
                0x08002188       0x20 c:/program files (x86)/gnu arm embedded toolchain/10 2020-q4-major/bin/../lib/gcc/arm-none-eabi/10.2.1/../../../../arm-none-eabi/lib\libc_nano.a(lib_a-findfp.o)
                0x08002188                __sf_fake_stderr

.rodata.__sf_fake_stdin
                0x080021a8       0x20
 .rodata.__sf_fake_stdin
                0x080021a8       0x20 c:/program files (x86)/gnu arm embedded toolchain/10 2020-q4-major/bin/../lib/gcc/arm-none-eabi/10.2.1/../../../../arm-none-eabi/lib\libc_nano.a(lib_a-findfp.o)
                0x080021a8                __sf_fake_stdin

.rodata.__sf_fake_stdout
                0x080021c8       0x20
 .rodata.__sf_fake_stdout
                0x080021c8       0x20 c:/program files (x86)/gnu arm embedded toolchain/10 2020-q4-major/bin/../lib/gcc/arm-none-eabi/10.2.1/../../../../arm-none-eabi/lib\libc_nano.a(lib_a-findfp.o)
                0x080021c8                __sf_fake_stdout

.rel.dyn        0x080021e8        0x0
 .rel.iplt      0x080021e8        0x0 c:/program files (x86)/gnu arm embedded toolchain/10 2020-q4-major/bin/../lib/gcc/arm-none-eabi/10.2.1/crtbegin.o

.data           0x20000000        0xc load address 0x080021e8
                0x20000000                _sdata = .
 *(.data)
 .data          0x20000000        0x0 c:/program files (x86)/gnu arm embedded toolchain/10 2020-q4-major/bin/../lib/gcc/arm-none-eabi/10.2.1/crti.o
 .data          0x20000000        0x4 c:/program files (x86)/gnu arm embedded toolchain/10 2020-q4-major/bin/../lib/gcc/arm-none-eabi/10.2.1/crtbegin.o
                0x20000000                __dso_handle
 .data          0x20000004        0x0 c:/program files (x86)/gnu arm embedded toolchain/10 2020-q4-major/bin/../lib/gcc/arm-none-eabi/10.2.1/../../../../arm-none-eabi/lib/crt0.o
 .data          0x20000004        0x1 main.o
                0x20000004                current_task
 .data          0x20000005        0x0 led.o
 .data          0x20000005        0x0 stm32_startup.o
 *fill*         0x20000005        0x3 
 .data          0x20000008        0x4 syscalls.o
                0x20000008                environ
 .data          0x2000000c        0x0 c:/program files (x86)/gnu arm embedded toolchain/10 2020-q4-major/bin/../lib/gcc/arm-none-eabi/10.2.1/../../../../arm-none-eabi/lib\libc_nano.a(lib_a-errno.o)
 .data          0x2000000c        0x0 c:/program files (x86)/gnu arm embedded toolchain/10 2020-q4-major/bin/../lib/gcc/arm-none-eabi/10.2.1/../../../../arm-none-eabi/lib\libc_nano.a(lib_a-exit.o)
 .data          0x2000000c        0x0 c:/program files (x86)/gnu arm embedded toolchain/10 2020-q4-major/bin/../lib/gcc/arm-none-eabi/10.2.1/../../../../arm-none-eabi/lib\libc_nano.a(lib_a-impure.o)
 .data          0x2000000c        0x0 c:/program files (x86)/gnu arm embedded toolchain/10 2020-q4-major/bin/../lib/gcc/arm-none-eabi/10.2.1/../../../../arm-none-eabi/lib\libc_nano.a(lib_a-init.o)
 .data          0x2000000c        0x0 c:/program files (x86)/gnu arm embedded toolchain/10 2020-q4-major/bin/../lib/gcc/arm-none-eabi/10.2.1/../../../../arm-none-eabi/lib\libc_nano.a(lib_a-memset.o)
 .data          0x2000000c        0x0 c:/program files (x86)/gnu arm embedded toolchain/10 2020-q4-major/bin/../lib/gcc/arm-none-eabi/10.2.1/../../../../arm-none-eabi/lib\libc_nano.a(lib_a-puts.o)
 .data          0x2000000c        0x0 c:/program files (x86)/gnu arm embedded toolchain/10 2020-q4-major/bin/../lib/gcc/arm-none-eabi/10.2.1/../../../../arm-none-eabi/lib\libc_nano.a(lib_a-wbuf.o)
 .data          0x2000000c        0x0 c:/program files (x86)/gnu arm embedded toolchain/10 2020-q4-major/bin/../lib/gcc/arm-none-eabi/10.2.1/../../../../arm-none-eabi/lib\libc_nano.a(lib_a-wsetup.o)
 .data          0x2000000c        0x0 c:/program files (x86)/gnu arm embedded toolchain/10 2020-q4-major/bin/../lib/gcc/arm-none-eabi/10.2.1/../../../../arm-none-eabi/lib\libc_nano.a(lib_a-fflush.o)
 .data          0x2000000c        0x0 c:/program files (x86)/gnu arm embedded toolchain/10 2020-q4-major/bin/../lib/gcc/arm-none-eabi/10.2.1/../../../../arm-none-eabi/lib\libc_nano.a(lib_a-findfp.o)
 .data          0x2000000c        0x0 c:/program files (x86)/gnu arm embedded toolchain/10 2020-q4-major/bin/../lib/gcc/arm-none-eabi/10.2.1/../../../../arm-none-eabi/lib\libc_nano.a(lib_a-fwalk.o)
 .data          0x2000000c        0x0 c:/program files (x86)/gnu arm embedded toolchain/10 2020-q4-major/bin/../lib/gcc/arm-none-eabi/10.2.1/../../../../arm-none-eabi/lib\libc_nano.a(lib_a-lock.o)
 .data          0x2000000c        0x0 c:/program files (x86)/gnu arm embedded toolchain/10 2020-q4-major/bin/../lib/gcc/arm-none-eabi/10.2.1/../../../../arm-none-eabi/lib\libc_nano.a(lib_a-makebuf.o)
 .data          0x2000000c        0x0 c:/program files (x86)/gnu arm embedded toolchain/10 2020-q4-major/bin/../lib/gcc/arm-none-eabi/10.2.1/../../../../arm-none-eabi/lib\libc_nano.a(lib_a-nano-freer.o)
 .data          0x2000000c        0x0 c:/program files (x86)/gnu arm embedded toolchain/10 2020-q4-major/bin/../lib/gcc/arm-none-eabi/10.2.1/../../../../arm-none-eabi/lib\libc_nano.a(lib_a-nano-mallocr.o)
 .data          0x2000000c        0x0 c:/program files (x86)/gnu arm embedded toolchain/10 2020-q4-major/bin/../lib/gcc/arm-none-eabi/10.2.1/../../../../arm-none-eabi/lib\libc_nano.a(lib_a-sbrkr.o)
 .data          0x2000000c        0x0 c:/program files (x86)/gnu arm embedded toolchain/10 2020-q4-major/bin/../lib/gcc/arm-none-eabi/10.2.1/../../../../arm-none-eabi/lib\libc_nano.a(lib_a-stdio.o)
 .data          0x2000000c        0x0 c:/program files (x86)/gnu arm embedded toolchain/10 2020-q4-major/bin/../lib/gcc/arm-none-eabi/10.2.1/../../../../arm-none-eabi/lib\libc_nano.a(lib_a-writer.o)
 .data          0x2000000c        0x0 c:/program files (x86)/gnu arm embedded toolchain/10 2020-q4-major/bin/../lib/gcc/arm-none-eabi/10.2.1/../../../../arm-none-eabi/lib\libc_nano.a(lib_a-closer.o)
 .data          0x2000000c        0x0 c:/program files (x86)/gnu arm embedded toolchain/10 2020-q4-major/bin/../lib/gcc/arm-none-eabi/10.2.1/../../../../arm-none-eabi/lib\libc_nano.a(lib_a-fstatr.o)
 .data          0x2000000c        0x0 c:/program files (x86)/gnu arm embedded toolchain/10 2020-q4-major/bin/../lib/gcc/arm-none-eabi/10.2.1/../../../../arm-none-eabi/lib\libc_nano.a(lib_a-isattyr.o)
 .data          0x2000000c        0x0 c:/program files (x86)/gnu arm embedded toolchain/10 2020-q4-major/bin/../lib/gcc/arm-none-eabi/10.2.1/../../../../arm-none-eabi/lib\libc_nano.a(lib_a-lseekr.o)
 .data          0x2000000c        0x0 c:/program files (x86)/gnu arm embedded toolchain/10 2020-q4-major/bin/../lib/gcc/arm-none-eabi/10.2.1/../../../../arm-none-eabi/lib\libc_nano.a(lib_a-mlock.o)
 .data          0x2000000c        0x0 c:/program files (x86)/gnu arm embedded toolchain/10 2020-q4-major/bin/../lib/gcc/arm-none-eabi/10.2.1/../../../../arm-none-eabi/lib\libc_nano.a(lib_a-readr.o)
 .data          0x2000000c        0x0 c:/program files (x86)/gnu arm embedded toolchain/10 2020-q4-major/bin/../lib/gcc/arm-none-eabi/10.2.1/../../../../arm-none-eabi/lib\libc_nano.a(lib_a-reent.o)
 .data          0x2000000c        0x0 c:/program files (x86)/gnu arm embedded toolchain/10 2020-q4-major/bin/../lib/gcc/arm-none-eabi/10.2.1/crtend.o
 .data          0x2000000c        0x0 c:/program files (x86)/gnu arm embedded toolchain/10 2020-q4-major/bin/../lib/gcc/arm-none-eabi/10.2.1/crtn.o
                0x2000000c                . = ALIGN (0x4)
                0x2000000c                _edata = .

.init_array     0x2000000c        0x4 load address 0x080021f4
 .init_array    0x2000000c        0x4 c:/program files (x86)/gnu arm embedded toolchain/10 2020-q4-major/bin/../lib/gcc/arm-none-eabi/10.2.1/crtbegin.o

.fini_array     0x20000010        0x4 load address 0x080021f8
 .fini_array    0x20000010        0x4 c:/program files (x86)/gnu arm embedded toolchain/10 2020-q4-major/bin/../lib/gcc/arm-none-eabi/10.2.1/crtbegin.o

.igot.plt       0x20000014        0x0 load address 0x080021fc
 .igot.plt      0x20000014        0x0 c:/program files (x86)/gnu arm embedded toolchain/10 2020-q4-major/bin/../lib/gcc/arm-none-eabi/10.2.1/crtbegin.o

.data._impure_ptr
                0x20000014        0x4 load address 0x080021fc
 .data._impure_ptr
                0x20000014        0x4 c:/program files (x86)/gnu arm embedded toolchain/10 2020-q4-major/bin/../lib/gcc/arm-none-eabi/10.2.1/../../../../arm-none-eabi/lib\libc_nano.a(lib_a-impure.o)
                0x20000014                _impure_ptr

.data.impure_data
                0x20000018       0x60 load address 0x08002200
 .data.impure_data
                0x20000018       0x60 c:/program files (x86)/gnu arm embedded toolchain/10 2020-q4-major/bin/../lib/gcc/arm-none-eabi/10.2.1/../../../../arm-none-eabi/lib\libc_nano.a(lib_a-impure.o)

.bss            0x20000078       0x78 load address 0x08002260
                0x20000078                _sbss = .
                0x20000078                __bss_start__ = _sbss
 *(.bss)
 .bss           0x20000078        0x0 c:/program files (x86)/gnu arm embedded toolchain/10 2020-q4-major/bin/../lib/gcc/arm-none-eabi/10.2.1/crti.o
 .bss           0x20000078       0x1c c:/program files (x86)/gnu arm embedded toolchain/10 2020-q4-major/bin/../lib/gcc/arm-none-eabi/10.2.1/crtbegin.o
 .bss           0x20000094        0x0 c:/program files (x86)/gnu arm embedded toolchain/10 2020-q4-major/bin/../lib/gcc/arm-none-eabi/10.2.1/../../../../arm-none-eabi/lib/crt0.o
 .bss           0x20000094       0x54 main.o
                0x20000094                g_tick_count
                0x20000098                user_tasks
 .bss           0x200000e8        0x0 led.o
 .bss           0x200000e8        0x0 stm32_startup.o
 .bss           0x200000e8        0x8 syscalls.o
                0x200000e8                __env
 .bss           0x200000f0        0x0 c:/program files (x86)/gnu arm embedded toolchain/10 2020-q4-major/bin/../lib/gcc/arm-none-eabi/10.2.1/../../../../arm-none-eabi/lib\libc_nano.a(lib_a-errno.o)
 .bss           0x200000f0        0x0 c:/program files (x86)/gnu arm embedded toolchain/10 2020-q4-major/bin/../lib/gcc/arm-none-eabi/10.2.1/../../../../arm-none-eabi/lib\libc_nano.a(lib_a-exit.o)
 .bss           0x200000f0        0x0 c:/program files (x86)/gnu arm embedded toolchain/10 2020-q4-major/bin/../lib/gcc/arm-none-eabi/10.2.1/../../../../arm-none-eabi/lib\libc_nano.a(lib_a-impure.o)
 .bss           0x200000f0        0x0 c:/program files (x86)/gnu arm embedded toolchain/10 2020-q4-major/bin/../lib/gcc/arm-none-eabi/10.2.1/../../../../arm-none-eabi/lib\libc_nano.a(lib_a-init.o)
 .bss           0x200000f0        0x0 c:/program files (x86)/gnu arm embedded toolchain/10 2020-q4-major/bin/../lib/gcc/arm-none-eabi/10.2.1/../../../../arm-none-eabi/lib\libc_nano.a(lib_a-memset.o)
 .bss           0x200000f0        0x0 c:/program files (x86)/gnu arm embedded toolchain/10 2020-q4-major/bin/../lib/gcc/arm-none-eabi/10.2.1/../../../../arm-none-eabi/lib\libc_nano.a(lib_a-puts.o)
 .bss           0x200000f0        0x0 c:/program files (x86)/gnu arm embedded toolchain/10 2020-q4-major/bin/../lib/gcc/arm-none-eabi/10.2.1/../../../../arm-none-eabi/lib\libc_nano.a(lib_a-wbuf.o)
 .bss           0x200000f0        0x0 c:/program files (x86)/gnu arm embedded toolchain/10 2020-q4-major/bin/../lib/gcc/arm-none-eabi/10.2.1/../../../../arm-none-eabi/lib\libc_nano.a(lib_a-wsetup.o)
 .bss           0x200000f0        0x0 c:/program files (x86)/gnu arm embedded toolchain/10 2020-q4-major/bin/../lib/gcc/arm-none-eabi/10.2.1/../../../../arm-none-eabi/lib\libc_nano.a(lib_a-fflush.o)
 .bss           0x200000f0        0x0 c:/program files (x86)/gnu arm embedded toolchain/10 2020-q4-major/bin/../lib/gcc/arm-none-eabi/10.2.1/../../../../arm-none-eabi/lib\libc_nano.a(lib_a-findfp.o)
 .bss           0x200000f0        0x0 c:/program files (x86)/gnu arm embedded toolchain/10 2020-q4-major/bin/../lib/gcc/arm-none-eabi/10.2.1/../../../../arm-none-eabi/lib\libc_nano.a(lib_a-fwalk.o)
 .bss           0x200000f0        0x0 c:/program files (x86)/gnu arm embedded toolchain/10 2020-q4-major/bin/../lib/gcc/arm-none-eabi/10.2.1/../../../../arm-none-eabi/lib\libc_nano.a(lib_a-lock.o)
 .bss           0x200000f0        0x0 c:/program files (x86)/gnu arm embedded toolchain/10 2020-q4-major/bin/../lib/gcc/arm-none-eabi/10.2.1/../../../../arm-none-eabi/lib\libc_nano.a(lib_a-makebuf.o)
 .bss           0x200000f0        0x0 c:/program files (x86)/gnu arm embedded toolchain/10 2020-q4-major/bin/../lib/gcc/arm-none-eabi/10.2.1/../../../../arm-none-eabi/lib\libc_nano.a(lib_a-nano-freer.o)
 .bss           0x200000f0        0x0 c:/program files (x86)/gnu arm embedded toolchain/10 2020-q4-major/bin/../lib/gcc/arm-none-eabi/10.2.1/../../../../arm-none-eabi/lib\libc_nano.a(lib_a-nano-mallocr.o)
 .bss           0x200000f0        0x0 c:/program files (x86)/gnu arm embedded toolchain/10 2020-q4-major/bin/../lib/gcc/arm-none-eabi/10.2.1/../../../../arm-none-eabi/lib\libc_nano.a(lib_a-sbrkr.o)
 .bss           0x200000f0        0x0 c:/program files (x86)/gnu arm embedded toolchain/10 2020-q4-major/bin/../lib/gcc/arm-none-eabi/10.2.1/../../../../arm-none-eabi/lib\libc_nano.a(lib_a-stdio.o)
 .bss           0x200000f0        0x0 c:/program files (x86)/gnu arm embedded toolchain/10 2020-q4-major/bin/../lib/gcc/arm-none-eabi/10.2.1/../../../../arm-none-eabi/lib\libc_nano.a(lib_a-writer.o)
 .bss           0x200000f0        0x0 c:/program files (x86)/gnu arm embedded toolchain/10 2020-q4-major/bin/../lib/gcc/arm-none-eabi/10.2.1/../../../../arm-none-eabi/lib\libc_nano.a(lib_a-closer.o)
 .bss           0x200000f0        0x0 c:/program files (x86)/gnu arm embedded toolchain/10 2020-q4-major/bin/../lib/gcc/arm-none-eabi/10.2.1/../../../../arm-none-eabi/lib\libc_nano.a(lib_a-fstatr.o)
 .bss           0x200000f0        0x0 c:/program files (x86)/gnu arm embedded toolchain/10 2020-q4-major/bin/../lib/gcc/arm-none-eabi/10.2.1/../../../../arm-none-eabi/lib\libc_nano.a(lib_a-isattyr.o)
 .bss           0x200000f0        0x0 c:/program files (x86)/gnu arm embedded toolchain/10 2020-q4-major/bin/../lib/gcc/arm-none-eabi/10.2.1/../../../../arm-none-eabi/lib\libc_nano.a(lib_a-lseekr.o)
 .bss           0x200000f0        0x0 c:/program files (x86)/gnu arm embedded toolchain/10 2020-q4-major/bin/../lib/gcc/arm-none-eabi/10.2.1/../../../../arm-none-eabi/lib\libc_nano.a(lib_a-mlock.o)
 .bss           0x200000f0        0x0 c:/program files (x86)/gnu arm embedded toolchain/10 2020-q4-major/bin/../lib/gcc/arm-none-eabi/10.2.1/../../../../arm-none-eabi/lib\libc_nano.a(lib_a-readr.o)
 .bss           0x200000f0        0x0 c:/program files (x86)/gnu arm embedded toolchain/10 2020-q4-major/bin/../lib/gcc/arm-none-eabi/10.2.1/../../../../arm-none-eabi/lib\libc_nano.a(lib_a-reent.o)
 .bss           0x200000f0        0x0 c:/program files (x86)/gnu arm embedded toolchain/10 2020-q4-major/bin/../lib/gcc/arm-none-eabi/10.2.1/crtend.o
 .bss           0x200000f0        0x0 c:/program files (x86)/gnu arm embedded toolchain/10 2020-q4-major/bin/../lib/gcc/arm-none-eabi/10.2.1/crtn.o
 *(COMMON)
                0x200000f0                . = ALIGN (0x4)
                0x200000f0                _ebss = .
                0x200000f0                __bss_end__ = _ebss
                0x200000f0                . = ALIGN (0x4)
                0x200000f0                end = .
OUTPUT(final.elf elf32-littlearm)
LOAD linker stubs

.bss.__lock___arc4random_mutex
                0x200000f0        0x1 load address 0x08002260
 .bss.__lock___arc4random_mutex
                0x200000f0        0x1 c:/program files (x86)/gnu arm embedded toolchain/10 2020-q4-major/bin/../lib/gcc/arm-none-eabi/10.2.1/../../../../arm-none-eabi/lib\libc_nano.a(lib_a-lock.o)
                0x200000f0                __lock___arc4random_mutex

.bss.__lock___at_quick_exit_mutex
                0x200000f1        0x1 load address 0x08002260
 .bss.__lock___at_quick_exit_mutex
                0x200000f1        0x1 c:/program files (x86)/gnu arm embedded toolchain/10 2020-q4-major/bin/../lib/gcc/arm-none-eabi/10.2.1/../../../../arm-none-eabi/lib\libc_nano.a(lib_a-lock.o)
                0x200000f1                __lock___at_quick_exit_mutex

.bss.__lock___atexit_recursive_mutex
                0x200000f2        0x1 load address 0x08002260
 .bss.__lock___atexit_recursive_mutex
                0x200000f2        0x1 c:/program files (x86)/gnu arm embedded toolchain/10 2020-q4-major/bin/../lib/gcc/arm-none-eabi/10.2.1/../../../../arm-none-eabi/lib\libc_nano.a(lib_a-lock.o)
                0x200000f2                __lock___atexit_recursive_mutex

.bss.__lock___dd_hash_mutex
                0x200000f3        0x1 load address 0x08002260
 .bss.__lock___dd_hash_mutex
                0x200000f3        0x1 c:/program files (x86)/gnu arm embedded toolchain/10 2020-q4-major/bin/../lib/gcc/arm-none-eabi/10.2.1/../../../../arm-none-eabi/lib\libc_nano.a(lib_a-lock.o)
                0x200000f3                __lock___dd_hash_mutex

.bss.__lock___env_recursive_mutex
                0x200000f4        0x1 load address 0x08002260
 .bss.__lock___env_recursive_mutex
                0x200000f4        0x1 c:/program files (x86)/gnu arm embedded toolchain/10 2020-q4-major/bin/../lib/gcc/arm-none-eabi/10.2.1/../../../../arm-none-eabi/lib\libc_nano.a(lib_a-lock.o)
                0x200000f4                __lock___env_recursive_mutex

.bss.__lock___malloc_recursive_mutex
                0x200000f5        0x1 load address 0x08002260
 .bss.__lock___malloc_recursive_mutex
                0x200000f5        0x1 c:/program files (x86)/gnu arm embedded toolchain/10 2020-q4-major/bin/../lib/gcc/arm-none-eabi/10.2.1/../../../../arm-none-eabi/lib\libc_nano.a(lib_a-lock.o)
                0x200000f5                __lock___malloc_recursive_mutex

.bss.__lock___sfp_recursive_mutex
                0x200000f6        0x1 load address 0x08002260
 .bss.__lock___sfp_recursive_mutex
                0x200000f6        0x1 c:/program files (x86)/gnu arm embedded toolchain/10 2020-q4-major/bin/../lib/gcc/arm-none-eabi/10.2.1/../../../../arm-none-eabi/lib\libc_nano.a(lib_a-lock.o)
                0x200000f6                __lock___sfp_recursive_mutex

.bss.__lock___sinit_recursive_mutex
                0x200000f7        0x1 load address 0x08002260
 .bss.__lock___sinit_recursive_mutex
                0x200000f7        0x1 c:/program files (x86)/gnu arm embedded toolchain/10 2020-q4-major/bin/../lib/gcc/arm-none-eabi/10.2.1/../../../../arm-none-eabi/lib\libc_nano.a(lib_a-lock.o)
                0x200000f7                __lock___sinit_recursive_mutex

.bss.__lock___tz_mutex
                0x200000f8        0x1 load address 0x08002260
 .bss.__lock___tz_mutex
                0x200000f8        0x1 c:/program files (x86)/gnu arm embedded toolchain/10 2020-q4-major/bin/../lib/gcc/arm-none-eabi/10.2.1/../../../../arm-none-eabi/lib\libc_nano.a(lib_a-lock.o)
                0x200000f8                __lock___tz_mutex

.bss.__malloc_free_list
                0x200000fc        0x4 load address 0x08002260
 .bss.__malloc_free_list
                0x200000fc        0x4 c:/program files (x86)/gnu arm embedded toolchain/10 2020-q4-major/bin/../lib/gcc/arm-none-eabi/10.2.1/../../../../arm-none-eabi/lib\libc_nano.a(lib_a-nano-mallocr.o)
                0x200000fc                __malloc_free_list

.bss.__malloc_sbrk_start
                0x20000100        0x4 load address 0x08002260
 .bss.__malloc_sbrk_start
                0x20000100        0x4 c:/program files (x86)/gnu arm embedded toolchain/10 2020-q4-major/bin/../lib/gcc/arm-none-eabi/10.2.1/../../../../arm-none-eabi/lib\libc_nano.a(lib_a-nano-mallocr.o)
                0x20000100                __malloc_sbrk_start

.bss.errno      0x20000104        0x4 load address 0x08002260
 .bss.errno     0x20000104        0x4 c:/program files (x86)/gnu arm embedded toolchain/10 2020-q4-major/bin/../lib/gcc/arm-none-eabi/10.2.1/../../../../arm-none-eabi/lib\libc_nano.a(lib_a-reent.o)
                0x20000104                errno

.ARM.attributes
                0x00000000       0x2c
 .ARM.attributes
                0x00000000       0x1c c:/program files (x86)/gnu arm embedded toolchain/10 2020-q4-major/bin/../lib/gcc/arm-none-eabi/10.2.1/crti.o
 .ARM.attributes
                0x0000001c       0x2a c:/program files (x86)/gnu arm embedded toolchain/10 2020-q4-major/bin/../lib/gcc/arm-none-eabi/10.2.1/crtbegin.o
 .ARM.attributes
                0x00000046       0x1a c:/program files (x86)/gnu arm embedded toolchain/10 2020-q4-major/bin/../lib/gcc/arm-none-eabi/10.2.1/../../../../arm-none-eabi/lib/crt0.o
 .ARM.attributes
                0x00000060       0x2e main.o
 .ARM.attributes
                0x0000008e       0x2e led.o
 .ARM.attributes
                0x000000bc       0x2e stm32_startup.o
 .ARM.attributes
                0x000000ea       0x2e syscalls.o
 .ARM.attributes
                0x00000118       0x2a c:/program files (x86)/gnu arm embedded toolchain/10 2020-q4-major/bin/../lib/gcc/arm-none-eabi/10.2.1/../../../../arm-none-eabi/lib\libc_nano.a(lib_a-errno.o)
 .ARM.attributes
                0x00000142       0x2a c:/program files (x86)/gnu arm embedded toolchain/10 2020-q4-major/bin/../lib/gcc/arm-none-eabi/10.2.1/../../../../arm-none-eabi/lib\libc_nano.a(lib_a-exit.o)
 .ARM.attributes
                0x0000016c       0x30 c:/program files (x86)/gnu arm embedded toolchain/10 2020-q4-major/bin/../lib/gcc/arm-none-eabi/10.2.1/../../../../arm-none-eabi/lib\libc_nano.a(lib_a-impure.o)
 .ARM.attributes
                0x0000019c       0x2a c:/program files (x86)/gnu arm embedded toolchain/10 2020-q4-major/bin/../lib/gcc/arm-none-eabi/10.2.1/../../../../arm-none-eabi/lib\libc_nano.a(lib_a-init.o)
 .ARM.attributes
                0x000001c6       0x2a c:/program files (x86)/gnu arm embedded toolchain/10 2020-q4-major/bin/../lib/gcc/arm-none-eabi/10.2.1/../../../../arm-none-eabi/lib\libc_nano.a(lib_a-memset.o)
 .ARM.attributes
                0x000001f0       0x2a c:/program files (x86)/gnu arm embedded toolchain/10 2020-q4-major/bin/../lib/gcc/arm-none-eabi/10.2.1/../../../../arm-none-eabi/lib\libc_nano.a(lib_a-puts.o)
 .ARM.attributes
                0x0000021a       0x2a c:/program files (x86)/gnu arm embedded toolchain/10 2020-q4-major/bin/../lib/gcc/arm-none-eabi/10.2.1/../../../../arm-none-eabi/lib\libc_nano.a(lib_a-wbuf.o)
 .ARM.attributes
                0x00000244       0x2a c:/program files (x86)/gnu arm embedded toolchain/10 2020-q4-major/bin/../lib/gcc/arm-none-eabi/10.2.1/../../../../arm-none-eabi/lib\libc_nano.a(lib_a-wsetup.o)
 .ARM.attributes
                0x0000026e       0x2a c:/program files (x86)/gnu arm embedded toolchain/10 2020-q4-major/bin/../lib/gcc/arm-none-eabi/10.2.1/../../../../arm-none-eabi/lib\libc_nano.a(lib_a-fflush.o)
 .ARM.attributes
                0x00000298       0x2a c:/program files (x86)/gnu arm embedded toolchain/10 2020-q4-major/bin/../lib/gcc/arm-none-eabi/10.2.1/../../../../arm-none-eabi/lib\libc_nano.a(lib_a-findfp.o)
 .ARM.attributes
                0x000002c2       0x2a c:/program files (x86)/gnu arm embedded toolchain/10 2020-q4-major/bin/../lib/gcc/arm-none-eabi/10.2.1/../../../../arm-none-eabi/lib\libc_nano.a(lib_a-fwalk.o)
 .ARM.attributes
                0x000002ec       0x2a c:/program files (x86)/gnu arm embedded toolchain/10 2020-q4-major/bin/../lib/gcc/arm-none-eabi/10.2.1/../../../../arm-none-eabi/lib\libc_nano.a(lib_a-lock.o)
 .ARM.attributes
                0x00000316       0x2a c:/program files (x86)/gnu arm embedded toolchain/10 2020-q4-major/bin/../lib/gcc/arm-none-eabi/10.2.1/../../../../arm-none-eabi/lib\libc_nano.a(lib_a-makebuf.o)
 .ARM.attributes
                0x00000340       0x2a c:/program files (x86)/gnu arm embedded toolchain/10 2020-q4-major/bin/../lib/gcc/arm-none-eabi/10.2.1/../../../../arm-none-eabi/lib\libc_nano.a(lib_a-nano-freer.o)
 .ARM.attributes
                0x0000036a       0x2a c:/program files (x86)/gnu arm embedded toolchain/10 2020-q4-major/bin/../lib/gcc/arm-none-eabi/10.2.1/../../../../arm-none-eabi/lib\libc_nano.a(lib_a-nano-mallocr.o)
 .ARM.attributes
                0x00000394       0x2a c:/program files (x86)/gnu arm embedded toolchain/10 2020-q4-major/bin/../lib/gcc/arm-none-eabi/10.2.1/../../../../arm-none-eabi/lib\libc_nano.a(lib_a-sbrkr.o)
 .ARM.attributes
                0x000003be       0x2a c:/program files (x86)/gnu arm embedded toolchain/10 2020-q4-major/bin/../lib/gcc/arm-none-eabi/10.2.1/../../../../arm-none-eabi/lib\libc_nano.a(lib_a-stdio.o)
 .ARM.attributes
                0x000003e8       0x2a c:/program files (x86)/gnu arm embedded toolchain/10 2020-q4-major/bin/../lib/gcc/arm-none-eabi/10.2.1/../../../../arm-none-eabi/lib\libc_nano.a(lib_a-writer.o)
 .ARM.attributes
                0x00000412       0x2a c:/program files (x86)/gnu arm embedded toolchain/10 2020-q4-major/bin/../lib/gcc/arm-none-eabi/10.2.1/../../../../arm-none-eabi/lib\libc_nano.a(lib_a-closer.o)
 .ARM.attributes
                0x0000043c       0x2a c:/program files (x86)/gnu arm embedded toolchain/10 2020-q4-major/bin/../lib/gcc/arm-none-eabi/10.2.1/../../../../arm-none-eabi/lib\libc_nano.a(lib_a-fstatr.o)
 .ARM.attributes
                0x00000466       0x2a c:/program files (x86)/gnu arm embedded toolchain/10 2020-q4-major/bin/../lib/gcc/arm-none-eabi/10.2.1/../../../../arm-none-eabi/lib\libc_nano.a(lib_a-isattyr.o)
 .ARM.attributes
                0x00000490       0x2a c:/program files (x86)/gnu arm embedded toolchain/10 2020-q4-major/bin/../lib/gcc/arm-none-eabi/10.2.1/../../../../arm-none-eabi/lib\libc_nano.a(lib_a-lseekr.o)
 .ARM.attributes
                0x000004ba       0x2a c:/program files (x86)/gnu arm embedded toolchain/10 2020-q4-major/bin/../lib/gcc/arm-none-eabi/10.2.1/../../../../arm-none-eabi/lib\libc_nano.a(lib_a-mlock.o)
 .ARM.attributes
                0x000004e4       0x2a c:/program files (x86)/gnu arm embedded toolchain/10 2020-q4-major/bin/../lib/gcc/arm-none-eabi/10.2.1/../../../../arm-none-eabi/lib\libc_nano.a(lib_a-readr.o)
 .ARM.attributes
                0x0000050e       0x2a c:/program files (x86)/gnu arm embedded toolchain/10 2020-q4-major/bin/../lib/gcc/arm-none-eabi/10.2.1/../../../../arm-none-eabi/lib\libc_nano.a(lib_a-reent.o)
 .ARM.attributes
                0x00000538       0x30 c:/program files (x86)/gnu arm embedded toolchain/10 2020-q4-major/bin/../lib/gcc/arm-none-eabi/10.2.1/crtend.o
 .ARM.attributes
                0x00000568       0x1c c:/program files (x86)/gnu arm embedded toolchain/10 2020-q4-major/bin/../lib/gcc/arm-none-eabi/10.2.1/crtn.o

.comment        0x00000000       0x4d
 .comment       0x00000000       0x4d main.o
                                 0x4e (size before relaxing)
 .comment       0x0000004d       0x4e led.o
 .comment       0x0000004d       0x4e stm32_startup.o
 .comment       0x0000004d       0x4e syscalls.o

.debug_frame    0x00000000      0x840
 .debug_frame   0x00000000       0x20 c:/program files (x86)/gnu arm embedded toolchain/10 2020-q4-major/bin/../lib/gcc/arm-none-eabi/10.2.1/../../../../arm-none-eabi/lib\libc_nano.a(lib_a-errno.o)
 .debug_frame   0x00000020       0x28 c:/program files (x86)/gnu arm embedded toolchain/10 2020-q4-major/bin/../lib/gcc/arm-none-eabi/10.2.1/../../../../arm-none-eabi/lib\libc_nano.a(lib_a-exit.o)
 .debug_frame   0x00000048       0x38 c:/program files (x86)/gnu arm embedded toolchain/10 2020-q4-major/bin/../lib/gcc/arm-none-eabi/10.2.1/../../../../arm-none-eabi/lib\libc_nano.a(lib_a-init.o)
 .debug_frame   0x00000080       0x20 c:/program files (x86)/gnu arm embedded toolchain/10 2020-q4-major/bin/../lib/gcc/arm-none-eabi/10.2.1/../../../../arm-none-eabi/lib\libc_nano.a(lib_a-memset.o)
 .debug_frame   0x000000a0       0x48 c:/program files (x86)/gnu arm embedded toolchain/10 2020-q4-major/bin/../lib/gcc/arm-none-eabi/10.2.1/../../../../arm-none-eabi/lib\libc_nano.a(lib_a-puts.o)
 .debug_frame   0x000000e8       0x4c c:/program files (x86)/gnu arm embedded toolchain/10 2020-q4-major/bin/../lib/gcc/arm-none-eabi/10.2.1/../../../../arm-none-eabi/lib\libc_nano.a(lib_a-wbuf.o)
 .debug_frame   0x00000134       0x38 c:/program files (x86)/gnu arm embedded toolchain/10 2020-q4-major/bin/../lib/gcc/arm-none-eabi/10.2.1/../../../../arm-none-eabi/lib\libc_nano.a(lib_a-wsetup.o)
 .debug_frame   0x0000016c       0x80 c:/program files (x86)/gnu arm embedded toolchain/10 2020-q4-major/bin/../lib/gcc/arm-none-eabi/10.2.1/../../../../arm-none-eabi/lib\libc_nano.a(lib_a-fflush.o)
 .debug_frame   0x000001ec      0x1a8 c:/program files (x86)/gnu arm embedded toolchain/10 2020-q4-major/bin/../lib/gcc/arm-none-eabi/10.2.1/../../../../arm-none-eabi/lib\libc_nano.a(lib_a-findfp.o)
 .debug_frame   0x00000394       0x70 c:/program files (x86)/gnu arm embedded toolchain/10 2020-q4-major/bin/../lib/gcc/arm-none-eabi/10.2.1/../../../../arm-none-eabi/lib\libc_nano.a(lib_a-fwalk.o)
 .debug_frame   0x00000404       0xb0 c:/program files (x86)/gnu arm embedded toolchain/10 2020-q4-major/bin/../lib/gcc/arm-none-eabi/10.2.1/../../../../arm-none-eabi/lib\libc_nano.a(lib_a-lock.o)
 .debug_frame   0x000004b4       0x64 c:/program files (x86)/gnu arm embedded toolchain/10 2020-q4-major/bin/../lib/gcc/arm-none-eabi/10.2.1/../../../../arm-none-eabi/lib\libc_nano.a(lib_a-makebuf.o)
 .debug_frame   0x00000518       0x38 c:/program files (x86)/gnu arm embedded toolchain/10 2020-q4-major/bin/../lib/gcc/arm-none-eabi/10.2.1/../../../../arm-none-eabi/lib\libc_nano.a(lib_a-nano-freer.o)
 .debug_frame   0x00000550       0x3c c:/program files (x86)/gnu arm embedded toolchain/10 2020-q4-major/bin/../lib/gcc/arm-none-eabi/10.2.1/../../../../arm-none-eabi/lib\libc_nano.a(lib_a-nano-mallocr.o)
 .debug_frame   0x0000058c       0x34 c:/program files (x86)/gnu arm embedded toolchain/10 2020-q4-major/bin/../lib/gcc/arm-none-eabi/10.2.1/../../../../arm-none-eabi/lib\libc_nano.a(lib_a-sbrkr.o)
 .debug_frame   0x000005c0       0x9c c:/program files (x86)/gnu arm embedded toolchain/10 2020-q4-major/bin/../lib/gcc/arm-none-eabi/10.2.1/../../../../arm-none-eabi/lib\libc_nano.a(lib_a-stdio.o)
 .debug_frame   0x0000065c       0x34 c:/program files (x86)/gnu arm embedded toolchain/10 2020-q4-major/bin/../lib/gcc/arm-none-eabi/10.2.1/../../../../arm-none-eabi/lib\libc_nano.a(lib_a-writer.o)
 .debug_frame   0x00000690       0x34 c:/program files (x86)/gnu arm embedded toolchain/10 2020-q4-major/bin/../lib/gcc/arm-none-eabi/10.2.1/../../../../arm-none-eabi/lib\libc_nano.a(lib_a-closer.o)
 .debug_frame   0x000006c4       0x34 c:/program files (x86)/gnu arm embedded toolchain/10 2020-q4-major/bin/../lib/gcc/arm-none-eabi/10.2.1/../../../../arm-none-eabi/lib\libc_nano.a(lib_a-fstatr.o)
 .debug_frame   0x000006f8       0x34 c:/program files (x86)/gnu arm embedded toolchain/10 2020-q4-major/bin/../lib/gcc/arm-none-eabi/10.2.1/../../../../arm-none-eabi/lib\libc_nano.a(lib_a-isattyr.o)
 .debug_frame   0x0000072c       0x34 c:/program files (x86)/gnu arm embedded toolchain/10 2020-q4-major/bin/../lib/gcc/arm-none-eabi/10.2.1/../../../../arm-none-eabi/lib\libc_nano.a(lib_a-lseekr.o)
 .debug_frame   0x00000760       0x48 c:/program files (x86)/gnu arm embedded toolchain/10 2020-q4-major/bin/../lib/gcc/arm-none-eabi/10.2.1/../../../../arm-none-eabi/lib\libc_nano.a(lib_a-mlock.o)
 .debug_frame   0x000007a8       0x34 c:/program files (x86)/gnu arm embedded toolchain/10 2020-q4-major/bin/../lib/gcc/arm-none-eabi/10.2.1/../../../../arm-none-eabi/lib\libc_nano.a(lib_a-readr.o)
 .debug_frame   0x000007dc       0x64 c:/program files (x86)/gnu arm embedded toolchain/10 2020-q4-major/bin/../lib/gcc/arm-none-eabi/10.2.1/../../../../arm-none-eabi/lib\libc_nano.a(lib_a-reent.o)
